examples/jsm/animation/AnimationClipCreator.js(8,8): error TS2307: Cannot find module 'three' or its corresponding type declarations.
examples/jsm/animation/CCDIKSolver.js(14,8): error TS2307: Cannot find module 'three' or its corresponding type declarations.
examples/jsm/animation/CCDIKSolver.js(52,13): error TS2503: Cannot find namespace 'THREE'.
examples/jsm/animation/CCDIKSolver.js(96,30): error TS2339: Property 'effector' does not exist on type 'Object'.
examples/jsm/animation/CCDIKSolver.js(97,28): error TS2339: Property 'target' does not exist on type 'Object'.
examples/jsm/animation/CCDIKSolver.js(103,20): error TS2339: Property 'links' does not exist on type 'Object'.
examples/jsm/animation/CCDIKSolver.js(104,24): error TS2339: Property 'iteration' does not exist on type 'Object'.
examples/jsm/animation/CCDIKSolver.js(104,53): error TS2339: Property 'iteration' does not exist on type 'Object'.
examples/jsm/animation/CCDIKSolver.js(153,13): error TS2339: Property 'minAngle' does not exist on type 'Object'.
examples/jsm/animation/CCDIKSolver.js(153,50): error TS2339: Property 'minAngle' does not exist on type 'Object'.
examples/jsm/animation/CCDIKSolver.js(155,17): error TS2339: Property 'minAngle' does not exist on type 'Object'.
examples/jsm/animation/CCDIKSolver.js(159,13): error TS2339: Property 'maxAngle' does not exist on type 'Object'.
examples/jsm/animation/CCDIKSolver.js(159,50): error TS2339: Property 'maxAngle' does not exist on type 'Object'.
examples/jsm/animation/CCDIKSolver.js(161,17): error TS2339: Property 'maxAngle' does not exist on type 'Object'.
examples/jsm/animation/CCDIKSolver.js(234,31): error TS2339: Property 'effector' does not exist on type 'Object'.
examples/jsm/animation/CCDIKSolver.js(235,21): error TS2339: Property 'links' does not exist on type 'Object'.
examples/jsm/animation/CCDIKSolver.js(294,8): error TS2339: Property 'matrix' does not exist on type 'CCDIKHelper'.
examples/jsm/animation/CCDIKSolver.js(340,13): error TS2339: Property 'visible' does not exist on type 'CCDIKHelper'.
examples/jsm/animation/CCDIKSolver.js(356,29): error TS2339: Property 'children' does not exist on type 'CCDIKHelper'.
examples/jsm/animation/CCDIKSolver.js(357,31): error TS2339: Property 'children' does not exist on type 'CCDIKHelper'.
examples/jsm/animation/CCDIKSolver.js(367,28): error TS2339: Property 'children' does not exist on type 'CCDIKHelper'.
examples/jsm/animation/CCDIKSolver.js(373,23): error TS2339: Property 'children' does not exist on type 'CCDIKHelper'.
examples/jsm/animation/CCDIKSolver.js(393,8): error TS2339: Property 'matrix' does not exist on type 'CCDIKHelper'.
examples/jsm/animation/CCDIKSolver.js(411,25): error TS2339: Property 'children' does not exist on type 'CCDIKHelper'.
examples/jsm/animation/CCDIKSolver.js(468,9): error TS2339: Property 'add' does not exist on type 'CCDIKHelper'.
examples/jsm/animation/CCDIKSolver.js(469,9): error TS2339: Property 'add' does not exist on type 'CCDIKHelper'.
examples/jsm/animation/CCDIKSolver.js(473,10): error TS2339: Property 'add' does not exist on type 'CCDIKHelper'.
examples/jsm/animation/CCDIKSolver.js(477,9): error TS2339: Property 'add' does not exist on type 'CCDIKHelper'.
examples/jsm/capabilities/WebGL.js(7,19): error TS2584: Cannot find name 'document'. Do you need to change your target library? Try changing the 'lib' compiler option to include 'dom'.
examples/jsm/capabilities/WebGL.js(22,19): error TS2584: Cannot find name 'document'. Do you need to change your target library? Try changing the 'lib' compiler option to include 'dom'.
examples/jsm/capabilities/WebGL.js(55,19): error TS2584: Cannot find name 'document'. Do you need to change your target library? Try changing the 'lib' compiler option to include 'dom'.
examples/jsm/capabilities/WebGL.js(67,8): error TS7053: Element implicitly has an 'any' type because expression of type 'any' can't be used to index type '{ 1: any; 2: any; }'.
examples/jsm/capabilities/WebGL.js(77,36): error TS7053: Element implicitly has an 'any' type because expression of type 'any' can't be used to index type '{ 1: string; 2: string; }'.
examples/jsm/capabilities/WebGL.js(93,19): error TS2584: Cannot find name 'document'. Do you need to change your target library? Try changing the 'lib' compiler option to include 'dom'.
examples/jsm/capabilities/WebGPU.js(27,19): error TS2584: Cannot find name 'document'. Do you need to change your target library? Try changing the 'lib' compiler option to include 'dom'.
examples/jsm/controls/ArcballControls.js(17,8): error TS2307: Cannot find module 'three' or its corresponding type declarations.
examples/jsm/controls/ArcballControls.js(85,3): error TS7008: Member 'scene' implicitly has an 'any' type.
examples/jsm/controls/ArcballControls.js(90,3): error TS7008: Member 'mouseActions' implicitly has an 'any[]' type.
examples/jsm/controls/ArcballControls.js(137,3): error TS7008: Member '_touchStart' implicitly has an 'any[]' type.
examples/jsm/controls/ArcballControls.js(138,3): error TS7008: Member '_touchCurrent' implicitly has an 'any[]' type.
examples/jsm/controls/ArcballControls.js(224,15): error TS2339: Property 'add' does not exist on type 'never'.
examples/jsm/controls/ArcballControls.js(250,8): error TS2339: Property 'domElement' does not exist on type 'ArcballControls'.
examples/jsm/controls/ArcballControls.js(253,8): error TS2339: Property 'domElement' does not exist on type 'ArcballControls'.
examples/jsm/controls/ArcballControls.js(254,8): error TS2339: Property 'domElement' does not exist on type 'ArcballControls'.
examples/jsm/controls/ArcballControls.js(255,8): error TS2339: Property 'domElement' does not exist on type 'ArcballControls'.
examples/jsm/controls/ArcballControls.js(256,8): error TS2339: Property 'domElement' does not exist on type 'ArcballControls'.
examples/jsm/controls/ArcballControls.js(264,8): error TS2339: Property 'domElement' does not exist on type 'ArcballControls'.
examples/jsm/controls/ArcballControls.js(265,8): error TS2339: Property 'domElement' does not exist on type 'ArcballControls'.
examples/jsm/controls/ArcballControls.js(266,8): error TS2339: Property 'domElement' does not exist on type 'ArcballControls'.
examples/jsm/controls/ArcballControls.js(267,8): error TS2339: Property 'domElement' does not exist on type 'ArcballControls'.
examples/jsm/controls/ArcballControls.js(278,13): error TS2339: Property 'enabled' does not exist on type 'ArcballControls'.
examples/jsm/controls/ArcballControls.js(280,9): error TS2339: Property 'dispatchEvent' does not exist on type 'ArcballControls'.
examples/jsm/controls/ArcballControls.js(301,12): error TS2339: Property 'dispatchEvent' does not exist on type 'ArcballControls'.
examples/jsm/controls/ArcballControls.js(305,26): error TS2345: Argument of type 'symbol' is not assignable to parameter of type '{ IDLE: symbol; ROTATE: symbol; PAN: symbol; SCALE: symbol; FOV: symbol; FOCUS: symbol; ZROTATE: symbol; TOUCH_MULTI: symbol; ANIMATION_FOCUS: symbol; ANIMATION_ROTATE: symbol; }'.
examples/jsm/controls/ArcballControls.js(306,103): error TS2339: Property 'domElement' does not exist on type 'ArcballControls'.
examples/jsm/controls/ArcballControls.js(310,12): error TS2339: Property 'dispatchEvent' does not exist on type 'ArcballControls'.
examples/jsm/controls/ArcballControls.js(332,26): error TS2345: Argument of type 'symbol' is not assignable to parameter of type '{ IDLE: symbol; ROTATE: symbol; PAN: symbol; SCALE: symbol; FOV: symbol; FOCUS: symbol; ZROTATE: symbol; TOUCH_MULTI: symbol; ANIMATION_FOCUS: symbol; ANIMATION_ROTATE: symbol; }'.
examples/jsm/controls/ArcballControls.js(333,105): error TS2339: Property 'domElement' does not exist on type 'ArcballControls'.
examples/jsm/controls/ArcballControls.js(346,11): error TS2339: Property 'dispatchEvent' does not exist on type 'ArcballControls'.
examples/jsm/controls/ArcballControls.js(364,12): error TS2339: Property 'dispatchEvent' does not exist on type 'ArcballControls'.
examples/jsm/controls/ArcballControls.js(368,26): error TS2345: Argument of type 'symbol' is not assignable to parameter of type '{ IDLE: symbol; ROTATE: symbol; PAN: symbol; SCALE: symbol; FOV: symbol; FOCUS: symbol; ZROTATE: symbol; TOUCH_MULTI: symbol; ANIMATION_FOCUS: symbol; ANIMATION_ROTATE: symbol; }'.
examples/jsm/controls/ArcballControls.js(369,84): error TS2339: Property 'domElement' does not exist on type 'ArcballControls'.
examples/jsm/controls/ArcballControls.js(388,12): error TS2339: Property 'dispatchEvent' does not exist on type 'ArcballControls'.
examples/jsm/controls/ArcballControls.js(392,26): error TS2345: Argument of type 'symbol' is not assignable to parameter of type '{ IDLE: symbol; ROTATE: symbol; PAN: symbol; SCALE: symbol; FOV: symbol; FOCUS: symbol; ZROTATE: symbol; TOUCH_MULTI: symbol; ANIMATION_FOCUS: symbol; ANIMATION_ROTATE: symbol; }'.
examples/jsm/controls/ArcballControls.js(393,84): error TS2339: Property 'domElement' does not exist on type 'ArcballControls'.
examples/jsm/controls/ArcballControls.js(405,13): error TS2339: Property 'enabled' does not exist on type 'ArcballControls'.
examples/jsm/controls/ArcballControls.js(420,13): error TS2339: Property 'dispatchEvent' does not exist on type 'ArcballControls'.
examples/jsm/controls/ArcballControls.js(421,13): error TS2339: Property 'dispatchEvent' does not exist on type 'ArcballControls'.
examples/jsm/controls/ArcballControls.js(424,105): error TS2339: Property 'domElement' does not exist on type 'ArcballControls'.
examples/jsm/controls/ArcballControls.js(436,107): error TS2339: Property 'domElement' does not exist on type 'ArcballControls'.
examples/jsm/controls/ArcballControls.js(453,13): error TS2339: Property 'dispatchEvent' does not exist on type 'ArcballControls'.
examples/jsm/controls/ArcballControls.js(454,13): error TS2339: Property 'dispatchEvent' does not exist on type 'ArcballControls'.
examples/jsm/controls/ArcballControls.js(457,107): error TS2339: Property 'domElement' does not exist on type 'ArcballControls'.
examples/jsm/controls/ArcballControls.js(470,109): error TS2339: Property 'domElement' does not exist on type 'ArcballControls'.
examples/jsm/controls/ArcballControls.js(505,13): error TS2339: Property 'dispatchEvent' does not exist on type 'ArcballControls'.
examples/jsm/controls/ArcballControls.js(506,13): error TS2339: Property 'dispatchEvent' does not exist on type 'ArcballControls'.
examples/jsm/controls/ArcballControls.js(509,86): error TS2339: Property 'domElement' does not exist on type 'ArcballControls'.
examples/jsm/controls/ArcballControls.js(524,88): error TS2339: Property 'domElement' does not exist on type 'ArcballControls'.
examples/jsm/controls/ArcballControls.js(558,13): error TS2339: Property 'dispatchEvent' does not exist on type 'ArcballControls'.
examples/jsm/controls/ArcballControls.js(559,13): error TS2339: Property 'dispatchEvent' does not exist on type 'ArcballControls'.
examples/jsm/controls/ArcballControls.js(562,86): error TS2339: Property 'domElement' does not exist on type 'ArcballControls'.
examples/jsm/controls/ArcballControls.js(577,88): error TS2339: Property 'domElement' does not exist on type 'ArcballControls'.
examples/jsm/controls/ArcballControls.js(627,9): error TS2339: Property 'dispatchEvent' does not exist on type 'ArcballControls'.
examples/jsm/controls/ArcballControls.js(655,27): error TS2345: Argument of type 'symbol' is not assignable to parameter of type '{ IDLE: symbol; ROTATE: symbol; PAN: symbol; SCALE: symbol; FOV: symbol; FOCUS: symbol; ZROTATE: symbol; TOUCH_MULTI: symbol; ANIMATION_FOCUS: symbol; ANIMATION_ROTATE: symbol; }'.
examples/jsm/controls/ArcballControls.js(665,26): error TS2345: Argument of type 'symbol' is not assignable to parameter of type '{ IDLE: symbol; ROTATE: symbol; PAN: symbol; SCALE: symbol; FOV: symbol; FOCUS: symbol; ZROTATE: symbol; TOUCH_MULTI: symbol; ANIMATION_FOCUS: symbol; ANIMATION_ROTATE: symbol; }'.
examples/jsm/controls/ArcballControls.js(667,11): error TS2339: Property 'dispatchEvent' does not exist on type 'ArcballControls'.
examples/jsm/controls/ArcballControls.js(673,25): error TS2345: Argument of type 'symbol' is not assignable to parameter of type '{ IDLE: symbol; ROTATE: symbol; PAN: symbol; SCALE: symbol; FOV: symbol; FOCUS: symbol; ZROTATE: symbol; TOUCH_MULTI: symbol; ANIMATION_FOCUS: symbol; ANIMATION_ROTATE: symbol; }'.
examples/jsm/controls/ArcballControls.js(675,10): error TS2339: Property 'dispatchEvent' does not exist on type 'ArcballControls'.
examples/jsm/controls/ArcballControls.js(681,24): error TS2345: Argument of type 'symbol' is not assignable to parameter of type '{ IDLE: symbol; ROTATE: symbol; PAN: symbol; SCALE: symbol; FOV: symbol; FOCUS: symbol; ZROTATE: symbol; TOUCH_MULTI: symbol; ANIMATION_FOCUS: symbol; ANIMATION_ROTATE: symbol; }'.
examples/jsm/controls/ArcballControls.js(690,9): error TS2339: Property 'dispatchEvent' does not exist on type 'ArcballControls'.
examples/jsm/controls/ArcballControls.js(695,8): error TS2339: Property 'dispatchEvent' does not exist on type 'ArcballControls'.
examples/jsm/controls/ArcballControls.js(701,13): error TS2339: Property 'enabled' does not exist on type 'ArcballControls'.
examples/jsm/controls/ArcballControls.js(703,9): error TS2339: Property 'dispatchEvent' does not exist on type 'ArcballControls'.
examples/jsm/controls/ArcballControls.js(706,84): error TS2339: Property 'domElement' does not exist on type 'ArcballControls'.
examples/jsm/controls/ArcballControls.js(720,26): error TS2345: Argument of type 'symbol' is not assignable to parameter of type '{ IDLE: symbol; ROTATE: symbol; PAN: symbol; SCALE: symbol; FOV: symbol; FOCUS: symbol; ZROTATE: symbol; TOUCH_MULTI: symbol; ANIMATION_FOCUS: symbol; ANIMATION_ROTATE: symbol; }'.
examples/jsm/controls/ArcballControls.js(727,25): error TS2345: Argument of type 'symbol' is not assignable to parameter of type '{ IDLE: symbol; ROTATE: symbol; PAN: symbol; SCALE: symbol; FOV: symbol; FOCUS: symbol; ZROTATE: symbol; TOUCH_MULTI: symbol; ANIMATION_FOCUS: symbol; ANIMATION_ROTATE: symbol; }'.
examples/jsm/controls/ArcballControls.js(729,25): error TS2345: Argument of type 'symbol' is not assignable to parameter of type '{ IDLE: symbol; ROTATE: symbol; PAN: symbol; SCALE: symbol; FOV: symbol; FOCUS: symbol; ZROTATE: symbol; TOUCH_MULTI: symbol; ANIMATION_FOCUS: symbol; ANIMATION_ROTATE: symbol; }'.
examples/jsm/controls/ArcballControls.js(730,10): error TS2339: Property 'dispatchEvent' does not exist on type 'ArcballControls'.
examples/jsm/controls/ArcballControls.js(736,8): error TS2339: Property 'dispatchEvent' does not exist on type 'ArcballControls'.
examples/jsm/controls/ArcballControls.js(742,13): error TS2339: Property 'enabled' does not exist on type 'ArcballControls'.
examples/jsm/controls/ArcballControls.js(744,9): error TS2339: Property 'dispatchEvent' does not exist on type 'ArcballControls'.
examples/jsm/controls/ArcballControls.js(746,24): error TS2345: Argument of type 'symbol' is not assignable to parameter of type '{ IDLE: symbol; ROTATE: symbol; PAN: symbol; SCALE: symbol; FOV: symbol; FOCUS: symbol; ZROTATE: symbol; TOUCH_MULTI: symbol; ANIMATION_FOCUS: symbol; ANIMATION_ROTATE: symbol; }'.
examples/jsm/controls/ArcballControls.js(749,101): error TS2339: Property 'domElement' does not exist on type 'ArcballControls'.
examples/jsm/controls/ArcballControls.js(760,13): error TS2339: Property 'enabled' does not exist on type 'ArcballControls'.
examples/jsm/controls/ArcballControls.js(766,25): error TS2345: Argument of type 'symbol' is not assignable to parameter of type '{ IDLE: symbol; ROTATE: symbol; PAN: symbol; SCALE: symbol; FOV: symbol; FOCUS: symbol; ZROTATE: symbol; TOUCH_MULTI: symbol; ANIMATION_FOCUS: symbol; ANIMATION_ROTATE: symbol; }'.
examples/jsm/controls/ArcballControls.js(771,103): error TS2339: Property 'domElement' does not exist on type 'ArcballControls'.
examples/jsm/controls/ArcballControls.js(773,9): error TS2339: Property 'dispatchEvent' does not exist on type 'ArcballControls'.
examples/jsm/controls/ArcballControls.js(781,23): error TS2345: Argument of type 'symbol' is not assignable to parameter of type '{ IDLE: symbol; ROTATE: symbol; PAN: symbol; SCALE: symbol; FOV: symbol; FOCUS: symbol; ZROTATE: symbol; TOUCH_MULTI: symbol; ANIMATION_FOCUS: symbol; ANIMATION_ROTATE: symbol; }'.
examples/jsm/controls/ArcballControls.js(782,8): error TS2339: Property 'dispatchEvent' does not exist on type 'ArcballControls'.
examples/jsm/controls/ArcballControls.js(788,13): error TS2339: Property 'enabled' does not exist on type 'ArcballControls'.
examples/jsm/controls/ArcballControls.js(790,9): error TS2339: Property 'dispatchEvent' does not exist on type 'ArcballControls'.
examples/jsm/controls/ArcballControls.js(792,24): error TS2345: Argument of type 'symbol' is not assignable to parameter of type '{ IDLE: symbol; ROTATE: symbol; PAN: symbol; SCALE: symbol; FOV: symbol; FOCUS: symbol; ZROTATE: symbol; TOUCH_MULTI: symbol; ANIMATION_FOCUS: symbol; ANIMATION_ROTATE: symbol; }'.
examples/jsm/controls/ArcballControls.js(813,13): error TS2339: Property 'enabled' does not exist on type 'ArcballControls'.
examples/jsm/controls/ArcballControls.js(820,25): error TS2345: Argument of type 'symbol' is not assignable to parameter of type '{ IDLE: symbol; ROTATE: symbol; PAN: symbol; SCALE: symbol; FOV: symbol; FOCUS: symbol; ZROTATE: symbol; TOUCH_MULTI: symbol; ANIMATION_FOCUS: symbol; ANIMATION_ROTATE: symbol; }'.
examples/jsm/controls/ArcballControls.js(835,86): error TS2339: Property 'domElement' does not exist on type 'ArcballControls'.
examples/jsm/controls/ArcballControls.js(842,9): error TS2339: Property 'dispatchEvent' does not exist on type 'ArcballControls'.
examples/jsm/controls/ArcballControls.js(850,23): error TS2345: Argument of type 'symbol' is not assignable to parameter of type '{ IDLE: symbol; ROTATE: symbol; PAN: symbol; SCALE: symbol; FOV: symbol; FOCUS: symbol; ZROTATE: symbol; TOUCH_MULTI: symbol; ANIMATION_FOCUS: symbol; ANIMATION_ROTATE: symbol; }'.
examples/jsm/controls/ArcballControls.js(852,8): error TS2339: Property 'dispatchEvent' does not exist on type 'ArcballControls'.
examples/jsm/controls/ArcballControls.js(858,13): error TS2339: Property 'enabled' does not exist on type 'ArcballControls'.
examples/jsm/controls/ArcballControls.js(860,9): error TS2339: Property 'dispatchEvent' does not exist on type 'ArcballControls'.
examples/jsm/controls/ArcballControls.js(861,24): error TS2345: Argument of type 'symbol' is not assignable to parameter of type '{ IDLE: symbol; ROTATE: symbol; PAN: symbol; SCALE: symbol; FOV: symbol; FOCUS: symbol; ZROTATE: symbol; TOUCH_MULTI: symbol; ANIMATION_FOCUS: symbol; ANIMATION_ROTATE: symbol; }'.
examples/jsm/controls/ArcballControls.js(874,13): error TS2339: Property 'enabled' does not exist on type 'ArcballControls'.
examples/jsm/controls/ArcballControls.js(882,25): error TS2345: Argument of type 'symbol' is not assignable to parameter of type '{ IDLE: symbol; ROTATE: symbol; PAN: symbol; SCALE: symbol; FOV: symbol; FOCUS: symbol; ZROTATE: symbol; TOUCH_MULTI: symbol; ANIMATION_FOCUS: symbol; ANIMATION_ROTATE: symbol; }'.
examples/jsm/controls/ArcballControls.js(899,84): error TS2339: Property 'domElement' does not exist on type 'ArcballControls'.
examples/jsm/controls/ArcballControls.js(906,84): error TS2339: Property 'domElement' does not exist on type 'ArcballControls'.
examples/jsm/controls/ArcballControls.js(915,9): error TS2339: Property 'dispatchEvent' does not exist on type 'ArcballControls'.
examples/jsm/controls/ArcballControls.js(923,23): error TS2345: Argument of type 'symbol' is not assignable to parameter of type '{ IDLE: symbol; ROTATE: symbol; PAN: symbol; SCALE: symbol; FOV: symbol; FOCUS: symbol; ZROTATE: symbol; TOUCH_MULTI: symbol; ANIMATION_FOCUS: symbol; ANIMATION_ROTATE: symbol; }'.
examples/jsm/controls/ArcballControls.js(924,8): error TS2339: Property 'dispatchEvent' does not exist on type 'ArcballControls'.
examples/jsm/controls/ArcballControls.js(930,13): error TS2339: Property 'enabled' does not exist on type 'ArcballControls'.
examples/jsm/controls/ArcballControls.js(932,9): error TS2339: Property 'dispatchEvent' does not exist on type 'ArcballControls'.
examples/jsm/controls/ArcballControls.js(934,24): error TS2345: Argument of type 'symbol' is not assignable to parameter of type '{ IDLE: symbol; ROTATE: symbol; PAN: symbol; SCALE: symbol; FOV: symbol; FOCUS: symbol; ZROTATE: symbol; TOUCH_MULTI: symbol; ANIMATION_FOCUS: symbol; ANIMATION_ROTATE: symbol; }'.
examples/jsm/controls/ArcballControls.js(950,82): error TS2339: Property 'domElement' does not exist on type 'ArcballControls'.
examples/jsm/controls/ArcballControls.js(959,13): error TS2339: Property 'enabled' does not exist on type 'ArcballControls'.
examples/jsm/controls/ArcballControls.js(986,84): error TS2339: Property 'domElement' does not exist on type 'ArcballControls'.
examples/jsm/controls/ArcballControls.js(1028,9): error TS2339: Property 'dispatchEvent' does not exist on type 'ArcballControls'.
examples/jsm/controls/ArcballControls.js(1036,23): error TS2345: Argument of type 'symbol' is not assignable to parameter of type '{ IDLE: symbol; ROTATE: symbol; PAN: symbol; SCALE: symbol; FOV: symbol; FOCUS: symbol; ZROTATE: symbol; TOUCH_MULTI: symbol; ANIMATION_FOCUS: symbol; ANIMATION_ROTATE: symbol; }'.
examples/jsm/controls/ArcballControls.js(1037,8): error TS2339: Property 'dispatchEvent' does not exist on type 'ArcballControls'.
examples/jsm/controls/ArcballControls.js(1081,16): error TS2339: Property 'operation' does not exist on type 'Object'.
examples/jsm/controls/ArcballControls.js(1081,37): error TS2339: Property 'operation' does not exist on type 'Object'.
examples/jsm/controls/ArcballControls.js(1083,17): error TS2339: Property 'mouse' does not exist on type 'Object'.
examples/jsm/controls/ArcballControls.js(1083,34): error TS2339: Property 'mouse' does not exist on type 'Object'.
examples/jsm/controls/ArcballControls.js(1083,51): error TS2339: Property 'key' does not exist on type 'Object'.
examples/jsm/controls/ArcballControls.js(1083,66): error TS2339: Property 'key' does not exist on type 'Object'.
examples/jsm/controls/ArcballControls.js(1322,23): error TS2339: Property 'camera' does not exist on type 'Object'.
examples/jsm/controls/ArcballControls.js(1324,75): error TS2339: Property 'camera' does not exist on type 'Object'.
examples/jsm/controls/ArcballControls.js(1337,23): error TS2339: Property 'gizmos' does not exist on type 'Object'.
examples/jsm/controls/ArcballControls.js(1339,74): error TS2339: Property 'gizmos' does not exist on type 'Object'.
examples/jsm/controls/ArcballControls.js(1457,15): error TS2366: Function lacks ending return statement and return type does not include 'undefined'.
examples/jsm/controls/ArcballControls.js(1714,8): error TS2339: Property 'dispatchEvent' does not exist on type 'ArcballControls'.
examples/jsm/controls/ArcballControls.js(1738,8): error TS2339: Property 'dispatchEvent' does not exist on type 'ArcballControls'.
examples/jsm/controls/ArcballControls.js(1844,25): error TS2345: Argument of type 'symbol' is not assignable to parameter of type '{ IDLE: symbol; ROTATE: symbol; PAN: symbol; SCALE: symbol; FOV: symbol; FOCUS: symbol; ZROTATE: symbol; TOUCH_MULTI: symbol; ANIMATION_FOCUS: symbol; ANIMATION_ROTATE: symbol; }'.
examples/jsm/controls/ArcballControls.js(1847,10): error TS2339: Property 'dispatchEvent' does not exist on type 'ArcballControls'.
examples/jsm/controls/ArcballControls.js(1857,10): error TS2339: Property 'dispatchEvent' does not exist on type 'ArcballControls'.
examples/jsm/controls/ArcballControls.js(1906,10): error TS2339: Property 'dispatchEvent' does not exist on type 'ArcballControls'.
examples/jsm/controls/ArcballControls.js(1919,25): error TS2345: Argument of type 'symbol' is not assignable to parameter of type '{ IDLE: symbol; ROTATE: symbol; PAN: symbol; SCALE: symbol; FOV: symbol; FOCUS: symbol; ZROTATE: symbol; TOUCH_MULTI: symbol; ANIMATION_FOCUS: symbol; ANIMATION_ROTATE: symbol; }'.
examples/jsm/controls/ArcballControls.js(1922,10): error TS2339: Property 'dispatchEvent' does not exist on type 'ArcballControls'.
examples/jsm/controls/ArcballControls.js(1936,10): error TS2339: Property 'dispatchEvent' does not exist on type 'ArcballControls'.
examples/jsm/controls/ArcballControls.js(2012,23): error TS2345: Argument of type 'symbol' is not assignable to parameter of type '{ IDLE: symbol; ROTATE: symbol; PAN: symbol; SCALE: symbol; FOV: symbol; FOCUS: symbol; ZROTATE: symbol; TOUCH_MULTI: symbol; ANIMATION_FOCUS: symbol; ANIMATION_ROTATE: symbol; }'.
examples/jsm/controls/ArcballControls.js(2014,8): error TS2339: Property 'dispatchEvent' does not exist on type 'ArcballControls'.
examples/jsm/controls/ArcballControls.js(2115,15): error TS2366: Function lacks ending return statement and return type does not include 'undefined'.
examples/jsm/controls/ArcballControls.js(2592,3): error TS2322: Type '{ IDLE: symbol; ROTATE: symbol; PAN: symbol; SCALE: symbol; FOV: symbol; FOCUS: symbol; ZROTATE: symbol; TOUCH_MULTI: symbol; ANIMATION_FOCUS: symbol; ANIMATION_ROTATE: symbol; }' is not assignable to type 'symbol'.
examples/jsm/controls/ArcballControls.js(2706,24): error TS2345: Argument of type 'symbol' is not assignable to parameter of type '{ IDLE: symbol; ROTATE: symbol; PAN: symbol; SCALE: symbol; FOV: symbol; FOCUS: symbol; ZROTATE: symbol; TOUCH_MULTI: symbol; ANIMATION_FOCUS: symbol; ANIMATION_ROTATE: symbol; }'.
examples/jsm/controls/ArcballControls.js(2708,9): error TS2339: Property 'dispatchEvent' does not exist on type 'ArcballControls'.
examples/jsm/controls/ArcballControls.js(2720,23): error TS2339: Property '_gizmos' does not exist on type 'onWindowResize'.
examples/jsm/controls/ArcballControls.js(2720,46): error TS2339: Property '_gizmos' does not exist on type 'onWindowResize'.
examples/jsm/controls/ArcballControls.js(2720,69): error TS2339: Property '_gizmos' does not exist on type 'onWindowResize'.
examples/jsm/controls/ArcballControls.js(2721,24): error TS2339: Property 'calculateTbRadius' does not exist on type 'onWindowResize'.
examples/jsm/controls/ArcballControls.js(2721,48): error TS2339: Property 'object' does not exist on type 'onWindowResize'.
examples/jsm/controls/ArcballControls.js(2725,39): error TS2339: Property '_curvePts' does not exist on type 'onWindowResize'.
examples/jsm/controls/ArcballControls.js(2729,28): error TS2339: Property '_gizmos' does not exist on type 'onWindowResize'.
examples/jsm/controls/ArcballControls.js(2731,8): error TS2339: Property '_gizmos' does not exist on type 'onWindowResize'.
examples/jsm/controls/ArcballControls.js(2735,7): error TS2339: Property 'dispatchEvent' does not exist on type 'onWindowResize'.
examples/jsm/controls/ArcballControls.js(2741,9): error TS2683: 'this' implicitly has type 'any' because it does not have a type annotation.
examples/jsm/controls/ArcballControls.js(2747,23): error TS2683: 'this' implicitly has type 'any' because it does not have a type annotation.
examples/jsm/controls/ArcballControls.js(2749,8): error TS2683: 'this' implicitly has type 'any' because it does not have a type annotation.
examples/jsm/controls/ArcballControls.js(2763,7): error TS2339: Property '_touchStart' does not exist on type 'onPointerCancel'.
examples/jsm/controls/ArcballControls.js(2763,35): error TS2339: Property '_touchStart' does not exist on type 'onPointerCancel'.
examples/jsm/controls/ArcballControls.js(2764,7): error TS2339: Property '_touchCurrent' does not exist on type 'onPointerCancel'.
examples/jsm/controls/ArcballControls.js(2764,37): error TS2339: Property '_touchCurrent' does not exist on type 'onPointerCancel'.
examples/jsm/controls/ArcballControls.js(2774,8): error TS2339: Property '_downEvents' does not exist on type 'onPointerDown'.
examples/jsm/controls/ArcballControls.js(2785,8): error TS2339: Property '_touchStart' does not exist on type 'onPointerDown'.
examples/jsm/controls/ArcballControls.js(2786,8): error TS2339: Property '_touchCurrent' does not exist on type 'onPointerDown'.
examples/jsm/controls/ArcballControls.js(2790,9): error TS2678: Type 'symbol' is not comparable to type 'undefined'.
examples/jsm/controls/ArcballControls.js(2794,10): error TS2339: Property 'onSinglePanStart' does not exist on type 'onPointerDown'.
examples/jsm/controls/ArcballControls.js(2796,50): error TS2339: Property '_onPointerMove' does not exist on type 'onPointerDown'.
examples/jsm/controls/ArcballControls.js(2797,48): error TS2339: Property '_onPointerUp' does not exist on type 'onPointerDown'.
examples/jsm/controls/ArcballControls.js(2801,9): error TS2678: Type 'symbol' is not comparable to type 'undefined'.
examples/jsm/controls/ArcballControls.js(2802,9): error TS2678: Type 'symbol' is not comparable to type 'undefined'.
examples/jsm/controls/ArcballControls.js(2807,10): error TS2339: Property 'onRotateStart' does not exist on type 'onPointerDown'.
examples/jsm/controls/ArcballControls.js(2808,10): error TS2339: Property 'onPinchStart' does not exist on type 'onPointerDown'.
examples/jsm/controls/ArcballControls.js(2809,10): error TS2339: Property 'onDoublePanStart' does not exist on type 'onPointerDown'.
examples/jsm/controls/ArcballControls.js(2813,9): error TS2678: Type 'symbol' is not comparable to type 'undefined'.
examples/jsm/controls/ArcballControls.js(2817,10): error TS2339: Property 'onTriplePanStart' does not exist on type 'onPointerDown'.
examples/jsm/controls/ArcballControls.js(2836,24): error TS2339: Property 'getOpFromAction' does not exist on type 'onPointerDown'.
examples/jsm/controls/ArcballControls.js(2839,49): error TS2339: Property '_onPointerMove' does not exist on type 'onPointerDown'.
examples/jsm/controls/ArcballControls.js(2840,47): error TS2339: Property '_onPointerUp' does not exist on type 'onPointerDown'.
examples/jsm/controls/ArcballControls.js(2845,9): error TS2339: Property 'onSinglePanStart' does not exist on type 'onPointerDown'.
examples/jsm/controls/ArcballControls.js(2859,9): error TS2678: Type 'symbol' is not comparable to type 'undefined'.
examples/jsm/controls/ArcballControls.js(2862,10): error TS2339: Property 'updateTouchEvent' does not exist on type 'onPointerMove'.
examples/jsm/controls/ArcballControls.js(2864,10): error TS2339: Property 'onSinglePanMove' does not exist on type 'onPointerMove'.
examples/jsm/controls/ArcballControls.js(2867,9): error TS2678: Type 'symbol' is not comparable to type 'undefined'.
examples/jsm/controls/ArcballControls.js(2869,27): error TS2339: Property 'calculatePointersDistance' does not exist on type 'onPointerMove'.
examples/jsm/controls/ArcballControls.js(2869,59): error TS2339: Property '_touchCurrent' does not exist on type 'onPointerMove'.
examples/jsm/controls/ArcballControls.js(2869,94): error TS2339: Property '_devPxRatio' does not exist on type 'onPointerMove'.
examples/jsm/controls/ArcballControls.js(2871,27): error TS2339: Property '_switchSensibility' does not exist on type 'onPointerMove'.
examples/jsm/controls/ArcballControls.js(2875,11): error TS2339: Property 'updateTouchEvent' does not exist on type 'onPointerMove'.
examples/jsm/controls/ArcballControls.js(2877,11): error TS2339: Property 'onSinglePanStart' does not exist on type 'onPointerMove'.
examples/jsm/controls/ArcballControls.js(2884,9): error TS2678: Type 'symbol' is not comparable to type 'undefined'.
examples/jsm/controls/ArcballControls.js(2887,10): error TS2339: Property 'updateTouchEvent' does not exist on type 'onPointerMove'.
examples/jsm/controls/ArcballControls.js(2889,10): error TS2339: Property 'onRotateMove' does not exist on type 'onPointerMove'.
examples/jsm/controls/ArcballControls.js(2890,10): error TS2339: Property 'onPinchMove' does not exist on type 'onPointerMove'.
examples/jsm/controls/ArcballControls.js(2891,10): error TS2339: Property 'onDoublePanMove' does not exist on type 'onPointerMove'.
examples/jsm/controls/ArcballControls.js(2895,9): error TS2678: Type 'symbol' is not comparable to type 'undefined'.
examples/jsm/controls/ArcballControls.js(2898,10): error TS2339: Property 'updateTouchEvent' does not exist on type 'onPointerMove'.
examples/jsm/controls/ArcballControls.js(2900,10): error TS2339: Property 'onTriplePanMove' does not exist on type 'onPointerMove'.
examples/jsm/controls/ArcballControls.js(2919,29): error TS2339: Property 'getOpStateFromAction' does not exist on type 'onPointerMove'.
examples/jsm/controls/ArcballControls.js(2919,56): error TS2339: Property '_button' does not exist on type 'onPointerMove'.
examples/jsm/controls/ArcballControls.js(2923,9): error TS2339: Property 'onSinglePanMove' does not exist on type 'onPointerMove'.
examples/jsm/controls/ArcballControls.js(2932,25): error TS2339: Property 'calculatePointersDistance' does not exist on type 'onPointerMove'.
examples/jsm/controls/ArcballControls.js(2932,57): error TS2339: Property '_downEvents' does not exist on type 'onPointerMove'.
examples/jsm/controls/ArcballControls.js(2932,75): error TS2339: Property '_downEvents' does not exist on type 'onPointerMove'.
examples/jsm/controls/ArcballControls.js(2932,116): error TS2339: Property '_devPxRatio' does not exist on type 'onPointerMove'.
examples/jsm/controls/ArcballControls.js(2933,24): error TS2339: Property '_movementThreshold' does not exist on type 'onPointerMove'.
examples/jsm/controls/ArcballControls.js(2947,23): error TS2339: Property '_touchCurrent' does not exist on type 'onPointerUp'.
examples/jsm/controls/ArcballControls.js(2951,14): error TS2339: Property '_touchCurrent' does not exist on type 'onPointerUp'.
examples/jsm/controls/ArcballControls.js(2953,10): error TS2339: Property '_touchCurrent' does not exist on type 'onPointerUp'.
examples/jsm/controls/ArcballControls.js(2954,10): error TS2339: Property '_touchStart' does not exist on type 'onPointerUp'.
examples/jsm/controls/ArcballControls.js(2963,9): error TS2678: Type 'symbol' is not comparable to type 'undefined'.
examples/jsm/controls/ArcballControls.js(2964,9): error TS2678: Type 'symbol' is not comparable to type 'undefined'.
examples/jsm/controls/ArcballControls.js(2967,53): error TS2339: Property '_onPointerMove' does not exist on type 'onPointerUp'.
examples/jsm/controls/ArcballControls.js(2968,51): error TS2339: Property '_onPointerUp' does not exist on type 'onPointerUp'.
examples/jsm/controls/ArcballControls.js(2971,10): error TS2339: Property 'onSinglePanEnd' does not exist on type 'onPointerUp'.
examples/jsm/controls/ArcballControls.js(2975,9): error TS2678: Type 'symbol' is not comparable to type 'undefined'.
examples/jsm/controls/ArcballControls.js(2978,10): error TS2339: Property 'onDoublePanEnd' does not exist on type 'onPointerUp'.
examples/jsm/controls/ArcballControls.js(2979,10): error TS2339: Property 'onPinchEnd' does not exist on type 'onPointerUp'.
examples/jsm/controls/ArcballControls.js(2980,10): error TS2339: Property 'onRotateEnd' does not exist on type 'onPointerUp'.
examples/jsm/controls/ArcballControls.js(2987,9): error TS2678: Type 'symbol' is not comparable to type 'undefined'.
examples/jsm/controls/ArcballControls.js(2989,15): error TS2339: Property '_touchCurrent' does not exist on type 'onPointerUp'.
examples/jsm/controls/ArcballControls.js(2991,54): error TS2339: Property '_onPointerMove' does not exist on type 'onPointerUp'.
examples/jsm/controls/ArcballControls.js(2992,52): error TS2339: Property '_onPointerUp' does not exist on type 'onPointerUp'.
examples/jsm/controls/ArcballControls.js(2996,11): error TS2339: Property 'onTriplePanEnd' does not exist on type 'onPointerUp'.
examples/jsm/controls/ArcballControls.js(3006,51): error TS2339: Property '_onPointerMove' does not exist on type 'onPointerUp'.
examples/jsm/controls/ArcballControls.js(3007,49): error TS2339: Property '_onPointerUp' does not exist on type 'onPointerUp'.
examples/jsm/controls/ArcballControls.js(3010,8): error TS2339: Property 'onSinglePanEnd' does not exist on type 'onPointerUp'.
examples/jsm/controls/ArcballControls.js(3019,44): error TS2339: Property '_downEvents' does not exist on type 'onPointerUp'.
examples/jsm/controls/ArcballControls.js(3019,62): error TS2339: Property '_downEvents' does not exist on type 'onPointerUp'.
examples/jsm/controls/ArcballControls.js(3021,26): error TS2339: Property '_maxDownTime' does not exist on type 'onPointerUp'.
examples/jsm/controls/ArcballControls.js(3031,46): error TS2532: Object is possibly 'undefined'.
examples/jsm/controls/ArcballControls.js(3032,28): error TS2339: Property 'calculatePointersDistance' does not exist on type 'onPointerUp'.
examples/jsm/controls/ArcballControls.js(3032,60): error TS2339: Property '_downEvents' does not exist on type 'onPointerUp'.
examples/jsm/controls/ArcballControls.js(3032,83): error TS2339: Property '_downEvents' does not exist on type 'onPointerUp'.
examples/jsm/controls/ArcballControls.js(3032,109): error TS2339: Property '_devPxRatio' does not exist on type 'onPointerUp'.
examples/jsm/controls/ArcballControls.js(3034,33): error TS2339: Property '_maxInterval' does not exist on type 'onPointerUp'.
examples/jsm/controls/ArcballControls.js(3034,66): error TS2339: Property '_posThreshold' does not exist on type 'onPointerUp'.
examples/jsm/controls/ArcballControls.js(3039,12): error TS2339: Property '_downEvents' does not exist on type 'onPointerUp'.
examples/jsm/controls/ArcballControls.js(3039,40): error TS2339: Property '_downEvents' does not exist on type 'onPointerUp'.
examples/jsm/controls/ArcballControls.js(3040,12): error TS2339: Property 'onDoubleTap' does not exist on type 'onPointerUp'.
examples/jsm/controls/ArcballControls.js(3046,12): error TS2339: Property '_downEvents' does not exist on type 'onPointerUp'.
examples/jsm/controls/ArcballControls.js(3057,10): error TS2339: Property '_downEvents' does not exist on type 'onPointerUp'.
examples/jsm/controls/ArcballControls.js(3057,38): error TS2339: Property '_downEvents' does not exist on type 'onPointerUp'.
examples/jsm/controls/ArcballControls.js(3064,9): error TS2339: Property '_downEvents' does not exist on type 'onPointerUp'.
examples/jsm/controls/ArcballControls.js(3064,37): error TS2339: Property '_downEvents' does not exist on type 'onPointerUp'.
examples/jsm/controls/ArcballControls.js(3074,7): error TS2683: 'this' implicitly has type 'any' because it does not have a type annotation.
examples/jsm/controls/ArcballControls.js(3074,23): error TS2683: 'this' implicitly has type 'any' because it does not have a type annotation.
examples/jsm/controls/ArcballControls.js(3088,19): error TS2683: 'this' implicitly has type 'any' because it does not have a type annotation.
examples/jsm/controls/ArcballControls.js(3093,4): error TS2683: 'this' implicitly has type 'any' because it does not have a type annotation.
examples/jsm/controls/ArcballControls.js(3102,16): error TS2683: 'this' implicitly has type 'any' because it does not have a type annotation.
examples/jsm/controls/ArcballControls.js(3106,12): error TS2683: 'this' implicitly has type 'any' because it does not have a type annotation.
examples/jsm/controls/ArcballControls.js(3114,6): error TS2683: 'this' implicitly has type 'any' because it does not have a type annotation.
examples/jsm/controls/ArcballControls.js(3118,30): error TS2683: 'this' implicitly has type 'any' because it does not have a type annotation.
examples/jsm/controls/ArcballControls.js(3122,24): error TS2683: 'this' implicitly has type 'any' because it does not have a type annotation.
examples/jsm/controls/ArcballControls.js(3126,11): error TS2683: 'this' implicitly has type 'any' because it does not have a type annotation.
examples/jsm/controls/ArcballControls.js(3126,30): error TS2683: 'this' implicitly has type 'any' because it does not have a type annotation.
examples/jsm/controls/ArcballControls.js(3130,12): error TS2683: 'this' implicitly has type 'any' because it does not have a type annotation.
examples/jsm/controls/ArcballControls.js(3132,21): error TS2683: 'this' implicitly has type 'any' because it does not have a type annotation.
examples/jsm/controls/ArcballControls.js(3132,46): error TS2683: 'this' implicitly has type 'any' because it does not have a type annotation.
examples/jsm/controls/ArcballControls.js(3132,89): error TS2683: 'this' implicitly has type 'any' because it does not have a type annotation.
examples/jsm/controls/ArcballControls.js(3132,124): error TS2683: 'this' implicitly has type 'any' because it does not have a type annotation.
examples/jsm/controls/ArcballControls.js(3132,169): error TS2683: 'this' implicitly has type 'any' because it does not have a type annotation.
examples/jsm/controls/ArcballControls.js(3132,193): error TS2683: 'this' implicitly has type 'any' because it does not have a type annotation.
examples/jsm/controls/ArcballControls.js(3134,19): error TS2683: 'this' implicitly has type 'any' because it does not have a type annotation.
examples/jsm/controls/ArcballControls.js(3136,21): error TS2683: 'this' implicitly has type 'any' because it does not have a type annotation.
examples/jsm/controls/ArcballControls.js(3136,46): error TS2683: 'this' implicitly has type 'any' because it does not have a type annotation.
examples/jsm/controls/ArcballControls.js(3136,89): error TS2683: 'this' implicitly has type 'any' because it does not have a type annotation.
examples/jsm/controls/ArcballControls.js(3136,124): error TS2683: 'this' implicitly has type 'any' because it does not have a type annotation.
examples/jsm/controls/ArcballControls.js(3136,154): error TS2683: 'this' implicitly has type 'any' because it does not have a type annotation.
examples/jsm/controls/ArcballControls.js(3140,7): error TS2683: 'this' implicitly has type 'any' because it does not have a type annotation.
examples/jsm/controls/ArcballControls.js(3140,34): error TS2683: 'this' implicitly has type 'any' because it does not have a type annotation.
examples/jsm/controls/ArcballControls.js(3144,7): error TS2683: 'this' implicitly has type 'any' because it does not have a type annotation.
examples/jsm/controls/ArcballControls.js(3144,34): error TS2683: 'this' implicitly has type 'any' because it does not have a type annotation.
examples/jsm/controls/ArcballControls.js(3144,52): error TS2683: 'this' implicitly has type 'any' because it does not have a type annotation.
examples/jsm/controls/ArcballControls.js(3148,11): error TS2683: 'this' implicitly has type 'any' because it does not have a type annotation.
examples/jsm/controls/ArcballControls.js(3150,7): error TS2683: 'this' implicitly has type 'any' because it does not have a type annotation.
examples/jsm/controls/ArcballControls.js(3151,7): error TS2683: 'this' implicitly has type 'any' because it does not have a type annotation.
examples/jsm/controls/ArcballControls.js(3155,6): error TS2683: 'this' implicitly has type 'any' because it does not have a type annotation.
examples/jsm/controls/ArcballControls.js(3157,6): error TS2683: 'this' implicitly has type 'any' because it does not have a type annotation.
examples/jsm/controls/ArcballControls.js(3158,6): error TS2683: 'this' implicitly has type 'any' because it does not have a type annotation.
examples/jsm/controls/ArcballControls.js(3164,11): error TS2683: 'this' implicitly has type 'any' because it does not have a type annotation.
examples/jsm/controls/ArcballControls.js(3166,7): error TS2683: 'this' implicitly has type 'any' because it does not have a type annotation.
examples/jsm/controls/ArcballControls.js(3190,32): error TS2683: 'this' implicitly has type 'any' because it does not have a type annotation.
examples/jsm/controls/ArcballControls.js(3194,26): error TS2683: 'this' implicitly has type 'any' because it does not have a type annotation.
examples/jsm/controls/ArcballControls.js(3200,7): error TS2683: 'this' implicitly has type 'any' because it does not have a type annotation.
examples/jsm/controls/ArcballControls.js(3200,41): error TS2683: 'this' implicitly has type 'any' because it does not have a type annotation.
examples/jsm/controls/ArcballControls.js(3201,17): error TS2683: 'this' implicitly has type 'any' because it does not have a type annotation.
examples/jsm/controls/ArcballControls.js(3201,40): error TS2683: 'this' implicitly has type 'any' because it does not have a type annotation.
examples/jsm/controls/ArcballControls.js(3205,37): error TS2683: 'this' implicitly has type 'any' because it does not have a type annotation.
examples/jsm/controls/ArcballControls.js(3205,55): error TS2683: 'this' implicitly has type 'any' because it does not have a type annotation.
examples/jsm/controls/ArcballControls.js(3207,51): error TS2683: 'this' implicitly has type 'any' because it does not have a type annotation.
examples/jsm/controls/ArcballControls.js(3213,21): error TS2683: 'this' implicitly has type 'any' because it does not have a type annotation.
examples/jsm/controls/ArcballControls.js(3215,17): error TS2683: 'this' implicitly has type 'any' because it does not have a type annotation.
examples/jsm/controls/ArcballControls.js(3217,28): error TS2683: 'this' implicitly has type 'any' because it does not have a type annotation.
examples/jsm/controls/ArcballControls.js(3219,17): error TS2683: 'this' implicitly has type 'any' because it does not have a type annotation.
examples/jsm/controls/ArcballControls.js(3226,7): error TS2683: 'this' implicitly has type 'any' because it does not have a type annotation.
examples/jsm/controls/ArcballControls.js(3227,7): error TS2683: 'this' implicitly has type 'any' because it does not have a type annotation.
examples/jsm/controls/ArcballControls.js(3227,34): error TS2683: 'this' implicitly has type 'any' because it does not have a type annotation.
examples/jsm/controls/ArcballControls.js(3227,52): error TS2683: 'this' implicitly has type 'any' because it does not have a type annotation.
examples/jsm/controls/ArcballControls.js(3231,11): error TS2683: 'this' implicitly has type 'any' because it does not have a type annotation.
examples/jsm/controls/ArcballControls.js(3233,7): error TS2683: 'this' implicitly has type 'any' because it does not have a type annotation.
examples/jsm/controls/ArcballControls.js(3234,7): error TS2683: 'this' implicitly has type 'any' because it does not have a type annotation.
examples/jsm/controls/ArcballControls.js(3238,6): error TS2683: 'this' implicitly has type 'any' because it does not have a type annotation.
examples/jsm/controls/ArcballControls.js(3240,6): error TS2683: 'this' implicitly has type 'any' because it does not have a type annotation.
examples/jsm/controls/ArcballControls.js(3241,6): error TS2683: 'this' implicitly has type 'any' because it does not have a type annotation.
examples/jsm/controls/DragControls.js(10,8): error TS2307: Cannot find module 'three' or its corresponding type declarations.
examples/jsm/controls/DragControls.js(72,8): error TS2339: Property 'domElement' does not exist on type 'DragControls'.
examples/jsm/controls/DragControls.js(73,8): error TS2339: Property 'domElement' does not exist on type 'DragControls'.
examples/jsm/controls/DragControls.js(74,8): error TS2339: Property 'domElement' does not exist on type 'DragControls'.
examples/jsm/controls/DragControls.js(75,8): error TS2339: Property 'domElement' does not exist on type 'DragControls'.
examples/jsm/controls/DragControls.js(76,8): error TS2339: Property 'domElement' does not exist on type 'DragControls'.
examples/jsm/controls/DragControls.js(78,8): error TS2339: Property 'domElement' does not exist on type 'DragControls'.
examples/jsm/controls/DragControls.js(84,8): error TS2339: Property 'domElement' does not exist on type 'DragControls'.
examples/jsm/controls/DragControls.js(85,8): error TS2339: Property 'domElement' does not exist on type 'DragControls'.
examples/jsm/controls/DragControls.js(86,8): error TS2339: Property 'domElement' does not exist on type 'DragControls'.
examples/jsm/controls/DragControls.js(87,8): error TS2339: Property 'domElement' does not exist on type 'DragControls'.
examples/jsm/controls/DragControls.js(88,8): error TS2339: Property 'domElement' does not exist on type 'DragControls'.
examples/jsm/controls/DragControls.js(90,8): error TS2339: Property 'domElement' does not exist on type 'DragControls'.
examples/jsm/controls/DragControls.js(91,8): error TS2339: Property 'domElement' does not exist on type 'DragControls'.
examples/jsm/controls/DragControls.js(103,21): error TS2339: Property 'domElement' does not exist on type 'DragControls'.
examples/jsm/controls/DragControls.js(217,6): error TS2378: A 'get' accessor must return a value.
examples/jsm/controls/DragControls.js(227,17): error TS2683: 'this' implicitly has type 'any' because it does not have a type annotation.
examples/jsm/controls/DragControls.js(228,21): error TS2683: 'this' implicitly has type 'any' because it does not have a type annotation.
examples/jsm/controls/DragControls.js(229,20): error TS2683: 'this' implicitly has type 'any' because it does not have a type annotation.
examples/jsm/controls/DragControls.js(231,7): error TS2683: 'this' implicitly has type 'any' because it does not have a type annotation.
examples/jsm/controls/DragControls.js(233,2): error TS2683: 'this' implicitly has type 'any' because it does not have a type annotation.
examples/jsm/controls/DragControls.js(239,8): error TS2683: 'this' implicitly has type 'any' because it does not have a type annotation.
examples/jsm/controls/DragControls.js(247,15): error TS2683: 'this' implicitly has type 'any' because it does not have a type annotation.
examples/jsm/controls/DragControls.js(249,67): error TS2683: 'this' implicitly has type 'any' because it does not have a type annotation.
examples/jsm/controls/DragControls.js(255,3): error TS2683: 'this' implicitly has type 'any' because it does not have a type annotation.
examples/jsm/controls/DragControls.js(268,32): error TS2683: 'this' implicitly has type 'any' because it does not have a type annotation.
examples/jsm/controls/DragControls.js(268,46): error TS2683: 'this' implicitly has type 'any' because it does not have a type annotation.
examples/jsm/controls/DragControls.js(278,6): error TS2683: 'this' implicitly has type 'any' because it does not have a type annotation.
examples/jsm/controls/DragControls.js(287,6): error TS2683: 'this' implicitly has type 'any' because it does not have a type annotation.
examples/jsm/controls/DragControls.js(298,6): error TS2683: 'this' implicitly has type 'any' because it does not have a type annotation.
examples/jsm/controls/DragControls.js(317,17): error TS2683: 'this' implicitly has type 'any' because it does not have a type annotation.
examples/jsm/controls/DragControls.js(318,21): error TS2683: 'this' implicitly has type 'any' because it does not have a type annotation.
examples/jsm/controls/DragControls.js(319,20): error TS2683: 'this' implicitly has type 'any' because it does not have a type annotation.
examples/jsm/controls/DragControls.js(321,7): error TS2683: 'this' implicitly has type 'any' because it does not have a type annotation.
examples/jsm/controls/DragControls.js(323,2): error TS2683: 'this' implicitly has type 'any' because it does not have a type annotation.
examples/jsm/controls/DragControls.js(324,2): error TS2683: 'this' implicitly has type 'any' because it does not have a type annotation.
examples/jsm/controls/DragControls.js(329,30): error TS2683: 'this' implicitly has type 'any' because it does not have a type annotation.
examples/jsm/controls/DragControls.js(329,44): error TS2683: 'this' implicitly has type 'any' because it does not have a type annotation.
examples/jsm/controls/DragControls.js(333,8): error TS2683: 'this' implicitly has type 'any' because it does not have a type annotation.
examples/jsm/controls/DragControls.js(349,9): error TS2683: 'this' implicitly has type 'any' because it does not have a type annotation.
examples/jsm/controls/DragControls.js(354,16): error TS2683: 'this' implicitly has type 'any' because it does not have a type annotation.
examples/jsm/controls/DragControls.js(366,3): error TS2683: 'this' implicitly has type 'any' because it does not have a type annotation.
examples/jsm/controls/DragControls.js(376,12): error TS2339: Property 'enabled' does not exist on type 'onPointerCancel'.
examples/jsm/controls/DragControls.js(380,8): error TS2339: Property 'dispatchEvent' does not exist on type 'onPointerCancel'.
examples/jsm/controls/DragControls.js(386,7): error TS2339: Property 'domElement' does not exist on type 'onPointerCancel'.
examples/jsm/controls/DragControls.js(394,7): error TS2683: 'this' implicitly has type 'any' because it does not have a type annotation.
examples/jsm/controls/FirstPersonControls.js(6,8): error TS2307: Cannot find module 'three' or its corresponding type declarations.
examples/jsm/controls/FirstPersonControls.js(86,8): error TS2339: Property 'domElement' does not exist on type 'FirstPersonControls'.
examples/jsm/controls/FirstPersonControls.js(87,8): error TS2339: Property 'domElement' does not exist on type 'FirstPersonControls'.
examples/jsm/controls/FirstPersonControls.js(88,8): error TS2339: Property 'domElement' does not exist on type 'FirstPersonControls'.
examples/jsm/controls/FirstPersonControls.js(89,8): error TS2339: Property 'domElement' does not exist on type 'FirstPersonControls'.
examples/jsm/controls/FirstPersonControls.js(98,8): error TS2339: Property 'domElement' does not exist on type 'FirstPersonControls'.
examples/jsm/controls/FirstPersonControls.js(99,8): error TS2339: Property 'domElement' does not exist on type 'FirstPersonControls'.
examples/jsm/controls/FirstPersonControls.js(100,8): error TS2339: Property 'domElement' does not exist on type 'FirstPersonControls'.
examples/jsm/controls/FirstPersonControls.js(101,8): error TS2339: Property 'domElement' does not exist on type 'FirstPersonControls'.
examples/jsm/controls/FirstPersonControls.js(113,13): error TS2339: Property 'domElement' does not exist on type 'FirstPersonControls'.
examples/jsm/controls/FirstPersonControls.js(113,28): error TS2584: Cannot find name 'document'. Do you need to change your target library? Try changing the 'lib' compiler option to include 'dom'.
examples/jsm/controls/FirstPersonControls.js(120,27): error TS2339: Property 'domElement' does not exist on type 'FirstPersonControls'.
examples/jsm/controls/FirstPersonControls.js(121,27): error TS2339: Property 'domElement' does not exist on type 'FirstPersonControls'.
examples/jsm/controls/FirstPersonControls.js(139,8): error TS2339: Property 'object' does not exist on type 'FirstPersonControls'.
examples/jsm/controls/FirstPersonControls.js(149,13): error TS2339: Property 'enabled' does not exist on type 'FirstPersonControls'.
examples/jsm/controls/FirstPersonControls.js(153,36): error TS2339: Property 'object' does not exist on type 'FirstPersonControls'.
examples/jsm/controls/FirstPersonControls.js(166,81): error TS2339: Property 'object' does not exist on type 'FirstPersonControls'.
examples/jsm/controls/FirstPersonControls.js(167,34): error TS2339: Property 'object' does not exist on type 'FirstPersonControls'.
examples/jsm/controls/FirstPersonControls.js(169,30): error TS2339: Property 'object' does not exist on type 'FirstPersonControls'.
examples/jsm/controls/FirstPersonControls.js(170,31): error TS2339: Property 'object' does not exist on type 'FirstPersonControls'.
examples/jsm/controls/FirstPersonControls.js(172,13): error TS2339: Property '_moveUp' does not exist on type 'FirstPersonControls'.
examples/jsm/controls/FirstPersonControls.js(172,28): error TS2339: Property 'object' does not exist on type 'FirstPersonControls'.
examples/jsm/controls/FirstPersonControls.js(173,13): error TS2339: Property '_moveDown' does not exist on type 'FirstPersonControls'.
examples/jsm/controls/FirstPersonControls.js(173,30): error TS2339: Property 'object' does not exist on type 'FirstPersonControls'.
examples/jsm/controls/FirstPersonControls.js(205,25): error TS2339: Property 'object' does not exist on type 'FirstPersonControls'.
examples/jsm/controls/FirstPersonControls.js(209,8): error TS2339: Property 'object' does not exist on type 'FirstPersonControls'.
examples/jsm/controls/FirstPersonControls.js(215,27): error TS2339: Property 'object' does not exist on type 'FirstPersonControls'.
examples/jsm/controls/FirstPersonControls.js(229,12): error TS2339: Property 'domElement' does not exist on type 'onPointerDown'.
examples/jsm/controls/FirstPersonControls.js(229,27): error TS2584: Cannot find name 'document'. Do you need to change your target library? Try changing the 'lib' compiler option to include 'dom'.
examples/jsm/controls/FirstPersonControls.js(231,8): error TS2339: Property 'domElement' does not exist on type 'onPointerDown'.
examples/jsm/controls/FirstPersonControls.js(235,12): error TS2339: Property 'activeLook' does not exist on type 'onPointerDown'.
examples/jsm/controls/FirstPersonControls.js(252,12): error TS2339: Property 'activeLook' does not exist on type 'onPointerUp'.
examples/jsm/controls/FirstPersonControls.js(269,12): error TS2339: Property 'domElement' does not exist on type 'onPointerMove'.
examples/jsm/controls/FirstPersonControls.js(269,27): error TS2584: Cannot find name 'document'. Do you need to change your target library? Try changing the 'lib' compiler option to include 'dom'.
examples/jsm/controls/FirstPersonControls.js(271,39): error TS2339: Property '_viewHalfX' does not exist on type 'onPointerMove'.
examples/jsm/controls/FirstPersonControls.js(272,39): error TS2339: Property '_viewHalfY' does not exist on type 'onPointerMove'.
examples/jsm/controls/FirstPersonControls.js(276,39): error TS2339: Property 'domElement' does not exist on type 'onPointerMove'.
examples/jsm/controls/FirstPersonControls.js(276,68): error TS2339: Property '_viewHalfX' does not exist on type 'onPointerMove'.
examples/jsm/controls/FirstPersonControls.js(277,39): error TS2339: Property 'domElement' does not exist on type 'onPointerMove'.
examples/jsm/controls/FirstPersonControls.js(277,67): error TS2339: Property '_viewHalfY' does not exist on type 'onPointerMove'.
examples/jsm/controls/FirstPersonControls.js(331,7): error TS2683: 'this' implicitly has type 'any' because it does not have a type annotation.
examples/jsm/controls/FlyControls.js(5,8): error TS2307: Cannot find module 'three' or its corresponding type declarations.
examples/jsm/controls/FlyControls.js(58,8): error TS2339: Property 'domElement' does not exist on type 'FlyControls'.
examples/jsm/controls/FlyControls.js(59,8): error TS2339: Property 'domElement' does not exist on type 'FlyControls'.
examples/jsm/controls/FlyControls.js(60,8): error TS2339: Property 'domElement' does not exist on type 'FlyControls'.
examples/jsm/controls/FlyControls.js(61,8): error TS2339: Property 'domElement' does not exist on type 'FlyControls'.
examples/jsm/controls/FlyControls.js(62,8): error TS2339: Property 'domElement' does not exist on type 'FlyControls'.
examples/jsm/controls/FlyControls.js(71,8): error TS2339: Property 'domElement' does not exist on type 'FlyControls'.
examples/jsm/controls/FlyControls.js(72,8): error TS2339: Property 'domElement' does not exist on type 'FlyControls'.
examples/jsm/controls/FlyControls.js(73,8): error TS2339: Property 'domElement' does not exist on type 'FlyControls'.
examples/jsm/controls/FlyControls.js(74,8): error TS2339: Property 'domElement' does not exist on type 'FlyControls'.
examples/jsm/controls/FlyControls.js(75,8): error TS2339: Property 'domElement' does not exist on type 'FlyControls'.
examples/jsm/controls/FlyControls.js(87,13): error TS2339: Property 'enabled' does not exist on type 'FlyControls'.
examples/jsm/controls/FlyControls.js(89,23): error TS2339: Property 'object' does not exist on type 'FlyControls'.
examples/jsm/controls/FlyControls.js(106,9): error TS2339: Property 'dispatchEvent' does not exist on type 'FlyControls'.
examples/jsm/controls/FlyControls.js(140,13): error TS2339: Property 'domElement' does not exist on type 'FlyControls'.
examples/jsm/controls/FlyControls.js(140,27): error TS2584: Cannot find name 'document'. Do you need to change your target library? Try changing the 'lib' compiler option to include 'dom'.
examples/jsm/controls/FlyControls.js(143,18): error TS2339: Property 'domElement' does not exist on type 'FlyControls'.
examples/jsm/controls/FlyControls.js(143,47): error TS2339: Property 'domElement' does not exist on type 'FlyControls'.
examples/jsm/controls/FlyControls.js(144,20): error TS2339: Property 'domElement' does not exist on type 'FlyControls'.
examples/jsm/controls/FlyControls.js(144,48): error TS2339: Property 'domElement' does not exist on type 'FlyControls'.
examples/jsm/controls/FlyControls.js(162,28): error TS2339: Property 'enabled' does not exist on type 'onKeyDown'.
examples/jsm/controls/FlyControls.js(173,21): error TS2339: Property '_moveState' does not exist on type 'onKeyDown'.
examples/jsm/controls/FlyControls.js(174,21): error TS2339: Property '_moveState' does not exist on type 'onKeyDown'.
examples/jsm/controls/FlyControls.js(176,21): error TS2339: Property '_moveState' does not exist on type 'onKeyDown'.
examples/jsm/controls/FlyControls.js(177,21): error TS2339: Property '_moveState' does not exist on type 'onKeyDown'.
examples/jsm/controls/FlyControls.js(179,21): error TS2339: Property '_moveState' does not exist on type 'onKeyDown'.
examples/jsm/controls/FlyControls.js(180,21): error TS2339: Property '_moveState' does not exist on type 'onKeyDown'.
examples/jsm/controls/FlyControls.js(182,24): error TS2339: Property '_moveState' does not exist on type 'onKeyDown'.
examples/jsm/controls/FlyControls.js(183,26): error TS2339: Property '_moveState' does not exist on type 'onKeyDown'.
examples/jsm/controls/FlyControls.js(185,26): error TS2339: Property '_moveState' does not exist on type 'onKeyDown'.
examples/jsm/controls/FlyControls.js(186,27): error TS2339: Property '_moveState' does not exist on type 'onKeyDown'.
examples/jsm/controls/FlyControls.js(188,21): error TS2339: Property '_moveState' does not exist on type 'onKeyDown'.
examples/jsm/controls/FlyControls.js(189,21): error TS2339: Property '_moveState' does not exist on type 'onKeyDown'.
examples/jsm/controls/FlyControls.js(193,7): error TS2339: Property '_updateMovementVector' does not exist on type 'onKeyDown'.
examples/jsm/controls/FlyControls.js(194,7): error TS2339: Property '_updateRotationVector' does not exist on type 'onKeyDown'.
examples/jsm/controls/FlyControls.js(200,12): error TS2339: Property 'enabled' does not exist on type 'onKeyUp'.
examples/jsm/controls/FlyControls.js(207,21): error TS2339: Property '_moveState' does not exist on type 'onKeyUp'.
examples/jsm/controls/FlyControls.js(208,21): error TS2339: Property '_moveState' does not exist on type 'onKeyUp'.
examples/jsm/controls/FlyControls.js(210,21): error TS2339: Property '_moveState' does not exist on type 'onKeyUp'.
examples/jsm/controls/FlyControls.js(211,21): error TS2339: Property '_moveState' does not exist on type 'onKeyUp'.
examples/jsm/controls/FlyControls.js(213,21): error TS2339: Property '_moveState' does not exist on type 'onKeyUp'.
examples/jsm/controls/FlyControls.js(214,21): error TS2339: Property '_moveState' does not exist on type 'onKeyUp'.
examples/jsm/controls/FlyControls.js(216,24): error TS2339: Property '_moveState' does not exist on type 'onKeyUp'.
examples/jsm/controls/FlyControls.js(217,26): error TS2339: Property '_moveState' does not exist on type 'onKeyUp'.
examples/jsm/controls/FlyControls.js(219,26): error TS2339: Property '_moveState' does not exist on type 'onKeyUp'.
examples/jsm/controls/FlyControls.js(220,27): error TS2339: Property '_moveState' does not exist on type 'onKeyUp'.
examples/jsm/controls/FlyControls.js(222,21): error TS2339: Property '_moveState' does not exist on type 'onKeyUp'.
examples/jsm/controls/FlyControls.js(223,21): error TS2339: Property '_moveState' does not exist on type 'onKeyUp'.
examples/jsm/controls/FlyControls.js(227,7): error TS2339: Property '_updateMovementVector' does not exist on type 'onKeyUp'.
examples/jsm/controls/FlyControls.js(228,7): error TS2339: Property '_updateRotationVector' does not exist on type 'onKeyUp'.
examples/jsm/controls/FlyControls.js(234,7): error TS2683: 'this' implicitly has type 'any' because it does not have a type annotation.
examples/jsm/controls/FlyControls.js(236,7): error TS2683: 'this' implicitly has type 'any' because it does not have a type annotation.
examples/jsm/controls/FlyControls.js(238,3): error TS2683: 'this' implicitly has type 'any' because it does not have a type annotation.
examples/jsm/controls/FlyControls.js(244,12): error TS2683: 'this' implicitly has type 'any' because it does not have a type annotation.
examples/jsm/controls/FlyControls.js(245,12): error TS2683: 'this' implicitly has type 'any' because it does not have a type annotation.
examples/jsm/controls/FlyControls.js(249,3): error TS2683: 'this' implicitly has type 'any' because it does not have a type annotation.
examples/jsm/controls/FlyControls.js(257,7): error TS2683: 'this' implicitly has type 'any' because it does not have a type annotation.
examples/jsm/controls/FlyControls.js(259,9): error TS2683: 'this' implicitly has type 'any' because it does not have a type annotation.
examples/jsm/controls/FlyControls.js(259,28): error TS2683: 'this' implicitly has type 'any' because it does not have a type annotation.
examples/jsm/controls/FlyControls.js(261,21): error TS2683: 'this' implicitly has type 'any' because it does not have a type annotation.
examples/jsm/controls/FlyControls.js(265,3): error TS2683: 'this' implicitly has type 'any' because it does not have a type annotation.
examples/jsm/controls/FlyControls.js(266,3): error TS2683: 'this' implicitly has type 'any' because it does not have a type annotation.
examples/jsm/controls/FlyControls.js(268,3): error TS2683: 'this' implicitly has type 'any' because it does not have a type annotation.
examples/jsm/controls/FlyControls.js(276,7): error TS2683: 'this' implicitly has type 'any' because it does not have a type annotation.
examples/jsm/controls/FlyControls.js(278,7): error TS2683: 'this' implicitly has type 'any' because it does not have a type annotation.
examples/jsm/controls/FlyControls.js(280,3): error TS2683: 'this' implicitly has type 'any' because it does not have a type annotation.
examples/jsm/controls/FlyControls.js(282,3): error TS2683: 'this' implicitly has type 'any' because it does not have a type annotation.
examples/jsm/controls/FlyControls.js(282,29): error TS2683: 'this' implicitly has type 'any' because it does not have a type annotation.
examples/jsm/controls/FlyControls.js(288,12): error TS2683: 'this' implicitly has type 'any' because it does not have a type annotation.
examples/jsm/controls/FlyControls.js(289,12): error TS2683: 'this' implicitly has type 'any' because it does not have a type annotation.
examples/jsm/controls/FlyControls.js(293,3): error TS2683: 'this' implicitly has type 'any' because it does not have a type annotation.
examples/jsm/controls/FlyControls.js(297,2): error TS2683: 'this' implicitly has type 'any' because it does not have a type annotation.
examples/jsm/controls/FlyControls.js(303,12): error TS2339: Property 'enabled' does not exist on type 'onPointerCancel'.
examples/jsm/controls/FlyControls.js(305,12): error TS2339: Property 'dragToLook' does not exist on type 'onPointerCancel'.
examples/jsm/controls/FlyControls.js(309,8): error TS2339: Property '_moveState' does not exist on type 'onPointerCancel'.
examples/jsm/controls/FlyControls.js(309,34): error TS2339: Property '_moveState' does not exist on type 'onPointerCancel'.
examples/jsm/controls/FlyControls.js(313,8): error TS2339: Property '_moveState' does not exist on type 'onPointerCancel'.
examples/jsm/controls/FlyControls.js(314,8): error TS2339: Property '_moveState' does not exist on type 'onPointerCancel'.
examples/jsm/controls/FlyControls.js(316,8): error TS2339: Property '_updateMovementVector' does not exist on type 'onPointerCancel'.
examples/jsm/controls/FlyControls.js(320,7): error TS2339: Property '_updateRotationVector' does not exist on type 'onPointerCancel'.
examples/jsm/controls/FlyControls.js(326,7): error TS2683: 'this' implicitly has type 'any' because it does not have a type annotation.
examples/jsm/controls/MapControls.js(1,30): error TS2307: Cannot find module 'three' or its corresponding type declarations.
examples/jsm/controls/OrbitControls.js(12,8): error TS2307: Cannot find module 'three' or its corresponding type declarations.
examples/jsm/controls/OrbitControls.js(120,25): error TS2339: Property 'object' does not exist on type 'OrbitControls'.
examples/jsm/controls/OrbitControls.js(121,21): error TS2339: Property 'object' does not exist on type 'OrbitControls'.
examples/jsm/controls/OrbitControls.js(159,3): error TS7008: Member '_pointers' implicitly has an 'any[]' type.
examples/jsm/controls/OrbitControls.js(184,13): error TS2339: Property 'domElement' does not exist on type 'OrbitControls'.
examples/jsm/controls/OrbitControls.js(196,8): error TS2339: Property 'domElement' does not exist on type 'OrbitControls'.
examples/jsm/controls/OrbitControls.js(197,8): error TS2339: Property 'domElement' does not exist on type 'OrbitControls'.
examples/jsm/controls/OrbitControls.js(199,8): error TS2339: Property 'domElement' does not exist on type 'OrbitControls'.
examples/jsm/controls/OrbitControls.js(200,8): error TS2339: Property 'domElement' does not exist on type 'OrbitControls'.
examples/jsm/controls/OrbitControls.js(202,25): error TS2339: Property 'domElement' does not exist on type 'OrbitControls'.
examples/jsm/controls/OrbitControls.js(205,8): error TS2339: Property 'domElement' does not exist on type 'OrbitControls'.
examples/jsm/controls/OrbitControls.js(211,8): error TS2339: Property 'domElement' does not exist on type 'OrbitControls'.
examples/jsm/controls/OrbitControls.js(212,8): error TS2339: Property 'domElement' does not exist on type 'OrbitControls'.
examples/jsm/controls/OrbitControls.js(213,8): error TS2339: Property 'domElement' does not exist on type 'OrbitControls'.
examples/jsm/controls/OrbitControls.js(214,8): error TS2339: Property 'domElement' does not exist on type 'OrbitControls'.
examples/jsm/controls/OrbitControls.js(216,8): error TS2339: Property 'domElement' does not exist on type 'OrbitControls'.
examples/jsm/controls/OrbitControls.js(217,8): error TS2339: Property 'domElement' does not exist on type 'OrbitControls'.
examples/jsm/controls/OrbitControls.js(221,25): error TS2339: Property 'domElement' does not exist on type 'OrbitControls'.
examples/jsm/controls/OrbitControls.js(224,8): error TS2339: Property 'domElement' does not exist on type 'OrbitControls'.
examples/jsm/controls/OrbitControls.js(248,15): error TS2339: Property 'object' does not exist on type 'OrbitControls'.
examples/jsm/controls/OrbitControls.js(273,29): error TS2339: Property 'object' does not exist on type 'OrbitControls'.
examples/jsm/controls/OrbitControls.js(274,21): error TS2339: Property 'object' does not exist on type 'OrbitControls'.
examples/jsm/controls/OrbitControls.js(281,8): error TS2339: Property 'object' does not exist on type 'OrbitControls'.
examples/jsm/controls/OrbitControls.js(282,8): error TS2339: Property 'object' does not exist on type 'OrbitControls'.
examples/jsm/controls/OrbitControls.js(284,8): error TS2339: Property 'object' does not exist on type 'OrbitControls'.
examples/jsm/controls/OrbitControls.js(285,8): error TS2339: Property 'dispatchEvent' does not exist on type 'OrbitControls'.
examples/jsm/controls/OrbitControls.js(295,25): error TS2339: Property 'object' does not exist on type 'OrbitControls'.
examples/jsm/controls/OrbitControls.js(374,61): error TS2339: Property 'object' does not exist on type 'OrbitControls'.
examples/jsm/controls/OrbitControls.js(393,8): error TS2339: Property 'object' does not exist on type 'OrbitControls'.
examples/jsm/controls/OrbitControls.js(414,14): error TS2339: Property 'object' does not exist on type 'OrbitControls'.
examples/jsm/controls/OrbitControls.js(422,10): error TS2339: Property 'object' does not exist on type 'OrbitControls'.
examples/jsm/controls/OrbitControls.js(423,10): error TS2339: Property 'object' does not exist on type 'OrbitControls'.
examples/jsm/controls/OrbitControls.js(427,21): error TS2339: Property 'object' does not exist on type 'OrbitControls'.
examples/jsm/controls/OrbitControls.js(431,33): error TS2339: Property 'object' does not exist on type 'OrbitControls'.
examples/jsm/controls/OrbitControls.js(433,27): error TS2339: Property 'object' does not exist on type 'OrbitControls'.
examples/jsm/controls/OrbitControls.js(434,10): error TS2339: Property 'object' does not exist on type 'OrbitControls'.
examples/jsm/controls/OrbitControls.js(434,77): error TS2339: Property 'object' does not exist on type 'OrbitControls'.
examples/jsm/controls/OrbitControls.js(435,10): error TS2339: Property 'object' does not exist on type 'OrbitControls'.
examples/jsm/controls/OrbitControls.js(437,37): error TS2339: Property 'object' does not exist on type 'OrbitControls'.
examples/jsm/controls/OrbitControls.js(440,32): error TS2339: Property 'object' does not exist on type 'OrbitControls'.
examples/jsm/controls/OrbitControls.js(442,10): error TS2339: Property 'object' does not exist on type 'OrbitControls'.
examples/jsm/controls/OrbitControls.js(443,10): error TS2339: Property 'object' does not exist on type 'OrbitControls'.
examples/jsm/controls/OrbitControls.js(461,33): error TS2339: Property 'object' does not exist on type 'OrbitControls'.
examples/jsm/controls/OrbitControls.js(463,18): error TS2339: Property 'object' does not exist on type 'OrbitControls'.
examples/jsm/controls/OrbitControls.js(468,29): error TS2339: Property 'object' does not exist on type 'OrbitControls'.
examples/jsm/controls/OrbitControls.js(469,63): error TS2339: Property 'object' does not exist on type 'OrbitControls'.
examples/jsm/controls/OrbitControls.js(473,26): error TS2339: Property 'object' does not exist on type 'OrbitControls'.
examples/jsm/controls/OrbitControls.js(475,12): error TS2339: Property 'object' does not exist on type 'OrbitControls'.
examples/jsm/controls/OrbitControls.js(479,50): error TS2339: Property 'object' does not exist on type 'OrbitControls'.
examples/jsm/controls/OrbitControls.js(488,20): error TS2339: Property 'object' does not exist on type 'OrbitControls'.
examples/jsm/controls/OrbitControls.js(490,26): error TS2339: Property 'object' does not exist on type 'OrbitControls'.
examples/jsm/controls/OrbitControls.js(491,9): error TS2339: Property 'object' does not exist on type 'OrbitControls'.
examples/jsm/controls/OrbitControls.js(491,76): error TS2339: Property 'object' does not exist on type 'OrbitControls'.
examples/jsm/controls/OrbitControls.js(493,27): error TS2339: Property 'object' does not exist on type 'OrbitControls'.
examples/jsm/controls/OrbitControls.js(495,10): error TS2339: Property 'object' does not exist on type 'OrbitControls'.
examples/jsm/controls/OrbitControls.js(510,47): error TS2339: Property 'object' does not exist on type 'OrbitControls'.
examples/jsm/controls/OrbitControls.js(511,45): error TS2339: Property 'object' does not exist on type 'OrbitControls'.
examples/jsm/controls/OrbitControls.js(514,9): error TS2339: Property 'dispatchEvent' does not exist on type 'OrbitControls'.
examples/jsm/controls/OrbitControls.js(516,34): error TS2339: Property 'object' does not exist on type 'OrbitControls'.
examples/jsm/controls/OrbitControls.js(517,36): error TS2339: Property 'object' does not exist on type 'OrbitControls'.
examples/jsm/controls/OrbitControls.js(579,26): error TS2339: Property 'object' does not exist on type 'OrbitControls'.
examples/jsm/controls/OrbitControls.js(592,24): error TS2339: Property 'domElement' does not exist on type 'OrbitControls'.
examples/jsm/controls/OrbitControls.js(594,13): error TS2339: Property 'object' does not exist on type 'OrbitControls'.
examples/jsm/controls/OrbitControls.js(597,26): error TS2339: Property 'object' does not exist on type 'OrbitControls'.
examples/jsm/controls/OrbitControls.js(602,39): error TS2339: Property 'object' does not exist on type 'OrbitControls'.
examples/jsm/controls/OrbitControls.js(605,76): error TS2339: Property 'object' does not exist on type 'OrbitControls'.
examples/jsm/controls/OrbitControls.js(606,74): error TS2339: Property 'object' does not exist on type 'OrbitControls'.
examples/jsm/controls/OrbitControls.js(608,20): error TS2339: Property 'object' does not exist on type 'OrbitControls'.
examples/jsm/controls/OrbitControls.js(611,35): error TS2339: Property 'object' does not exist on type 'OrbitControls'.
examples/jsm/controls/OrbitControls.js(611,55): error TS2339: Property 'object' does not exist on type 'OrbitControls'.
examples/jsm/controls/OrbitControls.js(611,76): error TS2339: Property 'object' does not exist on type 'OrbitControls'.
examples/jsm/controls/OrbitControls.js(611,116): error TS2339: Property 'object' does not exist on type 'OrbitControls'.
examples/jsm/controls/OrbitControls.js(612,33): error TS2339: Property 'object' does not exist on type 'OrbitControls'.
examples/jsm/controls/OrbitControls.js(612,51): error TS2339: Property 'object' does not exist on type 'OrbitControls'.
examples/jsm/controls/OrbitControls.js(612,74): error TS2339: Property 'object' does not exist on type 'OrbitControls'.
examples/jsm/controls/OrbitControls.js(612,115): error TS2339: Property 'object' does not exist on type 'OrbitControls'.
examples/jsm/controls/OrbitControls.js(626,13): error TS2339: Property 'object' does not exist on type 'OrbitControls'.
examples/jsm/controls/OrbitControls.js(626,48): error TS2339: Property 'object' does not exist on type 'OrbitControls'.
examples/jsm/controls/OrbitControls.js(641,13): error TS2339: Property 'object' does not exist on type 'OrbitControls'.
examples/jsm/controls/OrbitControls.js(641,48): error TS2339: Property 'object' does not exist on type 'OrbitControls'.
examples/jsm/controls/OrbitControls.js(664,21): error TS2339: Property 'domElement' does not exist on type 'OrbitControls'.
examples/jsm/controls/OrbitControls.js(673,79): error TS2339: Property 'object' does not exist on type 'OrbitControls'.
examples/jsm/controls/OrbitControls.js(673,98): error TS2339: Property 'object' does not exist on type 'OrbitControls'.
examples/jsm/controls/OrbitControls.js(712,24): error TS2339: Property 'domElement' does not exist on type 'OrbitControls'.
examples/jsm/controls/OrbitControls.js(790,59): error TS2339: Property 'domElement' does not exist on type 'OrbitControls'.
examples/jsm/controls/OrbitControls.js(813,61): error TS2339: Property 'domElement' does not exist on type 'OrbitControls'.
examples/jsm/controls/OrbitControls.js(836,61): error TS2339: Property 'domElement' does not exist on type 'OrbitControls'.
examples/jsm/controls/OrbitControls.js(859,63): error TS2339: Property 'domElement' does not exist on type 'OrbitControls'.
examples/jsm/controls/OrbitControls.js(976,24): error TS2339: Property 'domElement' does not exist on type 'OrbitControls'.
examples/jsm/controls/OrbitControls.js(1061,10): error TS7053: Element implicitly has an 'any' type because expression of type 'any' can't be used to index type '{}'.
examples/jsm/controls/OrbitControls.js(1090,18): error TS7053: Element implicitly has an 'any' type because expression of type 'any' can't be used to index type '{}'.
examples/jsm/controls/OrbitControls.js(1095,4): error TS7053: Element implicitly has an 'any' type because expression of type 'any' can't be used to index type '{}'.
examples/jsm/controls/OrbitControls.js(1107,10): error TS7053: Element implicitly has an 'any' type because expression of type 'any' can't be used to index type '{}'.
examples/jsm/controls/OrbitControls.js(1151,7): error TS2683: 'this' implicitly has type 'any' because it does not have a type annotation.
examples/jsm/controls/OrbitControls.js(1153,7): error TS2683: 'this' implicitly has type 'any' because it does not have a type annotation.
examples/jsm/controls/OrbitControls.js(1155,3): error TS2683: 'this' implicitly has type 'any' because it does not have a type annotation.
examples/jsm/controls/OrbitControls.js(1157,3): error TS2683: 'this' implicitly has type 'any' because it does not have a type annotation.
examples/jsm/controls/OrbitControls.js(1157,52): error TS2683: 'this' implicitly has type 'any' because it does not have a type annotation.
examples/jsm/controls/OrbitControls.js(1158,3): error TS2683: 'this' implicitly has type 'any' because it does not have a type annotation.
examples/jsm/controls/OrbitControls.js(1158,50): error TS2683: 'this' implicitly has type 'any' because it does not have a type annotation.
examples/jsm/controls/OrbitControls.js(1164,7): error TS2683: 'this' implicitly has type 'any' because it does not have a type annotation.
examples/jsm/controls/OrbitControls.js(1168,2): error TS2683: 'this' implicitly has type 'any' because it does not have a type annotation.
examples/jsm/controls/OrbitControls.js(1172,3): error TS2683: 'this' implicitly has type 'any' because it does not have a type annotation.
examples/jsm/controls/OrbitControls.js(1176,3): error TS2683: 'this' implicitly has type 'any' because it does not have a type annotation.
examples/jsm/controls/OrbitControls.js(1184,7): error TS2683: 'this' implicitly has type 'any' because it does not have a type annotation.
examples/jsm/controls/OrbitControls.js(1188,3): error TS2683: 'this' implicitly has type 'any' because it does not have a type annotation.
examples/jsm/controls/OrbitControls.js(1192,3): error TS2683: 'this' implicitly has type 'any' because it does not have a type annotation.
examples/jsm/controls/OrbitControls.js(1200,7): error TS2339: Property '_removePointer' does not exist on type 'onPointerUp'.
examples/jsm/controls/OrbitControls.js(1202,16): error TS2339: Property '_pointers' does not exist on type 'onPointerUp'.
examples/jsm/controls/OrbitControls.js(1206,9): error TS2339: Property 'domElement' does not exist on type 'onPointerUp'.
examples/jsm/controls/OrbitControls.js(1208,9): error TS2339: Property 'domElement' does not exist on type 'onPointerUp'.
examples/jsm/controls/OrbitControls.js(1208,61): error TS2339: Property '_onPointerMove' does not exist on type 'onPointerUp'.
examples/jsm/controls/OrbitControls.js(1209,9): error TS2339: Property 'domElement' does not exist on type 'onPointerUp'.
examples/jsm/controls/OrbitControls.js(1209,59): error TS2339: Property '_onPointerUp' does not exist on type 'onPointerUp'.
examples/jsm/controls/OrbitControls.js(1211,9): error TS2339: Property 'dispatchEvent' does not exist on type 'onPointerUp'.
examples/jsm/controls/OrbitControls.js(1219,27): error TS2339: Property '_pointers' does not exist on type 'onPointerUp'.
examples/jsm/controls/OrbitControls.js(1220,26): error TS2339: Property '_pointerPositions' does not exist on type 'onPointerUp'.
examples/jsm/controls/OrbitControls.js(1223,9): error TS2339: Property '_onTouchStart' does not exist on type 'onPointerUp'.
examples/jsm/controls/OrbitControls.js(1239,23): error TS2339: Property 'mouseButtons' does not exist on type 'onMouseDown'.
examples/jsm/controls/OrbitControls.js(1244,23): error TS2339: Property 'mouseButtons' does not exist on type 'onMouseDown'.
examples/jsm/controls/OrbitControls.js(1249,23): error TS2339: Property 'mouseButtons' does not exist on type 'onMouseDown'.
examples/jsm/controls/OrbitControls.js(1262,14): error TS2339: Property 'enableZoom' does not exist on type 'onMouseDown'.
examples/jsm/controls/OrbitControls.js(1264,9): error TS2339: Property '_handleMouseDownDolly' does not exist on type 'onMouseDown'.
examples/jsm/controls/OrbitControls.js(1274,15): error TS2339: Property 'enablePan' does not exist on type 'onMouseDown'.
examples/jsm/controls/OrbitControls.js(1276,10): error TS2339: Property '_handleMouseDownPan' does not exist on type 'onMouseDown'.
examples/jsm/controls/OrbitControls.js(1282,15): error TS2339: Property 'enableRotate' does not exist on type 'onMouseDown'.
examples/jsm/controls/OrbitControls.js(1284,10): error TS2339: Property '_handleMouseDownRotate' does not exist on type 'onMouseDown'.
examples/jsm/controls/OrbitControls.js(1296,15): error TS2339: Property 'enableRotate' does not exist on type 'onMouseDown'.
examples/jsm/controls/OrbitControls.js(1298,10): error TS2339: Property '_handleMouseDownRotate' does not exist on type 'onMouseDown'.
examples/jsm/controls/OrbitControls.js(1304,15): error TS2339: Property 'enablePan' does not exist on type 'onMouseDown'.
examples/jsm/controls/OrbitControls.js(1306,10): error TS2339: Property '_handleMouseDownPan' does not exist on type 'onMouseDown'.
examples/jsm/controls/OrbitControls.js(1322,8): error TS2339: Property 'dispatchEvent' does not exist on type 'onMouseDown'.
examples/jsm/controls/OrbitControls.js(1330,11): error TS2683: 'this' implicitly has type 'any' because it does not have a type annotation.
examples/jsm/controls/OrbitControls.js(1334,9): error TS2683: 'this' implicitly has type 'any' because it does not have a type annotation.
examples/jsm/controls/OrbitControls.js(1336,4): error TS2683: 'this' implicitly has type 'any' because it does not have a type annotation.
examples/jsm/controls/OrbitControls.js(1342,9): error TS2683: 'this' implicitly has type 'any' because it does not have a type annotation.
examples/jsm/controls/OrbitControls.js(1344,4): error TS2683: 'this' implicitly has type 'any' because it does not have a type annotation.
examples/jsm/controls/OrbitControls.js(1350,9): error TS2683: 'this' implicitly has type 'any' because it does not have a type annotation.
examples/jsm/controls/OrbitControls.js(1352,4): error TS2683: 'this' implicitly has type 'any' because it does not have a type annotation.
examples/jsm/controls/OrbitControls.js(1362,7): error TS2683: 'this' implicitly has type 'any' because it does not have a type annotation.
examples/jsm/controls/OrbitControls.js(1362,33): error TS2683: 'this' implicitly has type 'any' because it does not have a type annotation.
examples/jsm/controls/OrbitControls.js(1362,62): error TS2683: 'this' implicitly has type 'any' because it does not have a type annotation.
examples/jsm/controls/OrbitControls.js(1366,2): error TS2683: 'this' implicitly has type 'any' because it does not have a type annotation.
examples/jsm/controls/OrbitControls.js(1368,2): error TS2683: 'this' implicitly has type 'any' because it does not have a type annotation.
examples/jsm/controls/OrbitControls.js(1368,26): error TS2683: 'this' implicitly has type 'any' because it does not have a type annotation.
examples/jsm/controls/OrbitControls.js(1370,2): error TS2683: 'this' implicitly has type 'any' because it does not have a type annotation.
examples/jsm/controls/OrbitControls.js(1376,7): error TS2683: 'this' implicitly has type 'any' because it does not have a type annotation.
examples/jsm/controls/OrbitControls.js(1378,2): error TS2683: 'this' implicitly has type 'any' because it does not have a type annotation.
examples/jsm/controls/OrbitControls.js(1384,7): error TS2339: Property '_trackPointer' does not exist on type 'onTouchStart'.
examples/jsm/controls/OrbitControls.js(1386,16): error TS2339: Property '_pointers' does not exist on type 'onTouchStart'.
examples/jsm/controls/OrbitControls.js(1390,18): error TS2339: Property 'touches' does not exist on type 'onTouchStart'.
examples/jsm/controls/OrbitControls.js(1394,16): error TS2339: Property 'enableRotate' does not exist on type 'onTouchStart'.
examples/jsm/controls/OrbitControls.js(1396,11): error TS2339: Property '_handleTouchStartRotate' does not exist on type 'onTouchStart'.
examples/jsm/controls/OrbitControls.js(1404,16): error TS2339: Property 'enablePan' does not exist on type 'onTouchStart'.
examples/jsm/controls/OrbitControls.js(1406,11): error TS2339: Property '_handleTouchStartPan' does not exist on type 'onTouchStart'.
examples/jsm/controls/OrbitControls.js(1422,18): error TS2339: Property 'touches' does not exist on type 'onTouchStart'.
examples/jsm/controls/OrbitControls.js(1426,16): error TS2339: Property 'enableZoom' does not exist on type 'onTouchStart'.
examples/jsm/controls/OrbitControls.js(1426,45): error TS2339: Property 'enablePan' does not exist on type 'onTouchStart'.
examples/jsm/controls/OrbitControls.js(1428,11): error TS2339: Property '_handleTouchStartDollyPan' does not exist on type 'onTouchStart'.
examples/jsm/controls/OrbitControls.js(1436,16): error TS2339: Property 'enableZoom' does not exist on type 'onTouchStart'.
examples/jsm/controls/OrbitControls.js(1436,45): error TS2339: Property 'enableRotate' does not exist on type 'onTouchStart'.
examples/jsm/controls/OrbitControls.js(1438,11): error TS2339: Property '_handleTouchStartDollyRotate' does not exist on type 'onTouchStart'.
examples/jsm/controls/OrbitControls.js(1460,8): error TS2339: Property 'dispatchEvent' does not exist on type 'onTouchStart'.
examples/jsm/controls/OrbitControls.js(1468,7): error TS2339: Property '_trackPointer' does not exist on type 'onTouchMove'.
examples/jsm/controls/OrbitControls.js(1472,8): error TS2678: Type 'number' is not comparable to type 'undefined'.
examples/jsm/controls/OrbitControls.js(1474,14): error TS2339: Property 'enableRotate' does not exist on type 'onTouchMove'.
examples/jsm/controls/OrbitControls.js(1476,9): error TS2339: Property '_handleTouchMoveRotate' does not exist on type 'onTouchMove'.
examples/jsm/controls/OrbitControls.js(1478,9): error TS2339: Property 'update' does not exist on type 'onTouchMove'.
examples/jsm/controls/OrbitControls.js(1482,8): error TS2678: Type 'number' is not comparable to type 'undefined'.
examples/jsm/controls/OrbitControls.js(1484,14): error TS2339: Property 'enablePan' does not exist on type 'onTouchMove'.
examples/jsm/controls/OrbitControls.js(1486,9): error TS2339: Property '_handleTouchMovePan' does not exist on type 'onTouchMove'.
examples/jsm/controls/OrbitControls.js(1488,9): error TS2339: Property 'update' does not exist on type 'onTouchMove'.
examples/jsm/controls/OrbitControls.js(1492,8): error TS2678: Type 'number' is not comparable to type 'undefined'.
examples/jsm/controls/OrbitControls.js(1494,14): error TS2339: Property 'enableZoom' does not exist on type 'onTouchMove'.
examples/jsm/controls/OrbitControls.js(1494,43): error TS2339: Property 'enablePan' does not exist on type 'onTouchMove'.
examples/jsm/controls/OrbitControls.js(1496,9): error TS2339: Property '_handleTouchMoveDollyPan' does not exist on type 'onTouchMove'.
examples/jsm/controls/OrbitControls.js(1498,9): error TS2339: Property 'update' does not exist on type 'onTouchMove'.
examples/jsm/controls/OrbitControls.js(1502,8): error TS2678: Type 'number' is not comparable to type 'undefined'.
examples/jsm/controls/OrbitControls.js(1504,14): error TS2339: Property 'enableZoom' does not exist on type 'onTouchMove'.
examples/jsm/controls/OrbitControls.js(1504,43): error TS2339: Property 'enableRotate' does not exist on type 'onTouchMove'.
examples/jsm/controls/OrbitControls.js(1506,9): error TS2339: Property '_handleTouchMoveDollyRotate' does not exist on type 'onTouchMove'.
examples/jsm/controls/OrbitControls.js(1508,9): error TS2339: Property 'update' does not exist on type 'onTouchMove'.
examples/jsm/controls/OrbitControls.js(1522,7): error TS2683: 'this' implicitly has type 'any' because it does not have a type annotation.
examples/jsm/controls/OrbitControls.js(1534,25): error TS2339: Property 'domElement' does not exist on type 'interceptControlDown'.
examples/jsm/controls/OrbitControls.js(1536,44): error TS2339: Property '_interceptControlUp' does not exist on type 'interceptControlDown'.
examples/jsm/controls/OrbitControls.js(1548,25): error TS2339: Property 'domElement' does not exist on type 'interceptControlUp'.
examples/jsm/controls/OrbitControls.js(1550,47): error TS2339: Property '_interceptControlUp' does not exist on type 'interceptControlUp'.
examples/jsm/controls/PointerLockControls.js(5,8): error TS2307: Cannot find module 'three' or its corresponding type declarations.
examples/jsm/controls/PointerLockControls.js(37,13): error TS2339: Property 'domElement' does not exist on type 'PointerLockControls'.
examples/jsm/controls/PointerLockControls.js(47,8): error TS2339: Property 'domElement' does not exist on type 'PointerLockControls'.
examples/jsm/controls/PointerLockControls.js(48,8): error TS2339: Property 'domElement' does not exist on type 'PointerLockControls'.
examples/jsm/controls/PointerLockControls.js(49,8): error TS2339: Property 'domElement' does not exist on type 'PointerLockControls'.
examples/jsm/controls/PointerLockControls.js(55,8): error TS2339: Property 'domElement' does not exist on type 'PointerLockControls'.
examples/jsm/controls/PointerLockControls.js(56,8): error TS2339: Property 'domElement' does not exist on type 'PointerLockControls'.
examples/jsm/controls/PointerLockControls.js(57,8): error TS2339: Property 'domElement' does not exist on type 'PointerLockControls'.
examples/jsm/controls/PointerLockControls.js(71,15): error TS2339: Property 'object' does not exist on type 'PointerLockControls'.
examples/jsm/controls/PointerLockControls.js(77,51): error TS2339: Property 'object' does not exist on type 'PointerLockControls'.
examples/jsm/controls/PointerLockControls.js(83,13): error TS2339: Property 'enabled' does not exist on type 'PointerLockControls'.
examples/jsm/controls/PointerLockControls.js(88,23): error TS2339: Property 'object' does not exist on type 'PointerLockControls'.
examples/jsm/controls/PointerLockControls.js(100,13): error TS2339: Property 'enabled' does not exist on type 'PointerLockControls'.
examples/jsm/controls/PointerLockControls.js(102,23): error TS2339: Property 'object' does not exist on type 'PointerLockControls'.
examples/jsm/controls/PointerLockControls.js(112,8): error TS2339: Property 'domElement' does not exist on type 'PointerLockControls'.
examples/jsm/controls/PointerLockControls.js(118,8): error TS2339: Property 'domElement' does not exist on type 'PointerLockControls'.
examples/jsm/controls/PointerLockControls.js(128,7): error TS2683: 'this' implicitly has type 'any' because it does not have a type annotation.
examples/jsm/controls/PointerLockControls.js(128,33): error TS2683: 'this' implicitly has type 'any' because it does not have a type annotation.
examples/jsm/controls/PointerLockControls.js(130,17): error TS2683: 'this' implicitly has type 'any' because it does not have a type annotation.
examples/jsm/controls/PointerLockControls.js(133,40): error TS2683: 'this' implicitly has type 'any' because it does not have a type annotation.
examples/jsm/controls/PointerLockControls.js(134,40): error TS2683: 'this' implicitly has type 'any' because it does not have a type annotation.
examples/jsm/controls/PointerLockControls.js(136,31): error TS2683: 'this' implicitly has type 'any' because it does not have a type annotation.
examples/jsm/controls/PointerLockControls.js(136,69): error TS2683: 'this' implicitly has type 'any' because it does not have a type annotation.
examples/jsm/controls/PointerLockControls.js(140,2): error TS2683: 'this' implicitly has type 'any' because it does not have a type annotation.
examples/jsm/controls/PointerLockControls.js(146,12): error TS2339: Property 'domElement' does not exist on type 'onPointerlockChange'.
examples/jsm/controls/PointerLockControls.js(146,65): error TS2339: Property 'domElement' does not exist on type 'onPointerlockChange'.
examples/jsm/controls/PointerLockControls.js(148,8): error TS2339: Property 'dispatchEvent' does not exist on type 'onPointerlockChange'.
examples/jsm/controls/PointerLockControls.js(154,8): error TS2339: Property 'dispatchEvent' does not exist on type 'onPointerlockChange'.
examples/jsm/controls/TrackballControls.js(8,8): error TS2307: Cannot find module 'three' or its corresponding type declarations.
examples/jsm/controls/TrackballControls.js(86,3): error TS7008: Member '_pointers' implicitly has an 'any[]' type.
examples/jsm/controls/TrackballControls.js(111,26): error TS2339: Property 'object' does not exist on type 'TrackballControls'.
examples/jsm/controls/TrackballControls.js(112,20): error TS2339: Property 'object' does not exist on type 'TrackballControls'.
examples/jsm/controls/TrackballControls.js(113,22): error TS2339: Property 'object' does not exist on type 'TrackballControls'.
examples/jsm/controls/TrackballControls.js(133,8): error TS2339: Property 'domElement' does not exist on type 'TrackballControls'.
examples/jsm/controls/TrackballControls.js(134,8): error TS2339: Property 'domElement' does not exist on type 'TrackballControls'.
examples/jsm/controls/TrackballControls.js(135,8): error TS2339: Property 'domElement' does not exist on type 'TrackballControls'.
examples/jsm/controls/TrackballControls.js(136,8): error TS2339: Property 'domElement' does not exist on type 'TrackballControls'.
examples/jsm/controls/TrackballControls.js(138,8): error TS2339: Property 'domElement' does not exist on type 'TrackballControls'.
examples/jsm/controls/TrackballControls.js(147,8): error TS2339: Property 'domElement' does not exist on type 'TrackballControls'.
examples/jsm/controls/TrackballControls.js(148,8): error TS2339: Property 'domElement' does not exist on type 'TrackballControls'.
examples/jsm/controls/TrackballControls.js(149,8): error TS2339: Property 'domElement' does not exist on type 'TrackballControls'.
examples/jsm/controls/TrackballControls.js(150,8): error TS2339: Property 'domElement' does not exist on type 'TrackballControls'.
examples/jsm/controls/TrackballControls.js(151,8): error TS2339: Property 'domElement' does not exist on type 'TrackballControls'.
examples/jsm/controls/TrackballControls.js(152,8): error TS2339: Property 'domElement' does not exist on type 'TrackballControls'.
examples/jsm/controls/TrackballControls.js(154,8): error TS2339: Property 'domElement' does not exist on type 'TrackballControls'.
examples/jsm/controls/TrackballControls.js(166,20): error TS2339: Property 'domElement' does not exist on type 'TrackballControls'.
examples/jsm/controls/TrackballControls.js(168,18): error TS2339: Property 'domElement' does not exist on type 'TrackballControls'.
examples/jsm/controls/TrackballControls.js(179,30): error TS2339: Property 'object' does not exist on type 'TrackballControls'.
examples/jsm/controls/TrackballControls.js(199,8): error TS2339: Property 'object' does not exist on type 'TrackballControls'.
examples/jsm/controls/TrackballControls.js(201,13): error TS2339: Property 'object' does not exist on type 'TrackballControls'.
examples/jsm/controls/TrackballControls.js(205,9): error TS2339: Property 'object' does not exist on type 'TrackballControls'.
examples/jsm/controls/TrackballControls.js(207,52): error TS2339: Property 'object' does not exist on type 'TrackballControls'.
examples/jsm/controls/TrackballControls.js(209,10): error TS2339: Property 'dispatchEvent' does not exist on type 'TrackballControls'.
examples/jsm/controls/TrackballControls.js(211,35): error TS2339: Property 'object' does not exist on type 'TrackballControls'.
examples/jsm/controls/TrackballControls.js(215,20): error TS2339: Property 'object' does not exist on type 'TrackballControls'.
examples/jsm/controls/TrackballControls.js(217,9): error TS2339: Property 'object' does not exist on type 'TrackballControls'.
examples/jsm/controls/TrackballControls.js(219,52): error TS2339: Property 'object' does not exist on type 'TrackballControls'.
examples/jsm/controls/TrackballControls.js(219,104): error TS2339: Property 'object' does not exist on type 'TrackballControls'.
examples/jsm/controls/TrackballControls.js(221,10): error TS2339: Property 'dispatchEvent' does not exist on type 'TrackballControls'.
examples/jsm/controls/TrackballControls.js(223,35): error TS2339: Property 'object' does not exist on type 'TrackballControls'.
examples/jsm/controls/TrackballControls.js(224,27): error TS2339: Property 'object' does not exist on type 'TrackballControls'.
examples/jsm/controls/TrackballControls.js(242,8): error TS2339: Property 'object' does not exist on type 'TrackballControls'.
examples/jsm/controls/TrackballControls.js(243,8): error TS2339: Property 'object' does not exist on type 'TrackballControls'.
examples/jsm/controls/TrackballControls.js(244,8): error TS2339: Property 'object' does not exist on type 'TrackballControls'.
examples/jsm/controls/TrackballControls.js(246,8): error TS2339: Property 'object' does not exist on type 'TrackballControls'.
examples/jsm/controls/TrackballControls.js(248,30): error TS2339: Property 'object' does not exist on type 'TrackballControls'.
examples/jsm/controls/TrackballControls.js(250,8): error TS2339: Property 'object' does not exist on type 'TrackballControls'.
examples/jsm/controls/TrackballControls.js(252,8): error TS2339: Property 'dispatchEvent' does not exist on type 'TrackballControls'.
examples/jsm/controls/TrackballControls.js(254,33): error TS2339: Property 'object' does not exist on type 'TrackballControls'.
examples/jsm/controls/TrackballControls.js(255,25): error TS2339: Property 'object' does not exist on type 'TrackballControls'.
examples/jsm/controls/TrackballControls.js(265,14): error TS2339: Property 'object' does not exist on type 'TrackballControls'.
examples/jsm/controls/TrackballControls.js(267,28): error TS2339: Property 'object' does not exist on type 'TrackballControls'.
examples/jsm/controls/TrackballControls.js(267,48): error TS2339: Property 'object' does not exist on type 'TrackballControls'.
examples/jsm/controls/TrackballControls.js(267,69): error TS2339: Property 'object' does not exist on type 'TrackballControls'.
examples/jsm/controls/TrackballControls.js(267,88): error TS2339: Property 'domElement' does not exist on type 'TrackballControls'.
examples/jsm/controls/TrackballControls.js(268,28): error TS2339: Property 'object' does not exist on type 'TrackballControls'.
examples/jsm/controls/TrackballControls.js(268,46): error TS2339: Property 'object' does not exist on type 'TrackballControls'.
examples/jsm/controls/TrackballControls.js(268,69): error TS2339: Property 'object' does not exist on type 'TrackballControls'.
examples/jsm/controls/TrackballControls.js(268,88): error TS2339: Property 'domElement' does not exist on type 'TrackballControls'.
examples/jsm/controls/TrackballControls.js(277,39): error TS2339: Property 'object' does not exist on type 'TrackballControls'.
examples/jsm/controls/TrackballControls.js(278,35): error TS2339: Property 'object' does not exist on type 'TrackballControls'.
examples/jsm/controls/TrackballControls.js(280,9): error TS2339: Property 'object' does not exist on type 'TrackballControls'.
examples/jsm/controls/TrackballControls.js(304,25): error TS2339: Property 'object' does not exist on type 'TrackballControls'.
examples/jsm/controls/TrackballControls.js(307,34): error TS2339: Property 'object' does not exist on type 'TrackballControls'.
examples/jsm/controls/TrackballControls.js(321,9): error TS2339: Property 'object' does not exist on type 'TrackballControls'.
examples/jsm/controls/TrackballControls.js(329,25): error TS2339: Property 'object' does not exist on type 'TrackballControls'.
examples/jsm/controls/TrackballControls.js(332,9): error TS2339: Property 'object' does not exist on type 'TrackballControls'.
examples/jsm/controls/TrackballControls.js(349,14): error TS2339: Property 'object' does not exist on type 'TrackballControls'.
examples/jsm/controls/TrackballControls.js(353,21): error TS2339: Property 'object' does not exist on type 'TrackballControls'.
examples/jsm/controls/TrackballControls.js(355,10): error TS2339: Property 'object' does not exist on type 'TrackballControls'.
examples/jsm/controls/TrackballControls.js(355,46): error TS2339: Property 'object' does not exist on type 'TrackballControls'.
examples/jsm/controls/TrackballControls.js(357,34): error TS2339: Property 'object' does not exist on type 'TrackballControls'.
examples/jsm/controls/TrackballControls.js(359,11): error TS2339: Property 'object' does not exist on type 'TrackballControls'.
examples/jsm/controls/TrackballControls.js(375,15): error TS2339: Property 'object' does not exist on type 'TrackballControls'.
examples/jsm/controls/TrackballControls.js(379,22): error TS2339: Property 'object' does not exist on type 'TrackballControls'.
examples/jsm/controls/TrackballControls.js(381,11): error TS2339: Property 'object' does not exist on type 'TrackballControls'.
examples/jsm/controls/TrackballControls.js(381,47): error TS2339: Property 'object' does not exist on type 'TrackballControls'.
examples/jsm/controls/TrackballControls.js(383,35): error TS2339: Property 'object' does not exist on type 'TrackballControls'.
examples/jsm/controls/TrackballControls.js(385,12): error TS2339: Property 'object' does not exist on type 'TrackballControls'.
examples/jsm/controls/TrackballControls.js(441,10): error TS7053: Element implicitly has an 'any' type because expression of type 'any' can't be used to index type '{}'.
examples/jsm/controls/TrackballControls.js(458,18): error TS7053: Element implicitly has an 'any' type because expression of type 'any' can't be used to index type '{}'.
examples/jsm/controls/TrackballControls.js(463,4): error TS7053: Element implicitly has an 'any' type because expression of type 'any' can't be used to index type '{}'.
examples/jsm/controls/TrackballControls.js(475,10): error TS7053: Element implicitly has an 'any' type because expression of type 'any' can't be used to index type '{}'.
examples/jsm/controls/TrackballControls.js(485,10): error TS2339: Property 'object' does not exist on type 'TrackballControls'.
examples/jsm/controls/TrackballControls.js(492,10): error TS2339: Property 'object' does not exist on type 'TrackballControls'.
examples/jsm/controls/TrackballControls.js(505,7): error TS2683: 'this' implicitly has type 'any' because it does not have a type annotation.
examples/jsm/controls/TrackballControls.js(507,7): error TS2683: 'this' implicitly has type 'any' because it does not have a type annotation.
examples/jsm/controls/TrackballControls.js(509,3): error TS2683: 'this' implicitly has type 'any' because it does not have a type annotation.
examples/jsm/controls/TrackballControls.js(511,3): error TS2683: 'this' implicitly has type 'any' because it does not have a type annotation.
examples/jsm/controls/TrackballControls.js(511,52): error TS2683: 'this' implicitly has type 'any' because it does not have a type annotation.
examples/jsm/controls/TrackballControls.js(512,3): error TS2683: 'this' implicitly has type 'any' because it does not have a type annotation.
examples/jsm/controls/TrackballControls.js(512,50): error TS2683: 'this' implicitly has type 'any' because it does not have a type annotation.
examples/jsm/controls/TrackballControls.js(518,2): error TS2683: 'this' implicitly has type 'any' because it does not have a type annotation.
examples/jsm/controls/TrackballControls.js(522,3): error TS2683: 'this' implicitly has type 'any' because it does not have a type annotation.
examples/jsm/controls/TrackballControls.js(526,3): error TS2683: 'this' implicitly has type 'any' because it does not have a type annotation.
examples/jsm/controls/TrackballControls.js(534,7): error TS2683: 'this' implicitly has type 'any' because it does not have a type annotation.
examples/jsm/controls/TrackballControls.js(538,3): error TS2683: 'this' implicitly has type 'any' because it does not have a type annotation.
examples/jsm/controls/TrackballControls.js(542,3): error TS2683: 'this' implicitly has type 'any' because it does not have a type annotation.
examples/jsm/controls/TrackballControls.js(550,7): error TS2683: 'this' implicitly has type 'any' because it does not have a type annotation.
examples/jsm/controls/TrackballControls.js(554,3): error TS2683: 'this' implicitly has type 'any' because it does not have a type annotation.
examples/jsm/controls/TrackballControls.js(558,3): error TS2683: 'this' implicitly has type 'any' because it does not have a type annotation.
examples/jsm/controls/TrackballControls.js(564,2): error TS2683: 'this' implicitly has type 'any' because it does not have a type annotation.
examples/jsm/controls/TrackballControls.js(566,7): error TS2683: 'this' implicitly has type 'any' because it does not have a type annotation.
examples/jsm/controls/TrackballControls.js(568,3): error TS2683: 'this' implicitly has type 'any' because it does not have a type annotation.
examples/jsm/controls/TrackballControls.js(570,3): error TS2683: 'this' implicitly has type 'any' because it does not have a type annotation.
examples/jsm/controls/TrackballControls.js(570,55): error TS2683: 'this' implicitly has type 'any' because it does not have a type annotation.
examples/jsm/controls/TrackballControls.js(571,3): error TS2683: 'this' implicitly has type 'any' because it does not have a type annotation.
examples/jsm/controls/TrackballControls.js(571,53): error TS2683: 'this' implicitly has type 'any' because it does not have a type annotation.
examples/jsm/controls/TrackballControls.js(579,2): error TS2683: 'this' implicitly has type 'any' because it does not have a type annotation.
examples/jsm/controls/TrackballControls.js(585,12): error TS2339: Property 'enabled' does not exist on type 'onKeyUp'.
examples/jsm/controls/TrackballControls.js(589,43): error TS2339: Property '_onKeyDown' does not exist on type 'onKeyUp'.
examples/jsm/controls/TrackballControls.js(595,12): error TS2339: Property 'enabled' does not exist on type 'onKeyDown'.
examples/jsm/controls/TrackballControls.js(597,46): error TS2339: Property '_onKeyDown' does not exist on type 'onKeyDown'.
examples/jsm/controls/TrackballControls.js(603,34): error TS2339: Property 'keys' does not exist on type 'onKeyDown'.
examples/jsm/controls/TrackballControls.js(603,66): error TS2339: Property 'noRotate' does not exist on type 'onKeyDown'.
examples/jsm/controls/TrackballControls.js(607,34): error TS2339: Property 'keys' does not exist on type 'onKeyDown'.
examples/jsm/controls/TrackballControls.js(607,64): error TS2339: Property 'noZoom' does not exist on type 'onKeyDown'.
examples/jsm/controls/TrackballControls.js(611,34): error TS2339: Property 'keys' does not exist on type 'onKeyDown'.
examples/jsm/controls/TrackballControls.js(611,63): error TS2339: Property 'noPan' does not exist on type 'onKeyDown'.
examples/jsm/controls/TrackballControls.js(626,23): error TS2339: Property 'mouseButtons' does not exist on type 'onMouseDown'.
examples/jsm/controls/TrackballControls.js(630,23): error TS2339: Property 'mouseButtons' does not exist on type 'onMouseDown'.
examples/jsm/controls/TrackballControls.js(634,23): error TS2339: Property 'mouseButtons' does not exist on type 'onMouseDown'.
examples/jsm/controls/TrackballControls.js(661,23): error TS2339: Property 'keyState' does not exist on type 'onMouseDown'.
examples/jsm/controls/TrackballControls.js(661,57): error TS2339: Property 'keyState' does not exist on type 'onMouseDown'.
examples/jsm/controls/TrackballControls.js(663,41): error TS2339: Property 'noRotate' does not exist on type 'onMouseDown'.
examples/jsm/controls/TrackballControls.js(665,8): error TS2339: Property '_moveCurr' does not exist on type 'onMouseDown'.
examples/jsm/controls/TrackballControls.js(665,29): error TS2339: Property '_getMouseOnCircle' does not exist on type 'onMouseDown'.
examples/jsm/controls/TrackballControls.js(666,8): error TS2339: Property '_movePrev' does not exist on type 'onMouseDown'.
examples/jsm/controls/TrackballControls.js(666,29): error TS2339: Property '_moveCurr' does not exist on type 'onMouseDown'.
examples/jsm/controls/TrackballControls.js(668,46): error TS2339: Property 'noZoom' does not exist on type 'onMouseDown'.
examples/jsm/controls/TrackballControls.js(670,8): error TS2339: Property '_zoomStart' does not exist on type 'onMouseDown'.
examples/jsm/controls/TrackballControls.js(670,30): error TS2339: Property '_getMouseOnScreen' does not exist on type 'onMouseDown'.
examples/jsm/controls/TrackballControls.js(671,8): error TS2339: Property '_zoomEnd' does not exist on type 'onMouseDown'.
examples/jsm/controls/TrackballControls.js(671,28): error TS2339: Property '_zoomStart' does not exist on type 'onMouseDown'.
examples/jsm/controls/TrackballControls.js(673,45): error TS2339: Property 'noPan' does not exist on type 'onMouseDown'.
examples/jsm/controls/TrackballControls.js(675,8): error TS2339: Property '_panStart' does not exist on type 'onMouseDown'.
examples/jsm/controls/TrackballControls.js(675,29): error TS2339: Property '_getMouseOnScreen' does not exist on type 'onMouseDown'.
examples/jsm/controls/TrackballControls.js(676,8): error TS2339: Property '_panEnd' does not exist on type 'onMouseDown'.
examples/jsm/controls/TrackballControls.js(676,27): error TS2339: Property '_panStart' does not exist on type 'onMouseDown'.
examples/jsm/controls/TrackballControls.js(680,7): error TS2339: Property 'dispatchEvent' does not exist on type 'onMouseDown'.
examples/jsm/controls/TrackballControls.js(686,18): error TS2683: 'this' implicitly has type 'any' because it does not have a type annotation.
examples/jsm/controls/TrackballControls.js(686,52): error TS2683: 'this' implicitly has type 'any' because it does not have a type annotation.
examples/jsm/controls/TrackballControls.js(686,68): error TS2683: 'this' implicitly has type 'any' because it does not have a type annotation.
examples/jsm/controls/TrackballControls.js(688,36): error TS2683: 'this' implicitly has type 'any' because it does not have a type annotation.
examples/jsm/controls/TrackballControls.js(690,3): error TS2683: 'this' implicitly has type 'any' because it does not have a type annotation.
examples/jsm/controls/TrackballControls.js(690,24): error TS2683: 'this' implicitly has type 'any' because it does not have a type annotation.
examples/jsm/controls/TrackballControls.js(691,3): error TS2683: 'this' implicitly has type 'any' because it does not have a type annotation.
examples/jsm/controls/TrackballControls.js(691,24): error TS2683: 'this' implicitly has type 'any' because it does not have a type annotation.
examples/jsm/controls/TrackballControls.js(693,41): error TS2683: 'this' implicitly has type 'any' because it does not have a type annotation.
examples/jsm/controls/TrackballControls.js(695,3): error TS2683: 'this' implicitly has type 'any' because it does not have a type annotation.
examples/jsm/controls/TrackballControls.js(695,23): error TS2683: 'this' implicitly has type 'any' because it does not have a type annotation.
examples/jsm/controls/TrackballControls.js(697,40): error TS2683: 'this' implicitly has type 'any' because it does not have a type annotation.
examples/jsm/controls/TrackballControls.js(699,3): error TS2683: 'this' implicitly has type 'any' because it does not have a type annotation.
examples/jsm/controls/TrackballControls.js(699,22): error TS2683: 'this' implicitly has type 'any' because it does not have a type annotation.
examples/jsm/controls/TrackballControls.js(709,7): error TS2339: Property 'dispatchEvent' does not exist on type 'onMouseUp'.
examples/jsm/controls/TrackballControls.js(715,7): error TS2683: 'this' implicitly has type 'any' because it does not have a type annotation.
examples/jsm/controls/TrackballControls.js(717,7): error TS2683: 'this' implicitly has type 'any' because it does not have a type annotation.
examples/jsm/controls/TrackballControls.js(725,4): error TS2683: 'this' implicitly has type 'any' because it does not have a type annotation.
examples/jsm/controls/TrackballControls.js(730,4): error TS2683: 'this' implicitly has type 'any' because it does not have a type annotation.
examples/jsm/controls/TrackballControls.js(735,4): error TS2683: 'this' implicitly has type 'any' because it does not have a type annotation.
examples/jsm/controls/TrackballControls.js(740,2): error TS2683: 'this' implicitly has type 'any' because it does not have a type annotation.
examples/jsm/controls/TrackballControls.js(741,2): error TS2683: 'this' implicitly has type 'any' because it does not have a type annotation.
examples/jsm/controls/TrackballControls.js(747,7): error TS2683: 'this' implicitly has type 'any' because it does not have a type annotation.
examples/jsm/controls/TrackballControls.js(755,7): error TS2339: Property '_trackPointer' does not exist on type 'onTouchStart'.
examples/jsm/controls/TrackballControls.js(757,16): error TS2339: Property '_pointers' does not exist on type 'onTouchStart'.
examples/jsm/controls/TrackballControls.js(761,9): error TS2339: Property '_moveCurr' does not exist on type 'onTouchStart'.
examples/jsm/controls/TrackballControls.js(761,30): error TS2339: Property '_getMouseOnCircle' does not exist on type 'onTouchStart'.
examples/jsm/controls/TrackballControls.js(761,54): error TS2339: Property '_pointers' does not exist on type 'onTouchStart'.
examples/jsm/controls/TrackballControls.js(761,81): error TS2339: Property '_pointers' does not exist on type 'onTouchStart'.
examples/jsm/controls/TrackballControls.js(762,9): error TS2339: Property '_movePrev' does not exist on type 'onTouchStart'.
examples/jsm/controls/TrackballControls.js(762,30): error TS2339: Property '_moveCurr' does not exist on type 'onTouchStart'.
examples/jsm/controls/TrackballControls.js(767,20): error TS2339: Property '_pointers' does not exist on type 'onTouchStart'.
examples/jsm/controls/TrackballControls.js(767,48): error TS2339: Property '_pointers' does not exist on type 'onTouchStart'.
examples/jsm/controls/TrackballControls.js(768,20): error TS2339: Property '_pointers' does not exist on type 'onTouchStart'.
examples/jsm/controls/TrackballControls.js(768,48): error TS2339: Property '_pointers' does not exist on type 'onTouchStart'.
examples/jsm/controls/TrackballControls.js(771,21): error TS2339: Property '_pointers' does not exist on type 'onTouchStart'.
examples/jsm/controls/TrackballControls.js(771,49): error TS2339: Property '_pointers' does not exist on type 'onTouchStart'.
examples/jsm/controls/TrackballControls.js(772,21): error TS2339: Property '_pointers' does not exist on type 'onTouchStart'.
examples/jsm/controls/TrackballControls.js(772,49): error TS2339: Property '_pointers' does not exist on type 'onTouchStart'.
examples/jsm/controls/TrackballControls.js(773,9): error TS2339: Property '_panStart' does not exist on type 'onTouchStart'.
examples/jsm/controls/TrackballControls.js(773,30): error TS2339: Property '_getMouseOnScreen' does not exist on type 'onTouchStart'.
examples/jsm/controls/TrackballControls.js(774,9): error TS2339: Property '_panEnd' does not exist on type 'onTouchStart'.
examples/jsm/controls/TrackballControls.js(774,28): error TS2339: Property '_panStart' does not exist on type 'onTouchStart'.
examples/jsm/controls/TrackballControls.js(779,7): error TS2339: Property 'dispatchEvent' does not exist on type 'onTouchStart'.
examples/jsm/controls/TrackballControls.js(785,7): error TS2339: Property '_trackPointer' does not exist on type 'onTouchMove'.
examples/jsm/controls/TrackballControls.js(787,16): error TS2339: Property '_pointers' does not exist on type 'onTouchMove'.
examples/jsm/controls/TrackballControls.js(790,9): error TS2339: Property '_movePrev' does not exist on type 'onTouchMove'.
examples/jsm/controls/TrackballControls.js(790,30): error TS2339: Property '_moveCurr' does not exist on type 'onTouchMove'.
examples/jsm/controls/TrackballControls.js(791,9): error TS2339: Property '_moveCurr' does not exist on type 'onTouchMove'.
examples/jsm/controls/TrackballControls.js(791,30): error TS2339: Property '_getMouseOnCircle' does not exist on type 'onTouchMove'.
examples/jsm/controls/TrackballControls.js(796,26): error TS2339: Property '_getSecondPointerPosition' does not exist on type 'onTouchMove'.
examples/jsm/controls/TrackballControls.js(804,9): error TS2339: Property '_panEnd' does not exist on type 'onTouchMove'.
examples/jsm/controls/TrackballControls.js(804,28): error TS2339: Property '_getMouseOnScreen' does not exist on type 'onTouchMove'.
examples/jsm/controls/TrackballControls.js(813,16): error TS2339: Property '_pointers' does not exist on type 'onTouchEnd'.
examples/jsm/controls/TrackballControls.js(821,9): error TS2339: Property '_moveCurr' does not exist on type 'onTouchEnd'.
examples/jsm/controls/TrackballControls.js(821,30): error TS2339: Property '_getMouseOnCircle' does not exist on type 'onTouchEnd'.
examples/jsm/controls/TrackballControls.js(822,9): error TS2339: Property '_movePrev' does not exist on type 'onTouchEnd'.
examples/jsm/controls/TrackballControls.js(822,30): error TS2339: Property '_moveCurr' does not exist on type 'onTouchEnd'.
examples/jsm/controls/TrackballControls.js(828,30): error TS2339: Property '_pointers' does not exist on type 'onTouchEnd'.
examples/jsm/controls/TrackballControls.js(830,15): error TS2339: Property '_pointers' does not exist on type 'onTouchEnd'.
examples/jsm/controls/TrackballControls.js(832,28): error TS2339: Property '_pointerPositions' does not exist on type 'onTouchEnd'.
examples/jsm/controls/TrackballControls.js(832,52): error TS2339: Property '_pointers' does not exist on type 'onTouchEnd'.
examples/jsm/controls/TrackballControls.js(833,11): error TS2339: Property '_moveCurr' does not exist on type 'onTouchEnd'.
examples/jsm/controls/TrackballControls.js(833,32): error TS2339: Property '_getMouseOnCircle' does not exist on type 'onTouchEnd'.
examples/jsm/controls/TrackballControls.js(834,11): error TS2339: Property '_movePrev' does not exist on type 'onTouchEnd'.
examples/jsm/controls/TrackballControls.js(834,32): error TS2339: Property '_moveCurr' does not exist on type 'onTouchEnd'.
examples/jsm/controls/TrackballControls.js(845,7): error TS2339: Property 'dispatchEvent' does not exist on type 'onTouchEnd'.
examples/jsm/controls/TransformControls.js(22,8): error TS2307: Cannot find module 'three' or its corresponding type declarations.
examples/jsm/controls/TransformControls.js(51,8): error TS2339: Property 'add' does not exist on type 'TransformControlsRoot'.
examples/jsm/controls/TransformControls.js(55,8): error TS2339: Property 'add' does not exist on type 'TransformControlsRoot'.
examples/jsm/controls/TransformControls.js(77,7): error TS7053: Element implicitly has an 'any' type because expression of type 'any' can't be used to index type 'TransformControlsPlane'.
examples/jsm/controls/TransformControls.js(78,7): error TS7053: Element implicitly has an 'any' type because expression of type 'any' can't be used to index type 'TransformControlsGizmo'.
examples/jsm/controls/TransformControls.js(80,13): error TS2339: Property 'dispatchEvent' does not exist on type 'TransformControls'.
examples/jsm/controls/TransformControls.js(81,13): error TS2339: Property 'dispatchEvent' does not exist on type 'TransformControls'.
examples/jsm/controls/TransformControls.js(89,4): error TS7053: Element implicitly has an 'any' type because expression of type 'any' can't be used to index type 'TransformControls'.
examples/jsm/controls/TransformControls.js(90,4): error TS7053: Element implicitly has an 'any' type because expression of type 'any' can't be used to index type 'TransformControlsPlane'.
examples/jsm/controls/TransformControls.js(91,4): error TS7053: Element implicitly has an 'any' type because expression of type 'any' can't be used to index type 'TransformControlsGizmo'.
examples/jsm/controls/TransformControls.js(182,8): error TS2339: Property 'domElement' does not exist on type 'TransformControls'.
examples/jsm/controls/TransformControls.js(183,8): error TS2339: Property 'domElement' does not exist on type 'TransformControls'.
examples/jsm/controls/TransformControls.js(184,8): error TS2339: Property 'domElement' does not exist on type 'TransformControls'.
examples/jsm/controls/TransformControls.js(186,8): error TS2339: Property 'domElement' does not exist on type 'TransformControls'.
examples/jsm/controls/TransformControls.js(192,8): error TS2339: Property 'domElement' does not exist on type 'TransformControls'.
examples/jsm/controls/TransformControls.js(193,8): error TS2339: Property 'domElement' does not exist on type 'TransformControls'.
examples/jsm/controls/TransformControls.js(194,8): error TS2339: Property 'domElement' does not exist on type 'TransformControls'.
examples/jsm/controls/TransformControls.js(195,8): error TS2339: Property 'domElement' does not exist on type 'TransformControls'.
examples/jsm/controls/TransformControls.js(197,8): error TS2339: Property 'domElement' does not exist on type 'TransformControls'.
examples/jsm/controls/TransformControls.js(211,67): error TS2339: Property 'camera' does not exist on type 'TransformControls'.
examples/jsm/controls/TransformControls.js(213,45): error TS7053: Element implicitly has an 'any' type because expression of type 'any' can't be used to index type '{}'.
examples/jsm/controls/TransformControls.js(233,68): error TS2339: Property 'camera' does not exist on type 'TransformControls'.
examples/jsm/controls/TransformControls.js(246,45): error TS2551: Property 'worldPositionStart' does not exist on type 'TransformControls'. Did you mean '_positionStart'?
examples/jsm/controls/TransformControls.js(246,70): error TS2551: Property 'worldQuaternionStart' does not exist on type 'TransformControls'. Did you mean '_quaternionStart'?
examples/jsm/controls/TransformControls.js(248,10): error TS2339: Property 'pointStart' does not exist on type 'TransformControls'.
examples/jsm/controls/TransformControls.js(248,60): error TS2551: Property 'worldPositionStart' does not exist on type 'TransformControls'. Did you mean '_positionStart'?
examples/jsm/controls/TransformControls.js(254,9): error TS2339: Property 'dispatchEvent' does not exist on type 'TransformControls'.
examples/jsm/controls/TransformControls.js(279,67): error TS2339: Property 'camera' does not exist on type 'TransformControls'.
examples/jsm/controls/TransformControls.js(285,8): error TS2339: Property 'pointEnd' does not exist on type 'TransformControls'.
examples/jsm/controls/TransformControls.js(285,56): error TS2551: Property 'worldPositionStart' does not exist on type 'TransformControls'. Did you mean '_positionStart'?
examples/jsm/controls/TransformControls.js(291,28): error TS2339: Property 'pointEnd' does not exist on type 'TransformControls'.
examples/jsm/controls/TransformControls.js(291,49): error TS2339: Property 'pointStart' does not exist on type 'TransformControls'.
examples/jsm/controls/TransformControls.js(381,39): error TS2339: Property 'minX' does not exist on type 'TransformControls'.
examples/jsm/controls/TransformControls.js(381,60): error TS2339: Property 'maxX' does not exist on type 'TransformControls'.
examples/jsm/controls/TransformControls.js(382,39): error TS2339: Property 'minY' does not exist on type 'TransformControls'.
examples/jsm/controls/TransformControls.js(382,60): error TS2339: Property 'maxY' does not exist on type 'TransformControls'.
examples/jsm/controls/TransformControls.js(383,39): error TS2339: Property 'minZ' does not exist on type 'TransformControls'.
examples/jsm/controls/TransformControls.js(383,60): error TS2339: Property 'maxZ' does not exist on type 'TransformControls'.
examples/jsm/controls/TransformControls.js(389,18): error TS2339: Property 'pointEnd' does not exist on type 'TransformControls'.
examples/jsm/controls/TransformControls.js(389,43): error TS2339: Property 'pointStart' does not exist on type 'TransformControls'.
examples/jsm/controls/TransformControls.js(391,15): error TS2339: Property 'pointEnd' does not exist on type 'TransformControls'.
examples/jsm/controls/TransformControls.js(391,34): error TS2339: Property 'pointStart' does not exist on type 'TransformControls'.
examples/jsm/controls/TransformControls.js(397,28): error TS2339: Property 'pointStart' does not exist on type 'TransformControls'.
examples/jsm/controls/TransformControls.js(398,29): error TS2339: Property 'pointEnd' does not exist on type 'TransformControls'.
examples/jsm/controls/TransformControls.js(453,28): error TS2339: Property 'pointEnd' does not exist on type 'TransformControls'.
examples/jsm/controls/TransformControls.js(453,49): error TS2339: Property 'pointStart' does not exist on type 'TransformControls'.
examples/jsm/controls/TransformControls.js(455,37): error TS2339: Property 'worldPosition' does not exist on type 'TransformControls'.
examples/jsm/controls/TransformControls.js(455,103): error TS2339: Property 'camera' does not exist on type 'TransformControls'.
examples/jsm/controls/TransformControls.js(461,10): error TS2339: Property 'rotationAxis' does not exist on type 'TransformControls'.
examples/jsm/controls/TransformControls.js(461,56): error TS2339: Property 'eye' does not exist on type 'TransformControls'.
examples/jsm/controls/TransformControls.js(462,67): error TS2339: Property 'rotationAxis' does not exist on type 'TransformControls'.
examples/jsm/controls/TransformControls.js(462,94): error TS2339: Property 'eye' does not exist on type 'TransformControls'.
examples/jsm/controls/TransformControls.js(466,10): error TS2339: Property 'rotationAxis' does not exist on type 'TransformControls'.
examples/jsm/controls/TransformControls.js(466,29): error TS7053: Element implicitly has an 'any' type because expression of type 'any' can't be used to index type '{ X: any; Y: any; Z: any; }'.
examples/jsm/controls/TransformControls.js(468,23): error TS7053: Element implicitly has an 'any' type because expression of type 'any' can't be used to index type '{ X: any; Y: any; Z: any; }'.
examples/jsm/controls/TransformControls.js(472,40): error TS2551: Property 'worldQuaternion' does not exist on type 'TransformControls'. Did you mean '_worldQuaternionInv'?
examples/jsm/controls/TransformControls.js(476,29): error TS2339: Property 'eye' does not exist on type 'TransformControls'.
examples/jsm/controls/TransformControls.js(494,10): error TS2339: Property 'rotationAxis' does not exist on type 'TransformControls'.
examples/jsm/controls/TransformControls.js(494,34): error TS2339: Property 'eye' does not exist on type 'TransformControls'.
examples/jsm/controls/TransformControls.js(495,31): error TS2339: Property 'pointEnd' does not exist on type 'TransformControls'.
examples/jsm/controls/TransformControls.js(495,54): error TS2339: Property 'pointStart' does not exist on type 'TransformControls'.
examples/jsm/controls/TransformControls.js(497,32): error TS2339: Property 'pointStart' does not exist on type 'TransformControls'.
examples/jsm/controls/TransformControls.js(498,30): error TS2339: Property 'pointEnd' does not exist on type 'TransformControls'.
examples/jsm/controls/TransformControls.js(500,78): error TS2339: Property 'eye' does not exist on type 'TransformControls'.
examples/jsm/controls/TransformControls.js(512,72): error TS2339: Property 'rotationAxis' does not exist on type 'TransformControls'.
examples/jsm/controls/TransformControls.js(516,10): error TS2339: Property 'rotationAxis' does not exist on type 'TransformControls'.
examples/jsm/controls/TransformControls.js(517,68): error TS2339: Property 'rotationAxis' does not exist on type 'TransformControls'.
examples/jsm/controls/TransformControls.js(524,8): error TS2339: Property 'dispatchEvent' does not exist on type 'TransformControls'.
examples/jsm/controls/TransformControls.js(525,8): error TS2339: Property 'dispatchEvent' does not exist on type 'TransformControls'.
examples/jsm/controls/TransformControls.js(536,9): error TS2339: Property 'dispatchEvent' does not exist on type 'TransformControls'.
examples/jsm/controls/TransformControls.js(577,15): error TS2339: Property 'enabled' does not exist on type 'TransformControls'.
examples/jsm/controls/TransformControls.js(585,9): error TS2339: Property 'dispatchEvent' does not exist on type 'TransformControls'.
examples/jsm/controls/TransformControls.js(586,9): error TS2339: Property 'dispatchEvent' does not exist on type 'TransformControls'.
examples/jsm/controls/TransformControls.js(588,9): error TS2339: Property 'pointStart' does not exist on type 'TransformControls'.
examples/jsm/controls/TransformControls.js(588,31): error TS2339: Property 'pointEnd' does not exist on type 'TransformControls'.
examples/jsm/controls/TransformControls.js(650,7): error TS2683: 'this' implicitly has type 'any' because it does not have a type annotation.
examples/jsm/controls/TransformControls.js(660,16): error TS2683: 'this' implicitly has type 'any' because it does not have a type annotation.
examples/jsm/controls/TransformControls.js(674,9): error TS2683: 'this' implicitly has type 'any' because it does not have a type annotation.
examples/jsm/controls/TransformControls.js(680,4): error TS2683: 'this' implicitly has type 'any' because it does not have a type annotation.
examples/jsm/controls/TransformControls.js(680,23): error TS2683: 'this' implicitly has type 'any' because it does not have a type annotation.
examples/jsm/controls/TransformControls.js(689,9): error TS2683: 'this' implicitly has type 'any' because it does not have a type annotation.
examples/jsm/controls/TransformControls.js(691,9): error TS2584: Cannot find name 'document'. Do you need to change your target library? Try changing the 'lib' compiler option to include 'dom'.
examples/jsm/controls/TransformControls.js(693,3): error TS2683: 'this' implicitly has type 'any' because it does not have a type annotation.
examples/jsm/controls/TransformControls.js(697,2): error TS2683: 'this' implicitly has type 'any' because it does not have a type annotation.
examples/jsm/controls/TransformControls.js(697,51): error TS2683: 'this' implicitly has type 'any' because it does not have a type annotation.
examples/jsm/controls/TransformControls.js(699,2): error TS2683: 'this' implicitly has type 'any' because it does not have a type annotation.
examples/jsm/controls/TransformControls.js(699,21): error TS2683: 'this' implicitly has type 'any' because it does not have a type annotation.
examples/jsm/controls/TransformControls.js(700,2): error TS2683: 'this' implicitly has type 'any' because it does not have a type annotation.
examples/jsm/controls/TransformControls.js(700,20): error TS2683: 'this' implicitly has type 'any' because it does not have a type annotation.
examples/jsm/controls/TransformControls.js(706,9): error TS2683: 'this' implicitly has type 'any' because it does not have a type annotation.
examples/jsm/controls/TransformControls.js(708,2): error TS2683: 'this' implicitly has type 'any' because it does not have a type annotation.
examples/jsm/controls/TransformControls.js(708,20): error TS2683: 'this' implicitly has type 'any' because it does not have a type annotation.
examples/jsm/controls/TransformControls.js(714,9): error TS2683: 'this' implicitly has type 'any' because it does not have a type annotation.
examples/jsm/controls/TransformControls.js(716,2): error TS2683: 'this' implicitly has type 'any' because it does not have a type annotation.
examples/jsm/controls/TransformControls.js(718,2): error TS2683: 'this' implicitly has type 'any' because it does not have a type annotation.
examples/jsm/controls/TransformControls.js(718,54): error TS2683: 'this' implicitly has type 'any' because it does not have a type annotation.
examples/jsm/controls/TransformControls.js(720,2): error TS2683: 'this' implicitly has type 'any' because it does not have a type annotation.
examples/jsm/controls/TransformControls.js(720,18): error TS2683: 'this' implicitly has type 'any' because it does not have a type annotation.
examples/jsm/controls/TransformControls.js(821,8): error TS2339: Property 'traverse' does not exist on type 'TransformControlsRoot'.
examples/jsm/controls/TransformControls.js(1193,8): error TS2339: Property 'add' does not exist on type 'TransformControlsGizmo'.
examples/jsm/controls/TransformControls.js(1193,13): error TS7053: Element implicitly has an 'any' type because expression of type '"translate"' can't be used to index type '{}'.
  Property 'translate' does not exist on type '{}'.
examples/jsm/controls/TransformControls.js(1194,8): error TS2339: Property 'add' does not exist on type 'TransformControlsGizmo'.
examples/jsm/controls/TransformControls.js(1194,13): error TS7053: Element implicitly has an 'any' type because expression of type '"rotate"' can't be used to index type '{}'.
  Property 'rotate' does not exist on type '{}'.
examples/jsm/controls/TransformControls.js(1195,8): error TS2339: Property 'add' does not exist on type 'TransformControlsGizmo'.
examples/jsm/controls/TransformControls.js(1195,13): error TS7053: Element implicitly has an 'any' type because expression of type '"scale"' can't be used to index type '{}'.
  Property 'scale' does not exist on type '{}'.
examples/jsm/controls/TransformControls.js(1196,8): error TS2339: Property 'add' does not exist on type 'TransformControlsGizmo'.
examples/jsm/controls/TransformControls.js(1196,13): error TS7053: Element implicitly has an 'any' type because expression of type '"translate"' can't be used to index type '{}'.
  Property 'translate' does not exist on type '{}'.
examples/jsm/controls/TransformControls.js(1197,8): error TS2339: Property 'add' does not exist on type 'TransformControlsGizmo'.
examples/jsm/controls/TransformControls.js(1197,13): error TS7053: Element implicitly has an 'any' type because expression of type '"rotate"' can't be used to index type '{}'.
  Property 'rotate' does not exist on type '{}'.
examples/jsm/controls/TransformControls.js(1198,8): error TS2339: Property 'add' does not exist on type 'TransformControlsGizmo'.
examples/jsm/controls/TransformControls.js(1198,13): error TS7053: Element implicitly has an 'any' type because expression of type '"scale"' can't be used to index type '{}'.
  Property 'scale' does not exist on type '{}'.
examples/jsm/controls/TransformControls.js(1199,8): error TS2339: Property 'add' does not exist on type 'TransformControlsGizmo'.
examples/jsm/controls/TransformControls.js(1199,13): error TS7053: Element implicitly has an 'any' type because expression of type '"translate"' can't be used to index type '{}'.
  Property 'translate' does not exist on type '{}'.
examples/jsm/controls/TransformControls.js(1200,8): error TS2339: Property 'add' does not exist on type 'TransformControlsGizmo'.
examples/jsm/controls/TransformControls.js(1200,13): error TS7053: Element implicitly has an 'any' type because expression of type '"rotate"' can't be used to index type '{}'.
  Property 'rotate' does not exist on type '{}'.
examples/jsm/controls/TransformControls.js(1201,8): error TS2339: Property 'add' does not exist on type 'TransformControlsGizmo'.
examples/jsm/controls/TransformControls.js(1201,13): error TS7053: Element implicitly has an 'any' type because expression of type '"scale"' can't be used to index type '{}'.
  Property 'scale' does not exist on type '{}'.
examples/jsm/controls/TransformControls.js(1205,3): error TS2339: Property 'translate' does not exist on type '{}'.
examples/jsm/controls/TransformControls.js(1205,3): error TS2532: Object is possibly 'undefined'.
examples/jsm/controls/TransformControls.js(1206,3): error TS2339: Property 'rotate' does not exist on type '{}'.
examples/jsm/controls/TransformControls.js(1206,3): error TS2532: Object is possibly 'undefined'.
examples/jsm/controls/TransformControls.js(1207,3): error TS2339: Property 'scale' does not exist on type '{}'.
examples/jsm/controls/TransformControls.js(1207,3): error TS2532: Object is possibly 'undefined'.
examples/jsm/controls/TransformControls.js(1215,24): error TS2339: Property 'mode' does not exist on type 'TransformControlsGizmo'.
examples/jsm/controls/TransformControls.js(1215,60): error TS2339: Property 'space' does not exist on type 'TransformControlsGizmo'.
examples/jsm/controls/TransformControls.js(1217,51): error TS2339: Property 'worldQuaternion' does not exist on type 'TransformControlsGizmo'.
examples/jsm/controls/TransformControls.js(1221,3): error TS7053: Element implicitly has an 'any' type because expression of type '"translate"' can't be used to index type '{}'.
  Property 'translate' does not exist on type '{}'.
examples/jsm/controls/TransformControls.js(1221,44): error TS2339: Property 'mode' does not exist on type 'TransformControlsGizmo'.
examples/jsm/controls/TransformControls.js(1222,3): error TS7053: Element implicitly has an 'any' type because expression of type '"rotate"' can't be used to index type '{}'.
  Property 'rotate' does not exist on type '{}'.
examples/jsm/controls/TransformControls.js(1222,41): error TS2339: Property 'mode' does not exist on type 'TransformControlsGizmo'.
examples/jsm/controls/TransformControls.js(1223,3): error TS7053: Element implicitly has an 'any' type because expression of type '"scale"' can't be used to index type '{}'.
  Property 'scale' does not exist on type '{}'.
examples/jsm/controls/TransformControls.js(1223,40): error TS2339: Property 'mode' does not exist on type 'TransformControlsGizmo'.
examples/jsm/controls/TransformControls.js(1225,3): error TS7053: Element implicitly has an 'any' type because expression of type '"translate"' can't be used to index type '{}'.
  Property 'translate' does not exist on type '{}'.
examples/jsm/controls/TransformControls.js(1225,45): error TS2339: Property 'mode' does not exist on type 'TransformControlsGizmo'.
examples/jsm/controls/TransformControls.js(1226,3): error TS7053: Element implicitly has an 'any' type because expression of type '"rotate"' can't be used to index type '{}'.
  Property 'rotate' does not exist on type '{}'.
examples/jsm/controls/TransformControls.js(1226,42): error TS2339: Property 'mode' does not exist on type 'TransformControlsGizmo'.
examples/jsm/controls/TransformControls.js(1227,3): error TS7053: Element implicitly has an 'any' type because expression of type '"scale"' can't be used to index type '{}'.
  Property 'scale' does not exist on type '{}'.
examples/jsm/controls/TransformControls.js(1227,41): error TS2339: Property 'mode' does not exist on type 'TransformControlsGizmo'.
examples/jsm/controls/TransformControls.js(1231,29): error TS7053: Element implicitly has an 'any' type because expression of type 'any' can't be used to index type '{}'.
examples/jsm/controls/TransformControls.js(1231,47): error TS2339: Property 'mode' does not exist on type 'TransformControlsGizmo'.
examples/jsm/controls/TransformControls.js(1232,29): error TS7053: Element implicitly has an 'any' type because expression of type 'any' can't be used to index type '{}'.
examples/jsm/controls/TransformControls.js(1232,46): error TS2339: Property 'mode' does not exist on type 'TransformControlsGizmo'.
examples/jsm/controls/TransformControls.js(1233,29): error TS7053: Element implicitly has an 'any' type because expression of type 'any' can't be used to index type '{}'.
examples/jsm/controls/TransformControls.js(1233,47): error TS2339: Property 'mode' does not exist on type 'TransformControlsGizmo'.
examples/jsm/controls/TransformControls.js(1243,31): error TS2339: Property 'worldPosition' does not exist on type 'TransformControlsGizmo'.
examples/jsm/controls/TransformControls.js(1247,14): error TS2339: Property 'camera' does not exist on type 'TransformControlsGizmo'.
examples/jsm/controls/TransformControls.js(1249,21): error TS2339: Property 'camera' does not exist on type 'TransformControlsGizmo'.
examples/jsm/controls/TransformControls.js(1249,39): error TS2339: Property 'camera' does not exist on type 'TransformControlsGizmo'.
examples/jsm/controls/TransformControls.js(1249,62): error TS2339: Property 'camera' does not exist on type 'TransformControlsGizmo'.
examples/jsm/controls/TransformControls.js(1253,19): error TS2339: Property 'worldPosition' does not exist on type 'TransformControlsGizmo'.
examples/jsm/controls/TransformControls.js(1253,50): error TS2339: Property 'cameraPosition' does not exist on type 'TransformControlsGizmo'.
examples/jsm/controls/TransformControls.js(1253,110): error TS2339: Property 'camera' does not exist on type 'TransformControlsGizmo'.
examples/jsm/controls/TransformControls.js(1253,136): error TS2339: Property 'camera' does not exist on type 'TransformControlsGizmo'.
examples/jsm/controls/TransformControls.js(1257,62): error TS2339: Property 'size' does not exist on type 'TransformControlsGizmo'.
examples/jsm/controls/TransformControls.js(1267,31): error TS2339: Property 'axis' does not exist on type 'TransformControlsGizmo'.
examples/jsm/controls/TransformControls.js(1269,16): error TS2339: Property 'axis' does not exist on type 'TransformControlsGizmo'.
examples/jsm/controls/TransformControls.js(1274,90): error TS2339: Property 'eye' does not exist on type 'TransformControlsGizmo'.
examples/jsm/controls/TransformControls.js(1282,16): error TS2339: Property 'axis' does not exist on type 'TransformControlsGizmo'.
examples/jsm/controls/TransformControls.js(1287,90): error TS2339: Property 'eye' does not exist on type 'TransformControlsGizmo'.
examples/jsm/controls/TransformControls.js(1295,16): error TS2339: Property 'axis' does not exist on type 'TransformControlsGizmo'.
examples/jsm/controls/TransformControls.js(1300,90): error TS2339: Property 'eye' does not exist on type 'TransformControlsGizmo'.
examples/jsm/controls/TransformControls.js(1308,16): error TS2339: Property 'axis' does not exist on type 'TransformControlsGizmo'.
examples/jsm/controls/TransformControls.js(1311,31): error TS2339: Property 'rotationAxis' does not exist on type 'TransformControlsGizmo'.
examples/jsm/controls/TransformControls.js(1314,29): error TS2339: Property 'dragging' does not exist on type 'TransformControlsGizmo'.
examples/jsm/controls/TransformControls.js(1318,16): error TS2339: Property 'axis' does not exist on type 'TransformControlsGizmo'.
examples/jsm/controls/TransformControls.js(1327,33): error TS2339: Property 'worldPositionStart' does not exist on type 'TransformControlsGizmo'.
examples/jsm/controls/TransformControls.js(1328,28): error TS2339: Property 'dragging' does not exist on type 'TransformControlsGizmo'.
examples/jsm/controls/TransformControls.js(1332,33): error TS2339: Property 'worldPosition' does not exist on type 'TransformControlsGizmo'.
examples/jsm/controls/TransformControls.js(1333,28): error TS2339: Property 'dragging' does not exist on type 'TransformControlsGizmo'.
examples/jsm/controls/TransformControls.js(1337,33): error TS2339: Property 'worldPositionStart' does not exist on type 'TransformControlsGizmo'.
examples/jsm/controls/TransformControls.js(1338,35): error TS2339: Property 'worldQuaternionStart' does not exist on type 'TransformControlsGizmo'.
examples/jsm/controls/TransformControls.js(1339,55): error TS2339: Property 'worldPositionStart' does not exist on type 'TransformControlsGizmo'.
examples/jsm/controls/TransformControls.js(1339,86): error TS2339: Property 'worldPosition' does not exist on type 'TransformControlsGizmo'.
examples/jsm/controls/TransformControls.js(1340,40): error TS2339: Property 'worldQuaternionStart' does not exist on type 'TransformControlsGizmo'.
examples/jsm/controls/TransformControls.js(1342,28): error TS2339: Property 'dragging' does not exist on type 'TransformControlsGizmo'.
examples/jsm/controls/TransformControls.js(1348,16): error TS2339: Property 'dragging' does not exist on type 'TransformControlsGizmo'.
examples/jsm/controls/TransformControls.js(1350,34): error TS2339: Property 'worldPositionStart' does not exist on type 'TransformControlsGizmo'.
examples/jsm/controls/TransformControls.js(1354,34): error TS2339: Property 'worldPosition' does not exist on type 'TransformControlsGizmo'.
examples/jsm/controls/TransformControls.js(1358,16): error TS2339: Property 'axis' does not exist on type 'TransformControlsGizmo'.
examples/jsm/controls/TransformControls.js(1360,29): error TS2339: Property 'axis' does not exist on type 'TransformControlsGizmo'.
examples/jsm/controls/TransformControls.js(1375,14): error TS2339: Property 'mode' does not exist on type 'TransformControlsGizmo'.
examples/jsm/controls/TransformControls.js(1375,43): error TS2339: Property 'mode' does not exist on type 'TransformControlsGizmo'.
examples/jsm/controls/TransformControls.js(1384,89): error TS2339: Property 'eye' does not exist on type 'TransformControlsGizmo'.
examples/jsm/controls/TransformControls.js(1395,89): error TS2339: Property 'eye' does not exist on type 'TransformControlsGizmo'.
examples/jsm/controls/TransformControls.js(1406,89): error TS2339: Property 'eye' does not exist on type 'TransformControlsGizmo'.
examples/jsm/controls/TransformControls.js(1417,89): error TS2339: Property 'eye' does not exist on type 'TransformControlsGizmo'.
examples/jsm/controls/TransformControls.js(1428,89): error TS2339: Property 'eye' does not exist on type 'TransformControlsGizmo'.
examples/jsm/controls/TransformControls.js(1439,89): error TS2339: Property 'eye' does not exist on type 'TransformControlsGizmo'.
examples/jsm/controls/TransformControls.js(1448,21): error TS2339: Property 'mode' does not exist on type 'TransformControlsGizmo'.
examples/jsm/controls/TransformControls.js(1453,29): error TS2339: Property 'eye' does not exist on type 'TransformControlsGizmo'.
examples/jsm/controls/TransformControls.js(1457,74): error TS2339: Property 'eye' does not exist on type 'TransformControlsGizmo'.
examples/jsm/controls/TransformControls.js(1488,84): error TS2339: Property 'showX' does not exist on type 'TransformControlsGizmo'.
examples/jsm/controls/TransformControls.js(1489,84): error TS2339: Property 'showY' does not exist on type 'TransformControlsGizmo'.
examples/jsm/controls/TransformControls.js(1490,84): error TS2339: Property 'showZ' does not exist on type 'TransformControlsGizmo'.
examples/jsm/controls/TransformControls.js(1491,86): error TS2339: Property 'showX' does not exist on type 'TransformControlsGizmo'.
examples/jsm/controls/TransformControls.js(1491,100): error TS2339: Property 'showY' does not exist on type 'TransformControlsGizmo'.
examples/jsm/controls/TransformControls.js(1491,114): error TS2339: Property 'showZ' does not exist on type 'TransformControlsGizmo'.
examples/jsm/controls/TransformControls.js(1501,14): error TS2339: Property 'enabled' does not exist on type 'TransformControlsGizmo'.
examples/jsm/controls/TransformControls.js(1501,30): error TS2339: Property 'axis' does not exist on type 'TransformControlsGizmo'.
examples/jsm/controls/TransformControls.js(1503,31): error TS2339: Property 'axis' does not exist on type 'TransformControlsGizmo'.
examples/jsm/controls/TransformControls.js(1508,22): error TS2339: Property 'axis' does not exist on type 'TransformControlsGizmo'.
examples/jsm/controls/TransformControls.js(1548,20): error TS2339: Property 'space' does not exist on type 'TransformControlsPlane'.
examples/jsm/controls/TransformControls.js(1550,8): error TS2339: Property 'position' does not exist on type 'TransformControlsPlane'.
examples/jsm/controls/TransformControls.js(1550,28): error TS2339: Property 'worldPosition' does not exist on type 'TransformControlsPlane'.
examples/jsm/controls/TransformControls.js(1552,13): error TS2339: Property 'mode' does not exist on type 'TransformControlsPlane'.
examples/jsm/controls/TransformControls.js(1554,64): error TS2339: Property 'worldQuaternion' does not exist on type 'TransformControlsPlane'.
examples/jsm/controls/TransformControls.js(1555,64): error TS2339: Property 'worldQuaternion' does not exist on type 'TransformControlsPlane'.
examples/jsm/controls/TransformControls.js(1556,64): error TS2339: Property 'worldQuaternion' does not exist on type 'TransformControlsPlane'.
examples/jsm/controls/TransformControls.js(1562,17): error TS2339: Property 'mode' does not exist on type 'TransformControlsPlane'.
examples/jsm/controls/TransformControls.js(1566,19): error TS2339: Property 'axis' does not exist on type 'TransformControlsPlane'.
examples/jsm/controls/TransformControls.js(1569,31): error TS2339: Property 'eye' does not exist on type 'TransformControlsPlane'.
examples/jsm/controls/TransformControls.js(1573,31): error TS2339: Property 'eye' does not exist on type 'TransformControlsPlane'.
examples/jsm/controls/TransformControls.js(1577,31): error TS2339: Property 'eye' does not exist on type 'TransformControlsPlane'.
examples/jsm/controls/TransformControls.js(1608,9): error TS2339: Property 'quaternion' does not exist on type 'TransformControlsPlane'.
examples/jsm/controls/TransformControls.js(1608,31): error TS2339: Property 'cameraQuaternion' does not exist on type 'TransformControlsPlane'.
examples/jsm/controls/TransformControls.js(1614,9): error TS2339: Property 'quaternion' does not exist on type 'TransformControlsPlane'.
examples/jsm/csm/CSM.js(9,8): error TS2307: Cannot find module 'three' or its corresponding type declarations.
examples/jsm/csm/CSM.js(42,3): error TS7008: Member 'frustums' implicitly has an 'any[]' type.
examples/jsm/csm/CSM.js(43,3): error TS7008: Member 'breaks' implicitly has an 'any[]' type.
examples/jsm/csm/CSM.js(45,3): error TS7008: Member 'lights' implicitly has an 'any[]' type.
examples/jsm/csm/CSM.js(296,5): error TS2683: 'this' implicitly has type 'any' because it does not have a type annotation.
examples/jsm/csm/CSM.js(297,33): error TS2683: 'this' implicitly has type 'any' because it does not have a type annotation.
examples/jsm/csm/CSM.js(302,11): error TS2683: 'this' implicitly has type 'any' because it does not have a type annotation.
examples/jsm/csm/CSM.js(307,16): error TS2683: 'this' implicitly has type 'any' because it does not have a type annotation.
examples/jsm/csm/CSMFrustum.js(1,34): error TS2307: Cannot find module 'three' or its corresponding type declarations.
examples/jsm/csm/CSMFrustum.js(13,3): error TS7022: 'vertices' implicitly has type 'any' because it does not have a type annotation and is referenced directly or indirectly in its own initializer.
examples/jsm/csm/CSMHelper.js(13,8): error TS2307: Cannot find module 'three' or its corresponding type declarations.
examples/jsm/csm/CSMHelper.js(31,8): error TS2339: Property 'add' does not exist on type 'CSMHelper'.
examples/jsm/csm/CSMHelper.js(34,3): error TS7008: Member 'cascadeLines' implicitly has an 'any[]' type.
examples/jsm/csm/CSMHelper.js(35,3): error TS7008: Member 'cascadePlanes' implicitly has an 'any[]' type.
examples/jsm/csm/CSMHelper.js(36,3): error TS7008: Member 'shadowLines' implicitly has an 'any[]' type.
examples/jsm/csm/CSMHelper.js(83,8): error TS2339: Property 'position' does not exist on type 'CSMHelper'.
examples/jsm/csm/CSMHelper.js(84,8): error TS2339: Property 'quaternion' does not exist on type 'CSMHelper'.
examples/jsm/csm/CSMHelper.js(85,8): error TS2339: Property 'scale' does not exist on type 'CSMHelper'.
examples/jsm/csm/CSMHelper.js(86,8): error TS2339: Property 'updateMatrixWorld' does not exist on type 'CSMHelper'.
examples/jsm/csm/CSMHelper.js(90,9): error TS2339: Property 'remove' does not exist on type 'CSMHelper'.
examples/jsm/csm/CSMHelper.js(91,9): error TS2339: Property 'remove' does not exist on type 'CSMHelper'.
examples/jsm/csm/CSMHelper.js(92,9): error TS2339: Property 'remove' does not exist on type 'CSMHelper'.
examples/jsm/csm/CSMHelper.js(105,9): error TS2339: Property 'add' does not exist on type 'CSMHelper'.
examples/jsm/csm/CSMHelper.js(106,9): error TS2339: Property 'add' does not exist on type 'CSMHelper'.
examples/jsm/csm/CSMHelper.js(107,9): error TS2339: Property 'add' does not exist on type 'CSMHelper'.
examples/jsm/csm/CSMHelper.js(136,9): error TS2339: Property 'remove' does not exist on type 'CSMHelper'.
examples/jsm/csm/CSMHelper.js(141,9): error TS2339: Property 'attach' does not exist on type 'CSMHelper'.
examples/jsm/csm/CSMShader.js(1,29): error TS2307: Cannot find module 'three' or its corresponding type declarations.
examples/jsm/csm/CSMShadowNode.js(10,8): error TS2307: Cannot find module 'three/webgpu' or its corresponding type declarations.
examples/jsm/csm/CSMShadowNode.js(13,129): error TS2307: Cannot find module 'three/tsl' or its corresponding type declarations.
examples/jsm/csm/CSMShadowNode.js(45,24): error TS2339: Property 'cascades' does not exist on type '{}'.
examples/jsm/csm/CSMShadowNode.js(46,22): error TS2339: Property 'maxFar' does not exist on type '{}'.
examples/jsm/csm/CSMShadowNode.js(47,20): error TS2339: Property 'mode' does not exist on type '{}'.
examples/jsm/csm/CSMShadowNode.js(48,27): error TS2339: Property 'lightMargin' does not exist on type '{}'.
examples/jsm/csm/CSMShadowNode.js(49,36): error TS2339: Property 'customSplitsCallback' does not exist on type '{}'.
examples/jsm/csm/CSMShadowNode.js(53,3): error TS7008: Member 'breaks' implicitly has an 'any[]' type.
examples/jsm/csm/CSMShadowNode.js(55,3): error TS7008: Member '_cascades' implicitly has an 'any[]' type.
examples/jsm/csm/CSMShadowNode.js(57,3): error TS7008: Member 'frustums' implicitly has an 'any[]' type.
examples/jsm/csm/CSMShadowNode.js(59,3): error TS7008: Member 'lights' implicitly has an 'any[]' type.
examples/jsm/csm/CSMShadowNode.js(61,3): error TS7008: Member '_shadowNodes' implicitly has an 'any[]' type.
examples/jsm/csm/CSMShadowNode.js(65,10): error TS7031: Binding element 'camera' implicitly has an 'any' type.
examples/jsm/csm/CSMShadowNode.js(65,18): error TS7031: Binding element 'renderer' implicitly has an 'any' type.
examples/jsm/csm/CSMShadowNode.js(72,22): error TS2551: Property 'light' does not exist on type 'CSMShadowNode'. Did you mean 'lights'?
examples/jsm/csm/CSMShadowNode.js(78,12): error TS2339: Property 'castShadow' does not exist on type 'LwLight'.
examples/jsm/csm/CSMShadowNode.js(88,12): error TS2339: Property 'shadow' does not exist on type 'LwLight'.
examples/jsm/csm/CSMShadowNode.js(105,3): error TS2531: Object is possibly 'null'.
examples/jsm/csm/CSMShadowNode.js(106,3): error TS2531: Object is possibly 'null'.
examples/jsm/csm/CSMShadowNode.js(268,9): error TS2339: Property 'setupShadowPosition' does not exist on type 'CSMShadowNode'.
examples/jsm/csm/CSMShadowNode.js(343,9): error TS2339: Property 'setupShadowPosition' does not exist on type 'CSMShadowNode'.
examples/jsm/csm/CSMShadowNode.js(376,22): error TS2551: Property 'light' does not exist on type 'CSMShadowNode'. Did you mean 'lights'?
examples/jsm/curves/CurveExtras.js(4,8): error TS2307: Cannot find module 'three' or its corresponding type declarations.
examples/jsm/curves/NURBSCurve.js(5,8): error TS2307: Cannot find module 'three' or its corresponding type declarations.
examples/jsm/curves/NURBSSurface.js(3,8): error TS2307: Cannot find module 'three' or its corresponding type declarations.
examples/jsm/curves/NURBSSurface.js(33,5): error TS2322: Type 'any' is not assignable to type 'never'.
examples/jsm/curves/NURBSUtils.js(4,8): error TS2307: Cannot find module 'three' or its corresponding type declarations.
examples/jsm/curves/NURBSUtils.js(95,10): error TS7022: 'temp' implicitly has type 'any' because it does not have a type annotation and is referenced directly or indirectly in its own initializer.
examples/jsm/curves/NURBSUtils.js(501,4): error TS2322: Type 'any' is not assignable to type 'never'.
examples/jsm/curves/NURBSUtils.js(509,20): error TS2339: Property 'add' does not exist on type 'never'.
examples/jsm/curves/NURBSUtils.js(522,27): error TS2339: Property 'multiplyScalar' does not exist on type 'never'.
examples/jsm/curves/NURBSVolume.js(3,8): error TS2307: Cannot find module 'three' or its corresponding type declarations.
examples/jsm/curves/NURBSVolume.js(35,5): error TS2322: Type 'never[]' is not assignable to type 'never'.
examples/jsm/curves/NURBSVolume.js(40,6): error TS2322: Type 'any' is not assignable to type 'never'.
examples/jsm/effects/AnaglyphEffect.js(9,8): error TS2307: Cannot find module 'three' or its corresponding type declarations.
examples/jsm/effects/AsciiEffect.js(17,23): error TS7053: Element implicitly has an 'any' type because expression of type '"resolution"' can't be used to index type '{}'.
  Property 'resolution' does not exist on type '{}'.
examples/jsm/effects/AsciiEffect.js(18,18): error TS7053: Element implicitly has an 'any' type because expression of type '"scale"' can't be used to index type '{}'.
  Property 'scale' does not exist on type '{}'.
examples/jsm/effects/AsciiEffect.js(19,18): error TS7053: Element implicitly has an 'any' type because expression of type '"color"' can't be used to index type '{}'.
  Property 'color' does not exist on type '{}'.
examples/jsm/effects/AsciiEffect.js(20,18): error TS7053: Element implicitly has an 'any' type because expression of type '"alpha"' can't be used to index type '{}'.
  Property 'alpha' does not exist on type '{}'.
examples/jsm/effects/AsciiEffect.js(21,18): error TS7053: Element implicitly has an 'any' type because expression of type '"block"' can't be used to index type '{}'.
  Property 'block' does not exist on type '{}'.
examples/jsm/effects/AsciiEffect.js(22,19): error TS7053: Element implicitly has an 'any' type because expression of type '"invert"' can't be used to index type '{}'.
  Property 'invert' does not exist on type '{}'.
examples/jsm/effects/AsciiEffect.js(23,25): error TS7053: Element implicitly has an 'any' type because expression of type '"strResolution"' can't be used to index type '{}'.
  Property 'strResolution' does not exist on type '{}'.
examples/jsm/effects/AsciiEffect.js(27,22): error TS2584: Cannot find name 'document'. Do you need to change your target library? Try changing the 'lib' compiler option to include 'dom'.
examples/jsm/effects/AsciiEffect.js(30,18): error TS2584: Cannot find name 'document'. Do you need to change your target library? Try changing the 'lib' compiler option to include 'dom'.
examples/jsm/effects/AsciiEffect.js(103,19): error TS2584: Cannot find name 'document'. Do you need to change your target library? Try changing the 'lib' compiler option to include 'dom'.
examples/jsm/effects/AsciiEffect.js(119,18): error TS2322: Type 'string' is not assignable to type 'string[]'.
examples/jsm/effects/OutlineEffect.js(7,8): error TS2307: Cannot find module 'three' or its corresponding type declarations.
examples/jsm/effects/OutlineEffect.js(71,39): error TS2339: Property 'defaultThickness' does not exist on type '{}'.
examples/jsm/effects/OutlineEffect.js(71,83): error TS2339: Property 'defaultThickness' does not exist on type '{}'.
examples/jsm/effects/OutlineEffect.js(72,58): error TS2339: Property 'defaultColor' does not exist on type '{}'.
examples/jsm/effects/OutlineEffect.js(72,98): error TS2339: Property 'defaultColor' does not exist on type '{}'.
examples/jsm/effects/OutlineEffect.js(73,35): error TS2339: Property 'defaultAlpha' does not exist on type '{}'.
examples/jsm/effects/OutlineEffect.js(73,75): error TS2339: Property 'defaultAlpha' does not exist on type '{}'.
examples/jsm/effects/OutlineEffect.js(74,39): error TS2339: Property 'defaultKeepAlive' does not exist on type '{}'.
examples/jsm/effects/OutlineEffect.js(74,83): error TS2339: Property 'defaultKeepAlive' does not exist on type '{}'.
examples/jsm/effects/OutlineEffect.js(194,15): error TS7053: Element implicitly has an 'any' type because expression of type 'any' can't be used to index type '{}'.
examples/jsm/effects/OutlineEffect.js(205,5): error TS7053: Element implicitly has an 'any' type because expression of type 'any' can't be used to index type '{}'.
examples/jsm/effects/OutlineEffect.js(219,4): error TS7053: Element implicitly has an 'any' type because expression of type 'any' can't be used to index type '{}'.
examples/jsm/effects/OutlineEffect.js(254,4): error TS7053: Element implicitly has an 'any' type because expression of type 'any' can't be used to index type '{}'.
examples/jsm/effects/OutlineEffect.js(267,29): error TS7053: Element implicitly has an 'any' type because expression of type 'any' can't be used to index type '{}'.
examples/jsm/effects/OutlineEffect.js(273,23): error TS7053: Element implicitly has an 'any' type because expression of type 'any' can't be used to index type '{}'.
examples/jsm/effects/OutlineEffect.js(277,28): error TS7053: Element implicitly has an 'any' type because expression of type 'any' can't be used to index type '{}'.
examples/jsm/effects/OutlineEffect.js(283,29): error TS7053: Element implicitly has an 'any' type because expression of type 'any' can't be used to index type '{}'.
examples/jsm/effects/OutlineEffect.js(341,54): error TS7053: Element implicitly has an 'any' type because expression of type 'any' can't be used to index type '{}'.
examples/jsm/effects/OutlineEffect.js(375,5): error TS7053: Element implicitly has an 'any' type because expression of type 'string' can't be used to index type '{}'.
  No index signature with a parameter of type 'string' was found on type '{}'.
examples/jsm/effects/OutlineEffect.js(384,5): error TS7053: Element implicitly has an 'any' type because expression of type 'string' can't be used to index type '{}'.
  No index signature with a parameter of type 'string' was found on type '{}'.
examples/jsm/effects/OutlineEffect.js(395,10): error TS7053: Element implicitly has an 'any' type because expression of type 'string' can't be used to index type '{}'.
  No index signature with a parameter of type 'string' was found on type '{}'.
examples/jsm/effects/OutlineEffect.js(397,6): error TS7053: Element implicitly has an 'any' type because expression of type 'string' can't be used to index type '{}'.
  No index signature with a parameter of type 'string' was found on type '{}'.
examples/jsm/effects/OutlineEffect.js(399,11): error TS7053: Element implicitly has an 'any' type because expression of type 'string' can't be used to index type '{}'.
  No index signature with a parameter of type 'string' was found on type '{}'.
examples/jsm/effects/OutlineEffect.js(399,47): error TS7053: Element implicitly has an 'any' type because expression of type 'string' can't be used to index type '{}'.
  No index signature with a parameter of type 'string' was found on type '{}'.
examples/jsm/effects/OutlineEffect.js(401,14): error TS7053: Element implicitly has an 'any' type because expression of type 'string' can't be used to index type '{}'.
  No index signature with a parameter of type 'string' was found on type '{}'.
examples/jsm/effects/OutlineEffect.js(407,6): error TS7053: Element implicitly has an 'any' type because expression of type 'string' can't be used to index type '{}'.
  No index signature with a parameter of type 'string' was found on type '{}'.
examples/jsm/effects/OutlineEffect.js(408,6): error TS7053: Element implicitly has an 'any' type because expression of type 'string' can't be used to index type '{}'.
  No index signature with a parameter of type 'string' was found on type '{}'.
examples/jsm/effects/ParallaxBarrierEffect.js(8,8): error TS2307: Cannot find module 'three' or its corresponding type declarations.
examples/jsm/effects/PeppersGhostEffect.js(5,8): error TS2307: Cannot find module 'three' or its corresponding type declarations.
examples/jsm/effects/StereoEffect.js(4,8): error TS2307: Cannot find module 'three' or its corresponding type declarations.
examples/jsm/environments/DebugEnvironment.js(9,8): error TS2307: Cannot find module 'three' or its corresponding type declarations.
examples/jsm/environments/DebugEnvironment.js(22,8): error TS2339: Property 'add' does not exist on type 'DebugEnvironment'.
examples/jsm/environments/DebugEnvironment.js(25,8): error TS2339: Property 'add' does not exist on type 'DebugEnvironment'.
examples/jsm/environments/DebugEnvironment.js(32,8): error TS2339: Property 'add' does not exist on type 'DebugEnvironment'.
examples/jsm/environments/DebugEnvironment.js(39,8): error TS2339: Property 'add' does not exist on type 'DebugEnvironment'.
examples/jsm/environments/DebugEnvironment.js(46,8): error TS2339: Property 'add' does not exist on type 'DebugEnvironment'.
examples/jsm/environments/RoomEnvironment.js(13,8): error TS2307: Cannot find module 'three' or its corresponding type declarations.
examples/jsm/environments/RoomEnvironment.js(29,8): error TS2339: Property 'add' does not exist on type 'RoomEnvironment'.
examples/jsm/environments/RoomEnvironment.js(34,8): error TS2339: Property 'add' does not exist on type 'RoomEnvironment'.
examples/jsm/environments/RoomEnvironment.js(40,8): error TS2339: Property 'add' does not exist on type 'RoomEnvironment'.
examples/jsm/environments/RoomEnvironment.js(46,8): error TS2339: Property 'add' does not exist on type 'RoomEnvironment'.
examples/jsm/environments/RoomEnvironment.js(52,8): error TS2339: Property 'add' does not exist on type 'RoomEnvironment'.
examples/jsm/environments/RoomEnvironment.js(58,8): error TS2339: Property 'add' does not exist on type 'RoomEnvironment'.
examples/jsm/environments/RoomEnvironment.js(64,8): error TS2339: Property 'add' does not exist on type 'RoomEnvironment'.
examples/jsm/environments/RoomEnvironment.js(70,8): error TS2339: Property 'add' does not exist on type 'RoomEnvironment'.
examples/jsm/environments/RoomEnvironment.js(77,8): error TS2339: Property 'add' does not exist on type 'RoomEnvironment'.
examples/jsm/environments/RoomEnvironment.js(83,8): error TS2339: Property 'add' does not exist on type 'RoomEnvironment'.
examples/jsm/environments/RoomEnvironment.js(89,8): error TS2339: Property 'add' does not exist on type 'RoomEnvironment'.
examples/jsm/environments/RoomEnvironment.js(95,8): error TS2339: Property 'add' does not exist on type 'RoomEnvironment'.
examples/jsm/environments/RoomEnvironment.js(101,8): error TS2339: Property 'add' does not exist on type 'RoomEnvironment'.
examples/jsm/environments/RoomEnvironment.js(107,8): error TS2339: Property 'add' does not exist on type 'RoomEnvironment'.
examples/jsm/environments/RoomEnvironment.js(115,8): error TS2339: Property 'traverse' does not exist on type 'RoomEnvironment'.
examples/jsm/exporters/DRACOExporter.js(1,56): error TS2307: Cannot find module 'three' or its corresponding type declarations.
examples/jsm/exporters/DRACOExporter.js(75,17): error TS2339: Property 'exportNormals' does not exist on type '{}'.
examples/jsm/exporters/DRACOExporter.js(87,17): error TS2339: Property 'exportUvs' does not exist on type '{}'.
examples/jsm/exporters/DRACOExporter.js(99,17): error TS2339: Property 'exportColor' does not exist on type '{}'.
examples/jsm/exporters/DRACOExporter.js(121,17): error TS2339: Property 'exportColor' does not exist on type '{}'.
examples/jsm/exporters/DRACOExporter.js(147,33): error TS2339: Property 'encodeSpeed' does not exist on type '{}'.
examples/jsm/exporters/DRACOExporter.js(147,71): error TS2339: Property 'encodeSpeed' does not exist on type '{}'.
examples/jsm/exporters/DRACOExporter.js(148,33): error TS2339: Property 'decodeSpeed' does not exist on type '{}'.
examples/jsm/exporters/DRACOExporter.js(148,71): error TS2339: Property 'decodeSpeed' does not exist on type '{}'.
examples/jsm/exporters/DRACOExporter.js(154,16): error TS2339: Property 'encoderMethod' does not exist on type '{}'.
examples/jsm/exporters/DRACOExporter.js(156,39): error TS2339: Property 'encoderMethod' does not exist on type '{}'.
examples/jsm/exporters/DRACOExporter.js(162,16): error TS2339: Property 'quantization' does not exist on type '{}'.
examples/jsm/exporters/DRACOExporter.js(166,18): error TS2339: Property 'quantization' does not exist on type '{}'.
examples/jsm/exporters/DRACOExporter.js(168,51): error TS2339: Property 'quantization' does not exist on type '{}'.
examples/jsm/exporters/EXRExporter.js(13,8): error TS2307: Cannot find module 'three' or its corresponding type declarations.
examples/jsm/exporters/EXRExporter.js(14,25): error TS6307: File 'C:/Users/srigaud/Desktop/three.js/examples/jsm/libs/fflate.module.js' is not listed within the file list of project 'C:/Users/srigaud/Desktop/three.js/tsconfig.json'. Projects must list all files or use an 'include' pattern.
  The file is in the program because:
    Imported via '../libs/fflate.module.js' from file 'C:/Users/srigaud/Desktop/three.js/examples/jsm/exporters/EXRExporter.js'
    Imported via '../libs/fflate.module.js' from file 'C:/Users/srigaud/Desktop/three.js/examples/jsm/exporters/USDZExporter.js'
    Imported via '../libs/fflate.module.js' from file 'C:/Users/srigaud/Desktop/three.js/examples/jsm/loaders/EXRLoader.js'
    Imported via '../libs/fflate.module.js' from file 'C:/Users/srigaud/Desktop/three.js/examples/jsm/loaders/3MFLoader.js'
    Imported via '../libs/fflate.module.js' from file 'C:/Users/srigaud/Desktop/three.js/examples/jsm/loaders/AMFLoader.js'
    Imported via '../libs/fflate.module.js' from file 'C:/Users/srigaud/Desktop/three.js/examples/jsm/loaders/FBXLoader.js'
    Imported via '../libs/fflate.module.js' from file 'C:/Users/srigaud/Desktop/three.js/examples/jsm/loaders/KMZLoader.js'
    Imported via '../libs/fflate.module.js' from file 'C:/Users/srigaud/Desktop/three.js/examples/jsm/loaders/NRRDLoader.js'
    Imported via '../libs/fflate.module.js' from file 'C:/Users/srigaud/Desktop/three.js/examples/jsm/loaders/USDZLoader.js'
    Imported via '../libs/fflate.module.js' from file 'C:/Users/srigaud/Desktop/three.js/examples/jsm/loaders/VTKLoader.js'
examples/jsm/exporters/EXRExporter.js(136,27): error TS2339: Property 'compression' does not exist on type '{}'.
examples/jsm/exporters/EXRExporter.js(136,65): error TS2339: Property 'compression' does not exist on type '{}'.
examples/jsm/exporters/EXRExporter.js(137,29): error TS2339: Property 'type' does not exist on type '{}'.
examples/jsm/exporters/EXRExporter.js(137,60): error TS2339: Property 'type' does not exist on type '{}'.
examples/jsm/exporters/EXRExporter.js(139,22): error TS7053: Element implicitly has an 'any' type because expression of type 'any' can't be used to index type '{ 0: number; 2: number; 3: number; }'.
examples/jsm/exporters/EXRExporter.js(170,27): error TS2339: Property 'compression' does not exist on type '{}'.
examples/jsm/exporters/EXRExporter.js(170,65): error TS2339: Property 'compression' does not exist on type '{}'.
examples/jsm/exporters/EXRExporter.js(171,29): error TS2339: Property 'type' does not exist on type '{}'.
examples/jsm/exporters/EXRExporter.js(171,60): error TS2339: Property 'type' does not exist on type '{}'.
examples/jsm/exporters/EXRExporter.js(173,22): error TS7053: Element implicitly has an 'any' type because expression of type 'any' can't be used to index type '{ 0: number; 2: number; 3: number; }'.
examples/jsm/exporters/EXRExporter.js(299,17): error TS2722: Cannot invoke an object which is possibly 'undefined'.
examples/jsm/exporters/EXRExporter.js(299,17): error TS18048: 'compress' is possibly 'undefined'.
examples/jsm/exporters/EXRExporter.js(355,25): error TS2554: Expected 2 arguments, but got 1.
examples/jsm/exporters/GLTFExporter.js(28,8): error TS2307: Cannot find module 'three' or its corresponding type declarations.
examples/jsm/exporters/GLTFExporter.js(71,3): error TS7008: Member 'pluginCallbacks' implicitly has an 'any[]' type.
examples/jsm/exporters/GLTFExporter.js(194,20): error TS2503: Cannot find namespace 'THREE'.
examples/jsm/exporters/GLTFExporter.js(212,54): error TS2345: Argument of type 'Function' is not assignable to parameter of type '(reason: any) => PromiseLike<never>'.
  Type 'Function' provides no match for the signature '(reason: any): PromiseLike<never>'.
examples/jsm/exporters/GLTFExporter.js(270,1): error TS7053: Element implicitly has an 'any' type because expression of type 'any' can't be used to index type 'typeof THREE_TO_WEBGL'.
examples/jsm/exporters/GLTFExporter.js(271,1): error TS7053: Element implicitly has an 'any' type because expression of type 'any' can't be used to index type 'typeof THREE_TO_WEBGL'.
examples/jsm/exporters/GLTFExporter.js(272,1): error TS7053: Element implicitly has an 'any' type because expression of type 'any' can't be used to index type 'typeof THREE_TO_WEBGL'.
examples/jsm/exporters/GLTFExporter.js(273,1): error TS7053: Element implicitly has an 'any' type because expression of type 'any' can't be used to index type 'typeof THREE_TO_WEBGL'.
examples/jsm/exporters/GLTFExporter.js(274,1): error TS7053: Element implicitly has an 'any' type because expression of type 'any' can't be used to index type 'typeof THREE_TO_WEBGL'.
examples/jsm/exporters/GLTFExporter.js(275,1): error TS7053: Element implicitly has an 'any' type because expression of type 'any' can't be used to index type 'typeof THREE_TO_WEBGL'.
examples/jsm/exporters/GLTFExporter.js(277,1): error TS7053: Element implicitly has an 'any' type because expression of type 'any' can't be used to index type 'typeof THREE_TO_WEBGL'.
examples/jsm/exporters/GLTFExporter.js(278,1): error TS7053: Element implicitly has an 'any' type because expression of type 'any' can't be used to index type 'typeof THREE_TO_WEBGL'.
examples/jsm/exporters/GLTFExporter.js(279,1): error TS7053: Element implicitly has an 'any' type because expression of type 'any' can't be used to index type 'typeof THREE_TO_WEBGL'.
examples/jsm/exporters/GLTFExporter.js(307,13): error TS2314: Generic type 'Array<T>' requires 1 type argument(s).
examples/jsm/exporters/GLTFExporter.js(308,13): error TS2314: Generic type 'Array<T>' requires 1 type argument(s).
examples/jsm/exporters/GLTFExporter.js(448,14): error TS2584: Cannot find name 'document'. Do you need to change your target library? Try changing the 'lib' compiler option to include 'dom'.
examples/jsm/exporters/GLTFExporter.js(454,9): error TS2584: Cannot find name 'document'. Do you need to change your target library? Try changing the 'lib' compiler option to include 'dom'.
examples/jsm/exporters/GLTFExporter.js(496,3): error TS7008: Member 'plugins' implicitly has an 'any[]' type.
examples/jsm/exporters/GLTFExporter.js(499,3): error TS7008: Member 'pending' implicitly has an 'any[]' type.
examples/jsm/exporters/GLTFExporter.js(500,3): error TS7008: Member 'buffers' implicitly has an 'any[]' type.
examples/jsm/exporters/GLTFExporter.js(505,3): error TS7008: Member 'skins' implicitly has an 'any[]' type.
examples/jsm/exporters/GLTFExporter.js(548,19): error TS2503: Cannot find namespace 'THREE'.
examples/jsm/exporters/GLTFExporter.js(564,21): error TS2339: Property 'animations' does not exist on type '{}'.
examples/jsm/exporters/GLTFExporter.js(567,17): error TS2339: Property 'trs' does not exist on type '{}'.
examples/jsm/exporters/GLTFExporter.js(584,20): error TS2693: 'Blob' only refers to a type, but is being used as a value here.
examples/jsm/exporters/GLTFExporter.js(590,45): error TS2339: Property 'extensionsUsed' does not exist on type '{ asset: { version: string; generator: string; }; }'.
examples/jsm/exporters/GLTFExporter.js(591,49): error TS2339: Property 'extensionsRequired' does not exist on type '{ asset: { version: string; generator: string; }; }'.
examples/jsm/exporters/GLTFExporter.js(594,13): error TS2339: Property 'buffers' does not exist on type '{ asset: { version: string; generator: string; }; }'.
examples/jsm/exporters/GLTFExporter.js(594,29): error TS2339: Property 'buffers' does not exist on type '{ asset: { version: string; generator: string; }; }'.
examples/jsm/exporters/GLTFExporter.js(594,55): error TS2339: Property 'buffers' does not exist on type '{ asset: { version: string; generator: string; }; }'.
examples/jsm/exporters/GLTFExporter.js(596,16): error TS2339: Property 'binary' does not exist on type 'Object'.
examples/jsm/exporters/GLTFExporter.js(626,25): error TS2693: 'Blob' only refers to a type, but is being used as a value here.
examples/jsm/exporters/GLTFExporter.js(646,14): error TS2339: Property 'buffers' does not exist on type '{ asset: { version: string; generator: string; }; }'.
examples/jsm/exporters/GLTFExporter.js(646,30): error TS2339: Property 'buffers' does not exist on type '{ asset: { version: string; generator: string; }; }'.
examples/jsm/exporters/GLTFExporter.js(653,11): error TS2339: Property 'buffers' does not exist on type '{ asset: { version: string; generator: string; }; }'.
examples/jsm/exporters/GLTFExporter.js(672,13): error TS2503: Cannot find namespace 'THREE'.
examples/jsm/exporters/GLTFExporter.js(672,28): error TS2503: Cannot find namespace 'THREE'.
examples/jsm/exporters/GLTFExporter.js(686,17): error TS2339: Property 'includeCustomExtensions' does not exist on type '{}'.
examples/jsm/exporters/GLTFExporter.js(688,20): error TS2339: Property 'extensions' does not exist on type 'Object'.
examples/jsm/exporters/GLTFExporter.js(688,57): error TS2339: Property 'extensions' does not exist on type 'Object'.
examples/jsm/exporters/GLTFExporter.js(692,16): error TS2339: Property 'extensions' does not exist on type 'Object'.
examples/jsm/exporters/GLTFExporter.js(693,6): error TS7053: Element implicitly has an 'any' type because expression of type 'string' can't be used to index type '{}'.
  No index signature with a parameter of type 'string' was found on type '{}'.
examples/jsm/exporters/GLTFExporter.js(701,52): error TS2339: Property 'extras' does not exist on type 'Object'.
examples/jsm/exporters/GLTFExporter.js(706,65): error TS18046: 'error' is of type 'unknown'.
examples/jsm/exporters/GLTFExporter.js(809,13): error TS2503: Cannot find namespace 'THREE'.
examples/jsm/exporters/GLTFExporter.js(839,11): error TS2339: Property 'extensions' does not exist on type 'Object'.
examples/jsm/exporters/GLTFExporter.js(840,11): error TS2339: Property 'extensions' does not exist on type 'Object'.
examples/jsm/exporters/GLTFExporter.js(841,4): error TS7053: Element implicitly has an 'any' type because expression of type '"KHR_texture_transform"' can't be used to index type '{}'.
  Property 'KHR_texture_transform' does not exist on type '{}'.
examples/jsm/exporters/GLTFExporter.js(978,15): error TS2339: Property 'buffers' does not exist on type '{ asset: { version: string; generator: string; }; }'.
examples/jsm/exporters/GLTFExporter.js(978,30): error TS2339: Property 'buffers' does not exist on type '{ asset: { version: string; generator: string; }; }'.
examples/jsm/exporters/GLTFExporter.js(1000,15): error TS2339: Property 'bufferViews' does not exist on type '{ asset: { version: string; generator: string; }; }'.
examples/jsm/exporters/GLTFExporter.js(1000,34): error TS2339: Property 'bufferViews' does not exist on type '{ asset: { version: string; generator: string; }; }'.
examples/jsm/exporters/GLTFExporter.js(1119,45): error TS2339: Property 'target' does not exist on type '{ buffer: Integer; byteOffset: number; byteLength: Integer; }'.
examples/jsm/exporters/GLTFExporter.js(1124,18): error TS2339: Property 'byteStride' does not exist on type '{ buffer: Integer; byteOffset: number; byteLength: Integer; }'.
examples/jsm/exporters/GLTFExporter.js(1130,8): error TS2339: Property 'bufferViews' does not exist on type '{ asset: { version: string; generator: string; }; }'.
examples/jsm/exporters/GLTFExporter.js(1135,13): error TS2339: Property 'bufferViews' does not exist on type '{ asset: { version: string; generator: string; }; }'.
examples/jsm/exporters/GLTFExporter.js(1154,15): error TS2339: Property 'bufferViews' does not exist on type '{ asset: { version: string; generator: string; }; }'.
examples/jsm/exporters/GLTFExporter.js(1154,34): error TS2339: Property 'bufferViews' does not exist on type '{ asset: { version: string; generator: string; }; }'.
examples/jsm/exporters/GLTFExporter.js(1171,19): error TS2339: Property 'bufferViews' does not exist on type '{ asset: { version: string; generator: string; }; }'.
examples/jsm/exporters/GLTFExporter.js(1182,14): error TS2503: Cannot find namespace 'THREE'.
examples/jsm/exporters/GLTFExporter.js(1256,86): error TS2345: Argument of type 'number | undefined' is not assignable to parameter of type 'number'.
  Type 'undefined' is not assignable to type 'number'.
examples/jsm/exporters/GLTFExporter.js(1260,27): error TS2339: Property 'id' does not exist on type 'Object'.
examples/jsm/exporters/GLTFExporter.js(1261,27): error TS2339: Property 'byteOffset' does not exist on type 'Object'.
examples/jsm/exporters/GLTFExporter.js(1264,16): error TS2339: Property 'max' does not exist on type 'Object'.
examples/jsm/exporters/GLTFExporter.js(1265,16): error TS2339: Property 'min' does not exist on type 'Object'.
examples/jsm/exporters/GLTFExporter.js(1266,10): error TS7053: Element implicitly has an 'any' type because expression of type 'any' can't be used to index type '{ 1: string; 2: string; 3: string; 4: string; 9: string; 16: string; }'.
examples/jsm/exporters/GLTFExporter.js(1270,52): error TS2339: Property 'normalized' does not exist on type '{ bufferView: any; byteOffset: any; componentType: number; count: Integer; max: any; min: any; type: any; }'.
examples/jsm/exporters/GLTFExporter.js(1271,15): error TS2339: Property 'accessors' does not exist on type '{ asset: { version: string; generator: string; }; }'.
examples/jsm/exporters/GLTFExporter.js(1271,32): error TS2339: Property 'accessors' does not exist on type '{ asset: { version: string; generator: string; }; }'.
examples/jsm/exporters/GLTFExporter.js(1273,15): error TS2339: Property 'accessors' does not exist on type '{ asset: { version: string; generator: string; }; }'.
examples/jsm/exporters/GLTFExporter.js(1303,16): error TS2339: Property 'images' does not exist on type '{ asset: { version: string; generator: string; }; }'.
examples/jsm/exporters/GLTFExporter.js(1303,30): error TS2339: Property 'images' does not exist on type '{ asset: { version: string; generator: string; }; }'.
examples/jsm/exporters/GLTFExporter.js(1309,50): error TS2339: Property 'maxTextureSize' does not exist on type '{}'.
examples/jsm/exporters/GLTFExporter.js(1310,52): error TS2339: Property 'maxTextureSize' does not exist on type '{}'.
examples/jsm/exporters/GLTFExporter.js(1331,32): error TS2339: Property 'maxTextureSize' does not exist on type '{}'.
examples/jsm/exporters/GLTFExporter.js(1331,73): error TS2339: Property 'maxTextureSize' does not exist on type '{}'.
examples/jsm/exporters/GLTFExporter.js(1367,17): error TS2339: Property 'binary' does not exist on type '{}'.
examples/jsm/exporters/GLTFExporter.js(1375,17): error TS2339: Property 'bufferView' does not exist on type '{ mimeType: string; }'.
examples/jsm/exporters/GLTFExporter.js(1385,15): error TS2339: Property 'uri' does not exist on type '{ mimeType: string; }'.
examples/jsm/exporters/GLTFExporter.js(1395,18): error TS2339: Property 'uri' does not exist on type '{ mimeType: string; }'.
examples/jsm/exporters/GLTFExporter.js(1405,23): error TS2339: Property 'images' does not exist on type '{ asset: { version: string; generator: string; }; }'.
examples/jsm/exporters/GLTFExporter.js(1426,15): error TS2339: Property 'samplers' does not exist on type '{ asset: { version: string; generator: string; }; }'.
examples/jsm/exporters/GLTFExporter.js(1426,31): error TS2339: Property 'samplers' does not exist on type '{ asset: { version: string; generator: string; }; }'.
examples/jsm/exporters/GLTFExporter.js(1429,15): error TS7053: Element implicitly has an 'any' type because expression of type 'any' can't be used to index type 'typeof THREE_TO_WEBGL'.
examples/jsm/exporters/GLTFExporter.js(1430,15): error TS7053: Element implicitly has an 'any' type because expression of type 'any' can't be used to index type 'typeof THREE_TO_WEBGL'.
examples/jsm/exporters/GLTFExporter.js(1431,11): error TS7053: Element implicitly has an 'any' type because expression of type 'any' can't be used to index type 'typeof THREE_TO_WEBGL'.
examples/jsm/exporters/GLTFExporter.js(1432,11): error TS7053: Element implicitly has an 'any' type because expression of type 'any' can't be used to index type 'typeof THREE_TO_WEBGL'.
examples/jsm/exporters/GLTFExporter.js(1435,15): error TS2339: Property 'samplers' does not exist on type '{ asset: { version: string; generator: string; }; }'.
examples/jsm/exporters/GLTFExporter.js(1453,15): error TS2339: Property 'textures' does not exist on type '{ asset: { version: string; generator: string; }; }'.
examples/jsm/exporters/GLTFExporter.js(1453,31): error TS2339: Property 'textures' does not exist on type '{ asset: { version: string; generator: string; }; }'.
examples/jsm/exporters/GLTFExporter.js(1458,58): error TS2339: Property 'maxTextureSize' does not exist on type '{}'.
examples/jsm/exporters/GLTFExporter.js(1471,30): error TS2339: Property 'name' does not exist on type '{ sampler: Integer; source: Integer; }'.
examples/jsm/exporters/GLTFExporter.js(1479,22): error TS2339: Property 'textures' does not exist on type '{ asset: { version: string; generator: string; }; }'.
examples/jsm/exporters/GLTFExporter.js(1487,14): error TS2503: Cannot find namespace 'THREE'.
examples/jsm/exporters/GLTFExporter.js(1504,15): error TS2339: Property 'materials' does not exist on type '{ asset: { version: string; generator: string; }; }'.
examples/jsm/exporters/GLTFExporter.js(1504,32): error TS2339: Property 'materials' does not exist on type '{ asset: { version: string; generator: string; }; }'.
examples/jsm/exporters/GLTFExporter.js(1520,37): error TS2339: Property 'baseColorFactor' does not exist on type '{}'.
examples/jsm/exporters/GLTFExporter.js(1526,37): error TS2339: Property 'metallicFactor' does not exist on type '{}'.
examples/jsm/exporters/GLTFExporter.js(1527,37): error TS2339: Property 'roughnessFactor' does not exist on type '{}'.
examples/jsm/exporters/GLTFExporter.js(1531,37): error TS2339: Property 'metallicFactor' does not exist on type '{}'.
examples/jsm/exporters/GLTFExporter.js(1532,37): error TS2339: Property 'roughnessFactor' does not exist on type '{}'.
examples/jsm/exporters/GLTFExporter.js(1546,37): error TS2339: Property 'metallicRoughnessTexture' does not exist on type '{}'.
examples/jsm/exporters/GLTFExporter.js(1558,37): error TS2339: Property 'baseColorTexture' does not exist on type '{}'.
examples/jsm/exporters/GLTFExporter.js(1569,17): error TS2339: Property 'emissiveFactor' does not exist on type '{ pbrMetallicRoughness: {}; }'.
examples/jsm/exporters/GLTFExporter.js(1581,17): error TS2339: Property 'emissiveTexture' does not exist on type '{ pbrMetallicRoughness: {}; }'.
examples/jsm/exporters/GLTFExporter.js(1599,18): error TS2339: Property 'scale' does not exist on type '{ index: Integer; texCoord: any; }'.
examples/jsm/exporters/GLTFExporter.js(1604,16): error TS2339: Property 'normalTexture' does not exist on type '{ pbrMetallicRoughness: {}; }'.
examples/jsm/exporters/GLTFExporter.js(1618,21): error TS2339: Property 'strength' does not exist on type '{ index: Integer; texCoord: any; }'.
examples/jsm/exporters/GLTFExporter.js(1623,16): error TS2339: Property 'occlusionTexture' does not exist on type '{ pbrMetallicRoughness: {}; }'.
examples/jsm/exporters/GLTFExporter.js(1630,16): error TS2339: Property 'alphaMode' does not exist on type '{ pbrMetallicRoughness: {}; }'.
examples/jsm/exporters/GLTFExporter.js(1636,17): error TS2339: Property 'alphaMode' does not exist on type '{ pbrMetallicRoughness: {}; }'.
examples/jsm/exporters/GLTFExporter.js(1637,17): error TS2339: Property 'alphaCutoff' does not exist on type '{ pbrMetallicRoughness: {}; }'.
examples/jsm/exporters/GLTFExporter.js(1644,51): error TS2339: Property 'doubleSided' does not exist on type '{ pbrMetallicRoughness: {}; }'.
examples/jsm/exporters/GLTFExporter.js(1645,43): error TS2339: Property 'name' does not exist on type '{ pbrMetallicRoughness: {}; }'.
examples/jsm/exporters/GLTFExporter.js(1655,22): error TS2339: Property 'materials' does not exist on type '{ asset: { version: string; generator: string; }; }'.
examples/jsm/exporters/GLTFExporter.js(1663,14): error TS2503: Cannot find namespace 'THREE'.
examples/jsm/exporters/GLTFExporter.js(1754,20): error TS7053: Element implicitly has an 'any' type because expression of type 'string' can't be used to index type '{ uv: string; uv1: string; uv2: string; uv3: string; color: string; skinWeight: string; skinIndex: string; }'.
  No index signature with a parameter of type 'string' was found on type '{ uv: string; uv1: string; uv2: string; uv3: string; color: string; skinWeight: string; skinIndex: string; }'.
examples/jsm/exporters/GLTFExporter.js(1765,5): error TS7053: Element implicitly has an 'any' type because expression of type 'string' can't be used to index type '{}'.
  No index signature with a parameter of type 'string' was found on type '{}'.
examples/jsm/exporters/GLTFExporter.js(1790,26): error TS2554: Expected 4 arguments, but got 2.
examples/jsm/exporters/GLTFExporter.js(1800,5): error TS7053: Element implicitly has an 'any' type because expression of type 'string' can't be used to index type '{}'.
  No index signature with a parameter of type 'string' was found on type '{}'.
examples/jsm/exporters/GLTFExporter.js(1823,6): error TS7053: Element implicitly has an 'any' type because expression of type 'any' can't be used to index type '{}'.
examples/jsm/exporters/GLTFExporter.js(1864,7): error TS7053: Element implicitly has an 'any' type because expression of type 'string' can't be used to index type '{}'.
  No index signature with a parameter of type 'string' was found on type '{}'.
examples/jsm/exporters/GLTFExporter.js(1889,6): error TS7053: Element implicitly has an 'any' type because expression of type 'string' can't be used to index type '{}'.
  No index signature with a parameter of type 'string' was found on type '{}'.
examples/jsm/exporters/GLTFExporter.js(1889,41): error TS2554: Expected 4 arguments, but got 2.
examples/jsm/exporters/GLTFExporter.js(1890,64): error TS7053: Element implicitly has an 'any' type because expression of type 'string' can't be used to index type '{}'.
  No index signature with a parameter of type 'string' was found on type '{}'.
examples/jsm/exporters/GLTFExporter.js(1898,71): error TS7053: Element implicitly has an 'any' type because expression of type 'number' can't be used to index type '{}'.
  No index signature with a parameter of type 'number' was found on type '{}'.
examples/jsm/exporters/GLTFExporter.js(1947,40): error TS2339: Property 'targets' does not exist on type '{ mode: number; attributes: {}; }'.
examples/jsm/exporters/GLTFExporter.js(1961,16): error TS2339: Property 'indices' does not exist on type '{ mode: number; attributes: {}; }'.
examples/jsm/exporters/GLTFExporter.js(1965,16): error TS2339: Property 'indices' does not exist on type '{ mode: number; attributes: {}; }'.
examples/jsm/exporters/GLTFExporter.js(1966,48): error TS2339: Property 'indices' does not exist on type '{ mode: number; attributes: {}; }'.
examples/jsm/exporters/GLTFExporter.js(1970,20): error TS2339: Property 'indices' does not exist on type '{ mode: number; attributes: {}; }'.
examples/jsm/exporters/GLTFExporter.js(1970,56): error TS2339: Property 'indices' does not exist on type '{ mode: number; attributes: {}; }'.
examples/jsm/exporters/GLTFExporter.js(1976,39): error TS2339: Property 'material' does not exist on type '{ mode: number; attributes: {}; }'.
examples/jsm/exporters/GLTFExporter.js(1990,15): error TS2339: Property 'meshes' does not exist on type '{ asset: { version: string; generator: string; }; }'.
examples/jsm/exporters/GLTFExporter.js(1990,29): error TS2339: Property 'meshes' does not exist on type '{ asset: { version: string; generator: string; }; }'.
examples/jsm/exporters/GLTFExporter.js(1998,22): error TS2339: Property 'meshes' does not exist on type '{ asset: { version: string; generator: string; }; }'.
examples/jsm/exporters/GLTFExporter.js(2013,13): error TS2503: Cannot find namespace 'THREE'.
examples/jsm/exporters/GLTFExporter.js(2017,8): error TS7053: Element implicitly has an 'any' type because expression of type '"KHR_mesh_quantization"' can't be used to index type '{}'.
  Property 'KHR_mesh_quantization' does not exist on type '{}'.
examples/jsm/exporters/GLTFExporter.js(2057,8): error TS7053: Element implicitly has an 'any' type because expression of type 'string' can't be used to index type '{ POSITION: string[]; NORMAL: string[]; TANGENT: string[]; TEXCOORD: string[]; }'.
  No index signature with a parameter of type 'string' was found on type '{ POSITION: string[]; NORMAL: string[]; TANGENT: string[]; TEXCOORD: string[]; }'.
examples/jsm/exporters/GLTFExporter.js(2057,66): error TS7053: Element implicitly has an 'any' type because expression of type 'string' can't be used to index type '{ POSITION: string[]; NORMAL: string[]; TANGENT: string[]; TEXCOORD: string[]; }'.
  No index signature with a parameter of type 'string' was found on type '{ POSITION: string[]; NORMAL: string[]; TANGENT: string[]; TEXCOORD: string[]; }'.
examples/jsm/exporters/GLTFExporter.js(2059,4): error TS7053: Element implicitly has an 'any' type because expression of type '"KHR_mesh_quantization"' can't be used to index type '{}'.
  Property 'KHR_mesh_quantization' does not exist on type '{}'.
examples/jsm/exporters/GLTFExporter.js(2060,4): error TS7053: Element implicitly has an 'any' type because expression of type '"KHR_mesh_quantization"' can't be used to index type '{}'.
  Property 'KHR_mesh_quantization' does not exist on type '{}'.
examples/jsm/exporters/GLTFExporter.js(2068,14): error TS2503: Cannot find namespace 'THREE'.
examples/jsm/exporters/GLTFExporter.js(2075,15): error TS2339: Property 'cameras' does not exist on type '{ asset: { version: string; generator: string; }; }'.
examples/jsm/exporters/GLTFExporter.js(2075,30): error TS2339: Property 'cameras' does not exist on type '{ asset: { version: string; generator: string; }; }'.
examples/jsm/exporters/GLTFExporter.js(2085,14): error TS2339: Property 'orthographic' does not exist on type '{ type: string; }'.
examples/jsm/exporters/GLTFExporter.js(2094,14): error TS2339: Property 'perspective' does not exist on type '{ type: string; }'.
examples/jsm/exporters/GLTFExporter.js(2104,39): error TS2339: Property 'name' does not exist on type '{ type: string; }'.
examples/jsm/exporters/GLTFExporter.js(2106,15): error TS2339: Property 'cameras' does not exist on type '{ asset: { version: string; generator: string; }; }'.
examples/jsm/exporters/GLTFExporter.js(2116,13): error TS2503: Cannot find namespace 'THREE'.
examples/jsm/exporters/GLTFExporter.js(2117,13): error TS2503: Cannot find namespace 'THREE'.
examples/jsm/exporters/GLTFExporter.js(2125,15): error TS2339: Property 'animations' does not exist on type '{ asset: { version: string; generator: string; }; }'.
examples/jsm/exporters/GLTFExporter.js(2125,33): error TS2339: Property 'animations' does not exist on type '{ asset: { version: string; generator: string; }; }'.
examples/jsm/exporters/GLTFExporter.js(2138,26): error TS7053: Element implicitly has an 'any' type because expression of type 'any' can't be used to index type '{ scale: string; position: string; quaternion: string; morphTargetInfluences: string; }'.
examples/jsm/exporters/GLTFExporter.js(2197,17): error TS2554: Expected 4 arguments, but got 1.
examples/jsm/exporters/GLTFExporter.js(2198,18): error TS2554: Expected 4 arguments, but got 1.
examples/jsm/exporters/GLTFExporter.js(2212,8): error TS2339: Property 'animations' does not exist on type '{ asset: { version: string; generator: string; }; }'.
examples/jsm/exporters/GLTFExporter.js(2213,38): error TS2339: Property 'animations' does not exist on type '{ asset: { version: string; generator: string; }; }'.
examples/jsm/exporters/GLTFExporter.js(2218,15): error TS2339: Property 'animations' does not exist on type '{ asset: { version: string; generator: string; }; }'.
examples/jsm/exporters/GLTFExporter.js(2223,13): error TS2503: Cannot find namespace 'THREE'.
examples/jsm/exporters/GLTFExporter.js(2231,21): error TS2339: Property 'nodes' does not exist on type '{ asset: { version: string; generator: string; }; }'.
examples/jsm/exporters/GLTFExporter.js(2253,13): error TS2339: Property 'skins' does not exist on type '{ asset: { version: string; generator: string; }; }'.
examples/jsm/exporters/GLTFExporter.js(2253,40): error TS2339: Property 'skins' does not exist on type '{ asset: { version: string; generator: string; }; }'.
examples/jsm/exporters/GLTFExporter.js(2255,8): error TS2339: Property 'skins' does not exist on type '{ asset: { version: string; generator: string; }; }'.
examples/jsm/exporters/GLTFExporter.js(2256,30): error TS2554: Expected 4 arguments, but got 1.
examples/jsm/exporters/GLTFExporter.js(2261,38): error TS2339: Property 'skins' does not exist on type '{ asset: { version: string; generator: string; }; }'.
examples/jsm/exporters/GLTFExporter.js(2269,14): error TS2503: Cannot find namespace 'THREE'.
examples/jsm/exporters/GLTFExporter.js(2278,15): error TS2339: Property 'nodes' does not exist on type '{ asset: { version: string; generator: string; }; }'.
examples/jsm/exporters/GLTFExporter.js(2278,28): error TS2339: Property 'nodes' does not exist on type '{ asset: { version: string; generator: string; }; }'.
examples/jsm/exporters/GLTFExporter.js(2282,16): error TS2339: Property 'trs' does not exist on type '{}'.
examples/jsm/exporters/GLTFExporter.js(2349,35): error TS2339: Property 'onlyVisible' does not exist on type '{}'.
examples/jsm/exporters/GLTFExporter.js(2369,26): error TS2339: Property 'nodes' does not exist on type '{ asset: { version: string; generator: string; }; }'.
examples/jsm/exporters/GLTFExporter.js(2384,15): error TS2339: Property 'scenes' does not exist on type '{ asset: { version: string; generator: string; }; }'.
examples/jsm/exporters/GLTFExporter.js(2386,9): error TS2339: Property 'scenes' does not exist on type '{ asset: { version: string; generator: string; }; }'.
examples/jsm/exporters/GLTFExporter.js(2387,9): error TS2339: Property 'scene' does not exist on type '{ asset: { version: string; generator: string; }; }'.
examples/jsm/exporters/GLTFExporter.js(2395,8): error TS2339: Property 'scenes' does not exist on type '{ asset: { version: string; generator: string; }; }'.
examples/jsm/exporters/GLTFExporter.js(2403,34): error TS2339: Property 'onlyVisible' does not exist on type '{}'.
examples/jsm/exporters/GLTFExporter.js(2421,14): error TS2314: Generic type 'Array<T>' requires 1 type argument(s).
examples/jsm/exporters/GLTFExporter.js(2441,13): error TS2503: Cannot find namespace 'THREE'.
examples/jsm/exporters/GLTFExporter.js(2441,34): error TS2503: Cannot find namespace 'THREE'.
examples/jsm/exporters/GLTFExporter.js(2483,32): error TS2339: Property 'animations' does not exist on type '{}'.
examples/jsm/exporters/GLTFExporter.js(2485,35): error TS2339: Property 'animations' does not exist on type '{}'.
examples/jsm/exporters/GLTFExporter.js(2693,71): error TS2339: Property 'scale' does not exist on type '{ index: any; texCoord: any; }'.
examples/jsm/exporters/GLTFExporter.js(3226,15): error TS2339: Property '_COLOR_0' does not exist on type '{ TRANSLATION: any; ROTATION: any; SCALE: any; }'.
examples/jsm/exporters/GLTFExporter.js(3378,9): error TS7053: Element implicitly has an 'any' type because expression of type 'any' can't be used to index type '{}'.
examples/jsm/exporters/GLTFExporter.js(3395,5): error TS7053: Element implicitly has an 'any' type because expression of type 'any' can't be used to index type '{}'.
examples/jsm/exporters/GLTFExporter.js(3404,18): error TS7053: Element implicitly has an 'any' type because expression of type 'any' can't be used to index type '{}'.
examples/jsm/exporters/GLTFExporter.js(3420,25): error TS18048: 'keyframeIndex' is possibly 'undefined'.
examples/jsm/exporters/KTX2Exporter.js(17,8): error TS2307: Cannot find module 'three' or its corresponding type declarations.
examples/jsm/exporters/KTX2Exporter.js(46,8): error TS6307: File 'C:/Users/srigaud/Desktop/three.js/examples/jsm/libs/ktx-parse.module.js' is not listed within the file list of project 'C:/Users/srigaud/Desktop/three.js/tsconfig.json'. Projects must list all files or use an 'include' pattern.
  The file is in the program because:
    Imported via '../libs/ktx-parse.module.js' from file 'C:/Users/srigaud/Desktop/three.js/examples/jsm/exporters/KTX2Exporter.js'
    Imported via '../libs/ktx-parse.module.js' from file 'C:/Users/srigaud/Desktop/three.js/examples/jsm/loaders/KTX2Loader.js'
examples/jsm/exporters/KTX2Exporter.js(223,28): error TS2345: Argument of type '{ channelType: number; bitOffset: number; bitLength: number; samplePosition: number[]; sampleLower: number; sampleUpper: number; }' is not assignable to parameter of type 'never'.
examples/jsm/exporters/KTX2Exporter.js(247,3): error TS7053: Element implicitly has an 'any' type because expression of type '"KTXwriter"' can't be used to index type '{}'.
  Property 'KTXwriter' does not exist on type '{}'.
examples/jsm/exporters/OBJExporter.js(8,8): error TS2307: Cannot find module 'three' or its corresponding type declarations.
examples/jsm/exporters/PLYExporter.js(7,8): error TS2307: Cannot find module 'three' or its corresponding type declarations.
examples/jsm/exporters/PLYExporter.js(57,37): error TS2339: Property 'excludeAttributes' does not exist on type '{}'.
examples/jsm/exporters/PLYExporter.js(144,23): error TS2339: Property 'binary' does not exist on type '{}'.
examples/jsm/exporters/PLYExporter.js(144,42): error TS2339: Property 'littleEndian' does not exist on type '{}'.
examples/jsm/exporters/PLYExporter.js(152,8): error TS2367: This comparison appears to be unintentional because the types 'false' and 'true' have no overlap.
examples/jsm/exporters/PLYExporter.js(162,8): error TS2367: This comparison appears to be unintentional because the types 'false' and 'true' have no overlap.
examples/jsm/exporters/PLYExporter.js(171,8): error TS2367: This comparison appears to be unintentional because the types 'false' and 'true' have no overlap.
examples/jsm/exporters/PLYExporter.js(198,16): error TS2339: Property 'binary' does not exist on type '{}'.
examples/jsm/exporters/PLYExporter.js(237,52): error TS2339: Property 'littleEndian' does not exist on type '{}'.
examples/jsm/exporters/PLYExporter.js(240,52): error TS2339: Property 'littleEndian' does not exist on type '{}'.
examples/jsm/exporters/PLYExporter.js(243,52): error TS2339: Property 'littleEndian' does not exist on type '{}'.
examples/jsm/exporters/PLYExporter.js(255,54): error TS2339: Property 'littleEndian' does not exist on type '{}'.
examples/jsm/exporters/PLYExporter.js(258,54): error TS2339: Property 'littleEndian' does not exist on type '{}'.
examples/jsm/exporters/PLYExporter.js(261,54): error TS2339: Property 'littleEndian' does not exist on type '{}'.
examples/jsm/exporters/PLYExporter.js(266,47): error TS2339: Property 'littleEndian' does not exist on type '{}'.
examples/jsm/exporters/PLYExporter.js(269,47): error TS2339: Property 'littleEndian' does not exist on type '{}'.
examples/jsm/exporters/PLYExporter.js(272,47): error TS2339: Property 'littleEndian' does not exist on type '{}'.
examples/jsm/exporters/PLYExporter.js(284,59): error TS2339: Property 'littleEndian' does not exist on type '{}'.
examples/jsm/exporters/PLYExporter.js(287,59): error TS2339: Property 'littleEndian' does not exist on type '{}'.
examples/jsm/exporters/PLYExporter.js(292,47): error TS2339: Property 'littleEndian' does not exist on type '{}'.
examples/jsm/exporters/PLYExporter.js(295,47): error TS2339: Property 'littleEndian' does not exist on type '{}'.
examples/jsm/exporters/PLYExporter.js(348,84): error TS2339: Property 'littleEndian' does not exist on type '{}'.
examples/jsm/exporters/PLYExporter.js(351,84): error TS2339: Property 'littleEndian' does not exist on type '{}'.
examples/jsm/exporters/PLYExporter.js(354,84): error TS2339: Property 'littleEndian' does not exist on type '{}'.
examples/jsm/exporters/PLYExporter.js(366,64): error TS2339: Property 'littleEndian' does not exist on type '{}'.
examples/jsm/exporters/PLYExporter.js(369,68): error TS2339: Property 'littleEndian' does not exist on type '{}'.
examples/jsm/exporters/PLYExporter.js(372,68): error TS2339: Property 'littleEndian' does not exist on type '{}'.
examples/jsm/exporters/STLExporter.js(1,25): error TS2307: Cannot find module 'three' or its corresponding type declarations.
examples/jsm/exporters/STLExporter.js(20,26): error TS2339: Property 'binary' does not exist on type '{}'.
examples/jsm/exporters/USDZExporter.js(5,8): error TS2307: Cannot find module 'three' or its corresponding type declarations.
examples/jsm/exporters/USDZExporter.js(48,3): error TS7053: Element implicitly has an 'any' type because expression of type '"model.usda"' can't be used to index type '{}'.
  Property 'model.usda' does not exist on type '{}'.
examples/jsm/exporters/USDZExporter.js(71,7): error TS7053: Element implicitly has an 'any' type because expression of type 'string' can't be used to index type '{}'.
  No index signature with a parameter of type 'string' was found on type '{}'.
examples/jsm/exporters/USDZExporter.js(77,7): error TS7053: Element implicitly has an 'any' type because expression of type 'any' can't be used to index type '{}'.
examples/jsm/exporters/USDZExporter.js(100,58): error TS2339: Property 'quickLookCompatible' does not exist on type '{}'.
examples/jsm/exporters/USDZExporter.js(102,3): error TS7053: Element implicitly has an 'any' type because expression of type '"model.usda"' can't be used to index type '{}'.
  Property 'model.usda' does not exist on type '{}'.
examples/jsm/exporters/USDZExporter.js(102,28): error TS2554: Expected 2 arguments, but got 1.
examples/jsm/exporters/USDZExporter.js(103,3): error TS2322: Type 'null' is not assignable to type 'string'.
examples/jsm/exporters/USDZExporter.js(107,18): error TS7053: Element implicitly has an 'any' type because expression of type 'string' can't be used to index type '{}'.
  No index signature with a parameter of type 'string' was found on type '{}'.
examples/jsm/exporters/USDZExporter.js(123,72): error TS2339: Property 'maxTextureSize' does not exist on type '{}'.
examples/jsm/exporters/USDZExporter.js(126,4): error TS7053: Element implicitly has an 'any' type because expression of type '`textures/Texture_${string}.png`' can't be used to index type '{}'.
examples/jsm/exporters/USDZExporter.js(137,17): error TS7053: Element implicitly has an 'any' type because expression of type 'string' can't be used to index type '{}'.
  No index signature with a parameter of type 'string' was found on type '{}'.
examples/jsm/exporters/USDZExporter.js(149,5): error TS7053: Element implicitly has an 'any' type because expression of type 'string' can't be used to index type '{}'.
  No index signature with a parameter of type 'string' was found on type '{}'.
examples/jsm/exporters/USDZExporter.js(172,18): error TS2584: Cannot find name 'document'. Do you need to change your target library? Try changing the 'lib' compiler option to include 'dom'.
examples/jsm/exporters/USDZExporter.js(258,9): error TS2554: Expected 2 arguments, but got 1.
examples/jsm/exporters/USDZExporter.js(561,29): error TS7053: Element implicitly has an 'any' type because expression of type 'any' can't be used to index type '{ 1000: string; 1001: string; 1002: string; }'.
examples/jsm/exporters/USDZExporter.js(562,29): error TS7053: Element implicitly has an 'any' type because expression of type 'any' can't be used to index type '{ 1000: string; 1001: string; 1002: string; }'.
examples/jsm/geometries/BoxLineGeometry.js(4,8): error TS2307: Cannot find module 'three' or its corresponding type declarations.
examples/jsm/geometries/BoxLineGeometry.js(63,8): error TS2339: Property 'setAttribute' does not exist on type 'BoxLineGeometry'.
examples/jsm/geometries/ConvexGeometry.js(4,8): error TS2307: Cannot find module 'three' or its corresponding type declarations.
examples/jsm/geometries/ConvexGeometry.js(46,8): error TS2339: Property 'setAttribute' does not exist on type 'ConvexGeometry'.
examples/jsm/geometries/ConvexGeometry.js(47,8): error TS2339: Property 'setAttribute' does not exist on type 'ConvexGeometry'.
examples/jsm/geometries/DecalGeometry.js(9,8): error TS2307: Cannot find module 'three' or its corresponding type declarations.
examples/jsm/geometries/DecalGeometry.js(59,8): error TS2339: Property 'setAttribute' does not exist on type 'DecalGeometry'.
examples/jsm/geometries/DecalGeometry.js(60,8): error TS2339: Property 'setAttribute' does not exist on type 'DecalGeometry'.
examples/jsm/geometries/DecalGeometry.js(64,9): error TS2339: Property 'setAttribute' does not exist on type 'DecalGeometry'.
examples/jsm/geometries/DecalGeometry.js(186,12): error TS2339: Property 'applyNormalMatrix' does not exist on type 'never'.
examples/jsm/geometries/DecalGeometry.js(187,65): error TS2339: Property 'clone' does not exist on type 'never'.
examples/jsm/geometries/DecalGeometry.js(284,25): error TS18048: 'nV3' is possibly 'undefined'.
examples/jsm/geometries/DecalGeometry.js(393,3): error TS7008: Member 'normal' implicitly has an 'any' type.
examples/jsm/geometries/DecalGeometry.js(402,14): error TS2351: This expression is not constructable.
  Type 'Function' has no construct signatures.
examples/jsm/geometries/ParametricGeometries.js(4,8): error TS2307: Cannot find module 'three' or its corresponding type declarations.
examples/jsm/geometries/ParametricGeometries.js(99,22): error TS2339: Property 'TubeGeometry' does not exist on type '{ klein: (v: any, u: any, target: any) => void; plane: (width: any, height: any) => (u: any, v: any, target: any) => void; mobius: (u: any, t: any, target: any) => void; mobius3d: (u: any, t: any, target: any) => void; }'.
examples/jsm/geometries/ParametricGeometries.js(158,22): error TS2339: Property 'TorusKnotGeometry' does not exist on type '{ klein: (v: any, u: any, target: any) => void; plane: (width: any, height: any) => (u: any, v: any, target: any) => void; mobius: (u: any, t: any, target: any) => void; mobius3d: (u: any, t: any, target: any) => void; }'.
examples/jsm/geometries/ParametricGeometries.js(158,95): error TS2339: Property 'TubeGeometry' does not exist on type '{ klein: (v: any, u: any, target: any) => void; plane: (width: any, height: any) => (u: any, v: any, target: any) => void; mobius: (u: any, t: any, target: any) => void; mobius3d: (u: any, t: any, target: any) => void; }'.
examples/jsm/geometries/ParametricGeometries.js(204,22): error TS2339: Property 'SphereGeometry' does not exist on type '{ klein: (v: any, u: any, target: any) => void; plane: (width: any, height: any) => (u: any, v: any, target: any) => void; mobius: (u: any, t: any, target: any) => void; mobius3d: (u: any, t: any, target: any) => void; }'.
examples/jsm/geometries/ParametricGeometries.js(234,22): error TS2339: Property 'PlaneGeometry' does not exist on type '{ klein: (v: any, u: any, target: any) => void; plane: (width: any, height: any) => (u: any, v: any, target: any) => void; mobius: (u: any, t: any, target: any) => void; mobius3d: (u: any, t: any, target: any) => void; }'.
examples/jsm/geometries/ParametricGeometry.js(10,8): error TS2307: Cannot find module 'three' or its corresponding type declarations.
examples/jsm/geometries/ParametricGeometry.js(120,8): error TS2339: Property 'setIndex' does not exist on type 'ParametricGeometry'.
examples/jsm/geometries/ParametricGeometry.js(121,8): error TS2339: Property 'setAttribute' does not exist on type 'ParametricGeometry'.
examples/jsm/geometries/ParametricGeometry.js(122,8): error TS2339: Property 'setAttribute' does not exist on type 'ParametricGeometry'.
examples/jsm/geometries/ParametricGeometry.js(123,8): error TS2339: Property 'setAttribute' does not exist on type 'ParametricGeometry'.
examples/jsm/geometries/RoundedBoxGeometry.js(4,8): error TS2307: Cannot find module 'three' or its corresponding type declarations.
examples/jsm/geometries/RoundedBoxGeometry.js(56,26): error TS2339: Property 'toNonIndexed' does not exist on type 'RoundedBoxGeometry'.
examples/jsm/geometries/RoundedBoxGeometry.js(59,8): error TS2339: Property 'attributes' does not exist on type 'RoundedBoxGeometry'.
examples/jsm/geometries/RoundedBoxGeometry.js(60,8): error TS2339: Property 'attributes' does not exist on type 'RoundedBoxGeometry'.
examples/jsm/geometries/RoundedBoxGeometry.js(61,8): error TS2339: Property 'attributes' does not exist on type 'RoundedBoxGeometry'.
examples/jsm/geometries/RoundedBoxGeometry.js(70,26): error TS2339: Property 'attributes' does not exist on type 'RoundedBoxGeometry'.
examples/jsm/geometries/RoundedBoxGeometry.js(71,24): error TS2339: Property 'attributes' does not exist on type 'RoundedBoxGeometry'.
examples/jsm/geometries/RoundedBoxGeometry.js(72,20): error TS2339: Property 'attributes' does not exist on type 'RoundedBoxGeometry'.
examples/jsm/geometries/TeapotGeometry.js(7,8): error TS2307: Cannot find module 'three' or its corresponding type declarations.
examples/jsm/geometries/TeapotGeometry.js(693,8): error TS2339: Property 'setIndex' does not exist on type 'TeapotGeometry'.
examples/jsm/geometries/TeapotGeometry.js(694,8): error TS2339: Property 'setAttribute' does not exist on type 'TeapotGeometry'.
examples/jsm/geometries/TeapotGeometry.js(695,8): error TS2339: Property 'setAttribute' does not exist on type 'TeapotGeometry'.
examples/jsm/geometries/TeapotGeometry.js(696,8): error TS2339: Property 'setAttribute' does not exist on type 'TeapotGeometry'.
examples/jsm/geometries/TeapotGeometry.js(698,8): error TS2339: Property 'computeBoundingSphere' does not exist on type 'TeapotGeometry'.
examples/jsm/geometries/TextGeometry.js(20,8): error TS2307: Cannot find module 'three' or its corresponding type declarations.
examples/jsm/geometries/TextGeometry.js(26,27): error TS2339: Property 'font' does not exist on type '{}'.
examples/jsm/geometries/TextGeometry.js(34,57): error TS2339: Property 'size' does not exist on type '{}'.
examples/jsm/geometries/TextGeometry.js(38,20): error TS2339: Property 'depth' does not exist on type '{}'.
examples/jsm/geometries/TextGeometry.js(38,53): error TS2339: Property 'depth' does not exist on type '{}'.
examples/jsm/geometries/TextGeometry.js(39,20): error TS2339: Property 'bevelThickness' does not exist on type '{}'.
examples/jsm/geometries/TextGeometry.js(39,62): error TS2339: Property 'bevelThickness' does not exist on type '{}'.
examples/jsm/geometries/TextGeometry.js(40,20): error TS2339: Property 'bevelSize' does not exist on type '{}'.
examples/jsm/geometries/TextGeometry.js(40,57): error TS2339: Property 'bevelSize' does not exist on type '{}'.
examples/jsm/geometries/TextGeometry.js(41,20): error TS2339: Property 'bevelEnabled' does not exist on type '{}'.
examples/jsm/geometries/TextGeometry.js(41,60): error TS2339: Property 'bevelEnabled' does not exist on type '{}'.
examples/jsm/helpers/LightProbeHelper.js(5,8): error TS2307: Cannot find module 'three' or its corresponding type declarations.
examples/jsm/helpers/LightProbeHelper.js(112,8): error TS2339: Property 'geometry' does not exist on type 'LightProbeHelper'.
examples/jsm/helpers/LightProbeHelper.js(113,8): error TS2339: Property 'material' does not exist on type 'LightProbeHelper'.
examples/jsm/helpers/LightProbeHelper.js(119,8): error TS2339: Property 'position' does not exist on type 'LightProbeHelper'.
examples/jsm/helpers/LightProbeHelper.js(121,8): error TS2339: Property 'scale' does not exist on type 'LightProbeHelper'.
examples/jsm/helpers/LightProbeHelper.js(123,8): error TS2339: Property 'material' does not exist on type 'LightProbeHelper'.
examples/jsm/helpers/LightProbeHelperGPU.js(5,8): error TS2307: Cannot find module 'three' or its corresponding type declarations.
examples/jsm/helpers/LightProbeHelperGPU.js(6,88): error TS2307: Cannot find module 'three/tsl' or its corresponding type declarations.
examples/jsm/helpers/LightProbeHelperGPU.js(47,8): error TS2339: Property 'geometry' does not exist on type 'LightProbeHelper'.
examples/jsm/helpers/LightProbeHelperGPU.js(48,8): error TS2339: Property 'material' does not exist on type 'LightProbeHelper'.
examples/jsm/helpers/LightProbeHelperGPU.js(54,8): error TS2339: Property 'position' does not exist on type 'LightProbeHelper'.
examples/jsm/helpers/LightProbeHelperGPU.js(56,8): error TS2339: Property 'scale' does not exist on type 'LightProbeHelper'.
examples/jsm/helpers/OctreeHelper.js(6,8): error TS2307: Cannot find module 'three' or its corresponding type declarations.
examples/jsm/helpers/OctreeHelper.js(67,8): error TS2339: Property 'material' does not exist on type 'OctreeHelper'.
examples/jsm/helpers/PositionalAudioHelper.js(7,8): error TS2307: Cannot find module 'three' or its corresponding type declarations.
examples/jsm/helpers/PositionalAudioHelper.js(51,25): error TS2339: Property 'geometry' does not exist on type 'PositionalAudioHelper'.
examples/jsm/helpers/PositionalAudioHelper.js(94,49): error TS2339: Property 'material' does not exist on type 'PositionalAudioHelper'.
examples/jsm/helpers/PositionalAudioHelper.js(100,8): error TS2339: Property 'geometry' does not exist on type 'PositionalAudioHelper'.
examples/jsm/helpers/PositionalAudioHelper.js(101,8): error TS2339: Property 'material' does not exist on type 'PositionalAudioHelper'.
examples/jsm/helpers/PositionalAudioHelper.js(102,8): error TS2339: Property 'material' does not exist on type 'PositionalAudioHelper'.
examples/jsm/helpers/RectAreaLightHelper.js(9,8): error TS2307: Cannot find module 'three' or its corresponding type declarations.
examples/jsm/helpers/RectAreaLightHelper.js(41,8): error TS2339: Property 'add' does not exist on type 'RectAreaLightHelper'.
examples/jsm/helpers/RectAreaLightHelper.js(47,8): error TS2339: Property 'scale' does not exist on type 'RectAreaLightHelper'.
examples/jsm/helpers/RectAreaLightHelper.js(51,9): error TS2339: Property 'material' does not exist on type 'RectAreaLightHelper'.
examples/jsm/helpers/RectAreaLightHelper.js(52,9): error TS2339: Property 'children' does not exist on type 'RectAreaLightHelper'.
examples/jsm/helpers/RectAreaLightHelper.js(56,9): error TS2339: Property 'material' does not exist on type 'RectAreaLightHelper'.
examples/jsm/helpers/RectAreaLightHelper.js(59,19): error TS2339: Property 'material' does not exist on type 'RectAreaLightHelper'.
examples/jsm/helpers/RectAreaLightHelper.js(63,9): error TS2339: Property 'children' does not exist on type 'RectAreaLightHelper'.
examples/jsm/helpers/RectAreaLightHelper.js(63,49): error TS2339: Property 'material' does not exist on type 'RectAreaLightHelper'.
examples/jsm/helpers/RectAreaLightHelper.js(68,8): error TS2339: Property 'matrixWorld' does not exist on type 'RectAreaLightHelper'.
examples/jsm/helpers/RectAreaLightHelper.js(68,74): error TS2339: Property 'scale' does not exist on type 'RectAreaLightHelper'.
examples/jsm/helpers/RectAreaLightHelper.js(70,8): error TS2339: Property 'children' does not exist on type 'RectAreaLightHelper'.
examples/jsm/helpers/RectAreaLightHelper.js(70,45): error TS2339: Property 'matrixWorld' does not exist on type 'RectAreaLightHelper'.
examples/jsm/helpers/RectAreaLightHelper.js(76,8): error TS2339: Property 'geometry' does not exist on type 'RectAreaLightHelper'.
examples/jsm/helpers/RectAreaLightHelper.js(77,8): error TS2339: Property 'material' does not exist on type 'RectAreaLightHelper'.
examples/jsm/helpers/RectAreaLightHelper.js(78,8): error TS2339: Property 'children' does not exist on type 'RectAreaLightHelper'.
examples/jsm/helpers/RectAreaLightHelper.js(79,8): error TS2339: Property 'children' does not exist on type 'RectAreaLightHelper'.
examples/jsm/helpers/TextureHelper.js(9,8): error TS2307: Cannot find module 'three' or its corresponding type declarations.
examples/jsm/helpers/TextureHelper.js(91,8): error TS2339: Property 'geometry' does not exist on type 'TextureHelper'.
examples/jsm/helpers/TextureHelper.js(92,8): error TS2339: Property 'material' does not exist on type 'TextureHelper'.
examples/jsm/helpers/TextureHelperGPU.js(9,8): error TS2307: Cannot find module 'three' or its corresponding type declarations.
examples/jsm/helpers/TextureHelperGPU.js(10,88): error TS2307: Cannot find module 'three/tsl' or its corresponding type declarations.
examples/jsm/helpers/TextureHelperGPU.js(61,8): error TS2339: Property 'geometry' does not exist on type 'TextureHelper'.
examples/jsm/helpers/TextureHelperGPU.js(62,8): error TS2339: Property 'material' does not exist on type 'TextureHelper'.
examples/jsm/helpers/VertexNormalsHelper.js(8,8): error TS2307: Cannot find module 'three' or its corresponding type declarations.
examples/jsm/helpers/VertexNormalsHelper.js(49,25): error TS2339: Property 'geometry' does not exist on type 'VertexNormalsHelper'.
examples/jsm/helpers/VertexNormalsHelper.js(91,8): error TS2339: Property 'geometry' does not exist on type 'VertexNormalsHelper'.
examples/jsm/helpers/VertexNormalsHelper.js(92,8): error TS2339: Property 'material' does not exist on type 'VertexNormalsHelper'.
examples/jsm/helpers/VertexTangentsHelper.js(7,8): error TS2307: Cannot find module 'three' or its corresponding type declarations.
examples/jsm/helpers/VertexTangentsHelper.js(43,25): error TS2339: Property 'geometry' does not exist on type 'VertexTangentsHelper'.
examples/jsm/helpers/VertexTangentsHelper.js(81,8): error TS2339: Property 'geometry' does not exist on type 'VertexTangentsHelper'.
examples/jsm/helpers/VertexTangentsHelper.js(82,8): error TS2339: Property 'material' does not exist on type 'VertexTangentsHelper'.
examples/jsm/helpers/ViewHelper.js(18,8): error TS2307: Cannot find module 'three' or its corresponding type declarations.
examples/jsm/helpers/ViewHelper.js(55,8): error TS2339: Property 'add' does not exist on type 'ViewHelper'.
examples/jsm/helpers/ViewHelper.js(56,8): error TS2339: Property 'add' does not exist on type 'ViewHelper'.
examples/jsm/helpers/ViewHelper.js(57,8): error TS2339: Property 'add' does not exist on type 'ViewHelper'.
examples/jsm/helpers/ViewHelper.js(89,8): error TS2339: Property 'add' does not exist on type 'ViewHelper'.
examples/jsm/helpers/ViewHelper.js(90,8): error TS2339: Property 'add' does not exist on type 'ViewHelper'.
examples/jsm/helpers/ViewHelper.js(91,8): error TS2339: Property 'add' does not exist on type 'ViewHelper'.
examples/jsm/helpers/ViewHelper.js(92,8): error TS2339: Property 'add' does not exist on type 'ViewHelper'.
examples/jsm/helpers/ViewHelper.js(93,8): error TS2339: Property 'add' does not exist on type 'ViewHelper'.
examples/jsm/helpers/ViewHelper.js(94,8): error TS2339: Property 'add' does not exist on type 'ViewHelper'.
examples/jsm/helpers/ViewHelper.js(109,9): error TS2339: Property 'quaternion' does not exist on type 'ViewHelper'.
examples/jsm/helpers/ViewHelper.js(110,9): error TS2339: Property 'updateMatrixWorld' does not exist on type 'ViewHelper'.
examples/jsm/helpers/ViewHelper.js(157,40): error TS2339: Property 'center' does not exist on type 'handleClick'.
examples/jsm/helpers/ViewHelper.js(173,12): error TS2339: Property 'labelX' does not exist on type '{}'.
examples/jsm/helpers/ViewHelper.js(174,12): error TS2339: Property 'labelY' does not exist on type '{}'.
examples/jsm/helpers/ViewHelper.js(175,12): error TS2339: Property 'labelZ' does not exist on type '{}'.
examples/jsm/helpers/ViewHelper.js(183,12): error TS2339: Property 'font' does not exist on type '{}'.
examples/jsm/helpers/ViewHelper.js(184,12): error TS2339: Property 'color' does not exist on type '{}'.
examples/jsm/helpers/ViewHelper.js(185,12): error TS2339: Property 'radius' does not exist on type '{}'.
examples/jsm/helpers/ViewHelper.js(198,92): error TS2339: Property 'center' does not exist on type 'update'.
examples/jsm/helpers/ViewHelper.js(298,12): error TS2339: Property 'font' does not exist on type '{}'.
examples/jsm/helpers/ViewHelper.js(298,33): error TS2339: Property 'color' does not exist on type '{}'.
examples/jsm/helpers/ViewHelper.js(298,64): error TS2339: Property 'radius' does not exist on type '{}'.
examples/jsm/helpers/ViewHelper.js(300,19): error TS2584: Cannot find name 'document'. Do you need to change your target library? Try changing the 'lib' compiler option to include 'dom'.
examples/jsm/helpers/ViewHelper.js(337,65): error TS2339: Property 'labelX' does not exist on type '{}'.
examples/jsm/helpers/ViewHelper.js(338,65): error TS2339: Property 'labelY' does not exist on type '{}'.
examples/jsm/helpers/ViewHelper.js(339,65): error TS2339: Property 'labelZ' does not exist on type '{}'.
examples/jsm/interactive/HTMLMesh.js(9,8): error TS2307: Cannot find module 'three' or its corresponding type declarations.
examples/jsm/interactive/HTMLMesh.js(28,8): error TS2339: Property 'addEventListener' does not exist on type 'HTMLMesh'.
examples/jsm/interactive/HTMLMesh.js(29,8): error TS2339: Property 'addEventListener' does not exist on type 'HTMLMesh'.
examples/jsm/interactive/HTMLMesh.js(30,8): error TS2339: Property 'addEventListener' does not exist on type 'HTMLMesh'.
examples/jsm/interactive/HTMLMesh.js(31,8): error TS2339: Property 'addEventListener' does not exist on type 'HTMLMesh'.
examples/jsm/interactive/HTMLMesh.js(42,9): error TS2339: Property 'removeEventListener' does not exist on type 'HTMLMesh'.
examples/jsm/interactive/HTMLMesh.js(43,9): error TS2339: Property 'removeEventListener' does not exist on type 'HTMLMesh'.
examples/jsm/interactive/HTMLMesh.js(44,9): error TS2339: Property 'removeEventListener' does not exist on type 'HTMLMesh'.
examples/jsm/interactive/HTMLMesh.js(45,9): error TS2339: Property 'removeEventListener' does not exist on type 'HTMLMesh'.
examples/jsm/interactive/HTMLMesh.js(101,3): error TS2322: Type 'null' is not assignable to type 'Timeout'.
examples/jsm/interactive/HTMLMesh.js(113,3): error TS2322: Type 'void' is not assignable to type 'Timeout'.
examples/jsm/interactive/HTMLMesh.js(128,16): error TS2584: Cannot find name 'document'. Do you need to change your target library? Try changing the 'lib' compiler option to include 'dom'.
examples/jsm/interactive/HTMLMesh.js(495,12): error TS2584: Cannot find name 'document'. Do you need to change your target library? Try changing the 'lib' compiler option to include 'dom'.
examples/jsm/interactive/HTMLMesh.js(504,18): error TS7009: 'new' expression, whose target lacks a construct signature, implicitly has an 'any' type.
examples/jsm/interactive/InteractiveGroup.js(5,8): error TS2307: Cannot find module 'three' or its corresponding type declarations.
examples/jsm/interactive/InteractiveGroup.js(35,3): error TS7008: Member 'controllers' implicitly has an 'any[]' type.
examples/jsm/interactive/InteractiveGroup.js(53,60): error TS2339: Property 'children' does not exist on type 'InteractiveGroup'.
examples/jsm/interactive/InteractiveGroup.js(77,59): error TS2339: Property 'children' does not exist on type 'InteractiveGroup'.
examples/jsm/interactive/InteractiveGroup.js(86,18): error TS7053: Element implicitly has an 'any' type because expression of type 'any' can't be used to index type '{ move: string; select: string; selectstart: string; selectend: string; }'.
examples/jsm/interactive/SelectionBox.js(6,8): error TS2307: Cannot find module 'three' or its corresponding type declarations.
examples/jsm/interactive/SelectionBox.js(44,3): error TS7008: Member 'collection' implicitly has an 'any[]' type.
examples/jsm/interactive/SelectionBox.js(179,5): error TS7053: Element implicitly has an 'any' type because expression of type 'any' can't be used to index type '{}'.
examples/jsm/interactive/SelectionBox.js(189,7): error TS7053: Element implicitly has an 'any' type because expression of type 'any' can't be used to index type '{}'.
examples/jsm/interactive/SelectionHelper.js(1,25): error TS2307: Cannot find module 'three' or its corresponding type declarations.
examples/jsm/interactive/SelectionHelper.js(7,18): error TS2584: Cannot find name 'document'. Do you need to change your target library? Try changing the 'lib' compiler option to include 'dom'.
examples/jsm/interactive/SelectionHelper.js(22,14): error TS2339: Property 'enabled' does not exist on type '(Anonymous function)'.
examples/jsm/interactive/SelectionHelper.js(25,9): error TS2339: Property 'onSelectStart' does not exist on type '(Anonymous function)'.
examples/jsm/interactive/SelectionHelper.js(31,9): error TS2683: 'this' implicitly has type 'any' because it does not have a type annotation.
examples/jsm/interactive/SelectionHelper.js(33,9): error TS2683: 'this' implicitly has type 'any' because it does not have a type annotation.
examples/jsm/interactive/SelectionHelper.js(35,5): error TS2683: 'this' implicitly has type 'any' because it does not have a type annotation.
examples/jsm/interactive/SelectionHelper.js(43,14): error TS2339: Property 'enabled' does not exist on type '(Anonymous function)'.
examples/jsm/interactive/SelectionHelper.js(46,9): error TS2339: Property 'onSelectOver' does not exist on type '(Anonymous function)'.
examples/jsm/libs/chevrotain.module.min.js(2,1737): error TS7023: 'flatten' implicitly has return type 'any' because it does not have a return type annotation and is referenced directly or indirectly in one of its return expressions.
examples/jsm/libs/chevrotain.module.min.js(2,3001): error TS7053: Element implicitly has an 'any' type because expression of type 'string' can't be used to index type '{}'.
  No index signature with a parameter of type 'string' was found on type '{}'.
examples/jsm/libs/chevrotain.module.min.js(2,3401): error TS7053: Element implicitly has an 'any' type because expression of type 'string' can't be used to index type '{}'.
  No index signature with a parameter of type 'string' was found on type '{}'.
examples/jsm/libs/chevrotain.module.min.js(2,4244): error TS2345: Argument of type 'null[]' is not assignable to parameter of type '[thisArg: unknown, ...args: any[]]'.
  Source provides no match for required element at position 0 in target.
examples/jsm/libs/chevrotain.module.min.js(2,5150): error TS7053: Element implicitly has an 'any' type because expression of type 'any' can't be used to index type '{}'.
examples/jsm/libs/chevrotain.module.min.js(2,5889): error TS7053: Element implicitly has an 'any' type because expression of type 'any' can't be used to index type '{}'.
examples/jsm/libs/chevrotain.module.min.js(2,5906): error TS7053: Element implicitly has an 'any' type because expression of type 'any' can't be used to index type '{}'.
examples/jsm/libs/chevrotain.module.min.js(2,6033): error TS7053: Element implicitly has an 'any' type because expression of type 'string' can't be used to index type '{}'.
  No index signature with a parameter of type 'string' was found on type '{}'.
examples/jsm/libs/chevrotain.module.min.js(2,6926): error TS7009: 'new' expression, whose target lacks a construct signature, implicitly has an 'any' type.
examples/jsm/libs/chevrotain.module.min.js(2,8124): error TS7023: 'disjunction' implicitly has return type 'any' because it does not have a return type annotation and is referenced directly or indirectly in one of its return expressions.
examples/jsm/libs/chevrotain.module.min.js(2,8334): error TS7023: 'alternative' implicitly has return type 'any' because it does not have a return type annotation and is referenced directly or indirectly in one of its return expressions.
examples/jsm/libs/chevrotain.module.min.js(2,8480): error TS7023: 'term' implicitly has return type 'any' because it does not have a return type annotation and is referenced directly or indirectly in one of its return expressions.
examples/jsm/libs/chevrotain.module.min.js(2,8564): error TS7023: 'assertion' implicitly has return type 'any' because it does not have a return type annotation and is referenced directly or indirectly in one of its return expressions.
examples/jsm/libs/chevrotain.module.min.js(2,9034): error TS7022: 'A' implicitly has type 'any' because it does not have a type annotation and is referenced directly or indirectly in its own initializer.
examples/jsm/libs/chevrotain.module.min.js(2,9689): error TS18048: 'd' is possibly 'undefined'.
examples/jsm/libs/chevrotain.module.min.js(2,9691): error TS2339: Property 'greedy' does not exist on type '{ atLeast: number; atMost: number; }'.
examples/jsm/libs/chevrotain.module.min.js(2,9702): error TS18048: 'd' is possibly 'undefined'.
examples/jsm/libs/chevrotain.module.min.js(2,9704): error TS2339: Property 'greedy' does not exist on type '{ atLeast: number; atMost: number; }'.
examples/jsm/libs/chevrotain.module.min.js(2,9714): error TS18048: 'd' is possibly 'undefined'.
examples/jsm/libs/chevrotain.module.min.js(2,9716): error TS2339: Property 'type' does not exist on type '{ atLeast: number; atMost: number; }'.
examples/jsm/libs/chevrotain.module.min.js(2,9734): error TS18048: 'd' is possibly 'undefined'.
examples/jsm/libs/chevrotain.module.min.js(2,9736): error TS2339: Property 'loc' does not exist on type '{ atLeast: number; atMost: number; }'.
examples/jsm/libs/chevrotain.module.min.js(2,9767): error TS7023: 'atom' implicitly has return type 'any' because it does not have a return type annotation and is referenced directly or indirectly in one of its return expressions.
examples/jsm/libs/chevrotain.module.min.js(6,687): error TS7023: 'group' implicitly has return type 'any' because it does not have a return type annotation and is referenced directly or indirectly in one of its return expressions.
examples/jsm/libs/chevrotain.module.min.js(6,857): error TS7022: 'd' implicitly has type 'any' because it does not have a type annotation and is referenced directly or indirectly in its own initializer.
examples/jsm/libs/chevrotain.module.min.js(6,904): error TS7022: 'A' implicitly has type 'any' because it does not have a type annotation and is referenced directly or indirectly in its own initializer.
examples/jsm/libs/chevrotain.module.min.js(10,439): error TS2683: 'this' implicitly has type 'any' because it does not have a type annotation.
examples/jsm/libs/chevrotain.module.min.js(10,2161): error TS7053: Element implicitly has an 'any' type because expression of type 'any' can't be used to index type '{}'.
examples/jsm/libs/chevrotain.module.min.js(10,2194): error TS7053: Element implicitly has an 'any' type because expression of type 'any' can't be used to index type '{}'.
examples/jsm/libs/chevrotain.module.min.js(10,2341): error TS7023: 't' implicitly has return type 'any' because it does not have a return type annotation and is referenced directly or indirectly in one of its return expressions.
examples/jsm/libs/chevrotain.module.min.js(11,125): error TS18046: 'a' is of type 'unknown'.
examples/jsm/libs/chevrotain.module.min.js(19,1762): error TS7023: 'yr' implicitly has return type 'any' because it does not have a return type annotation and is referenced directly or indirectly in one of its return expressions.
examples/jsm/libs/chevrotain.module.min.js(19,2088): error TS2339: Property 'visitLookahead' does not exist on type 'e'.
examples/jsm/libs/chevrotain.module.min.js(19,2142): error TS2339: Property 'visitNegativeLookahead' does not exist on type 'e'.
examples/jsm/libs/chevrotain.module.min.js(19,2272): error TS2339: Property 'targetCharCodes' does not exist on type 'e'.
examples/jsm/libs/chevrotain.module.min.js(19,2371): error TS2339: Property 'targetCharCodes' does not exist on type 'e'.
examples/jsm/libs/chevrotain.module.min.js(19,2424): error TS2339: Property 'targetCharCodes' does not exist on type 'e'.
examples/jsm/libs/chevrotain.module.min.js(19,2580): error TS2339: Property 'visit' does not exist on type 'e'.
examples/jsm/libs/chevrotain.module.min.js(19,2769): error TS7023: 't' implicitly has return type 'any' because it does not have a return type annotation and is referenced directly or indirectly in one of its return expressions.
examples/jsm/libs/chevrotain.module.min.js(25,1761): error TS2339: Property 'visit' does not exist on type 'a'.
examples/jsm/libs/chevrotain.module.min.js(27,794): error TS2339: Property 'visit' does not exist on type 'a'.
examples/jsm/libs/chevrotain.module.min.js(39,200): error TS7053: Element implicitly has an 'any' type because expression of type 'any' can't be used to index type '{}'.
examples/jsm/libs/chevrotain.module.min.js(39,1011): error TS18046: 'r' is of type 'unknown'.
examples/jsm/libs/chevrotain.module.min.js(45,239): error TS7008: Member 'lexerDefinitionErrors' implicitly has an 'any[]' type.
examples/jsm/libs/chevrotain.module.min.js(45,269): error TS7008: Member 'lexerDefinitionWarning' implicitly has an 'any[]' type.
examples/jsm/libs/chevrotain.module.min.js(45,364): error TS7008: Member 'modes' implicitly has an 'any[]' type.
examples/jsm/libs/chevrotain.module.min.js(47,376): error TS7053: Element implicitly has an 'any' type because expression of type 'any' can't be used to index type '{}'.
examples/jsm/libs/chevrotain.module.min.js(47,415): error TS7053: Element implicitly has an 'any' type because expression of type 'any' can't be used to index type '{ modes: {}; }'.
examples/jsm/libs/chevrotain.module.min.js(47,893): error TS18048: 'a' is possibly 'undefined'.
examples/jsm/libs/chevrotain.module.min.js(47,901): error TS18048: 'a' is possibly 'undefined'.
examples/jsm/libs/chevrotain.module.min.js(47,909): error TS18048: 'a' is possibly 'undefined'.
examples/jsm/libs/chevrotain.module.min.js(47,930): error TS18048: 'a' is possibly 'undefined'.
examples/jsm/libs/chevrotain.module.min.js(47,1027): error TS18048: 'a' is possibly 'undefined'.
examples/jsm/libs/chevrotain.module.min.js(47,1049): error TS18048: 'a' is possibly 'undefined'.
examples/jsm/libs/chevrotain.module.min.js(47,1623): error TS7053: Element implicitly has an 'any' type because expression of type 'any' can't be used to index type '{}'.
examples/jsm/libs/chevrotain.module.min.js(47,1647): error TS18048: 'm' is possibly 'undefined'.
examples/jsm/libs/chevrotain.module.min.js(47,1668): error TS7053: Element implicitly has an 'any' type because expression of type 'any' can't be used to index type '{}'.
examples/jsm/libs/chevrotain.module.min.js(47,1702): error TS18048: 'm' is possibly 'undefined'.
examples/jsm/libs/chevrotain.module.min.js(47,1769): error TS18048: 'm' is possibly 'undefined'.
examples/jsm/libs/chevrotain.module.min.js(47,1796): error TS18048: 'm' is possibly 'undefined'.
examples/jsm/libs/chevrotain.module.min.js(47,1821): error TS7053: Element implicitly has an 'any' type because expression of type 'any' can't be used to index type '{}'.
examples/jsm/libs/chevrotain.module.min.js(47,1845): error TS18048: 'm' is possibly 'undefined'.
examples/jsm/libs/chevrotain.module.min.js(47,1869): error TS2339: Property 'defaultMode' does not exist on type 't'.
examples/jsm/libs/chevrotain.module.min.js(47,1881): error TS18048: 'a' is possibly 'undefined'.
examples/jsm/libs/chevrotain.module.min.js(49,454): error TS2322: Type '(e: any, r: any, n: any, i: any, a: any, o: any, s: any) => { image: any; startOffset: any; endOffset: number; startLine: any; endLine: any; startColumn: any; endColumn: number; tokenTypeIdx: any; tokenType: any; }' is not assignable to type '(...args: any[]) => null'.
  Type '{ image: any; startOffset: any; endOffset: number; startLine: any; endLine: any; startColumn: any; endColumn: number; tokenTypeIdx: any; tokenType: any; }' is not assignable to type 'null'.
examples/jsm/libs/chevrotain.module.min.js(49,547): error TS2322: Type '(e: any, r: any, n: any, i: any, a: any, o: any) => { image: any; startOffset: any; startLine: any; startColumn: any; tokenTypeIdx: any; tokenType: any; }' is not assignable to type '(...args: any[]) => null'.
  Type '{ image: any; startOffset: any; startLine: any; startColumn: any; tokenTypeIdx: any; tokenType: any; }' is not assignable to type 'null'.
examples/jsm/libs/chevrotain.module.min.js(49,646): error TS2322: Type '(e: any, r: any, n: any, i: any) => { image: any; startOffset: any; tokenTypeIdx: any; tokenType: any; }' is not assignable to type '(...args: any[]) => null'.
  Type '{ image: any; startOffset: any; tokenTypeIdx: any; tokenType: any; }' is not assignable to type 'null'.
examples/jsm/libs/chevrotain.module.min.js(51,291): error TS2339: Property 'defaultMode' does not exist on type 't'.
examples/jsm/libs/chevrotain.module.min.js(53,902): error TS7053: Element implicitly has an 'any' type because expression of type 'any' can't be used to index type '{}'.
examples/jsm/libs/chevrotain.module.min.js(53,930): error TS7053: Element implicitly has an 'any' type because expression of type 'any' can't be used to index type '{}'.
examples/jsm/libs/chevrotain.module.min.js(53,985): error TS7053: Element implicitly has an 'any' type because expression of type 'any' can't be used to index type '{}'.
examples/jsm/libs/chevrotain.module.min.js(53,1041): error TS2322: Type '(J: any) => any' is not assignable to type 'undefined'.
examples/jsm/libs/chevrotain.module.min.js(53,1047): error TS2322: Type '() => any[]' is not assignable to type 'undefined'.
examples/jsm/libs/chevrotain.module.min.js(53,1084): error TS2683: 'this' implicitly has type 'any' because it does not have a type annotation.
examples/jsm/libs/chevrotain.module.min.js(53,1124): error TS2683: 'this' implicitly has type 'any' because it does not have a type annotation.
examples/jsm/libs/chevrotain.module.min.js(53,1184): error TS2683: 'this' implicitly has type 'any' because it does not have a type annotation.
examples/jsm/libs/chevrotain.module.min.js(53,1212): error TS2683: 'this' implicitly has type 'any' because it does not have a type annotation.
examples/jsm/libs/chevrotain.module.min.js(53,1245): error TS2322: Type '(J: any) => any' is not assignable to type 'undefined'.
examples/jsm/libs/chevrotain.module.min.js(53,1251): error TS2322: Type '() => any[]' is not assignable to type 'undefined'.
examples/jsm/libs/chevrotain.module.min.js(53,1323): error TS2722: Cannot invoke an object which is possibly 'undefined'.
examples/jsm/libs/chevrotain.module.min.js(53,1323): error TS18048: 'st' is possibly 'undefined'.
examples/jsm/libs/chevrotain.module.min.js(53,2213): error TS2322: Type 'number' is not assignable to type 'undefined'.
examples/jsm/libs/chevrotain.module.min.js(53,2263): error TS18048: 'Q' is possibly 'undefined'.
examples/jsm/libs/chevrotain.module.min.js(53,2273): error TS18048: 'dr' is possibly 'undefined'.
examples/jsm/libs/chevrotain.module.min.js(53,4641): error TS2532: Object is possibly 'undefined'.
examples/jsm/libs/chevrotain.module.min.js(53,4790): error TS2532: Object is possibly 'undefined'.
examples/jsm/libs/chevrotain.module.min.js(54,800): error TS7023: 't' implicitly has return type 'any' because it does not have a return type annotation and is referenced directly or indirectly in one of its return expressions.
examples/jsm/libs/chevrotain.module.min.js(54,1942): error TS1345: An expression of type 'void' cannot be tested for truthiness.
examples/jsm/libs/chevrotain.module.min.js(54,1973): error TS2339: Property 'idx' does not exist on type 'e'.
examples/jsm/libs/chevrotain.module.min.js(54,2116): error TS2339: Property 'referencedRule' does not exist on type 'e'.
examples/jsm/libs/chevrotain.module.min.js(54,2145): error TS2339: Property 'referencedRule' does not exist on type 'e'.
examples/jsm/libs/chevrotain.module.min.js(54,2342): error TS1345: An expression of type 'void' cannot be tested for truthiness.
examples/jsm/libs/chevrotain.module.min.js(54,2349): error TS2683: 'this' implicitly has type 'any' because it does not have a type annotation.
examples/jsm/libs/chevrotain.module.min.js(54,2369): error TS2683: 'this' implicitly has type 'any' because it does not have a type annotation.
examples/jsm/libs/chevrotain.module.min.js(54,2520): error TS1345: An expression of type 'void' cannot be tested for truthiness.
examples/jsm/libs/chevrotain.module.min.js(54,2527): error TS2683: 'this' implicitly has type 'any' because it does not have a type annotation.
examples/jsm/libs/chevrotain.module.min.js(54,2547): error TS2683: 'this' implicitly has type 'any' because it does not have a type annotation.
examples/jsm/libs/chevrotain.module.min.js(54,2715): error TS1345: An expression of type 'void' cannot be tested for truthiness.
examples/jsm/libs/chevrotain.module.min.js(54,2722): error TS2683: 'this' implicitly has type 'any' because it does not have a type annotation.
examples/jsm/libs/chevrotain.module.min.js(54,2742): error TS2683: 'this' implicitly has type 'any' because it does not have a type annotation.
examples/jsm/libs/chevrotain.module.min.js(54,2890): error TS1345: An expression of type 'void' cannot be tested for truthiness.
examples/jsm/libs/chevrotain.module.min.js(54,2897): error TS2683: 'this' implicitly has type 'any' because it does not have a type annotation.
examples/jsm/libs/chevrotain.module.min.js(54,2917): error TS2683: 'this' implicitly has type 'any' because it does not have a type annotation.
examples/jsm/libs/chevrotain.module.min.js(54,3078): error TS1345: An expression of type 'void' cannot be tested for truthiness.
examples/jsm/libs/chevrotain.module.min.js(54,3085): error TS2683: 'this' implicitly has type 'any' because it does not have a type annotation.
examples/jsm/libs/chevrotain.module.min.js(54,3105): error TS2683: 'this' implicitly has type 'any' because it does not have a type annotation.
examples/jsm/libs/chevrotain.module.min.js(54,3279): error TS1345: An expression of type 'void' cannot be tested for truthiness.
examples/jsm/libs/chevrotain.module.min.js(54,3286): error TS2683: 'this' implicitly has type 'any' because it does not have a type annotation.
examples/jsm/libs/chevrotain.module.min.js(54,3306): error TS2683: 'this' implicitly has type 'any' because it does not have a type annotation.
examples/jsm/libs/chevrotain.module.min.js(54,3458): error TS1345: An expression of type 'void' cannot be tested for truthiness.
examples/jsm/libs/chevrotain.module.min.js(54,3465): error TS2683: 'this' implicitly has type 'any' because it does not have a type annotation.
examples/jsm/libs/chevrotain.module.min.js(54,3485): error TS2683: 'this' implicitly has type 'any' because it does not have a type annotation.
examples/jsm/libs/chevrotain.module.min.js(54,3650): error TS1345: An expression of type 'void' cannot be tested for truthiness.
examples/jsm/libs/chevrotain.module.min.js(54,3691): error TS2339: Property 'idx' does not exist on type 'e'.
examples/jsm/libs/chevrotain.module.min.js(54,3699): error TS2339: Property 'ignoreAmbiguities' does not exist on type 'e'.
examples/jsm/libs/chevrotain.module.min.js(54,3722): error TS2339: Property 'hasPredicates' does not exist on type 'e'.
examples/jsm/libs/chevrotain.module.min.js(54,3876): error TS2551: Property '_definition' does not exist on type 'e'. Did you mean 'definition'?
examples/jsm/libs/chevrotain.module.min.js(54,3910): error TS2551: Property '_definition' does not exist on type 'e'. Did you mean 'definition'?
examples/jsm/libs/chevrotain.module.min.js(54,4217): error TS7023: 'ht' implicitly has return type 'any' because it does not have a return type annotation and is referenced directly or indirectly in one of its return expressions.
examples/jsm/libs/chevrotain.module.min.js(54,4308): error TS2339: Property 'nonTerminalName' does not exist on type 'e'.
examples/jsm/libs/chevrotain.module.min.js(54,4330): error TS2339: Property 'idx' does not exist on type 'e'.
examples/jsm/libs/chevrotain.module.min.js(54,4395): error TS2339: Property 'definition' does not exist on type '{}'.
examples/jsm/libs/chevrotain.module.min.js(54,4454): error TS2339: Property 'idx' does not exist on type '{}'.
examples/jsm/libs/chevrotain.module.min.js(54,4473): error TS2339: Property 'definition' does not exist on type '{}'.
examples/jsm/libs/chevrotain.module.min.js(54,4545): error TS2339: Property 'idx' does not exist on type '{}'.
examples/jsm/libs/chevrotain.module.min.js(54,4564): error TS2339: Property 'definition' does not exist on type '{}'.
examples/jsm/libs/chevrotain.module.min.js(54,4649): error TS2339: Property 'idx' does not exist on type '{}'.
examples/jsm/libs/chevrotain.module.min.js(54,4689): error TS2339: Property 'separator' does not exist on type '{}'.
examples/jsm/libs/chevrotain.module.min.js(54,4717): error TS2339: Property 'definition' does not exist on type '{}'.
examples/jsm/libs/chevrotain.module.min.js(54,4793): error TS2339: Property 'idx' does not exist on type '{}'.
examples/jsm/libs/chevrotain.module.min.js(54,4833): error TS2339: Property 'separator' does not exist on type '{}'.
examples/jsm/libs/chevrotain.module.min.js(54,4861): error TS2339: Property 'definition' does not exist on type '{}'.
examples/jsm/libs/chevrotain.module.min.js(54,4924): error TS2339: Property 'idx' does not exist on type '{}'.
examples/jsm/libs/chevrotain.module.min.js(54,4943): error TS2339: Property 'definition' does not exist on type '{}'.
examples/jsm/libs/chevrotain.module.min.js(54,5007): error TS2339: Property 'idx' does not exist on type 'e'.
examples/jsm/libs/chevrotain.module.min.js(54,5089): error TS2339: Property 'terminalType' does not exist on type 't'.
examples/jsm/libs/chevrotain.module.min.js(54,5129): error TS2339: Property 'terminalType' does not exist on type 't'.
examples/jsm/libs/chevrotain.module.min.js(54,5158): error TS2339: Property 'terminalType' does not exist on type 't'.
examples/jsm/libs/chevrotain.module.min.js(54,5188): error TS2339: Property 'terminalType' does not exist on type 't'.
examples/jsm/libs/chevrotain.module.min.js(54,5213): error TS2339: Property 'pattern' does not exist on type '{ type: string; name: any; label: any; idx: number; }'.
examples/jsm/libs/chevrotain.module.min.js(54,5299): error TS2339: Property 'name' does not exist on type '{}'.
examples/jsm/libs/chevrotain.module.min.js(54,5314): error TS2339: Property 'orgText' does not exist on type '{}'.
examples/jsm/libs/chevrotain.module.min.js(54,5337): error TS2339: Property 'definition' does not exist on type '{}'.
examples/jsm/libs/chevrotain.module.min.js(54,8584): error TS7023: 't' implicitly has return type 'any' because it does not have a return type annotation and is referenced directly or indirectly in one of its return expressions.
examples/jsm/libs/chevrotain.module.min.js(54,11003): error TS2339: Property 'separator' does not exist on type 'e'.
examples/jsm/libs/chevrotain.module.min.js(54,11052): error TS2532: Object is possibly 'undefined'.
examples/jsm/libs/chevrotain.module.min.js(54,11052): error TS7053: Element implicitly has an 'any' type because expression of type 'string' can't be used to index type '{ option: never[]; alternation: never[]; repetition: never[]; repetitionWithSeparator: never[]; repetitionMandatory: never[]; repetitionMandatoryWithSeparator: never[]; }'.
  No index signature with a parameter of type 'string' was found on type '{ option: never[]; alternation: never[]; repetition: never[]; repetitionWithSeparator: never[]; repetitionMandatory: never[]; repetitionMandatoryWithSeparator: never[]; }'.
examples/jsm/libs/chevrotain.module.min.js(54,11075): error TS2532: Object is possibly 'undefined'.
examples/jsm/libs/chevrotain.module.min.js(54,11075): error TS7053: Element implicitly has an 'any' type because expression of type 'string' can't be used to index type '{ option: never[]; alternation: never[]; repetition: never[]; repetitionWithSeparator: never[]; repetitionMandatory: never[]; repetitionMandatoryWithSeparator: never[]; }'.
  No index signature with a parameter of type 'string' was found on type '{ option: never[]; alternation: never[]; repetition: never[]; repetitionWithSeparator: never[]; repetitionMandatory: never[]; repetitionMandatoryWithSeparator: never[]; }'.
examples/jsm/libs/chevrotain.module.min.js(54,11173): error TS2339: Property 'separator' does not exist on type 'e'.
examples/jsm/libs/chevrotain.module.min.js(54,11222): error TS2532: Object is possibly 'undefined'.
examples/jsm/libs/chevrotain.module.min.js(54,11222): error TS7053: Element implicitly has an 'any' type because expression of type 'string' can't be used to index type '{ option: never[]; alternation: never[]; repetition: never[]; repetitionWithSeparator: never[]; repetitionMandatory: never[]; repetitionMandatoryWithSeparator: never[]; }'.
  No index signature with a parameter of type 'string' was found on type '{ option: never[]; alternation: never[]; repetition: never[]; repetitionWithSeparator: never[]; repetitionMandatory: never[]; repetitionMandatoryWithSeparator: never[]; }'.
examples/jsm/libs/chevrotain.module.min.js(54,11245): error TS2532: Object is possibly 'undefined'.
examples/jsm/libs/chevrotain.module.min.js(54,11245): error TS7053: Element implicitly has an 'any' type because expression of type 'string' can't be used to index type '{ option: never[]; alternation: never[]; repetition: never[]; repetitionWithSeparator: never[]; repetitionMandatory: never[]; repetitionMandatoryWithSeparator: never[]; }'.
  No index signature with a parameter of type 'string' was found on type '{ option: never[]; alternation: never[]; repetition: never[]; repetitionWithSeparator: never[]; repetitionMandatory: never[]; repetitionMandatoryWithSeparator: never[]; }'.
examples/jsm/libs/chevrotain.module.min.js(54,11309): error TS2532: Object is possibly 'undefined'.
examples/jsm/libs/chevrotain.module.min.js(54,11337): error TS2345: Argument of type 'any' is not assignable to parameter of type 'never'.
examples/jsm/libs/chevrotain.module.min.js(54,11394): error TS2532: Object is possibly 'undefined'.
examples/jsm/libs/chevrotain.module.min.js(54,11439): error TS2345: Argument of type 'any' is not assignable to parameter of type 'never'.
examples/jsm/libs/chevrotain.module.min.js(54,11492): error TS2532: Object is possibly 'undefined'.
examples/jsm/libs/chevrotain.module.min.js(54,11533): error TS2345: Argument of type 'any' is not assignable to parameter of type 'never'.
examples/jsm/libs/chevrotain.module.min.js(54,11599): error TS2532: Object is possibly 'undefined'.
examples/jsm/libs/chevrotain.module.min.js(54,11653): error TS2345: Argument of type 'any' is not assignable to parameter of type 'never'.
examples/jsm/libs/chevrotain.module.min.js(54,11697): error TS2532: Object is possibly 'undefined'.
examples/jsm/libs/chevrotain.module.min.js(54,11729): error TS2345: Argument of type 'any' is not assignable to parameter of type 'never'.
examples/jsm/libs/chevrotain.module.min.js(54,11774): error TS2532: Object is possibly 'undefined'.
examples/jsm/libs/chevrotain.module.min.js(54,11807): error TS2345: Argument of type 'any' is not assignable to parameter of type 'never'.
examples/jsm/libs/chevrotain.module.min.js(54,12167): error TS7023: 'jt' implicitly has return type 'any' because it does not have a return type annotation and is referenced directly or indirectly in one of its return expressions.
examples/jsm/libs/chevrotain.module.min.js(54,12405): error TS7023: 'ai' implicitly has return type 'any' because it does not have a return type annotation and is referenced directly or indirectly in one of its return expressions.
examples/jsm/libs/chevrotain.module.min.js(54,12936): error TS7023: 't' implicitly has return type 'any' because it does not have a return type annotation and is referenced directly or indirectly in one of its return expressions.
examples/jsm/libs/chevrotain.module.min.js(54,13753): error TS2339: Property 'walk' does not exist on type 'e'.
examples/jsm/libs/chevrotain.module.min.js(54,13763): error TS2339: Property 'topProd' does not exist on type 'e'.
examples/jsm/libs/chevrotain.module.min.js(54,13777): error TS2339: Property 'follows' does not exist on type 'e'.
examples/jsm/libs/chevrotain.module.min.js(54,13907): error TS2339: Property 'topProd' does not exist on type 'e'.
examples/jsm/libs/chevrotain.module.min.js(54,13990): error TS2339: Property 'follows' does not exist on type 'e'.
examples/jsm/libs/chevrotain.module.min.js(84,433): error TS7023: 't' implicitly has return type 'any' because it does not have a return type annotation and is referenced directly or indirectly in one of its return expressions.
examples/jsm/libs/chevrotain.module.min.js(84,1078): error TS2339: Property 'errors' does not exist on type 'e'.
examples/jsm/libs/chevrotain.module.min.js(84,1311): error TS2339: Property 'nameToTopRule' does not exist on type 'e'.
examples/jsm/libs/chevrotain.module.min.js(84,1340): error TS2339: Property 'currTopLevel' does not exist on type 'e'.
examples/jsm/libs/chevrotain.module.min.js(84,1422): error TS2339: Property 'nameToTopRule' does not exist on type 'e'.
examples/jsm/libs/chevrotain.module.min.js(84,1495): error TS2339: Property 'errMsgProvider' does not exist on type 'e'.
examples/jsm/libs/chevrotain.module.min.js(84,1538): error TS2339: Property 'currTopLevel' does not exist on type 'e'.
examples/jsm/libs/chevrotain.module.min.js(84,1559): error TS2339: Property 'errors' does not exist on type 'e'.
examples/jsm/libs/chevrotain.module.min.js(84,1653): error TS2339: Property 'currTopLevel' does not exist on type 'e'.
examples/jsm/libs/chevrotain.module.min.js(84,1825): error TS7023: 't' implicitly has return type 'any' because it does not have a return type annotation and is referenced directly or indirectly in one of its return expressions.
examples/jsm/libs/chevrotain.module.min.js(84,2921): error TS2339: Property 'path' does not exist on type 'e'.
examples/jsm/libs/chevrotain.module.min.js(84,2946): error TS2339: Property 'topProd' does not exist on type 'e'.
examples/jsm/libs/chevrotain.module.min.js(84,3064): error TS2339: Property 'path' does not exist on type 'e'.
examples/jsm/libs/chevrotain.module.min.js(84,3127): error TS2339: Property 'path' does not exist on type 'e'.
examples/jsm/libs/chevrotain.module.min.js(84,3248): error TS2339: Property 'topProd' does not exist on type 'e'.
examples/jsm/libs/chevrotain.module.min.js(84,3262): error TS2339: Property 'possibleTokTypes' does not exist on type 'e'.
examples/jsm/libs/chevrotain.module.min.js(84,4178): error TS2339: Property 'isAtEndOfPath' does not exist on type 'e'.
examples/jsm/libs/chevrotain.module.min.js(84,4220): error TS2339: Property 'nextTerminalName' does not exist on type 'e'.
examples/jsm/libs/chevrotain.module.min.js(84,4251): error TS2339: Property 'nextTerminalOccurrence' does not exist on type 'e'.
examples/jsm/libs/chevrotain.module.min.js(84,4645): error TS2339: Property 'walk' does not exist on type 'e'.
examples/jsm/libs/chevrotain.module.min.js(84,4655): error TS2339: Property 'topRule' does not exist on type 'e'.
examples/jsm/libs/chevrotain.module.min.js(84,4669): error TS2339: Property 'result' does not exist on type 'e'.
examples/jsm/libs/chevrotain.module.min.js(84,4812): error TS2345: Argument of type 'IArguments' is not assignable to parameter of type '[r?: any, n?: any]'.
examples/jsm/libs/chevrotain.module.min.js(84,4889): error TS2339: Property 'occurrence' does not exist on type 'e'.
examples/jsm/libs/chevrotain.module.min.js(84,4933): error TS2339: Property 'result' does not exist on type 'e'.
examples/jsm/libs/chevrotain.module.min.js(84,4994): error TS2339: Property 'result' does not exist on type 'e'.
examples/jsm/libs/chevrotain.module.min.js(84,5027): error TS2339: Property 'result' does not exist on type 'e'.
examples/jsm/libs/chevrotain.module.min.js(84,5206): error TS2345: Argument of type 'IArguments' is not assignable to parameter of type '[r?: any, n?: any]'.
examples/jsm/libs/chevrotain.module.min.js(84,5286): error TS2339: Property 'occurrence' does not exist on type 'e'.
examples/jsm/libs/chevrotain.module.min.js(84,5330): error TS2339: Property 'result' does not exist on type 'e'.
examples/jsm/libs/chevrotain.module.min.js(84,5391): error TS2339: Property 'result' does not exist on type 'e'.
examples/jsm/libs/chevrotain.module.min.js(84,5424): error TS2339: Property 'result' does not exist on type 'e'.
examples/jsm/libs/chevrotain.module.min.js(84,5609): error TS2345: Argument of type 'IArguments' is not assignable to parameter of type '[r?: any, n?: any]'.
examples/jsm/libs/chevrotain.module.min.js(84,5692): error TS2339: Property 'occurrence' does not exist on type 'e'.
examples/jsm/libs/chevrotain.module.min.js(84,5736): error TS2339: Property 'result' does not exist on type 'e'.
examples/jsm/libs/chevrotain.module.min.js(84,5797): error TS2339: Property 'result' does not exist on type 'e'.
examples/jsm/libs/chevrotain.module.min.js(84,5830): error TS2339: Property 'result' does not exist on type 'e'.
examples/jsm/libs/chevrotain.module.min.js(84,6021): error TS2345: Argument of type 'IArguments' is not assignable to parameter of type '[r?: any, n?: any]'.
examples/jsm/libs/chevrotain.module.min.js(84,6107): error TS2339: Property 'occurrence' does not exist on type 'e'.
examples/jsm/libs/chevrotain.module.min.js(84,6151): error TS2339: Property 'result' does not exist on type 'e'.
examples/jsm/libs/chevrotain.module.min.js(84,6212): error TS2339: Property 'result' does not exist on type 'e'.
examples/jsm/libs/chevrotain.module.min.js(84,6245): error TS2339: Property 'result' does not exist on type 'e'.
examples/jsm/libs/chevrotain.module.min.js(84,6381): error TS7023: 'yi' implicitly has return type 'any' because it does not have a return type annotation and is referenced directly or indirectly in one of its return expressions.
examples/jsm/libs/chevrotain.module.min.js(84,6493): error TS7023: 'o' implicitly has return type 'any' because it does not have a return type annotation and is referenced directly or indirectly in one of its return expressions.
examples/jsm/libs/chevrotain.module.min.js(84,6502): error TS7022: 'p' implicitly has type 'any' because it does not have a type annotation and is referenced directly or indirectly in its own initializer.
examples/jsm/libs/chevrotain.module.min.js(84,6916): error TS2403: Subsequent variable declarations must have the same type.  Variable 'c' must be of type 'any', but here has type 'any[]'.
examples/jsm/libs/chevrotain.module.min.js(84,7862): error TS7022: 'm' implicitly has type 'any' because it does not have a type annotation and is referenced directly or indirectly in its own initializer.
examples/jsm/libs/chevrotain.module.min.js(84,7924): error TS7022: 'v' implicitly has type 'any' because it does not have a type annotation and is referenced directly or indirectly in its own initializer.
examples/jsm/libs/chevrotain.module.min.js(84,7932): error TS7022: 'u' implicitly has type 'any' because it does not have a type annotation and is referenced directly or indirectly in its own initializer.
examples/jsm/libs/chevrotain.module.min.js(84,7996): error TS7022: '_' implicitly has type 'any' because it does not have a type annotation and is referenced directly or indirectly in its own initializer.
examples/jsm/libs/chevrotain.module.min.js(84,8017): error TS7022: 'g' implicitly has type 'any' because it does not have a type annotation and is referenced directly or indirectly in its own initializer.
examples/jsm/libs/chevrotain.module.min.js(84,8194): error TS2403: Subsequent variable declarations must have the same type.  Variable 'g' must be of type 'any', but here has type '{ idx: any; def: any; ruleStack: any; occurrenceStack: any; }'.
examples/jsm/libs/chevrotain.module.min.js(84,8538): error TS2403: Subsequent variable declarations must have the same type.  Variable 'g' must be of type 'any', but here has type '{ idx: any; def: any; ruleStack: any; occurrenceStack: any; }'.
examples/jsm/libs/chevrotain.module.min.js(84,8969): error TS2403: Subsequent variable declarations must have the same type.  Variable 'g' must be of type 'any', but here has type '{ idx: any; def: any; ruleStack: any; occurrenceStack: any; }'.
examples/jsm/libs/chevrotain.module.min.js(84,9240): error TS2403: Subsequent variable declarations must have the same type.  Variable 'g' must be of type 'any', but here has type '{ idx: any; def: any; ruleStack: any; occurrenceStack: any; }'.
examples/jsm/libs/chevrotain.module.min.js(84,10569): error TS7023: 't' implicitly has return type 'any' because it does not have a return type annotation and is referenced directly or indirectly in one of its return expressions.
examples/jsm/libs/chevrotain.module.min.js(84,12823): error TS2683: 'this' implicitly has type 'any' because it does not have a type annotation.
examples/jsm/libs/chevrotain.module.min.js(84,12911): error TS2683: 'this' implicitly has type 'any' because it does not have a type annotation.
examples/jsm/libs/chevrotain.module.min.js(84,13226): error TS2683: 'this' implicitly has type 'any' because it does not have a type annotation.
examples/jsm/libs/chevrotain.module.min.js(84,13397): error TS2683: 'this' implicitly has type 'any' because it does not have a type annotation.
examples/jsm/libs/chevrotain.module.min.js(84,13699): error TS2683: 'this' implicitly has type 'any' because it does not have a type annotation.
examples/jsm/libs/chevrotain.module.min.js(84,13875): error TS2683: 'this' implicitly has type 'any' because it does not have a type annotation.
examples/jsm/libs/chevrotain.module.min.js(84,14009): error TS2683: 'this' implicitly has type 'any' because it does not have a type annotation.
examples/jsm/libs/chevrotain.module.min.js(84,14301): error TS2339: Property 'walk' does not exist on type 'e'.
examples/jsm/libs/chevrotain.module.min.js(84,14311): error TS2339: Property 'topProd' does not exist on type 'e'.
examples/jsm/libs/chevrotain.module.min.js(84,14398): error TS2339: Property 'targetOccurrence' does not exist on type 'e'.
examples/jsm/libs/chevrotain.module.min.js(84,14421): error TS2339: Property 'targetProdType' does not exist on type 'e'.
examples/jsm/libs/chevrotain.module.min.js(84,15349): error TS2339: Property 'targetOccurrence' does not exist on type 'e'.
examples/jsm/libs/chevrotain.module.min.js(84,15372): error TS2339: Property 'targetProdType' does not exist on type 'e'.
examples/jsm/libs/chevrotain.module.min.js(84,15398): error TS2339: Property 'targetRef' does not exist on type 'e'.
examples/jsm/libs/chevrotain.module.min.js(84,15427): error TS2339: Property 'targetRef' does not exist on type 'e'.
examples/jsm/libs/chevrotain.module.min.js(84,16669): error TS7053: Element implicitly has an 'any' type because expression of type 'any' can't be used to index type '{}'.
examples/jsm/libs/chevrotain.module.min.js(84,18180): error TS7023: 't' implicitly has return type 'any' because it does not have a return type annotation and is referenced directly or indirectly in one of its return expressions.
examples/jsm/libs/chevrotain.module.min.js(84,19587): error TS2339: Property 'allProductions' does not exist on type 'e'.
examples/jsm/libs/chevrotain.module.min.js(84,19909): error TS2339: Property 'parameter' does not exist on type '{ message: any; type: any; ruleName: any; dslName: any; occurrence: any; }'.
examples/jsm/libs/chevrotain.module.min.js(84,20329): error TS2339: Property 'allProductions' does not exist on type 'e'.
examples/jsm/libs/chevrotain.module.min.js(84,20394): error TS2339: Property 'allProductions' does not exist on type 'e'.
examples/jsm/libs/chevrotain.module.min.js(84,20476): error TS2339: Property 'allProductions' does not exist on type 'e'.
examples/jsm/libs/chevrotain.module.min.js(84,20554): error TS2339: Property 'allProductions' does not exist on type 'e'.
examples/jsm/libs/chevrotain.module.min.js(84,20645): error TS2339: Property 'allProductions' does not exist on type 'e'.
examples/jsm/libs/chevrotain.module.min.js(84,20714): error TS2339: Property 'allProductions' does not exist on type 'e'.
examples/jsm/libs/chevrotain.module.min.js(84,20784): error TS2339: Property 'allProductions' does not exist on type 'e'.
examples/jsm/libs/chevrotain.module.min.js(84,20851): error TS2339: Property 'allProductions' does not exist on type 'e'.
examples/jsm/libs/chevrotain.module.min.js(84,21992): error TS7023: '_t' implicitly has return type 'any' because it does not have a return type annotation and is referenced directly or indirectly in one of its return expressions.
examples/jsm/libs/chevrotain.module.min.js(84,22822): error TS2339: Property 'alternations' does not exist on type 'e'.
examples/jsm/libs/chevrotain.module.min.js(84,22913): error TS2339: Property 'alternations' does not exist on type 'e'.
examples/jsm/libs/chevrotain.module.min.js(84,23403): error TS2339: Property 'alternations' does not exist on type 'e'.
examples/jsm/libs/chevrotain.module.min.js(84,23864): error TS2339: Property 'allProductions' does not exist on type 'e'.
examples/jsm/libs/chevrotain.module.min.js(84,23942): error TS2339: Property 'allProductions' does not exist on type 'e'.
examples/jsm/libs/chevrotain.module.min.js(84,24033): error TS2339: Property 'allProductions' does not exist on type 'e'.
examples/jsm/libs/chevrotain.module.min.js(84,24102): error TS2339: Property 'allProductions' does not exist on type 'e'.
examples/jsm/libs/chevrotain.module.min.js(84,24218): error TS2339: Property 'alternations' does not exist on type 'e'.
examples/jsm/libs/chevrotain.module.min.js(84,24586): error TS2339: Property 'allProductions' does not exist on type 'e'.
examples/jsm/libs/chevrotain.module.min.js(84,26871): error TS7053: Element implicitly has an 'any' type because expression of type 'any' can't be used to index type '{}'.
examples/jsm/libs/chevrotain.module.min.js(84,27218): error TS7023: 't' implicitly has return type 'any' because it does not have a return type annotation and is referenced directly or indirectly in one of its return expressions.
examples/jsm/libs/chevrotain.module.min.js(84,28143): error TS2683: 'this' implicitly has type 'any' because it does not have a type annotation.
examples/jsm/libs/chevrotain.module.min.js(84,28169): error TS2683: 'this' implicitly has type 'any' because it does not have a type annotation.
examples/jsm/libs/chevrotain.module.min.js(84,28178): error TS2683: 'this' implicitly has type 'any' because it does not have a type annotation.
examples/jsm/libs/chevrotain.module.min.js(84,28192): error TS2339: Property 'token' does not exist on type 'Error'.
examples/jsm/libs/chevrotain.module.min.js(84,28202): error TS2339: Property 'resyncedTokens' does not exist on type 'Error'.
examples/jsm/libs/chevrotain.module.min.js(84,28396): error TS2683: 'this' implicitly has type 'any' because it does not have a type annotation.
examples/jsm/libs/chevrotain.module.min.js(84,28407): error TS2683: 'this' implicitly has type 'any' because it does not have a type annotation.
examples/jsm/libs/chevrotain.module.min.js(84,28421): error TS2339: Property 'previousToken' does not exist on type 'Error'.
examples/jsm/libs/chevrotain.module.min.js(84,28552): error TS2683: 'this' implicitly has type 'any' because it does not have a type annotation.
examples/jsm/libs/chevrotain.module.min.js(84,28563): error TS2683: 'this' implicitly has type 'any' because it does not have a type annotation.
examples/jsm/libs/chevrotain.module.min.js(84,28577): error TS2339: Property 'previousToken' does not exist on type 'Error'.
examples/jsm/libs/chevrotain.module.min.js(84,28702): error TS2683: 'this' implicitly has type 'any' because it does not have a type annotation.
examples/jsm/libs/chevrotain.module.min.js(84,28713): error TS2683: 'this' implicitly has type 'any' because it does not have a type annotation.
examples/jsm/libs/chevrotain.module.min.js(84,28842): error TS2683: 'this' implicitly has type 'any' because it does not have a type annotation.
examples/jsm/libs/chevrotain.module.min.js(84,28853): error TS2683: 'this' implicitly has type 'any' because it does not have a type annotation.
examples/jsm/libs/chevrotain.module.min.js(84,28867): error TS2339: Property 'previousToken' does not exist on type 'Error'.
examples/jsm/libs/chevrotain.module.min.js(84,29641): error TS2300: Duplicate identifier 'attemptInRepetitionRecovery'.
examples/jsm/libs/chevrotain.module.min.js(84,29982): error TS2339: Property 'exportLexerState' does not exist on type 't'.
examples/jsm/libs/chevrotain.module.min.js(84,30018): error TS2339: Property 'LA' does not exist on type 't'.
examples/jsm/libs/chevrotain.module.min.js(84,30031): error TS2339: Property 'LA' does not exist on type 't'.
examples/jsm/libs/chevrotain.module.min.js(84,30058): error TS2339: Property 'LA' does not exist on type 't'.
examples/jsm/libs/chevrotain.module.min.js(84,30068): error TS2339: Property 'errorMessageProvider' does not exist on type 't'.
examples/jsm/libs/chevrotain.module.min.js(84,30158): error TS2339: Property 'getCurrRuleFullName' does not exist on type 't'.
examples/jsm/libs/chevrotain.module.min.js(84,30222): error TS2339: Property 'LA' does not exist on type 't'.
examples/jsm/libs/chevrotain.module.min.js(84,30264): error TS2339: Property 'SAVE_ERROR' does not exist on type 't'.
examples/jsm/libs/chevrotain.module.min.js(84,30291): error TS2339: Property 'tokenMatcher' does not exist on type 't'.
examples/jsm/libs/chevrotain.module.min.js(84,30380): error TS2339: Property 'tokenMatcher' does not exist on type 't'.
examples/jsm/libs/chevrotain.module.min.js(84,30411): error TS2339: Property 'SKIP_TOKEN' does not exist on type 't'.
examples/jsm/libs/chevrotain.module.min.js(84,30458): error TS2339: Property 'importLexerState' does not exist on type 't'.
examples/jsm/libs/chevrotain.module.min.js(84,30586): error TS2339: Property 'tokenMatcher' does not exist on type 't'.
examples/jsm/libs/chevrotain.module.min.js(84,30604): error TS2339: Property 'LA' does not exist on type 't'.
examples/jsm/libs/chevrotain.module.min.js(84,30619): error TS2339: Property 'isBackTracking' does not exist on type 't'.
examples/jsm/libs/chevrotain.module.min.js(84,30809): error TS2339: Property 'getNextPossibleTokenTypes' does not exist on type 't'.
examples/jsm/libs/chevrotain.module.min.js(84,31038): error TS2339: Property 'SKIP_TOKEN' does not exist on type 't'.
examples/jsm/libs/chevrotain.module.min.js(84,31063): error TS2339: Property 'consumeToken' does not exist on type 't'.
examples/jsm/libs/chevrotain.module.min.js(84,31410): error TS2339: Property 'LA' does not exist on type 't'.
examples/jsm/libs/chevrotain.module.min.js(84,31449): error TS2339: Property 'tokenMatcher' does not exist on type 't'.
examples/jsm/libs/chevrotain.module.min.js(84,31557): error TS2339: Property 'tokenMatcher' does not exist on type 't'.
examples/jsm/libs/chevrotain.module.min.js(84,31575): error TS2339: Property 'LA' does not exist on type 't'.
examples/jsm/libs/chevrotain.module.min.js(84,31818): error TS2339: Property 'LA' does not exist on type 't'.
examples/jsm/libs/chevrotain.module.min.js(84,31885): error TS2339: Property 'LA' does not exist on type 't'.
examples/jsm/libs/chevrotain.module.min.js(84,31945): error TS2339: Property 'RULE_STACK' does not exist on type 't'.
examples/jsm/libs/chevrotain.module.min.js(84,32002): error TS2339: Property 'getLastExplicitRuleShortName' does not exist on type 't'.
examples/jsm/libs/chevrotain.module.min.js(84,32040): error TS2339: Property 'getLastExplicitRuleOccurrenceIndex' does not exist on type 't'.
examples/jsm/libs/chevrotain.module.min.js(84,32084): error TS2339: Property 'getPreviousExplicitRuleShortName' does not exist on type 't'.
examples/jsm/libs/chevrotain.module.min.js(84,32140): error TS2339: Property 'shortRuleNameToFullName' does not exist on type 't'.
examples/jsm/libs/chevrotain.module.min.js(84,32198): error TS2339: Property 'shortRuleNameToFullName' does not exist on type 't'.
examples/jsm/libs/chevrotain.module.min.js(84,32292): error TS2339: Property 'RULE_STACK' does not exist on type 't'.
examples/jsm/libs/chevrotain.module.min.js(84,32310): error TS2339: Property 'RULE_OCCURRENCE_STACK' does not exist on type 't'.
examples/jsm/libs/chevrotain.module.min.js(84,32404): error TS2339: Property 'shortRuleNameToFullName' does not exist on type 't'.
examples/jsm/libs/chevrotain.module.min.js(84,32462): error TS2339: Property 'shortRuleNameToFullName' does not exist on type 't'.
examples/jsm/libs/chevrotain.module.min.js(84,32810): error TS2532: Object is possibly 'undefined'.
examples/jsm/libs/chevrotain.module.min.js(84,32810): error TS7053: Element implicitly has an 'any' type because expression of type 'any' can't be used to index type '{}'.
examples/jsm/libs/chevrotain.module.min.js(84,32889): error TS2339: Property 'tokenMatcher' does not exist on type 't'.
examples/jsm/libs/chevrotain.module.min.js(84,32979): error TS2339: Property 'LA' does not exist on type 't'.
examples/jsm/libs/chevrotain.module.min.js(84,32990): error TS2339: Property 'tokenMatcher' does not exist on type 't'.
examples/jsm/libs/chevrotain.module.min.js(84,33021): error TS2339: Property 'SKIP_TOKEN' does not exist on type 't'.
examples/jsm/libs/chevrotain.module.min.js(84,33098): error TS2300: Duplicate identifier 'attemptInRepetitionRecovery'.
examples/jsm/libs/chevrotain.module.min.js(84,33258): error TS2339: Property 'RULE_OCCURRENCE_STACK' does not exist on type 't'.
examples/jsm/libs/chevrotain.module.min.js(84,33434): error TS2339: Property 'RULE_STACK' does not exist on type 't'.
examples/jsm/libs/chevrotain.module.min.js(84,33466): error TS2339: Property 'shortRuleNameToFullName' does not exist on type 't'.
examples/jsm/libs/chevrotain.module.min.js(84,33551): error TS2683: 'this' implicitly has type 'any' because it does not have a type annotation.
examples/jsm/libs/chevrotain.module.min.js(84,33591): error TS2683: 'this' implicitly has type 'any' because it does not have a type annotation.
examples/jsm/libs/chevrotain.module.min.js(84,33637): error TS2683: 'this' implicitly has type 'any' because it does not have a type annotation.
examples/jsm/libs/chevrotain.module.min.js(84,33666): error TS2683: 'this' implicitly has type 'any' because it does not have a type annotation.
examples/jsm/libs/chevrotain.module.min.js(84,33727): error TS2683: 'this' implicitly has type 'any' because it does not have a type annotation.
examples/jsm/libs/chevrotain.module.min.js(84,33799): error TS2683: 'this' implicitly has type 'any' because it does not have a type annotation.
examples/jsm/libs/chevrotain.module.min.js(84,33857): error TS2683: 'this' implicitly has type 'any' because it does not have a type annotation.
examples/jsm/libs/chevrotain.module.min.js(84,33904): error TS2683: 'this' implicitly has type 'any' because it does not have a type annotation.
examples/jsm/libs/chevrotain.module.min.js(84,35257): error TS2300: Duplicate identifier 'getLaFuncFromCache'.
examples/jsm/libs/chevrotain.module.min.js(84,35303): error TS2300: Duplicate identifier 'setLaFuncCache'.
examples/jsm/libs/chevrotain.module.min.js(84,35353): error TS2300: Duplicate identifier 'getLaFuncFromCache'.
examples/jsm/libs/chevrotain.module.min.js(84,35399): error TS2300: Duplicate identifier 'setLaFuncCache'.
examples/jsm/libs/chevrotain.module.min.js(84,35530): error TS2339: Property 'TRACE_INIT' does not exist on type 't'.
examples/jsm/libs/chevrotain.module.min.js(84,35787): error TS2339: Property 'TRACE_INIT' does not exist on type 't'.
examples/jsm/libs/chevrotain.module.min.js(84,36022): error TS2339: Property 'fullRuleNameToShort' does not exist on type 't'.
examples/jsm/libs/chevrotain.module.min.js(84,36067): error TS2722: Cannot invoke an object which is possibly 'undefined'.
examples/jsm/libs/chevrotain.module.min.js(84,36926): error TS2339: Property 'TRACE_INIT' does not exist on type 't'.
examples/jsm/libs/chevrotain.module.min.js(84,37122): error TS2339: Property 'fullRuleNameToShort' does not exist on type 't'.
examples/jsm/libs/chevrotain.module.min.js(84,37155): error TS2722: Cannot invoke an object which is possibly 'undefined'.
examples/jsm/libs/chevrotain.module.min.js(84,37472): error TS2339: Property 'getLastExplicitRuleShortName' does not exist on type 't'.
examples/jsm/libs/chevrotain.module.min.js(84,37561): error TS2300: Duplicate identifier 'getLaFuncFromCache'.
examples/jsm/libs/chevrotain.module.min.js(84,37642): error TS2532: Object is possibly 'undefined'.
examples/jsm/libs/chevrotain.module.min.js(84,37667): error TS2339: Property 'get' does not exist on type 'never[] | Map<any, any>'.
  Property 'get' does not exist on type 'never[]'.
examples/jsm/libs/chevrotain.module.min.js(84,37723): error TS2532: Object is possibly 'undefined'.
examples/jsm/libs/chevrotain.module.min.js(84,37723): error TS7053: Element implicitly has an 'any' type because expression of type 'any' can't be used to index type 'never[] | Map<any, any>'.
examples/jsm/libs/chevrotain.module.min.js(84,37764): error TS2300: Duplicate identifier 'setLaFuncCache'.
examples/jsm/libs/chevrotain.module.min.js(84,37844): error TS2532: Object is possibly 'undefined'.
examples/jsm/libs/chevrotain.module.min.js(84,37869): error TS2339: Property 'set' does not exist on type 'never[] | Map<any, any>'.
  Property 'set' does not exist on type 'never[]'.
examples/jsm/libs/chevrotain.module.min.js(84,37923): error TS2532: Object is possibly 'undefined'.
examples/jsm/libs/chevrotain.module.min.js(84,37923): error TS7053: Element implicitly has an 'any' type because expression of type 'any' can't be used to index type 'never[] | Map<any, any>'.
examples/jsm/libs/chevrotain.module.min.js(84,39260): error TS18048: 'r' is possibly 'undefined'.
examples/jsm/libs/chevrotain.module.min.js(84,39828): error TS2683: 'this' implicitly has type 'any' because it does not have a type annotation.
examples/jsm/libs/chevrotain.module.min.js(84,39956): error TS7023: 'visit' implicitly has return type 'any' because it does not have a return type annotation and is referenced directly or indirectly in one of its return expressions.
examples/jsm/libs/chevrotain.module.min.js(84,40029): error TS7053: Element implicitly has an 'any' type because expression of type 'any' can't be used to index type '{ visit: (i: any, a: any) => any; validateVisitor: () => void; }'.
examples/jsm/libs/chevrotain.module.min.js(90,295): error TS7008: Member 'CST_STACK' implicitly has an 'any[]' type.
examples/jsm/libs/chevrotain.module.min.js(90,488): error TS2300: Duplicate identifier 'cstInvocationStateUpdate'.
examples/jsm/libs/chevrotain.module.min.js(90,525): error TS2300: Duplicate identifier 'cstFinallyStateUpdate'.
examples/jsm/libs/chevrotain.module.min.js(90,559): error TS2300: Duplicate identifier 'cstPostTerminal'.
examples/jsm/libs/chevrotain.module.min.js(90,587): error TS2300: Duplicate identifier 'cstPostNonTerminal'.
examples/jsm/libs/chevrotain.module.min.js(90,690): error TS2339: Property 'recoveryEnabled' does not exist on type 't'.
examples/jsm/libs/chevrotain.module.min.js(90,1144): error TS2339: Property 'recoveryEnabled' does not exist on type 't'.
examples/jsm/libs/chevrotain.module.min.js(90,2047): error TS2339: Property 'LA' does not exist on type 't'.
examples/jsm/libs/chevrotain.module.min.js(90,2309): error TS2339: Property 'LA' does not exist on type 't'.
examples/jsm/libs/chevrotain.module.min.js(90,2455): error TS2300: Duplicate identifier 'cstInvocationStateUpdate'.
examples/jsm/libs/chevrotain.module.min.js(90,2552): error TS2532: Object is possibly 'undefined'.
examples/jsm/libs/chevrotain.module.min.js(90,2588): error TS2300: Duplicate identifier 'cstFinallyStateUpdate'.
examples/jsm/libs/chevrotain.module.min.js(90,2621): error TS2532: Object is possibly 'undefined'.
examples/jsm/libs/chevrotain.module.min.js(90,2694): error TS2339: Property 'LA' does not exist on type 't'.
examples/jsm/libs/chevrotain.module.min.js(90,2924): error TS2339: Property 'LA' does not exist on type 't'.
examples/jsm/libs/chevrotain.module.min.js(90,3027): error TS2300: Duplicate identifier 'cstPostTerminal'.
examples/jsm/libs/chevrotain.module.min.js(90,3063): error TS2532: Object is possibly 'undefined'.
examples/jsm/libs/chevrotain.module.min.js(90,3078): error TS2532: Object is possibly 'undefined'.
examples/jsm/libs/chevrotain.module.min.js(90,3187): error TS2300: Duplicate identifier 'cstPostNonTerminal'.
examples/jsm/libs/chevrotain.module.min.js(90,3226): error TS2532: Object is possibly 'undefined'.
examples/jsm/libs/chevrotain.module.min.js(90,3241): error TS2532: Object is possibly 'undefined'.
examples/jsm/libs/chevrotain.module.min.js(90,3503): error TS2339: Property 'className' does not exist on type 't'.
examples/jsm/libs/chevrotain.module.min.js(90,3525): error TS2339: Property 'gastProductionsCache' does not exist on type 't'.
examples/jsm/libs/chevrotain.module.min.js(90,3810): error TS2339: Property 'className' does not exist on type 't'.
examples/jsm/libs/chevrotain.module.min.js(90,3832): error TS2339: Property 'gastProductionsCache' does not exist on type 't'.
examples/jsm/libs/chevrotain.module.min.js(90,4059): error TS2339: Property 'RULE_STACK' does not exist on type 't'.
examples/jsm/libs/chevrotain.module.min.js(90,4159): error TS2339: Property 'RULE_STACK' does not exist on type 't'.
examples/jsm/libs/chevrotain.module.min.js(90,4261): error TS2339: Property 'RULE_OCCURRENCE_STACK' does not exist on type 't'.
examples/jsm/libs/chevrotain.module.min.js(90,4517): error TS7008: Member 'tokVector' implicitly has an 'any[]' type.
examples/jsm/libs/chevrotain.module.min.js(90,4680): error TS2339: Property 'selfAnalysisDone' does not exist on type 't'.
examples/jsm/libs/chevrotain.module.min.js(90,4803): error TS2339: Property 'reset' does not exist on type 't'.
examples/jsm/libs/chevrotain.module.min.js(90,4946): error TS2532: Object is possibly 'undefined'.
examples/jsm/libs/chevrotain.module.min.js(90,5079): error TS2532: Object is possibly 'undefined'.
examples/jsm/libs/chevrotain.module.min.js(90,5118): error TS2532: Object is possibly 'undefined'.
examples/jsm/libs/chevrotain.module.min.js(90,5421): error TS2532: Object is possibly 'undefined'.
examples/jsm/libs/chevrotain.module.min.js(90,5831): error TS2339: Property 'consumeInternal' does not exist on type 't'.
examples/jsm/libs/chevrotain.module.min.js(90,5903): error TS2339: Property 'subruleInternal' does not exist on type 't'.
examples/jsm/libs/chevrotain.module.min.js(90,5972): error TS2339: Property 'optionInternal' does not exist on type 't'.
examples/jsm/libs/chevrotain.module.min.js(90,6034): error TS2339: Property 'orInternal' does not exist on type 't'.
examples/jsm/libs/chevrotain.module.min.js(90,6094): error TS2339: Property 'manyInternal' does not exist on type 't'.
examples/jsm/libs/chevrotain.module.min.js(90,6162): error TS2339: Property 'atLeastOneInternal' does not exist on type 't'.
examples/jsm/libs/chevrotain.module.min.js(90,6233): error TS2339: Property 'consumeInternal' does not exist on type 't'.
examples/jsm/libs/chevrotain.module.min.js(90,6304): error TS2339: Property 'consumeInternal' does not exist on type 't'.
examples/jsm/libs/chevrotain.module.min.js(90,6375): error TS2339: Property 'consumeInternal' does not exist on type 't'.
examples/jsm/libs/chevrotain.module.min.js(90,6446): error TS2339: Property 'consumeInternal' does not exist on type 't'.
examples/jsm/libs/chevrotain.module.min.js(90,6517): error TS2339: Property 'consumeInternal' does not exist on type 't'.
examples/jsm/libs/chevrotain.module.min.js(90,6588): error TS2339: Property 'consumeInternal' does not exist on type 't'.
examples/jsm/libs/chevrotain.module.min.js(90,6659): error TS2339: Property 'consumeInternal' does not exist on type 't'.
examples/jsm/libs/chevrotain.module.min.js(90,6730): error TS2339: Property 'consumeInternal' does not exist on type 't'.
examples/jsm/libs/chevrotain.module.min.js(90,6801): error TS2339: Property 'consumeInternal' does not exist on type 't'.
examples/jsm/libs/chevrotain.module.min.js(90,6872): error TS2339: Property 'consumeInternal' does not exist on type 't'.
examples/jsm/libs/chevrotain.module.min.js(90,6942): error TS2339: Property 'subruleInternal' does not exist on type 't'.
examples/jsm/libs/chevrotain.module.min.js(90,7013): error TS2339: Property 'subruleInternal' does not exist on type 't'.
examples/jsm/libs/chevrotain.module.min.js(90,7084): error TS2339: Property 'subruleInternal' does not exist on type 't'.
examples/jsm/libs/chevrotain.module.min.js(90,7155): error TS2339: Property 'subruleInternal' does not exist on type 't'.
examples/jsm/libs/chevrotain.module.min.js(90,7226): error TS2339: Property 'subruleInternal' does not exist on type 't'.
examples/jsm/libs/chevrotain.module.min.js(90,7297): error TS2339: Property 'subruleInternal' does not exist on type 't'.
examples/jsm/libs/chevrotain.module.min.js(90,7368): error TS2339: Property 'subruleInternal' does not exist on type 't'.
examples/jsm/libs/chevrotain.module.min.js(90,7439): error TS2339: Property 'subruleInternal' does not exist on type 't'.
examples/jsm/libs/chevrotain.module.min.js(90,7510): error TS2339: Property 'subruleInternal' does not exist on type 't'.
examples/jsm/libs/chevrotain.module.min.js(90,7581): error TS2339: Property 'subruleInternal' does not exist on type 't'.
examples/jsm/libs/chevrotain.module.min.js(90,7648): error TS2339: Property 'optionInternal' does not exist on type 't'.
examples/jsm/libs/chevrotain.module.min.js(90,7713): error TS2339: Property 'optionInternal' does not exist on type 't'.
examples/jsm/libs/chevrotain.module.min.js(90,7778): error TS2339: Property 'optionInternal' does not exist on type 't'.
examples/jsm/libs/chevrotain.module.min.js(90,7843): error TS2339: Property 'optionInternal' does not exist on type 't'.
examples/jsm/libs/chevrotain.module.min.js(90,7908): error TS2339: Property 'optionInternal' does not exist on type 't'.
examples/jsm/libs/chevrotain.module.min.js(90,7973): error TS2339: Property 'optionInternal' does not exist on type 't'.
examples/jsm/libs/chevrotain.module.min.js(90,8038): error TS2339: Property 'optionInternal' does not exist on type 't'.
examples/jsm/libs/chevrotain.module.min.js(90,8103): error TS2339: Property 'optionInternal' does not exist on type 't'.
examples/jsm/libs/chevrotain.module.min.js(90,8168): error TS2339: Property 'optionInternal' does not exist on type 't'.
examples/jsm/libs/chevrotain.module.min.js(90,8233): error TS2339: Property 'optionInternal' does not exist on type 't'.
examples/jsm/libs/chevrotain.module.min.js(90,8293): error TS2339: Property 'orInternal' does not exist on type 't'.
examples/jsm/libs/chevrotain.module.min.js(90,8350): error TS2339: Property 'orInternal' does not exist on type 't'.
examples/jsm/libs/chevrotain.module.min.js(90,8407): error TS2339: Property 'orInternal' does not exist on type 't'.
examples/jsm/libs/chevrotain.module.min.js(90,8464): error TS2339: Property 'orInternal' does not exist on type 't'.
examples/jsm/libs/chevrotain.module.min.js(90,8521): error TS2339: Property 'orInternal' does not exist on type 't'.
examples/jsm/libs/chevrotain.module.min.js(90,8578): error TS2339: Property 'orInternal' does not exist on type 't'.
examples/jsm/libs/chevrotain.module.min.js(90,8635): error TS2339: Property 'orInternal' does not exist on type 't'.
examples/jsm/libs/chevrotain.module.min.js(90,8692): error TS2339: Property 'orInternal' does not exist on type 't'.
examples/jsm/libs/chevrotain.module.min.js(90,8749): error TS2339: Property 'orInternal' does not exist on type 't'.
examples/jsm/libs/chevrotain.module.min.js(90,8806): error TS2339: Property 'orInternal' does not exist on type 't'.
examples/jsm/libs/chevrotain.module.min.js(90,8857): error TS2339: Property 'manyInternal' does not exist on type 't'.
examples/jsm/libs/chevrotain.module.min.js(90,8911): error TS2339: Property 'manyInternal' does not exist on type 't'.
examples/jsm/libs/chevrotain.module.min.js(90,8965): error TS2339: Property 'manyInternal' does not exist on type 't'.
examples/jsm/libs/chevrotain.module.min.js(90,9019): error TS2339: Property 'manyInternal' does not exist on type 't'.
examples/jsm/libs/chevrotain.module.min.js(90,9073): error TS2339: Property 'manyInternal' does not exist on type 't'.
examples/jsm/libs/chevrotain.module.min.js(90,9127): error TS2339: Property 'manyInternal' does not exist on type 't'.
examples/jsm/libs/chevrotain.module.min.js(90,9181): error TS2339: Property 'manyInternal' does not exist on type 't'.
examples/jsm/libs/chevrotain.module.min.js(90,9235): error TS2339: Property 'manyInternal' does not exist on type 't'.
examples/jsm/libs/chevrotain.module.min.js(90,9289): error TS2339: Property 'manyInternal' does not exist on type 't'.
examples/jsm/libs/chevrotain.module.min.js(90,9343): error TS2339: Property 'manyInternal' does not exist on type 't'.
examples/jsm/libs/chevrotain.module.min.js(90,9400): error TS2339: Property 'manySepFirstInternal' does not exist on type 't'.
examples/jsm/libs/chevrotain.module.min.js(90,9466): error TS2339: Property 'manySepFirstInternal' does not exist on type 't'.
examples/jsm/libs/chevrotain.module.min.js(90,9532): error TS2339: Property 'manySepFirstInternal' does not exist on type 't'.
examples/jsm/libs/chevrotain.module.min.js(90,9598): error TS2339: Property 'manySepFirstInternal' does not exist on type 't'.
examples/jsm/libs/chevrotain.module.min.js(90,9664): error TS2339: Property 'manySepFirstInternal' does not exist on type 't'.
examples/jsm/libs/chevrotain.module.min.js(90,9730): error TS2339: Property 'manySepFirstInternal' does not exist on type 't'.
examples/jsm/libs/chevrotain.module.min.js(90,9796): error TS2339: Property 'manySepFirstInternal' does not exist on type 't'.
examples/jsm/libs/chevrotain.module.min.js(90,9862): error TS2339: Property 'manySepFirstInternal' does not exist on type 't'.
examples/jsm/libs/chevrotain.module.min.js(90,9928): error TS2339: Property 'manySepFirstInternal' does not exist on type 't'.
examples/jsm/libs/chevrotain.module.min.js(90,9994): error TS2339: Property 'manySepFirstInternal' does not exist on type 't'.
examples/jsm/libs/chevrotain.module.min.js(90,10063): error TS2339: Property 'atLeastOneInternal' does not exist on type 't'.
examples/jsm/libs/chevrotain.module.min.js(90,10138): error TS2339: Property 'atLeastOneInternal' does not exist on type 't'.
examples/jsm/libs/chevrotain.module.min.js(90,10206): error TS2339: Property 'atLeastOneInternal' does not exist on type 't'.
examples/jsm/libs/chevrotain.module.min.js(90,10274): error TS2339: Property 'atLeastOneInternal' does not exist on type 't'.
examples/jsm/libs/chevrotain.module.min.js(90,10342): error TS2339: Property 'atLeastOneInternal' does not exist on type 't'.
examples/jsm/libs/chevrotain.module.min.js(90,10410): error TS2339: Property 'atLeastOneInternal' does not exist on type 't'.
examples/jsm/libs/chevrotain.module.min.js(90,10478): error TS2339: Property 'atLeastOneInternal' does not exist on type 't'.
examples/jsm/libs/chevrotain.module.min.js(90,10546): error TS2339: Property 'atLeastOneInternal' does not exist on type 't'.
examples/jsm/libs/chevrotain.module.min.js(90,10614): error TS2339: Property 'atLeastOneInternal' does not exist on type 't'.
examples/jsm/libs/chevrotain.module.min.js(90,10682): error TS2339: Property 'atLeastOneInternal' does not exist on type 't'.
examples/jsm/libs/chevrotain.module.min.js(90,10753): error TS2339: Property 'atLeastOneSepFirstInternal' does not exist on type 't'.
examples/jsm/libs/chevrotain.module.min.js(90,10833): error TS2339: Property 'atLeastOneSepFirstInternal' does not exist on type 't'.
examples/jsm/libs/chevrotain.module.min.js(90,10913): error TS2339: Property 'atLeastOneSepFirstInternal' does not exist on type 't'.
examples/jsm/libs/chevrotain.module.min.js(90,10993): error TS2339: Property 'atLeastOneSepFirstInternal' does not exist on type 't'.
examples/jsm/libs/chevrotain.module.min.js(90,11073): error TS2339: Property 'atLeastOneSepFirstInternal' does not exist on type 't'.
examples/jsm/libs/chevrotain.module.min.js(90,11153): error TS2339: Property 'atLeastOneSepFirstInternal' does not exist on type 't'.
examples/jsm/libs/chevrotain.module.min.js(90,11233): error TS2339: Property 'atLeastOneSepFirstInternal' does not exist on type 't'.
examples/jsm/libs/chevrotain.module.min.js(90,11313): error TS2339: Property 'atLeastOneSepFirstInternal' does not exist on type 't'.
examples/jsm/libs/chevrotain.module.min.js(90,11393): error TS2339: Property 'atLeastOneSepFirstInternal' does not exist on type 't'.
examples/jsm/libs/chevrotain.module.min.js(90,11473): error TS2339: Property 'atLeastOneSepFirstInternal' does not exist on type 't'.
examples/jsm/libs/chevrotain.module.min.js(90,11598): error TS2339: Property 'definedRulesNames' does not exist on type 't'.
examples/jsm/libs/chevrotain.module.min.js(90,11727): error TS2339: Property 'className' does not exist on type 't'.
examples/jsm/libs/chevrotain.module.min.js(90,11853): error TS2339: Property 'definedRulesNames' does not exist on type 't'.
examples/jsm/libs/chevrotain.module.min.js(90,11890): error TS2339: Property 'defineRule' does not exist on type 't'.
examples/jsm/libs/chevrotain.module.min.js(90,11915): error TS7053: Element implicitly has an 'any' type because expression of type 'any' can't be used to index type 't'.
examples/jsm/libs/chevrotain.module.min.js(90,12064): error TS2339: Property 'definedRulesNames' does not exist on type 't'.
examples/jsm/libs/chevrotain.module.min.js(90,12087): error TS2339: Property 'className' does not exist on type 't'.
examples/jsm/libs/chevrotain.module.min.js(90,12164): error TS2339: Property 'defineRule' does not exist on type 't'.
examples/jsm/libs/chevrotain.module.min.js(90,12189): error TS7053: Element implicitly has an 'any' type because expression of type 'any' can't be used to index type 't'.
examples/jsm/libs/chevrotain.module.min.js(90,12256): error TS2683: 'this' implicitly has type 'any' because it does not have a type annotation.
examples/jsm/libs/chevrotain.module.min.js(90,12295): error TS2683: 'this' implicitly has type 'any' because it does not have a type annotation.
examples/jsm/libs/chevrotain.module.min.js(90,12336): error TS2683: 'this' implicitly has type 'any' because it does not have a type annotation.
examples/jsm/libs/chevrotain.module.min.js(90,12413): error TS2683: 'this' implicitly has type 'any' because it does not have a type annotation.
examples/jsm/libs/chevrotain.module.min.js(90,12438): error TS2683: 'this' implicitly has type 'any' because it does not have a type annotation.
examples/jsm/libs/chevrotain.module.min.js(90,12526): error TS2551: Property 'gastProductionsCache' does not exist on type 't'. Did you mean 'getGAstProductions'?
examples/jsm/libs/chevrotain.module.min.js(90,12642): error TS2551: Property 'gastProductionsCache' does not exist on type 't'. Did you mean 'getGAstProductions'?
examples/jsm/libs/chevrotain.module.min.js(90,13148): error TS7008: Member 'definedRulesNames' implicitly has an 'any[]' type.
examples/jsm/libs/chevrotain.module.min.js(90,13192): error TS7008: Member 'isBackTrackingStack' implicitly has an 'any[]' type.
examples/jsm/libs/chevrotain.module.min.js(90,13220): error TS7008: Member 'RULE_STACK' implicitly has an 'any[]' type.
examples/jsm/libs/chevrotain.module.min.js(90,13239): error TS7008: Member 'RULE_OCCURRENCE_STACK' implicitly has an 'any[]' type.
examples/jsm/libs/chevrotain.module.min.js(96,791): error TS2339: Property 'selfAnalysisDone' does not exist on type 't'.
examples/jsm/libs/chevrotain.module.min.js(97,274): error TS2532: Object is possibly 'undefined'.
examples/jsm/libs/chevrotain.module.min.js(97,348): error TS2532: Object is possibly 'undefined'.
examples/jsm/libs/chevrotain.module.min.js(97,372): error TS2532: Object is possibly 'undefined'.
examples/jsm/libs/chevrotain.module.min.js(97,372): error TS7053: Element implicitly has an 'any' type because expression of type 'number' can't be used to index type '{}'.
  No index signature with a parameter of type 'number' was found on type '{}'.
examples/jsm/libs/chevrotain.module.min.js(97,402): error TS2532: Object is possibly 'undefined'.
examples/jsm/libs/chevrotain.module.min.js(97,402): error TS7053: Element implicitly has an 'any' type because expression of type 'any' can't be used to index type '{}'.
examples/jsm/libs/chevrotain.module.min.js(97,453): error TS2683: 'this' implicitly has type 'any' because it does not have a type annotation.
examples/jsm/libs/chevrotain.module.min.js(97,482): error TS2683: 'this' implicitly has type 'any' because it does not have a type annotation.
examples/jsm/libs/chevrotain.module.min.js(97,496): error TS2683: 'this' implicitly has type 'any' because it does not have a type annotation.
examples/jsm/libs/chevrotain.module.min.js(97,511): error TS2683: 'this' implicitly has type 'any' because it does not have a type annotation.
examples/jsm/libs/chevrotain.module.min.js(97,543): error TS2683: 'this' implicitly has type 'any' because it does not have a type annotation.
examples/jsm/libs/chevrotain.module.min.js(97,585): error TS2683: 'this' implicitly has type 'any' because it does not have a type annotation.
examples/jsm/libs/chevrotain.module.min.js(97,609): error TS2683: 'this' implicitly has type 'any' because it does not have a type annotation.
examples/jsm/libs/chevrotain.module.min.js(97,645): error TS2683: 'this' implicitly has type 'any' because it does not have a type annotation.
examples/jsm/libs/chevrotain.module.min.js(97,721): error TS2683: 'this' implicitly has type 'any' because it does not have a type annotation.
examples/jsm/libs/chevrotain.module.min.js(97,766): error TS2683: 'this' implicitly has type 'any' because it does not have a type annotation.
examples/jsm/libs/chevrotain.module.min.js(97,795): error TS7053: Element implicitly has an 'any' type because expression of type 'string' can't be used to index type '{ (p: any, l: any): any; originalGrammarAction: any; }'.
  No index signature with a parameter of type 'string' was found on type '{ (p: any, l: any): any; originalGrammarAction: any; }'.
examples/jsm/libs/chevrotain.module.min.js(97,942): error TS2339: Property 'recoveryEnabled' does not exist on type 't'.
examples/jsm/libs/chevrotain.module.min.js(97,1016): error TS2339: Property 'findReSyncTokenType' does not exist on type 't'.
examples/jsm/libs/chevrotain.module.min.js(97,1046): error TS2339: Property 'isInCurrentRuleReSyncSet' does not exist on type 't'.
examples/jsm/libs/chevrotain.module.min.js(97,1099): error TS2339: Property 'reSyncTo' does not exist on type 't'.
examples/jsm/libs/chevrotain.module.min.js(97,1116): error TS2339: Property 'outputCst' does not exist on type 't'.
examples/jsm/libs/chevrotain.module.min.js(97,1133): error TS2532: Object is possibly 'undefined'.
examples/jsm/libs/chevrotain.module.min.js(97,1148): error TS2532: Object is possibly 'undefined'.
examples/jsm/libs/chevrotain.module.min.js(97,1230): error TS2339: Property 'outputCst' does not exist on type 't'.
examples/jsm/libs/chevrotain.module.min.js(97,1247): error TS2532: Object is possibly 'undefined'.
examples/jsm/libs/chevrotain.module.min.js(97,1262): error TS2532: Object is possibly 'undefined'.
examples/jsm/libs/chevrotain.module.min.js(97,1358): error TS2339: Property 'moveToTerminatedState' does not exist on type 't'.
examples/jsm/libs/chevrotain.module.min.js(97,1461): error TS2339: Property 'getKeyForAutomaticLookahead' does not exist on type 't'.
examples/jsm/libs/chevrotain.module.min.js(97,1612): error TS2339: Property 'getLaFuncFromCache' does not exist on type 't'.
examples/jsm/libs/chevrotain.module.min.js(97,1847): error TS2339: Property 'getKeyForAutomaticLookahead' does not exist on type 't'.
examples/jsm/libs/chevrotain.module.min.js(97,2012): error TS2339: Property 'getLaFuncFromCache' does not exist on type 't'.
examples/jsm/libs/chevrotain.module.min.js(97,2279): error TS2339: Property 'raiseEarlyExitException' does not exist on type 't'.
examples/jsm/libs/chevrotain.module.min.js(97,2355): error TS2339: Property 'attemptInRepetitionRecovery' does not exist on type 't'.
examples/jsm/libs/chevrotain.module.min.js(97,2540): error TS2339: Property 'getKeyForAutomaticLookahead' does not exist on type 't'.
examples/jsm/libs/chevrotain.module.min.js(97,2734): error TS2339: Property 'getLaFuncFromCache' does not exist on type 't'.
examples/jsm/libs/chevrotain.module.min.js(97,2836): error TS2339: Property 'LA' does not exist on type 't'.
examples/jsm/libs/chevrotain.module.min.js(97,2869): error TS2339: Property 'LA' does not exist on type 't'.
examples/jsm/libs/chevrotain.module.min.js(97,2889): error TS2339: Property 'CONSUME' does not exist on type 't'.
examples/jsm/libs/chevrotain.module.min.js(97,2918): error TS2339: Property 'attemptInRepetitionRecovery' does not exist on type 't'.
examples/jsm/libs/chevrotain.module.min.js(97,3114): error TS2339: Property 'raiseEarlyExitException' does not exist on type 't'.
examples/jsm/libs/chevrotain.module.min.js(97,3251): error TS2339: Property 'getKeyForAutomaticLookahead' does not exist on type 't'.
examples/jsm/libs/chevrotain.module.min.js(97,3396): error TS2339: Property 'getLaFuncFromCache' does not exist on type 't'.
examples/jsm/libs/chevrotain.module.min.js(97,3607): error TS2339: Property 'attemptInRepetitionRecovery' does not exist on type 't'.
examples/jsm/libs/chevrotain.module.min.js(97,3768): error TS2339: Property 'getKeyForAutomaticLookahead' does not exist on type 't'.
examples/jsm/libs/chevrotain.module.min.js(97,3942): error TS2339: Property 'getLaFuncFromCache' does not exist on type 't'.
examples/jsm/libs/chevrotain.module.min.js(97,4044): error TS2339: Property 'LA' does not exist on type 't'.
examples/jsm/libs/chevrotain.module.min.js(97,4077): error TS2339: Property 'LA' does not exist on type 't'.
examples/jsm/libs/chevrotain.module.min.js(97,4097): error TS2339: Property 'CONSUME' does not exist on type 't'.
examples/jsm/libs/chevrotain.module.min.js(97,4126): error TS2339: Property 'attemptInRepetitionRecovery' does not exist on type 't'.
examples/jsm/libs/chevrotain.module.min.js(97,4363): error TS2339: Property 'CONSUME' does not exist on type 't'.
examples/jsm/libs/chevrotain.module.min.js(97,4392): error TS2339: Property 'attemptInRepetitionRecovery' does not exist on type 't'.
examples/jsm/libs/chevrotain.module.min.js(97,4551): error TS2339: Property 'getLexerPosition' does not exist on type 't'.
examples/jsm/libs/chevrotain.module.min.js(97,4594): error TS2339: Property 'getLexerPosition' does not exist on type 't'.
examples/jsm/libs/chevrotain.module.min.js(97,4673): error TS2339: Property 'getKeyForAutomaticLookahead' does not exist on type 't'.
examples/jsm/libs/chevrotain.module.min.js(97,4744): error TS2339: Property 'getLaFuncFromCache' does not exist on type 't'.
examples/jsm/libs/chevrotain.module.min.js(97,4838): error TS2339: Property 'raiseNoAltException' does not exist on type 't'.
examples/jsm/libs/chevrotain.module.min.js(97,4943): error TS2532: Object is possibly 'undefined'.
examples/jsm/libs/chevrotain.module.min.js(97,4981): error TS2551: Property 'cstFinallyStateUpdate' does not exist on type 't'. Did you mean 'ruleFinallyStateUpdate'?
examples/jsm/libs/chevrotain.module.min.js(97,5072): error TS2339: Property 'LA' does not exist on type 't'.
examples/jsm/libs/chevrotain.module.min.js(97,5085): error TS2339: Property 'errorMessageProvider' does not exist on type 't'.
examples/jsm/libs/chevrotain.module.min.js(97,5197): error TS2339: Property 'SAVE_ERROR' does not exist on type 't'.
examples/jsm/libs/chevrotain.module.min.js(97,5366): error TS2339: Property 'cstPostNonTerminal' does not exist on type 't'.
examples/jsm/libs/chevrotain.module.min.js(97,5611): error TS2339: Property 'cstPostNonTerminal' does not exist on type 't'.
examples/jsm/libs/chevrotain.module.min.js(97,5784): error TS2339: Property 'LA' does not exist on type 't'.
examples/jsm/libs/chevrotain.module.min.js(97,5824): error TS2339: Property 'consumeToken' does not exist on type 't'.
examples/jsm/libs/chevrotain.module.min.js(97,5936): error TS2339: Property 'cstPostTerminal' does not exist on type 't'.
examples/jsm/libs/chevrotain.module.min.js(97,6064): error TS2339: Property 'LA' does not exist on type 't'.
examples/jsm/libs/chevrotain.module.min.js(97,6117): error TS2339: Property 'errorMessageProvider' does not exist on type 't'.
examples/jsm/libs/chevrotain.module.min.js(97,6239): error TS2339: Property 'SAVE_ERROR' does not exist on type 't'.
examples/jsm/libs/chevrotain.module.min.js(97,6351): error TS2339: Property 'recoveryEnabled' does not exist on type 't'.
examples/jsm/libs/chevrotain.module.min.js(97,6440): error TS2339: Property 'getFollowsForInRuleRecovery' does not exist on type 't'.
examples/jsm/libs/chevrotain.module.min.js(97,6489): error TS2339: Property 'tryInRuleRecovery' does not exist on type 't'.
examples/jsm/libs/chevrotain.module.min.js(97,6527): error TS18046: 'a' is of type 'unknown'.
examples/jsm/libs/chevrotain.module.min.js(97,6703): error TS2339: Property 'exportLexerState' does not exist on type 't'.
examples/jsm/libs/chevrotain.module.min.js(97,6829): error TS2339: Property 'importLexerState' does not exist on type 't'.
examples/jsm/libs/chevrotain.module.min.js(97,6944): error TS2532: Object is possibly 'undefined'.
examples/jsm/libs/chevrotain.module.min.js(97,7008): error TS2551: Property 'cstInvocationStateUpdate' does not exist on type 't'. Did you mean 'ruleInvocationStateUpdate'?
examples/jsm/libs/chevrotain.module.min.js(97,7084): error TS2532: Object is possibly 'undefined'.
examples/jsm/libs/chevrotain.module.min.js(97,7175): error TS2339: Property 'getLastExplicitRuleShortName' does not exist on type 't'.
examples/jsm/libs/chevrotain.module.min.js(97,7213): error TS2532: Object is possibly 'undefined'.
examples/jsm/libs/chevrotain.module.min.js(97,7213): error TS7053: Element implicitly has an 'any' type because expression of type 'any' can't be used to index type '{}'.
examples/jsm/libs/chevrotain.module.min.js(97,7297): error TS2532: Object is possibly 'undefined'.
examples/jsm/libs/chevrotain.module.min.js(97,7297): error TS7053: Element implicitly has an 'any' type because expression of type 'any' can't be used to index type '{}'.
examples/jsm/libs/chevrotain.module.min.js(97,7394): error TS2339: Property 'LA' does not exist on type 't'.
examples/jsm/libs/chevrotain.module.min.js(97,7443): error TS2339: Property 'resetLexerState' does not exist on type 't'.
examples/jsm/libs/chevrotain.module.min.js(97,7461): error TS7008: Member 'isBackTrackingStack' implicitly has an 'any[]' type.
examples/jsm/libs/chevrotain.module.min.js(97,7489): error TS7008: Member 'errors' implicitly has an 'any[]' type.
examples/jsm/libs/chevrotain.module.min.js(97,7504): error TS7008: Member 'RULE_STACK' implicitly has an 'any[]' type.
examples/jsm/libs/chevrotain.module.min.js(97,7523): error TS7008: Member 'CST_STACK' implicitly has an 'any[]' type.
examples/jsm/libs/chevrotain.module.min.js(97,7541): error TS7008: Member 'RULE_OCCURRENCE_STACK' implicitly has an 'any[]' type.
examples/jsm/libs/chevrotain.module.min.js(97,7813): error TS7008: Member '_errors' implicitly has an 'any[]' type.
examples/jsm/libs/chevrotain.module.min.js(97,8058): error TS2339: Property 'getHumanReadableRuleStack' does not exist on type 't'.
examples/jsm/libs/chevrotain.module.min.js(97,8123): error TS2339: Property 'RULE_OCCURRENCE_STACK' does not exist on type 't'.
examples/jsm/libs/chevrotain.module.min.js(97,8147): error TS2532: Object is possibly 'undefined'.
examples/jsm/libs/chevrotain.module.min.js(97,8470): error TS2339: Property 'getCurrRuleFullName' does not exist on type 't'.
examples/jsm/libs/chevrotain.module.min.js(97,8499): error TS2339: Property 'getGAstProductions' does not exist on type 't'.
examples/jsm/libs/chevrotain.module.min.js(97,8572): error TS2339: Property 'maxLookahead' does not exist on type 't'.
examples/jsm/libs/chevrotain.module.min.js(97,8610): error TS2339: Property 'maxLookahead' does not exist on type 't'.
examples/jsm/libs/chevrotain.module.min.js(97,8639): error TS2339: Property 'LA' does not exist on type 't'.
examples/jsm/libs/chevrotain.module.min.js(97,8749): error TS2339: Property 'LA' does not exist on type 't'.
examples/jsm/libs/chevrotain.module.min.js(97,8847): error TS2339: Property 'LA' does not exist on type 't'.
examples/jsm/libs/chevrotain.module.min.js(97,8858): error TS2339: Property 'LA' does not exist on type 't'.
examples/jsm/libs/chevrotain.module.min.js(97,8928): error TS2339: Property 'getCurrRuleFullName' does not exist on type 't'.
examples/jsm/libs/chevrotain.module.min.js(97,8957): error TS2339: Property 'getGAstProductions' does not exist on type 't'.
examples/jsm/libs/chevrotain.module.min.js(97,9018): error TS2339: Property 'maxLookahead' does not exist on type 't'.
examples/jsm/libs/chevrotain.module.min.js(97,9049): error TS2339: Property 'maxLookahead' does not exist on type 't'.
examples/jsm/libs/chevrotain.module.min.js(97,9078): error TS2339: Property 'LA' does not exist on type 't'.
examples/jsm/libs/chevrotain.module.min.js(97,9096): error TS2339: Property 'LA' does not exist on type 't'.
examples/jsm/libs/chevrotain.module.min.js(97,9235): error TS2339: Property 'getCurrRuleFullName' does not exist on type 't'.
examples/jsm/libs/chevrotain.module.min.js(97,9316): error TS2339: Property 'LA' does not exist on type 't'.
examples/jsm/libs/chevrotain.module.min.js(97,9609): error TS2339: Property 'gastProductionsCache' does not exist on type 't'.
examples/jsm/libs/chevrotain.module.min.js(97,9761): error TS2339: Property 'tokenMatcher' does not exist on type 't'.
examples/jsm/libs/chevrotain.module.min.js(97,9779): error TS2339: Property 'maxLookahead' does not exist on type 't'.
examples/jsm/libs/chevrotain.module.min.js(97,9879): error TS2339: Property 'getGAstProductions' does not exist on type 't'.
examples/jsm/libs/chevrotain.module.min.js(99,175): error TS7008: Member 'recordingProdStack' implicitly has an 'any[]' type.
examples/jsm/libs/chevrotain.module.min.js(99,306): error TS2339: Property 'TRACE_INIT' does not exist on type 't'.
examples/jsm/libs/chevrotain.module.min.js(99,384): error TS7053: Element implicitly has an 'any' type because expression of type 'string' can't be used to index type 't'.
  No index signature with a parameter of type 'string' was found on type 't'.
examples/jsm/libs/chevrotain.module.min.js(99,455): error TS7053: Element implicitly has an 'any' type because expression of type 'string' can't be used to index type 't'.
  No index signature with a parameter of type 'string' was found on type 't'.
examples/jsm/libs/chevrotain.module.min.js(99,526): error TS7053: Element implicitly has an 'any' type because expression of type 'string' can't be used to index type 't'.
  No index signature with a parameter of type 'string' was found on type 't'.
examples/jsm/libs/chevrotain.module.min.js(99,591): error TS7053: Element implicitly has an 'any' type because expression of type 'string' can't be used to index type 't'.
  No index signature with a parameter of type 'string' was found on type 't'.
examples/jsm/libs/chevrotain.module.min.js(99,648): error TS7053: Element implicitly has an 'any' type because expression of type 'string' can't be used to index type 't'.
  No index signature with a parameter of type 'string' was found on type 't'.
examples/jsm/libs/chevrotain.module.min.js(99,702): error TS7053: Element implicitly has an 'any' type because expression of type 'string' can't be used to index type 't'.
  No index signature with a parameter of type 'string' was found on type 't'.
examples/jsm/libs/chevrotain.module.min.js(99,768): error TS7053: Element implicitly has an 'any' type because expression of type 'string' can't be used to index type 't'.
  No index signature with a parameter of type 'string' was found on type 't'.
examples/jsm/libs/chevrotain.module.min.js(99,836): error TS7053: Element implicitly has an 'any' type because expression of type 'string' can't be used to index type 't'.
  No index signature with a parameter of type 'string' was found on type 't'.
examples/jsm/libs/chevrotain.module.min.js(99,937): error TS2339: Property 'consume' does not exist on type 't'.
examples/jsm/libs/chevrotain.module.min.js(99,1005): error TS2339: Property 'subrule' does not exist on type 't'.
examples/jsm/libs/chevrotain.module.min.js(99,1073): error TS2339: Property 'option' does not exist on type 't'.
examples/jsm/libs/chevrotain.module.min.js(99,1135): error TS2339: Property 'or' does not exist on type 't'.
examples/jsm/libs/chevrotain.module.min.js(99,1189): error TS2339: Property 'many' does not exist on type 't'.
examples/jsm/libs/chevrotain.module.min.js(99,1240): error TS2339: Property 'atLeastOne' does not exist on type 't'.
examples/jsm/libs/chevrotain.module.min.js(99,1303): error TS2339: Property 'ACTION' does not exist on type 't'.
examples/jsm/libs/chevrotain.module.min.js(99,1328): error TS2339: Property 'BACKTRACK' does not exist on type 't'.
examples/jsm/libs/chevrotain.module.min.js(99,1359): error TS2339: Property 'LA' does not exist on type 't'.
examples/jsm/libs/chevrotain.module.min.js(99,1457): error TS2339: Property 'TRACE_INIT' does not exist on type 't'.
examples/jsm/libs/chevrotain.module.min.js(99,1552): error TS7053: Element implicitly has an 'any' type because expression of type 'string' can't be used to index type 't'.
  No index signature with a parameter of type 'string' was found on type 't'.
examples/jsm/libs/chevrotain.module.min.js(99,1574): error TS7053: Element implicitly has an 'any' type because expression of type 'string' can't be used to index type 't'.
  No index signature with a parameter of type 'string' was found on type 't'.
examples/jsm/libs/chevrotain.module.min.js(99,1596): error TS7053: Element implicitly has an 'any' type because expression of type 'string' can't be used to index type 't'.
  No index signature with a parameter of type 'string' was found on type 't'.
examples/jsm/libs/chevrotain.module.min.js(99,1617): error TS7053: Element implicitly has an 'any' type because expression of type 'string' can't be used to index type 't'.
  No index signature with a parameter of type 'string' was found on type 't'.
examples/jsm/libs/chevrotain.module.min.js(99,1634): error TS7053: Element implicitly has an 'any' type because expression of type 'string' can't be used to index type 't'.
  No index signature with a parameter of type 'string' was found on type 't'.
examples/jsm/libs/chevrotain.module.min.js(99,1653): error TS7053: Element implicitly has an 'any' type because expression of type 'string' can't be used to index type 't'.
  No index signature with a parameter of type 'string' was found on type 't'.
examples/jsm/libs/chevrotain.module.min.js(99,1676): error TS7053: Element implicitly has an 'any' type because expression of type 'string' can't be used to index type 't'.
  No index signature with a parameter of type 'string' was found on type 't'.
examples/jsm/libs/chevrotain.module.min.js(99,1703): error TS7053: Element implicitly has an 'any' type because expression of type 'string' can't be used to index type 't'.
  No index signature with a parameter of type 'string' was found on type 't'.
examples/jsm/libs/chevrotain.module.min.js(99,1736): error TS2339: Property 'consume' does not exist on type 't'.
examples/jsm/libs/chevrotain.module.min.js(99,1753): error TS2339: Property 'subrule' does not exist on type 't'.
examples/jsm/libs/chevrotain.module.min.js(99,1770): error TS2339: Property 'option' does not exist on type 't'.
examples/jsm/libs/chevrotain.module.min.js(99,1786): error TS2339: Property 'or' does not exist on type 't'.
examples/jsm/libs/chevrotain.module.min.js(99,1798): error TS2339: Property 'many' does not exist on type 't'.
examples/jsm/libs/chevrotain.module.min.js(99,1812): error TS2339: Property 'atLeastOne' does not exist on type 't'.
examples/jsm/libs/chevrotain.module.min.js(99,1832): error TS2339: Property 'ACTION' does not exist on type 't'.
examples/jsm/libs/chevrotain.module.min.js(99,1848): error TS2339: Property 'BACKTRACK' does not exist on type 't'.
examples/jsm/libs/chevrotain.module.min.js(99,1867): error TS2339: Property 'LA' does not exist on type 't'.
examples/jsm/libs/chevrotain.module.min.js(99,2149): error TS2532: Object is possibly 'undefined'.
examples/jsm/libs/chevrotain.module.min.js(99,2194): error TS2532: Object is possibly 'undefined'.
examples/jsm/libs/chevrotain.module.min.js(99,2238): error TS18046: 'i' is of type 'unknown'.
examples/jsm/libs/chevrotain.module.min.js(99,2270): error TS18046: 'i' is of type 'unknown'.
examples/jsm/libs/chevrotain.module.min.js(99,2280): error TS18046: 'i' is of type 'unknown'.
examples/jsm/libs/chevrotain.module.min.js(102,28): error TS2532: Object is possibly 'undefined'.
examples/jsm/libs/chevrotain.module.min.js(102,74): error TS2339: Property 'KNOWN_RECORDER_ERROR' does not exist on type 'Error'.
examples/jsm/libs/chevrotain.module.min.js(102,255): error TS2339: Property 'outputCst' does not exist on type 't'.
examples/jsm/libs/chevrotain.module.min.js(103,28): error TS2532: Object is possibly 'undefined'.
examples/jsm/libs/chevrotain.module.min.js(103,74): error TS2339: Property 'KNOWN_RECORDER_ERROR' does not exist on type 'Error'.
examples/jsm/libs/chevrotain.module.min.js(103,297): error TS2683: 'this' implicitly has type 'any' because it does not have a type annotation.
examples/jsm/libs/chevrotain.module.min.js(103,470): error TS2683: 'this' implicitly has type 'any' because it does not have a type annotation.
examples/jsm/libs/chevrotain.module.min.js(103,509): error TS2683: 'this' implicitly has type 'any' because it does not have a type annotation.
examples/jsm/libs/chevrotain.module.min.js(103,536): error TS2683: 'this' implicitly has type 'any' because it does not have a type annotation.
examples/jsm/libs/chevrotain.module.min.js(103,592): error TS2683: 'this' implicitly has type 'any' because it does not have a type annotation.
examples/jsm/libs/chevrotain.module.min.js(103,617): error TS2683: 'this' implicitly has type 'any' because it does not have a type annotation.
examples/jsm/libs/chevrotain.module.min.js(104,78): error TS2339: Property 'KNOWN_RECORDER_ERROR' does not exist on type 'Error'.
examples/jsm/libs/chevrotain.module.min.js(104,627): error TS2532: Object is possibly 'undefined'.
examples/jsm/libs/chevrotain.module.min.js(104,666): error TS2532: Object is possibly 'undefined'.
examples/jsm/libs/chevrotain.module.min.js(104,700): error TS2532: Object is possibly 'undefined'.
examples/jsm/libs/chevrotain.module.min.js(104,850): error TS2532: Object is possibly 'undefined'.
examples/jsm/libs/chevrotain.module.min.js(104,928): error TS2532: Object is possibly 'undefined'.
examples/jsm/libs/chevrotain.module.min.js(104,1448): error TS7023: 't' implicitly has return type 'any' because it does not have a return type annotation and is referenced directly or indirectly in one of its return expressions.
examples/jsm/libs/chevrotain.module.min.js(104,3505): error TS7008: Member 'definitionErrors' implicitly has an 'any[]' type.
examples/jsm/libs/chevrotain.module.min.js(104,3571): error TS2339: Property 'initErrorHandler' does not exist on type 't'.
examples/jsm/libs/chevrotain.module.min.js(104,3593): error TS2339: Property 'initLexerAdapter' does not exist on type 't'.
examples/jsm/libs/chevrotain.module.min.js(104,3614): error TS2339: Property 'initLooksAhead' does not exist on type 't'.
examples/jsm/libs/chevrotain.module.min.js(104,3634): error TS2339: Property 'initRecognizerEngine' does not exist on type 't'.
examples/jsm/libs/chevrotain.module.min.js(104,3662): error TS2339: Property 'initRecoverable' does not exist on type 't'.
examples/jsm/libs/chevrotain.module.min.js(104,3683): error TS2339: Property 'initTreeBuilder' does not exist on type 't'.
examples/jsm/libs/chevrotain.module.min.js(104,3704): error TS2339: Property 'initContentAssist' does not exist on type 't'.
examples/jsm/libs/chevrotain.module.min.js(104,3726): error TS2339: Property 'initGastRecorder' does not exist on type 't'.
examples/jsm/libs/chevrotain.module.min.js(104,3748): error TS2339: Property 'initPerformanceTracer' does not exist on type 't'.
examples/jsm/libs/chevrotain.module.min.js(107,371): error TS2339: Property 'TRACE_INIT' does not exist on type 't'.
examples/jsm/libs/chevrotain.module.min.js(107,451): error TS2339: Property 'className' does not exist on type 't'.
examples/jsm/libs/chevrotain.module.min.js(107,463): error TS2339: Property 'TRACE_INIT' does not exist on type 't'.
examples/jsm/libs/chevrotain.module.min.js(107,526): error TS2339: Property 'TRACE_INIT' does not exist on type 't'.
examples/jsm/libs/chevrotain.module.min.js(107,574): error TS2339: Property 'enableRecording' does not exist on type 't'.
examples/jsm/libs/chevrotain.module.min.js(107,605): error TS2339: Property 'definedRulesNames' does not exist on type 't'.
examples/jsm/libs/chevrotain.module.min.js(107,641): error TS7053: Element implicitly has an 'any' type because expression of type 'any' can't be used to index type 't'.
examples/jsm/libs/chevrotain.module.min.js(107,683): error TS2339: Property 'TRACE_INIT' does not exist on type 't'.
examples/jsm/libs/chevrotain.module.min.js(107,719): error TS2339: Property 'topLevelRuleRecord' does not exist on type 't'.
examples/jsm/libs/chevrotain.module.min.js(107,747): error TS2339: Property 'gastProductionsCache' does not exist on type 't'.
examples/jsm/libs/chevrotain.module.min.js(107,785): error TS2339: Property 'disableRecording' does not exist on type 't'.
examples/jsm/libs/chevrotain.module.min.js(107,821): error TS2339: Property 'TRACE_INIT' does not exist on type 't'.
examples/jsm/libs/chevrotain.module.min.js(107,902): error TS2339: Property 'gastProductionsCache' does not exist on type 't'.
examples/jsm/libs/chevrotain.module.min.js(107,978): error TS2339: Property 'TRACE_INIT' does not exist on type 't'.
examples/jsm/libs/chevrotain.module.min.js(107,1108): error TS2339: Property 'gastProductionsCache' does not exist on type 't'.
examples/jsm/libs/chevrotain.module.min.js(107,1145): error TS2339: Property 'maxLookahead' does not exist on type 't'.
examples/jsm/libs/chevrotain.module.min.js(107,1181): error TS2339: Property 'tokensMap' does not exist on type 't'.
examples/jsm/libs/chevrotain.module.min.js(107,1349): error TS2339: Property 'recoveryEnabled' does not exist on type 't'.
examples/jsm/libs/chevrotain.module.min.js(107,1368): error TS2339: Property 'TRACE_INIT' does not exist on type 't'.
examples/jsm/libs/chevrotain.module.min.js(107,1459): error TS2339: Property 'gastProductionsCache' does not exist on type 't'.
examples/jsm/libs/chevrotain.module.min.js(107,1484): error TS2339: Property 'resyncFollows' does not exist on type 't'.
examples/jsm/libs/chevrotain.module.min.js(107,1504): error TS2339: Property 'TRACE_INIT' does not exist on type 't'.
examples/jsm/libs/chevrotain.module.min.js(107,1556): error TS2339: Property 'preComputeLookaheadFunctions' does not exist on type 't'.
examples/jsm/libs/chevrotain.module.min.js(107,1597): error TS2339: Property 'gastProductionsCache' does not exist on type 't'.
examples/jsm/libs/chevrotain.module.min.js(110,340): error TS2683: 'this' implicitly has type 'any' because it does not have a type annotation.
examples/jsm/libs/chevrotain.module.min.js(110,386): error TS1345: An expression of type 'void' cannot be tested for truthiness.
examples/jsm/libs/chevrotain.module.min.js(110,393): error TS2683: 'this' implicitly has type 'any' because it does not have a type annotation.
examples/jsm/libs/chevrotain.module.min.js(110,404): error TS2683: 'this' implicitly has type 'any' because it does not have a type annotation.
examples/jsm/libs/chevrotain.module.min.js(110,529): error TS2683: 'this' implicitly has type 'any' because it does not have a type annotation.
examples/jsm/libs/chevrotain.module.min.js(110,575): error TS1345: An expression of type 'void' cannot be tested for truthiness.
examples/jsm/libs/chevrotain.module.min.js(110,582): error TS2683: 'this' implicitly has type 'any' because it does not have a type annotation.
examples/jsm/libs/chevrotain.module.min.js(110,593): error TS2683: 'this' implicitly has type 'any' because it does not have a type annotation.
examples/jsm/libs/fflate.module.js(19,24): error TS7053: Element implicitly has an 'any' type because expression of type 'any' can't be used to index type '{}'.
examples/jsm/libs/fflate.module.js(19,36): error TS7053: Element implicitly has an 'any' type because expression of type 'any' can't be used to index type '{}'.
examples/jsm/libs/fflate.module.js(19,70): error TS2693: 'Blob' only refers to a type, but is being used as a value here.
examples/jsm/libs/fflate.module.js(26,13): error TS7053: Element implicitly has an 'any' type because expression of type '"code"' can't be used to index type 'Error'.
  Property 'code' does not exist on type 'Error'.
examples/jsm/libs/fflate.module.js(215,7): error TS2339: Property 'code' does not exist on type 'Error'.
examples/jsm/libs/fflate.module.js(343,17): error TS2403: Subsequent variable declarations must have the same type.  Variable 'c' must be of type 'number', but here has type 'any'.
examples/jsm/libs/fflate.module.js(372,21): error TS2403: Subsequent variable declarations must have the same type.  Variable 'dt' must be of type 'Uint8Array<ArrayBuffer>', but here has type 'number'.
examples/jsm/libs/fflate.module.js(375,21): error TS2365: Operator '+=' cannot be applied to types 'Uint8Array<ArrayBuffer>' and 'number'.
examples/jsm/libs/fflate.module.js(386,38): error TS2363: The right-hand side of an arithmetic operation must be of type 'any', 'number', 'bigint' or an enum type.
examples/jsm/libs/fflate.module.js(386,58): error TS2345: Argument of type 'Uint8Array<ArrayBuffer>' is not assignable to parameter of type 'number'.
examples/jsm/libs/fflate.module.js(393,40): error TS2363: The right-hand side of an arithmetic operation must be of type 'any', 'number', 'bigint' or an enum type.
examples/jsm/libs/fflate.module.js(497,5): error TS7023: 'ln' implicitly has return type 'any' because it does not have a return type annotation and is referenced directly or indirectly in one of its return expressions.
examples/jsm/libs/fflate.module.js(583,19): error TS2365: Operator '+' cannot be applied to types 'number' and 'boolean'.
examples/jsm/libs/fflate.module.js(825,9): error TS7053: Element implicitly has an 'any' type because expression of type 'string' can't be used to index type '{}'.
  No index signature with a parameter of type 'string' was found on type '{}'.
examples/jsm/libs/fflate.module.js(827,9): error TS7053: Element implicitly has an 'any' type because expression of type 'string' can't be used to index type '{}'.
  No index signature with a parameter of type 'string' was found on type '{}'.
examples/jsm/libs/fflate.module.js(976,33): error TS2362: The left-hand side of an arithmetic operation must be of type 'any', 'number', 'bigint' or an enum type.
examples/jsm/libs/fflate.module.js(992,66): error TS2363: The right-hand side of an arithmetic operation must be of type 'any', 'number', 'bigint' or an enum type.
examples/jsm/libs/fflate.module.js(1109,12): error TS2683: 'this' implicitly has type 'any' because it does not have a type annotation.
examples/jsm/libs/fflate.module.js(1109,31): error TS2683: 'this' implicitly has type 'any' because it does not have a type annotation.
examples/jsm/libs/fflate.module.js(1169,38): error TS2339: Property 'p' does not exist on type '{ i: number; b: any; }'.
examples/jsm/libs/fflate.module.js(1169,58): error TS2339: Property 'p' does not exist on type '{ i: number; b: any; }'.
examples/jsm/libs/fflate.module.js(1190,12): error TS2683: 'this' implicitly has type 'any' because it does not have a type annotation.
examples/jsm/libs/fflate.module.js(1190,31): error TS2683: 'this' implicitly has type 'any' because it does not have a type annotation.
examples/jsm/libs/fflate.module.js(1238,32): error TS2339: Property 'o' does not exist on type 'Gzip'.
examples/jsm/libs/fflate.module.js(1238,55): error TS2339: Property 'o' does not exist on type 'Gzip'.
examples/jsm/libs/fflate.module.js(1238,72): error TS2339: Property 's' does not exist on type 'Gzip'.
examples/jsm/libs/fflate.module.js(1240,27): error TS2339: Property 'o' does not exist on type 'Gzip'.
examples/jsm/libs/fflate.module.js(1243,14): error TS2339: Property 'ondata' does not exist on type 'Gzip'.
examples/jsm/libs/fflate.module.js(1264,12): error TS2683: 'this' implicitly has type 'any' because it does not have a type annotation.
examples/jsm/libs/fflate.module.js(1264,31): error TS2683: 'this' implicitly has type 'any' because it does not have a type annotation.
examples/jsm/libs/fflate.module.js(1315,17): error TS7022: 'p' implicitly has type 'any' because it does not have a type annotation and is referenced directly or indirectly in its own initializer.
examples/jsm/libs/fflate.module.js(1321,41): error TS2339: Property 'onmember' does not exist on type 'Gunzip'.
examples/jsm/libs/fflate.module.js(1322,22): error TS2339: Property 'onmember' does not exist on type 'Gunzip'.
examples/jsm/libs/fflate.module.js(1324,13): error TS7022: 'p' implicitly has type 'any' because it does not have a type annotation and is referenced directly or indirectly in its own initializer.
examples/jsm/libs/fflate.module.js(1330,13): error TS2532: Object is possibly 'undefined'.
examples/jsm/libs/fflate.module.js(1330,20): error TS2339: Property 'f' does not exist on type '{ i: number; }'.
examples/jsm/libs/fflate.module.js(1330,26): error TS2532: Object is possibly 'undefined'.
examples/jsm/libs/fflate.module.js(1330,33): error TS2339: Property 'l' does not exist on type '{ i: number; }'.
examples/jsm/libs/fflate.module.js(1331,27): error TS2532: Object is possibly 'undefined'.
examples/jsm/libs/fflate.module.js(1331,34): error TS2339: Property 'p' does not exist on type '{ i: number; }'.
examples/jsm/libs/fflate.module.js(1345,21): error TS2683: 'this' implicitly has type 'any' because it does not have a type annotation.
examples/jsm/libs/fflate.module.js(1350,12): error TS2683: 'this' implicitly has type 'any' because it does not have a type annotation.
examples/jsm/libs/fflate.module.js(1350,31): error TS2683: 'this' implicitly has type 'any' because it does not have a type annotation.
examples/jsm/libs/fflate.module.js(1352,18): error TS2339: Property 'onmember' does not exist on type 'Gunzip'.
examples/jsm/libs/fflate.module.js(1401,32): error TS2339: Property 'o' does not exist on type 'Zlib'.
examples/jsm/libs/fflate.module.js(1401,51): error TS2339: Property 'o' does not exist on type 'Zlib'.
examples/jsm/libs/fflate.module.js(1401,87): error TS2339: Property 's' does not exist on type 'Zlib'.
examples/jsm/libs/fflate.module.js(1403,27): error TS2339: Property 'o' does not exist on type 'Zlib'.
examples/jsm/libs/fflate.module.js(1406,14): error TS2339: Property 'ondata' does not exist on type 'Zlib'.
examples/jsm/libs/fflate.module.js(1427,12): error TS2683: 'this' implicitly has type 'any' because it does not have a type annotation.
examples/jsm/libs/fflate.module.js(1427,31): error TS2683: 'this' implicitly has type 'any' because it does not have a type annotation.
examples/jsm/libs/fflate.module.js(1501,12): error TS2683: 'this' implicitly has type 'any' because it does not have a type annotation.
examples/jsm/libs/fflate.module.js(1501,31): error TS2683: 'this' implicitly has type 'any' because it does not have a type annotation.
examples/jsm/libs/fflate.module.js(1546,9): error TS2532: Object is possibly 'undefined'.
examples/jsm/libs/fflate.module.js(1546,16): error TS2339: Property 'ondata' does not exist on type 'Inflate | Gunzip | Unzlib'.
  Property 'ondata' does not exist on type 'Gunzip'.
examples/jsm/libs/fflate.module.js(1547,19): error TS2339: Property 'ondata' does not exist on type 'Decompress'.
examples/jsm/libs/fflate.module.js(1556,19): error TS2339: Property 'ondata' does not exist on type 'Decompress'.
examples/jsm/libs/fflate.module.js(1595,14): error TS2339: Property 's' does not exist on type 'AsyncDecompress'.
examples/jsm/libs/fflate.module.js(1596,19): error TS2339: Property 'ondata' does not exist on type 'AsyncDecompress'.
examples/jsm/libs/fflate.module.js(1598,14): error TS2339: Property 's' does not exist on type 'AsyncDecompress'.
examples/jsm/libs/fflate.module.js(1600,23): error TS2339: Property 'ondrain' does not exist on type 'AsyncDecompress'.
examples/jsm/libs/fflate.module.js(1601,23): error TS2339: Property 'ondrain' does not exist on type 'AsyncDecompress'.
examples/jsm/libs/fflate.module.js(1669,18): error TS2365: Operator '+' cannot be applied to types 'boolean' and 'boolean'.
examples/jsm/libs/fflate.module.js(1719,26): error TS2532: Object is possibly 'undefined'.
examples/jsm/libs/fflate.module.js(1720,17): error TS2345: Argument of type 'Uint8Array<ArrayBuffer> | undefined' is not assignable to parameter of type 'ArrayLike<number>'.
  Type 'undefined' is not assignable to type 'ArrayLike<number>'.
examples/jsm/libs/fflate.module.js(1721,24): error TS2532: Object is possibly 'undefined'.
examples/jsm/libs/fflate.module.js(1726,13): error TS2322: Type 'null' is not assignable to type 'Uint8Array<ArrayBuffer> | undefined'.
examples/jsm/libs/fflate.module.js(1756,21): error TS2554: Expected 2 arguments, but got 1.
examples/jsm/libs/fflate.module.js(1818,40): error TS2403: Subsequent variable declarations must have the same type.  Variable 'r' must be of type 'string', but here has type 'Uint8Array<any>'.
examples/jsm/libs/fflate.module.js(1862,30): error TS2363: The right-hand side of an arithmetic operation must be of type 'any', 'number', 'bigint' or an enum type.
examples/jsm/libs/fflate.module.js(1925,14): error TS2339: Property 'ondata' does not exist on type 'ZipPassThrough'.
examples/jsm/libs/fflate.module.js(1935,19): error TS2339: Property 'ondata' does not exist on type 'ZipPassThrough'.
examples/jsm/libs/fflate.module.js(1963,19): error TS2339: Property 'ondata' does not exist on type 'ZipDeflate'.
examples/jsm/libs/fflate.module.js(1973,18): error TS2339: Property 'ondata' does not exist on type 'ZipDeflate'.
examples/jsm/libs/fflate.module.js(2001,18): error TS7009: 'new' expression, whose target lacks a construct signature, implicitly has an 'any' type.
examples/jsm/libs/fflate.module.js(2002,19): error TS2339: Property 'ondata' does not exist on type 'AsyncZipDeflate'.
examples/jsm/libs/fflate.module.js(2034,9): error TS7008: Member 'u' implicitly has an 'any[]' type.
examples/jsm/libs/fflate.module.js(2049,21): error TS2554: Expected 2 arguments, but got 1.
examples/jsm/libs/fflate.module.js(2050,48): error TS2554: Expected 2 arguments, but got 1.
examples/jsm/libs/fflate.module.js(2104,30): error TS2339: Property 'c' does not exist on type '{}'.
examples/jsm/libs/fflate.module.js(2104,45): error TS2339: Property 'b' does not exist on type '{}'.
examples/jsm/libs/fflate.module.js(2104,72): error TS2339: Property 'crc' does not exist on type '{}'.
examples/jsm/libs/fflate.module.js(2104,93): error TS2339: Property 'size' does not exist on type '{}'.
examples/jsm/libs/fflate.module.js(2106,34): error TS2339: Property 'r' does not exist on type '{}'.
examples/jsm/libs/fflate.module.js(2214,18): error TS7053: Element implicitly has an 'any' type because expression of type 'string' can't be used to index type '{}'.
  No index signature with a parameter of type 'string' was found on type '{}'.
examples/jsm/libs/fflate.module.js(2217,17): error TS2554: Expected 2 arguments, but got 1.
examples/jsm/libs/fflate.module.js(2218,41): error TS2554: Expected 2 arguments, but got 1.
examples/jsm/libs/fflate.module.js(2280,18): error TS7053: Element implicitly has an 'any' type because expression of type 'string' can't be used to index type '{}'.
  No index signature with a parameter of type 'string' was found on type '{}'.
examples/jsm/libs/fflate.module.js(2282,17): error TS2554: Expected 2 arguments, but got 1.
examples/jsm/libs/fflate.module.js(2283,41): error TS2554: Expected 2 arguments, but got 1.
examples/jsm/libs/fflate.module.js(2321,14): error TS2339: Property 'ondata' does not exist on type 'UnzipPassThrough'.
examples/jsm/libs/fflate.module.js(2338,19): error TS2339: Property 'ondata' does not exist on type 'UnzipInflate'.
examples/jsm/libs/fflate.module.js(2346,18): error TS2339: Property 'ondata' does not exist on type 'UnzipInflate'.
examples/jsm/libs/fflate.module.js(2364,23): error TS2339: Property 'ondata' does not exist on type 'AsyncUnzipInflate'.
examples/jsm/libs/fflate.module.js(2368,22): error TS7009: 'new' expression, whose target lacks a construct signature, implicitly has an 'any' type.
examples/jsm/libs/fflate.module.js(2369,23): error TS2339: Property 'ondata' does not exist on type 'AsyncUnzipInflate'.
examples/jsm/libs/fflate.module.js(2393,9): error TS7008: Member 'k' implicitly has an 'any[]' type.
examples/jsm/libs/fflate.module.js(2404,21): error TS7023: 'push' implicitly has return type 'any' because it does not have a return type annotation and is referenced directly or indirectly in one of its return expressions.
examples/jsm/libs/fflate.module.js(2410,18): error TS2339: Property 'c' does not exist on type 'Unzip'.
examples/jsm/libs/fflate.module.js(2411,37): error TS2339: Property 'c' does not exist on type 'Unzip'.
examples/jsm/libs/fflate.module.js(2413,18): error TS2339: Property 'c' does not exist on type 'Unzip'.
examples/jsm/libs/fflate.module.js(2414,22): error TS2339: Property 'd' does not exist on type 'Unzip'.
examples/jsm/libs/fflate.module.js(2415,22): error TS2339: Property 'd' does not exist on type 'Unzip'.
examples/jsm/libs/fflate.module.js(2415,42): error TS2339: Property 'c' does not exist on type 'Unzip'.
examples/jsm/libs/fflate.module.js(2427,17): error TS2322: Type 'Uint8Array<ArrayBuffer>' is not assignable to type 'undefined'.
examples/jsm/libs/fflate.module.js(2429,17): error TS2322: Type 'Uint8Array<any>' is not assignable to type 'undefined'.
examples/jsm/libs/fflate.module.js(2430,17): error TS18048: 'buf' is possibly 'undefined'.
examples/jsm/libs/fflate.module.js(2430,34): error TS18048: 'buf' is possibly 'undefined'.
examples/jsm/libs/fflate.module.js(2432,21): error TS18048: 'buf' is possibly 'undefined'.
examples/jsm/libs/fflate.module.js(2432,43): error TS2339: Property 'c' does not exist on type 'Unzip'.
examples/jsm/libs/fflate.module.js(2432,63): error TS2339: Property 'd' does not exist on type 'Unzip'.
examples/jsm/libs/fflate.module.js(2437,28): error TS2322: Type 'number' is not assignable to type 'undefined'.
examples/jsm/libs/fflate.module.js(2438,28): error TS2339: Property 'd' does not exist on type 'Unzip'.
examples/jsm/libs/fflate.module.js(2439,28): error TS2339: Property 'c' does not exist on type 'Unzip'.
examples/jsm/libs/fflate.module.js(2446,46): error TS18048: 'buf' is possibly 'undefined'.
examples/jsm/libs/fflate.module.js(2453,32): error TS2339: Property 'c' does not exist on type 'Unzip'.
examples/jsm/libs/fflate.module.js(2459,45): error TS2339: Property 'ondata' does not exist on type '{ name: any; compression: number; start: () => void; terminate: () => void; }'.
examples/jsm/libs/fflate.module.js(2462,44): error TS2339: Property 'ondata' does not exist on type '{ name: any; compression: number; start: () => void; terminate: () => void; }'.
examples/jsm/libs/fflate.module.js(2464,47): error TS7053: Element implicitly has an 'any' type because expression of type 'number' can't be used to index type '{ 0: typeof UnzipPassThrough; }'.
  No index signature with a parameter of type 'number' was found on type '{ 0: typeof UnzipPassThrough; }'.
examples/jsm/libs/fflate.module.js(2466,48): error TS2339: Property 'ondata' does not exist on type '{ name: any; compression: number; start: () => void; terminate: () => void; }'.
examples/jsm/libs/fflate.module.js(2468,86): error TS2339: Property 'ondata' does not exist on type '{ name: any; compression: number; start: () => void; terminate: () => void; }'.
examples/jsm/libs/fflate.module.js(2473,71): error TS2339: Property 'c' does not exist on type 'Unzip'.
examples/jsm/libs/fflate.module.js(2474,47): error TS2339: Property 'd' does not exist on type 'Unzip'.
examples/jsm/libs/fflate.module.js(2485,36): error TS2339: Property 'size' does not exist on type '{ name: any; compression: number; start: () => void; terminate: () => void; }'.
examples/jsm/libs/fflate.module.js(2485,56): error TS2339: Property 'originalSize' does not exist on type '{ name: any; compression: number; start: () => void; terminate: () => void; }'.
examples/jsm/libs/fflate.module.js(2492,35): error TS2365: Operator '+' cannot be applied to types 'number' and 'number | boolean'.
examples/jsm/libs/fflate.module.js(2492,71): error TS2339: Property 'c' does not exist on type 'Unzip'.
examples/jsm/libs/fflate.module.js(2496,25): error TS2322: Type 'number' is not assignable to type 'undefined'.
examples/jsm/libs/fflate.module.js(2496,52): error TS2339: Property 'c' does not exist on type 'Unzip'.
examples/jsm/libs/fflate.module.js(2509,31): error TS18048: 'buf' is possibly 'undefined'.
examples/jsm/libs/fflate.module.js(2509,47): error TS18048: 'is' is possibly 'undefined'.
examples/jsm/libs/fflate.module.js(2509,57): error TS2363: The right-hand side of an arithmetic operation must be of type 'any', 'number', 'bigint' or an enum type.
examples/jsm/libs/fflate.module.js(2509,75): error TS2363: The right-hand side of an arithmetic operation must be of type 'any', 'number', 'bigint' or an enum type.
examples/jsm/libs/fflate.module.js(2509,84): error TS18048: 'is' is possibly 'undefined'.
examples/jsm/libs/fflate.module.js(2509,115): error TS18048: 'buf' is possibly 'undefined'.
examples/jsm/libs/fflate.module.js(2516,34): error TS18048: 'buf' is possibly 'undefined'.
examples/jsm/libs/fflate.module.js(2517,22): error TS18048: 'buf' is possibly 'undefined'.
examples/jsm/libs/fflate.module.js(2520,22): error TS2339: Property 'c' does not exist on type 'Unzip'.
examples/jsm/libs/fflate.module.js(2522,13): error TS2322: Type 'null' is not assignable to type 'Uint8Array<ArrayBuffer>'.
examples/jsm/libs/fflate.module.js(2531,9): error TS7053: Element implicitly has an 'any' type because expression of type 'any' can't be used to index type '{ 0: typeof UnzipPassThrough; }'.
examples/jsm/libs/fflate.module.js(2584,25): error TS7053: Element implicitly has an 'any' type because expression of type 'any' can't be used to index type '{}'.
examples/jsm/libs/fflate.module.js(2664,17): error TS7053: Element implicitly has an 'any' type because expression of type 'any' can't be used to index type '{}'.
examples/jsm/libs/fflate.module.js(2666,17): error TS7053: Element implicitly has an 'any' type because expression of type 'any' can't be used to index type '{}'.
examples/jsm/libs/ktx-parse.module.js(1,1913): error TS7008: Member 'levels' implicitly has an 'any[]' type.
examples/jsm/libs/ktx-parse.module.js(1,2168): error TS7008: Member 'globalData' implicitly has an 'any' type.
examples/jsm/libs/ktx-parse.module.js(1,5562): error TS2322: Type '{ bitOffset: number; bitLength: number; channelType: number; samplePosition: number[]; sampleLower: number; sampleUpper: number; }' is not assignable to type 'never'.
examples/jsm/libs/ktx-parse.module.js(1,5732): error TS7053: Element implicitly has an 'any' type because expression of type 'any' can't be used to index type '{}'.
examples/jsm/libs/ktx-parse.module.js(1,5811): error TS7053: Element implicitly has an 'any' type because expression of type 'any' can't be used to index type '{}'.
examples/jsm/libs/ktx-parse.module.js(1,5826): error TS7053: Element implicitly has an 'any' type because expression of type 'any' can't be used to index type '{}'.
examples/jsm/libs/ktx-parse.module.js(1,7429): error TS2740: Type 'Uint8Array<ArrayBuffer>' is missing the following properties from type 'ArrayBuffer': maxByteLength, resizable, resize, detached, and 2 more.
examples/jsm/libs/lottie_canvas.module.js(3,12): error TS2584: Cannot find name 'document'. Do you need to change your target library? Try changing the 'lib' compiler option to include 'dom'.
examples/jsm/libs/lottie_canvas.module.js(20,10): error TS2584: Cannot find name 'document'. Do you need to change your target library? Try changing the 'lib' compiler option to include 'dom'.
examples/jsm/libs/lottie_canvas.module.js(49,5): error TS7008: Member 'audios' implicitly has an 'any[]' type.
examples/jsm/libs/lottie_canvas.module.js(165,28): error TS2345: Argument of type '{ length: any; }' is not assignable to parameter of type 'unknown[]'.
  Type '{ length: any; }' is missing the following properties from type 'unknown[]': pop, push, concat, join, and 34 more.
examples/jsm/libs/lottie_canvas.module.js(185,5): error TS7053: Element implicitly has an 'any' type because expression of type 'string' can't be used to index type '{ random: () => number; abs(val: any): number | unknown[]; }'.
  No index signature with a parameter of type 'string' was found on type '{ random: () => number; abs(val: any): number | unknown[]; }'.
examples/jsm/libs/lottie_canvas.module.js(185,32): error TS7053: Element implicitly has an 'any' type because expression of type 'string' can't be used to index type 'Math'.
  No index signature with a parameter of type 'string' was found on type 'Math'.
examples/jsm/libs/lottie_canvas.module.js(341,7): error TS2532: Object is possibly 'undefined'.
examples/jsm/libs/lottie_canvas.module.js(343,14): error TS2532: Object is possibly 'undefined'.
examples/jsm/libs/lottie_canvas.module.js(352,7): error TS2532: Object is possibly 'undefined'.
examples/jsm/libs/lottie_canvas.module.js(354,14): error TS2532: Object is possibly 'undefined'.
examples/jsm/libs/lottie_canvas.module.js(362,3): error TS2532: Object is possibly 'undefined'.
examples/jsm/libs/lottie_canvas.module.js(363,7): error TS2532: Object is possibly 'undefined'.
examples/jsm/libs/lottie_canvas.module.js(364,5): error TS2532: Object is possibly 'undefined'.
examples/jsm/libs/lottie_canvas.module.js(365,14): error TS2532: Object is possibly 'undefined'.
examples/jsm/libs/lottie_canvas.module.js(366,5): error TS2532: Object is possibly 'undefined'.
examples/jsm/libs/lottie_canvas.module.js(405,10): error TS2584: Cannot find name 'document'. Do you need to change your target library? Try changing the 'lib' compiler option to include 'dom'.
examples/jsm/libs/lottie_canvas.module.js(425,29): error TS2554: Expected 0 arguments, but got 1.
examples/jsm/libs/lottie_canvas.module.js(432,22): error TS2693: 'Blob' only refers to a type, but is being used as a value here.
examples/jsm/libs/lottie_canvas.module.js(910,26): error TS2339: Property 'dataManager' does not exist on type '{ postMessage: (data: any) => void; }'.
examples/jsm/libs/lottie_canvas.module.js(911,23): error TS2339: Property 'dataManager' does not exist on type '{ postMessage: (data: any) => void; }'.
examples/jsm/libs/lottie_canvas.module.js(914,26): error TS2339: Property 'assetLoader' does not exist on type '{ postMessage: (data: any) => void; }'.
examples/jsm/libs/lottie_canvas.module.js(915,23): error TS2339: Property 'assetLoader' does not exist on type '{ postMessage: (data: any) => void; }'.
examples/jsm/libs/lottie_canvas.module.js(972,23): error TS2339: Property 'assetLoader' does not exist on type '{ postMessage: (data: any) => void; }'.
examples/jsm/libs/lottie_canvas.module.js(976,27): error TS2339: Property 'dataManager' does not exist on type '{ postMessage: (data: any) => void; }'.
examples/jsm/libs/lottie_canvas.module.js(992,23): error TS2339: Property 'dataManager' does not exist on type '{ postMessage: (data: any) => void; }'.
examples/jsm/libs/lottie_canvas.module.js(999,23): error TS2339: Property 'assetLoader' does not exist on type '{ postMessage: (data: any) => void; }'.
examples/jsm/libs/lottie_canvas.module.js(1036,15): error TS7015: Element implicitly has an 'any' type because index expression is not of type 'number'.
examples/jsm/libs/lottie_canvas.module.js(1094,5): error TS2683: 'this' implicitly has type 'any' because it does not have a type annotation.
examples/jsm/libs/lottie_canvas.module.js(1095,9): error TS2683: 'this' implicitly has type 'any' because it does not have a type annotation.
examples/jsm/libs/lottie_canvas.module.js(1095,31): error TS2683: 'this' implicitly has type 'any' because it does not have a type annotation.
examples/jsm/libs/lottie_canvas.module.js(1095,51): error TS2683: 'this' implicitly has type 'any' because it does not have a type annotation.
examples/jsm/libs/lottie_canvas.module.js(1095,80): error TS2683: 'this' implicitly has type 'any' because it does not have a type annotation.
examples/jsm/libs/lottie_canvas.module.js(1096,11): error TS2683: 'this' implicitly has type 'any' because it does not have a type annotation.
examples/jsm/libs/lottie_canvas.module.js(1097,9): error TS2683: 'this' implicitly has type 'any' because it does not have a type annotation.
examples/jsm/libs/lottie_canvas.module.js(1102,5): error TS2683: 'this' implicitly has type 'any' because it does not have a type annotation.
examples/jsm/libs/lottie_canvas.module.js(1103,9): error TS2683: 'this' implicitly has type 'any' because it does not have a type annotation.
examples/jsm/libs/lottie_canvas.module.js(1103,31): error TS2683: 'this' implicitly has type 'any' because it does not have a type annotation.
examples/jsm/libs/lottie_canvas.module.js(1103,51): error TS2683: 'this' implicitly has type 'any' because it does not have a type annotation.
examples/jsm/libs/lottie_canvas.module.js(1103,80): error TS2683: 'this' implicitly has type 'any' because it does not have a type annotation.
examples/jsm/libs/lottie_canvas.module.js(1104,11): error TS2683: 'this' implicitly has type 'any' because it does not have a type annotation.
examples/jsm/libs/lottie_canvas.module.js(1105,9): error TS2683: 'this' implicitly has type 'any' because it does not have a type annotation.
examples/jsm/libs/lottie_canvas.module.js(1133,9): error TS2683: 'this' implicitly has type 'any' because it does not have a type annotation.
examples/jsm/libs/lottie_canvas.module.js(1137,12): error TS2683: 'this' implicitly has type 'any' because it does not have a type annotation.
examples/jsm/libs/lottie_canvas.module.js(1141,41): error TS2683: 'this' implicitly has type 'any' because it does not have a type annotation.
examples/jsm/libs/lottie_canvas.module.js(1141,58): error TS2683: 'this' implicitly has type 'any' because it does not have a type annotation.
examples/jsm/libs/lottie_canvas.module.js(1144,7): error TS2683: 'this' implicitly has type 'any' because it does not have a type annotation.
examples/jsm/libs/lottie_canvas.module.js(1146,36): error TS2683: 'this' implicitly has type 'any' because it does not have a type annotation.
examples/jsm/libs/lottie_canvas.module.js(1150,7): error TS2683: 'this' implicitly has type 'any' because it does not have a type annotation.
examples/jsm/libs/lottie_canvas.module.js(1151,12): error TS2683: 'this' implicitly has type 'any' because it does not have a type annotation.
examples/jsm/libs/lottie_canvas.module.js(1153,9): error TS2683: 'this' implicitly has type 'any' because it does not have a type annotation.
examples/jsm/libs/lottie_canvas.module.js(1154,7): error TS2683: 'this' implicitly has type 'any' because it does not have a type annotation.
examples/jsm/libs/lottie_canvas.module.js(1156,7): error TS2683: 'this' implicitly has type 'any' because it does not have a type annotation.
examples/jsm/libs/lottie_canvas.module.js(1166,41): error TS2683: 'this' implicitly has type 'any' because it does not have a type annotation.
examples/jsm/libs/lottie_canvas.module.js(1166,58): error TS2683: 'this' implicitly has type 'any' because it does not have a type annotation.
examples/jsm/libs/lottie_canvas.module.js(1169,34): error TS2683: 'this' implicitly has type 'any' because it does not have a type annotation.
examples/jsm/libs/lottie_canvas.module.js(1172,7): error TS2683: 'this' implicitly has type 'any' because it does not have a type annotation.
examples/jsm/libs/lottie_canvas.module.js(1173,12): error TS2683: 'this' implicitly has type 'any' because it does not have a type annotation.
examples/jsm/libs/lottie_canvas.module.js(1186,36): error TS2683: 'this' implicitly has type 'any' because it does not have a type annotation.
examples/jsm/libs/lottie_canvas.module.js(1186,53): error TS2683: 'this' implicitly has type 'any' because it does not have a type annotation.
examples/jsm/libs/lottie_canvas.module.js(1188,10): error TS2339: Property 'img' does not exist on type '{ assetData: any; }'.
examples/jsm/libs/lottie_canvas.module.js(1189,7): error TS2683: 'this' implicitly has type 'any' because it does not have a type annotation.
examples/jsm/libs/lottie_canvas.module.js(1190,12): error TS2683: 'this' implicitly has type 'any' because it does not have a type annotation.
examples/jsm/libs/lottie_canvas.module.js(1191,10): error TS2339: Property 'img' does not exist on type '{ assetData: any; }'.
examples/jsm/libs/lottie_canvas.module.js(1192,7): error TS2683: 'this' implicitly has type 'any' because it does not have a type annotation.
examples/jsm/libs/lottie_canvas.module.js(1193,12): error TS2683: 'this' implicitly has type 'any' because it does not have a type annotation.
examples/jsm/libs/lottie_canvas.module.js(1204,16): error TS2339: Property 'totalImages' does not exist on type 'loadAssets'.
examples/jsm/libs/lottie_canvas.module.js(1205,16): error TS2339: Property 'images' does not exist on type 'loadAssets'.
examples/jsm/libs/lottie_canvas.module.js(1205,33): error TS2339: Property '_createImageData' does not exist on type 'loadAssets'.
examples/jsm/libs/lottie_canvas.module.js(1207,16): error TS2339: Property 'totalFootages' does not exist on type 'loadAssets'.
examples/jsm/libs/lottie_canvas.module.js(1208,16): error TS2339: Property 'images' does not exist on type 'loadAssets'.
examples/jsm/libs/lottie_canvas.module.js(1208,33): error TS2339: Property 'createFootageData' does not exist on type 'loadAssets'.
examples/jsm/libs/lottie_canvas.module.js(1224,15): error TS2683: 'this' implicitly has type 'any' because it does not have a type annotation.
examples/jsm/libs/lottie_canvas.module.js(1226,11): error TS2683: 'this' implicitly has type 'any' because it does not have a type annotation.
examples/jsm/libs/lottie_canvas.module.js(1227,16): error TS2683: 'this' implicitly has type 'any' because it does not have a type annotation.
examples/jsm/libs/lottie_canvas.module.js(1236,10): error TS2339: Property 'images' does not exist on type 'destroy'.
examples/jsm/libs/lottie_canvas.module.js(1240,12): error TS2683: 'this' implicitly has type 'any' because it does not have a type annotation.
examples/jsm/libs/lottie_canvas.module.js(1240,33): error TS2683: 'this' implicitly has type 'any' because it does not have a type annotation.
examples/jsm/libs/lottie_canvas.module.js(1244,12): error TS2683: 'this' implicitly has type 'any' because it does not have a type annotation.
examples/jsm/libs/lottie_canvas.module.js(1244,35): error TS2683: 'this' implicitly has type 'any' because it does not have a type annotation.
examples/jsm/libs/lottie_canvas.module.js(1250,36): error TS2551: Property 'createImageData' does not exist on type 'setCacheType'. Did you mean '_createImageData'?
examples/jsm/libs/lottie_canvas.module.js(1252,36): error TS2551: Property 'createImgData' does not exist on type 'setCacheType'. Did you mean '_createImageData'?
examples/jsm/libs/lottie_canvas.module.js(1292,14): error TS2339: Property '_cbs' does not exist on type 'BaseEvent'.
examples/jsm/libs/lottie_canvas.module.js(1293,28): error TS2339: Property '_cbs' does not exist on type 'BaseEvent'.
examples/jsm/libs/lottie_canvas.module.js(1300,15): error TS2339: Property '_cbs' does not exist on type 'BaseEvent'.
examples/jsm/libs/lottie_canvas.module.js(1301,12): error TS2339: Property '_cbs' does not exist on type 'BaseEvent'.
examples/jsm/libs/lottie_canvas.module.js(1303,10): error TS2339: Property '_cbs' does not exist on type 'BaseEvent'.
examples/jsm/libs/lottie_canvas.module.js(1306,7): error TS2683: 'this' implicitly has type 'any' because it does not have a type annotation.
examples/jsm/libs/lottie_canvas.module.js(1311,12): error TS2339: Property '_cbs' does not exist on type 'BaseEvent'.
examples/jsm/libs/lottie_canvas.module.js(1312,21): error TS2339: Property '_cbs' does not exist on type 'BaseEvent'.
examples/jsm/libs/lottie_canvas.module.js(1314,22): error TS2339: Property '_cbs' does not exist on type 'BaseEvent'.
examples/jsm/libs/lottie_canvas.module.js(1316,18): error TS2339: Property '_cbs' does not exist on type 'BaseEvent'.
examples/jsm/libs/lottie_canvas.module.js(1317,16): error TS2339: Property '_cbs' does not exist on type 'BaseEvent'.
examples/jsm/libs/lottie_canvas.module.js(1323,17): error TS2339: Property '_cbs' does not exist on type 'BaseEvent'.
examples/jsm/libs/lottie_canvas.module.js(1324,14): error TS2339: Property '_cbs' does not exist on type 'BaseEvent'.
examples/jsm/libs/lottie_canvas.module.js(1341,11): error TS7053: Element implicitly has an 'any' type because expression of type 'any' can't be used to index type '{}'.
examples/jsm/libs/lottie_canvas.module.js(1360,22): error TS2339: Property 'payload' does not exist on type '{ time: any; duration: any; }'.
examples/jsm/libs/lottie_canvas.module.js(1363,24): error TS2339: Property 'payload' does not exist on type '{ time: any; duration: any; }'.
examples/jsm/libs/lottie_canvas.module.js(1365,24): error TS2339: Property 'payload' does not exist on type '{ time: any; duration: any; }'.
examples/jsm/libs/lottie_canvas.module.js(1378,5): error TS2683: 'this' implicitly has type 'any' because it does not have a type annotation.
examples/jsm/libs/lottie_canvas.module.js(1384,17): error TS2683: 'this' implicitly has type 'any' because it does not have a type annotation.
examples/jsm/libs/lottie_canvas.module.js(1386,13): error TS2683: 'this' implicitly has type 'any' because it does not have a type annotation.
examples/jsm/libs/lottie_canvas.module.js(1386,42): error TS2683: 'this' implicitly has type 'any' because it does not have a type annotation.
examples/jsm/libs/lottie_canvas.module.js(1387,15): error TS2683: 'this' implicitly has type 'any' because it does not have a type annotation.
examples/jsm/libs/lottie_canvas.module.js(1387,52): error TS2683: 'this' implicitly has type 'any' because it does not have a type annotation.
examples/jsm/libs/lottie_canvas.module.js(1388,13): error TS2683: 'this' implicitly has type 'any' because it does not have a type annotation.
examples/jsm/libs/lottie_canvas.module.js(1388,47): error TS2683: 'this' implicitly has type 'any' because it does not have a type annotation.
examples/jsm/libs/lottie_canvas.module.js(1390,18): error TS2683: 'this' implicitly has type 'any' because it does not have a type annotation.
examples/jsm/libs/lottie_canvas.module.js(1397,5): error TS7008: Member 'compositions' implicitly has an 'any[]' type.
examples/jsm/libs/lottie_canvas.module.js(1409,3): error TS7053: Element implicitly has an 'any' type because expression of type 'any' can't be used to index type '{}'.
examples/jsm/libs/lottie_canvas.module.js(1413,10): error TS7053: Element implicitly has an 'any' type because expression of type 'any' can't be used to index type '{}'.
examples/jsm/libs/lottie_canvas.module.js(1417,3): error TS7008: Member '_cbs' implicitly has an 'any[]' type.
examples/jsm/libs/lottie_canvas.module.js(1431,3): error TS7008: Member 'assets' implicitly has an 'any[]' type.
examples/jsm/libs/lottie_canvas.module.js(1435,3): error TS7008: Member 'renderer' implicitly has an 'any' type.
examples/jsm/libs/lottie_canvas.module.js(1441,3): error TS7008: Member 'segments' implicitly has an 'any[]' type.
examples/jsm/libs/lottie_canvas.module.js(1447,3): error TS7008: Member 'markers' implicitly has an 'any[]' type.
examples/jsm/libs/lottie_canvas.module.js(1458,10): error TS2339: Property 'wrapper' does not exist on type 'AnimationItem'.
examples/jsm/libs/lottie_canvas.module.js(1470,8): error TS2339: Property 'animType' does not exist on type 'AnimationItem'.
examples/jsm/libs/lottie_canvas.module.js(1479,5): error TS2322: Type 'number' is not assignable to type 'boolean'.
examples/jsm/libs/lottie_canvas.module.js(1483,8): error TS2551: Property 'autoloadSegments' does not exist on type 'AnimationItem'. Did you mean 'loadSegments'?
examples/jsm/libs/lottie_canvas.module.js(1485,8): error TS2339: Property 'initialSegment' does not exist on type 'AnimationItem'.
examples/jsm/libs/lottie_canvas.module.js(1497,10): error TS2339: Property 'fileName' does not exist on type 'AnimationItem'.
examples/jsm/libs/lottie_canvas.module.js(1498,10): error TS2339: Property 'fileName' does not exist on type 'AnimationItem'.
examples/jsm/libs/lottie_canvas.module.js(1498,26): error TS2339: Property 'fileName' does not exist on type 'AnimationItem'.
examples/jsm/libs/lottie_canvas.module.js(1498,50): error TS2339: Property 'fileName' does not exist on type 'AnimationItem'.
examples/jsm/libs/lottie_canvas.module.js(1530,10): error TS2339: Property 'path' does not exist on type '{ wrapper: any; animationData: any; }'.
examples/jsm/libs/lottie_canvas.module.js(1537,10): error TS2339: Property 'animType' does not exist on type '{ wrapper: any; animationData: any; }'.
examples/jsm/libs/lottie_canvas.module.js(1557,12): error TS2339: Property 'loop' does not exist on type '{ wrapper: any; animationData: any; }'.
examples/jsm/libs/lottie_canvas.module.js(1559,12): error TS2339: Property 'loop' does not exist on type '{ wrapper: any; animationData: any; }'.
examples/jsm/libs/lottie_canvas.module.js(1561,12): error TS2339: Property 'loop' does not exist on type '{ wrapper: any; animationData: any; }'.
examples/jsm/libs/lottie_canvas.module.js(1570,10): error TS2339: Property 'autoplay' does not exist on type '{ wrapper: any; animationData: any; }'.
examples/jsm/libs/lottie_canvas.module.js(1572,10): error TS2339: Property 'name' does not exist on type '{ wrapper: any; animationData: any; }'.
examples/jsm/libs/lottie_canvas.module.js(1588,12): error TS2339: Property 'prerender' does not exist on type '{ wrapper: any; animationData: any; }'.
examples/jsm/libs/lottie_canvas.module.js(1594,36): error TS2339: Property 'op' does not exist on type '{}'.
examples/jsm/libs/lottie_canvas.module.js(1595,24): error TS2339: Property 'op' does not exist on type '{}'.
examples/jsm/libs/lottie_canvas.module.js(1596,64): error TS2339: Property 'ip' does not exist on type '{}'.
examples/jsm/libs/lottie_canvas.module.js(1598,35): error TS2339: Property 'layers' does not exist on type '{}'.
examples/jsm/libs/lottie_canvas.module.js(1621,26): error TS2339: Property 'assets' does not exist on type '{}'.
examples/jsm/libs/lottie_canvas.module.js(1624,22): error TS2339: Property '__complete' does not exist on type '{}'.
examples/jsm/libs/lottie_canvas.module.js(1641,37): error TS2339: Property 'segments' does not exist on type '{}'.
examples/jsm/libs/lottie_canvas.module.js(1642,51): error TS2551: Property 'autoloadSegments' does not exist on type 'AnimationItem'. Did you mean 'loadSegments'?
examples/jsm/libs/lottie_canvas.module.js(1649,38): error TS2339: Property 'fileName' does not exist on type 'AnimationItem'.
examples/jsm/libs/lottie_canvas.module.js(1652,5): error TS2683: 'this' implicitly has type 'any' because it does not have a type annotation.
examples/jsm/libs/lottie_canvas.module.js(1657,37): error TS2339: Property 'segments' does not exist on type '{}'.
examples/jsm/libs/lottie_canvas.module.js(1672,53): error TS2339: Property 'assets' does not exist on type '{}'.
examples/jsm/libs/lottie_canvas.module.js(1681,14): error TS2339: Property 'initialSegment' does not exist on type 'AnimationItem'.
examples/jsm/libs/lottie_canvas.module.js(1682,42): error TS2339: Property 'initialSegment' does not exist on type 'AnimationItem'.
examples/jsm/libs/lottie_canvas.module.js(1682,67): error TS2339: Property 'initialSegment' does not exist on type 'AnimationItem'.
examples/jsm/libs/lottie_canvas.module.js(1683,41): error TS2339: Property 'initialSegment' does not exist on type 'AnimationItem'.
examples/jsm/libs/lottie_canvas.module.js(1685,56): error TS2339: Property 'op' does not exist on type '{}'.
examples/jsm/libs/lottie_canvas.module.js(1685,80): error TS2339: Property 'ip' does not exist on type '{}'.
examples/jsm/libs/lottie_canvas.module.js(1686,55): error TS2339: Property 'ip' does not exist on type '{}'.
examples/jsm/libs/lottie_canvas.module.js(1693,38): error TS2339: Property 'assets' does not exist on type '{}'.
examples/jsm/libs/lottie_canvas.module.js(1694,41): error TS2339: Property 'fr' does not exist on type '{}'.
examples/jsm/libs/lottie_canvas.module.js(1695,41): error TS2339: Property 'fr' does not exist on type '{}'.
examples/jsm/libs/lottie_canvas.module.js(1735,7): error TS2683: 'this' implicitly has type 'any' because it does not have a type annotation.
examples/jsm/libs/lottie_canvas.module.js(1847,47): error TS2551: Property 'frameModifier' does not exist on type 'AnimationItem'. Did you mean 'updaFrameModifier'?
examples/jsm/libs/lottie_canvas.module.js(1876,55): error TS2551: Property 'frameModifier' does not exist on type 'AnimationItem'. Did you mean 'updaFrameModifier'?
examples/jsm/libs/lottie_canvas.module.js(1880,49): error TS2551: Property 'frameModifier' does not exist on type 'AnimationItem'. Did you mean 'updaFrameModifier'?
examples/jsm/libs/lottie_canvas.module.js(1881,23): error TS2367: This comparison appears to be unintentional because the types 'number' and 'boolean' have no overlap.
examples/jsm/libs/lottie_canvas.module.js(1923,14): error TS2551: Property 'frameModifier' does not exist on type 'AnimationItem'. Did you mean 'updaFrameModifier'?
examples/jsm/libs/lottie_canvas.module.js(1935,14): error TS2551: Property 'frameModifier' does not exist on type 'AnimationItem'. Did you mean 'updaFrameModifier'?
examples/jsm/libs/lottie_canvas.module.js(1990,42): error TS2339: Property 'ip' does not exist on type '{}'.
examples/jsm/libs/lottie_canvas.module.js(1990,65): error TS2339: Property 'op' does not exist on type '{}'.
examples/jsm/libs/lottie_canvas.module.js(2010,3): error TS2322: Type 'null' is not assignable to type 'any[]'.
examples/jsm/libs/lottie_canvas.module.js(2011,8): error TS2339: Property 'onEnterFrame' does not exist on type 'AnimationItem'.
examples/jsm/libs/lottie_canvas.module.js(2012,8): error TS2339: Property 'onLoopComplete' does not exist on type 'AnimationItem'.
examples/jsm/libs/lottie_canvas.module.js(2013,8): error TS2339: Property 'onComplete' does not exist on type 'AnimationItem'.
examples/jsm/libs/lottie_canvas.module.js(2014,8): error TS2339: Property 'onSegmentStart' does not exist on type 'AnimationItem'.
examples/jsm/libs/lottie_canvas.module.js(2015,8): error TS2551: Property 'onDestroy' does not exist on type 'AnimationItem'. Did you mean 'destroy'?
examples/jsm/libs/lottie_canvas.module.js(2018,3): error TS2322: Type 'null' is not assignable to type 'ImagePreloaderFactory'.
examples/jsm/libs/lottie_canvas.module.js(2019,3): error TS2322: Type 'null' is not assignable to type '{ (name: any): any; compositions: any[]; currentFrame: number; registerComposition: (comp: any) => void; }'.
examples/jsm/libs/lottie_canvas.module.js(2063,8): error TS2551: Property 'frameModifier' does not exist on type 'AnimationItem'. Did you mean 'updaFrameModifier'?
examples/jsm/libs/lottie_canvas.module.js(2126,14): error TS2339: Property 'triggerEvent' does not exist on type 'AnimationItem'.
examples/jsm/libs/lottie_canvas.module.js(2126,103): error TS2551: Property 'frameModifier' does not exist on type 'AnimationItem'. Did you mean 'updaFrameModifier'?
examples/jsm/libs/lottie_canvas.module.js(2131,47): error TS2551: Property 'frameModifier' does not exist on type 'AnimationItem'. Did you mean 'updaFrameModifier'?
examples/jsm/libs/lottie_canvas.module.js(2132,14): error TS2339: Property 'triggerEvent' does not exist on type 'AnimationItem'.
examples/jsm/libs/lottie_canvas.module.js(2135,14): error TS2339: Property 'triggerEvent' does not exist on type 'AnimationItem'.
examples/jsm/libs/lottie_canvas.module.js(2138,14): error TS2339: Property 'triggerEvent' does not exist on type 'AnimationItem'.
examples/jsm/libs/lottie_canvas.module.js(2141,14): error TS2339: Property 'triggerEvent' does not exist on type 'AnimationItem'.
examples/jsm/libs/lottie_canvas.module.js(2144,14): error TS2339: Property 'triggerEvent' does not exist on type 'AnimationItem'.
examples/jsm/libs/lottie_canvas.module.js(2147,14): error TS2339: Property 'triggerEvent' does not exist on type 'AnimationItem'.
examples/jsm/libs/lottie_canvas.module.js(2150,37): error TS2339: Property 'onEnterFrame' does not exist on type 'AnimationItem'.
examples/jsm/libs/lottie_canvas.module.js(2151,10): error TS2339: Property 'onEnterFrame' does not exist on type 'AnimationItem'.
examples/jsm/libs/lottie_canvas.module.js(2153,39): error TS2339: Property 'onLoopComplete' does not exist on type 'AnimationItem'.
examples/jsm/libs/lottie_canvas.module.js(2154,10): error TS2339: Property 'onLoopComplete' does not exist on type 'AnimationItem'.
examples/jsm/libs/lottie_canvas.module.js(2156,35): error TS2339: Property 'onComplete' does not exist on type 'AnimationItem'.
examples/jsm/libs/lottie_canvas.module.js(2157,10): error TS2339: Property 'onComplete' does not exist on type 'AnimationItem'.
examples/jsm/libs/lottie_canvas.module.js(2159,39): error TS2339: Property 'onSegmentStart' does not exist on type 'AnimationItem'.
examples/jsm/libs/lottie_canvas.module.js(2160,10): error TS2339: Property 'onSegmentStart' does not exist on type 'AnimationItem'.
examples/jsm/libs/lottie_canvas.module.js(2162,34): error TS2551: Property 'onDestroy' does not exist on type 'AnimationItem'. Did you mean 'destroy'?
examples/jsm/libs/lottie_canvas.module.js(2163,10): error TS2551: Property 'onDestroy' does not exist on type 'AnimationItem'. Did you mean 'destroy'?
examples/jsm/libs/lottie_canvas.module.js(2169,8): error TS2339: Property 'triggerEvent' does not exist on type 'AnimationItem'.
examples/jsm/libs/lottie_canvas.module.js(2171,12): error TS2339: Property 'onError' does not exist on type 'AnimationItem'.
examples/jsm/libs/lottie_canvas.module.js(2172,10): error TS2339: Property 'onError' does not exist on type 'AnimationItem'.
examples/jsm/libs/lottie_canvas.module.js(2177,51): error TS2554: Expected 0-1 arguments, but got 2.
examples/jsm/libs/lottie_canvas.module.js(2178,8): error TS2339: Property 'triggerEvent' does not exist on type 'AnimationItem'.
examples/jsm/libs/lottie_canvas.module.js(2180,12): error TS2339: Property 'onError' does not exist on type 'AnimationItem'.
examples/jsm/libs/lottie_canvas.module.js(2181,10): error TS2339: Property 'onError' does not exist on type 'AnimationItem'.
examples/jsm/libs/lottie_canvas.module.js(2336,48): error TS2584: Cannot find name 'document'. Do you need to change your target library? Try changing the 'lib' compiler option to include 'dom'.
examples/jsm/libs/lottie_canvas.module.js(2337,21): error TS2584: Cannot find name 'document'. Do you need to change your target library? Try changing the 'lib' compiler option to include 'dom'.
examples/jsm/libs/lottie_canvas.module.js(2350,18): error TS2584: Cannot find name 'document'. Do you need to change your target library? Try changing the 'lib' compiler option to include 'dom'.
examples/jsm/libs/lottie_canvas.module.js(2448,9): error TS7053: Element implicitly has an 'any' type because expression of type 'any' can't be used to index type '{}'.
examples/jsm/libs/lottie_canvas.module.js(2449,14): error TS7053: Element implicitly has an 'any' type because expression of type 'any' can't be used to index type '{}'.
examples/jsm/libs/lottie_canvas.module.js(2452,5): error TS7053: Element implicitly has an 'any' type because expression of type 'any' can't be used to index type '{}'.
examples/jsm/libs/lottie_canvas.module.js(2769,12): error TS7053: Element implicitly has an 'any' type because expression of type 'string' can't be used to index type '{}'.
  No index signature with a parameter of type 'string' was found on type '{}'.
examples/jsm/libs/lottie_canvas.module.js(2793,35): error TS2571: Object is of type 'unknown'.
examples/jsm/libs/lottie_canvas.module.js(2793,46): error TS2571: Object is of type 'unknown'.
examples/jsm/libs/lottie_canvas.module.js(2802,9): error TS7053: Element implicitly has an 'any' type because expression of type 'string' can't be used to index type '{}'.
  No index signature with a parameter of type 'string' was found on type '{}'.
examples/jsm/libs/lottie_canvas.module.js(2804,14): error TS7053: Element implicitly has an 'any' type because expression of type 'string' can't be used to index type '{}'.
  No index signature with a parameter of type 'string' was found on type '{}'.
examples/jsm/libs/lottie_canvas.module.js(2907,22): error TS2683: 'this' implicitly has type 'any' because it does not have a type annotation.
examples/jsm/libs/lottie_canvas.module.js(2909,9): error TS2683: 'this' implicitly has type 'any' because it does not have a type annotation.
examples/jsm/libs/lottie_canvas.module.js(2910,46): error TS2683: 'this' implicitly has type 'any' because it does not have a type annotation.
examples/jsm/libs/lottie_canvas.module.js(2914,15): error TS2683: 'this' implicitly has type 'any' because it does not have a type annotation.
examples/jsm/libs/lottie_canvas.module.js(2921,17): error TS2683: 'this' implicitly has type 'any' because it does not have a type annotation.
examples/jsm/libs/lottie_canvas.module.js(2922,21): error TS2683: 'this' implicitly has type 'any' because it does not have a type annotation.
examples/jsm/libs/lottie_canvas.module.js(2941,24): error TS2683: 'this' implicitly has type 'any' because it does not have a type annotation.
examples/jsm/libs/lottie_canvas.module.js(2961,11): error TS2454: Variable 'newValue' is used before being assigned.
examples/jsm/libs/lottie_canvas.module.js(2984,15): error TS2454: Variable 'newValue' is used before being assigned.
examples/jsm/libs/lottie_canvas.module.js(2991,15): error TS2454: Variable 'newValue' is used before being assigned.
examples/jsm/libs/lottie_canvas.module.js(3013,11): error TS2683: 'this' implicitly has type 'any' because it does not have a type annotation.
examples/jsm/libs/lottie_canvas.module.js(3015,11): error TS2454: Variable 'newValue' is used before being assigned.
examples/jsm/libs/lottie_canvas.module.js(3016,11): error TS2454: Variable 'newValue' is used before being assigned.
examples/jsm/libs/lottie_canvas.module.js(3017,11): error TS2454: Variable 'newValue' is used before being assigned.
examples/jsm/libs/lottie_canvas.module.js(3019,11): error TS2454: Variable 'newValue' is used before being assigned.
examples/jsm/libs/lottie_canvas.module.js(3020,11): error TS2454: Variable 'newValue' is used before being assigned.
examples/jsm/libs/lottie_canvas.module.js(3021,11): error TS2454: Variable 'newValue' is used before being assigned.
examples/jsm/libs/lottie_canvas.module.js(3067,15): error TS2683: 'this' implicitly has type 'any' because it does not have a type annotation.
examples/jsm/libs/lottie_canvas.module.js(3154,25): error TS2339: Property 'comp' does not exist on type 'getValueAtCurrentTime'.
examples/jsm/libs/lottie_canvas.module.js(3154,51): error TS2339: Property 'offsetTime' does not exist on type 'getValueAtCurrentTime'.
examples/jsm/libs/lottie_canvas.module.js(3155,25): error TS2339: Property 'keyframes' does not exist on type 'getValueAtCurrentTime'.
examples/jsm/libs/lottie_canvas.module.js(3155,47): error TS2339: Property 'offsetTime' does not exist on type 'getValueAtCurrentTime'.
examples/jsm/libs/lottie_canvas.module.js(3156,24): error TS2339: Property 'keyframes' does not exist on type 'getValueAtCurrentTime'.
examples/jsm/libs/lottie_canvas.module.js(3156,39): error TS2339: Property 'keyframes' does not exist on type 'getValueAtCurrentTime'.
examples/jsm/libs/lottie_canvas.module.js(3156,70): error TS2339: Property 'offsetTime' does not exist on type 'getValueAtCurrentTime'.
examples/jsm/libs/lottie_canvas.module.js(3157,29): error TS2339: Property '_caching' does not exist on type 'getValueAtCurrentTime'.
examples/jsm/libs/lottie_canvas.module.js(3157,57): error TS2339: Property '_caching' does not exist on type 'getValueAtCurrentTime'.
examples/jsm/libs/lottie_canvas.module.js(3157,100): error TS2339: Property '_caching' does not exist on type 'getValueAtCurrentTime'.
examples/jsm/libs/lottie_canvas.module.js(3157,163): error TS2339: Property '_caching' does not exist on type 'getValueAtCurrentTime'.
examples/jsm/libs/lottie_canvas.module.js(3158,16): error TS2339: Property '_caching' does not exist on type 'getValueAtCurrentTime'.
examples/jsm/libs/lottie_canvas.module.js(3159,14): error TS2339: Property '_caching' does not exist on type 'getValueAtCurrentTime'.
examples/jsm/libs/lottie_canvas.module.js(3160,14): error TS2339: Property '_caching' does not exist on type 'getValueAtCurrentTime'.
examples/jsm/libs/lottie_canvas.module.js(3163,31): error TS2339: Property 'interpolateValue' does not exist on type 'getValueAtCurrentTime'.
examples/jsm/libs/lottie_canvas.module.js(3163,63): error TS2339: Property '_caching' does not exist on type 'getValueAtCurrentTime'.
examples/jsm/libs/lottie_canvas.module.js(3166,10): error TS2339: Property '_caching' does not exist on type 'getValueAtCurrentTime'.
examples/jsm/libs/lottie_canvas.module.js(3172,14): error TS2339: Property 'propType' does not exist on type 'setVValue'.
examples/jsm/libs/lottie_canvas.module.js(3173,36): error TS2339: Property 'mult' does not exist on type 'setVValue'.
examples/jsm/libs/lottie_canvas.module.js(3174,19): error TS2532: Object is possibly 'undefined'.
examples/jsm/libs/lottie_canvas.module.js(3180,17): error TS2532: Object is possibly 'undefined'.
examples/jsm/libs/lottie_canvas.module.js(3182,41): error TS2339: Property 'mult' does not exist on type 'setVValue'.
examples/jsm/libs/lottie_canvas.module.js(3183,21): error TS2532: Object is possibly 'undefined'.
examples/jsm/libs/lottie_canvas.module.js(3184,11): error TS2532: Object is possibly 'undefined'.
examples/jsm/libs/lottie_canvas.module.js(3193,14): error TS2339: Property 'elem' does not exist on type 'processEffectsSequence'.
examples/jsm/libs/lottie_canvas.module.js(3193,64): error TS2339: Property 'effectsSequence' does not exist on type 'processEffectsSequence'.
examples/jsm/libs/lottie_canvas.module.js(3197,12): error TS2339: Property 'setVValue' does not exist on type 'processEffectsSequence'.
examples/jsm/libs/lottie_canvas.module.js(3197,27): error TS2339: Property 'pv' does not exist on type 'processEffectsSequence'.
examples/jsm/libs/lottie_canvas.module.js(3203,20): error TS2339: Property 'effectsSequence' does not exist on type 'processEffectsSequence'.
examples/jsm/libs/lottie_canvas.module.js(3204,27): error TS2339: Property 'kf' does not exist on type 'processEffectsSequence'.
examples/jsm/libs/lottie_canvas.module.js(3204,37): error TS2339: Property 'pv' does not exist on type 'processEffectsSequence'.
examples/jsm/libs/lottie_canvas.module.js(3204,47): error TS2339: Property 'data' does not exist on type 'processEffectsSequence'.
examples/jsm/libs/lottie_canvas.module.js(3206,25): error TS2339: Property 'effectsSequence' does not exist on type 'processEffectsSequence'.
examples/jsm/libs/lottie_canvas.module.js(3208,10): error TS2339: Property 'setVValue' does not exist on type 'processEffectsSequence'.
examples/jsm/libs/lottie_canvas.module.js(3211,25): error TS2339: Property 'elem' does not exist on type 'processEffectsSequence'.
examples/jsm/libs/lottie_canvas.module.js(3215,5): error TS2683: 'this' implicitly has type 'any' because it does not have a type annotation.
examples/jsm/libs/lottie_canvas.module.js(3216,5): error TS2683: 'this' implicitly has type 'any' because it does not have a type annotation.
examples/jsm/libs/lottie_canvas.module.js(3216,39): error TS2683: 'this' implicitly has type 'any' because it does not have a type annotation.
examples/jsm/libs/lottie_canvas.module.js(3232,5): error TS7008: Member 'effectsSequence' implicitly has an 'any[]' type.
examples/jsm/libs/lottie_canvas.module.js(3260,5): error TS7008: Member 'effectsSequence' implicitly has an 'any[]' type.
examples/jsm/libs/lottie_canvas.module.js(3269,5): error TS7008: Member 'keyframesMetadata' implicitly has an 'any[]' type.
examples/jsm/libs/lottie_canvas.module.js(3321,5): error TS7008: Member 'keyframesMetadata' implicitly has an 'any[]' type.
examples/jsm/libs/lottie_canvas.module.js(3363,9): error TS18048: 'p' is possibly 'undefined'.
examples/jsm/libs/lottie_canvas.module.js(3378,14): error TS2339: Property 'dynamicProperties' does not exist on type 'DynamicPropertyContainer'.
examples/jsm/libs/lottie_canvas.module.js(3379,12): error TS2339: Property 'dynamicProperties' does not exist on type 'DynamicPropertyContainer'.
examples/jsm/libs/lottie_canvas.module.js(3380,12): error TS2339: Property 'container' does not exist on type 'DynamicPropertyContainer'.
examples/jsm/libs/lottie_canvas.module.js(3381,12): error TS2339: Property '_isAnimated' does not exist on type 'DynamicPropertyContainer'.
examples/jsm/libs/lottie_canvas.module.js(3385,10): error TS2339: Property '_mdf' does not exist on type 'DynamicPropertyContainer'.
examples/jsm/libs/lottie_canvas.module.js(3387,20): error TS2339: Property 'dynamicProperties' does not exist on type 'DynamicPropertyContainer'.
examples/jsm/libs/lottie_canvas.module.js(3389,12): error TS2339: Property 'dynamicProperties' does not exist on type 'DynamicPropertyContainer'.
examples/jsm/libs/lottie_canvas.module.js(3390,16): error TS2339: Property 'dynamicProperties' does not exist on type 'DynamicPropertyContainer'.
examples/jsm/libs/lottie_canvas.module.js(3391,14): error TS2339: Property '_mdf' does not exist on type 'DynamicPropertyContainer'.
examples/jsm/libs/lottie_canvas.module.js(3396,10): error TS2339: Property 'container' does not exist on type 'DynamicPropertyContainer'.
examples/jsm/libs/lottie_canvas.module.js(3397,10): error TS2339: Property 'dynamicProperties' does not exist on type 'DynamicPropertyContainer'.
examples/jsm/libs/lottie_canvas.module.js(3398,10): error TS2339: Property '_mdf' does not exist on type 'DynamicPropertyContainer'.
examples/jsm/libs/lottie_canvas.module.js(3399,10): error TS2339: Property '_isAnimated' does not exist on type 'DynamicPropertyContainer'.
examples/jsm/libs/lottie_canvas.module.js(3486,25): error TS2571: Object is of type 'unknown'.
examples/jsm/libs/lottie_canvas.module.js(3486,41): error TS2571: Object is of type 'unknown'.
examples/jsm/libs/lottie_canvas.module.js(3486,57): error TS2571: Object is of type 'unknown'.
examples/jsm/libs/lottie_canvas.module.js(3486,73): error TS2571: Object is of type 'unknown'.
examples/jsm/libs/lottie_canvas.module.js(3486,89): error TS2571: Object is of type 'unknown'.
examples/jsm/libs/lottie_canvas.module.js(3486,106): error TS2571: Object is of type 'unknown'.
examples/jsm/libs/lottie_canvas.module.js(3494,25): error TS2571: Object is of type 'unknown'.
examples/jsm/libs/lottie_canvas.module.js(3494,43): error TS2571: Object is of type 'unknown'.
examples/jsm/libs/lottie_canvas.module.js(3494,61): error TS2571: Object is of type 'unknown'.
examples/jsm/libs/lottie_canvas.module.js(3494,79): error TS2571: Object is of type 'unknown'.
examples/jsm/libs/lottie_canvas.module.js(3494,97): error TS2571: Object is of type 'unknown'.
examples/jsm/libs/lottie_canvas.module.js(3494,116): error TS2571: Object is of type 'unknown'.
examples/jsm/libs/lottie_canvas.module.js(3534,11): error TS2339: Property 'clone' does not exist on type '{ newElement: () => any; release: (element: any) => void; }'.
examples/jsm/libs/lottie_canvas.module.js(3616,14): error TS2683: 'this' implicitly has type 'any' because it does not have a type annotation.
examples/jsm/libs/lottie_canvas.module.js(3617,30): error TS2683: 'this' implicitly has type 'any' because it does not have a type annotation.
examples/jsm/libs/lottie_canvas.module.js(3621,50): error TS2683: 'this' implicitly has type 'any' because it does not have a type annotation.
examples/jsm/libs/lottie_canvas.module.js(3639,30): error TS2683: 'this' implicitly has type 'any' because it does not have a type annotation.
examples/jsm/libs/lottie_canvas.module.js(3648,26): error TS2683: 'this' implicitly has type 'any' because it does not have a type annotation.
examples/jsm/libs/lottie_canvas.module.js(3652,41): error TS2683: 'this' implicitly has type 'any' because it does not have a type annotation.
examples/jsm/libs/lottie_canvas.module.js(3654,43): error TS2683: 'this' implicitly has type 'any' because it does not have a type annotation.
examples/jsm/libs/lottie_canvas.module.js(3664,47): error TS2683: 'this' implicitly has type 'any' because it does not have a type annotation.
examples/jsm/libs/lottie_canvas.module.js(3664,85): error TS2683: 'this' implicitly has type 'any' because it does not have a type annotation.
examples/jsm/libs/lottie_canvas.module.js(3664,117): error TS2683: 'this' implicitly has type 'any' because it does not have a type annotation.
examples/jsm/libs/lottie_canvas.module.js(3687,20): error TS2683: 'this' implicitly has type 'any' because it does not have a type annotation.
examples/jsm/libs/lottie_canvas.module.js(3687,46): error TS2683: 'this' implicitly has type 'any' because it does not have a type annotation.
examples/jsm/libs/lottie_canvas.module.js(3688,20): error TS2683: 'this' implicitly has type 'any' because it does not have a type annotation.
examples/jsm/libs/lottie_canvas.module.js(3688,42): error TS2683: 'this' implicitly has type 'any' because it does not have a type annotation.
examples/jsm/libs/lottie_canvas.module.js(3689,19): error TS2683: 'this' implicitly has type 'any' because it does not have a type annotation.
examples/jsm/libs/lottie_canvas.module.js(3689,34): error TS2683: 'this' implicitly has type 'any' because it does not have a type annotation.
examples/jsm/libs/lottie_canvas.module.js(3689,65): error TS2683: 'this' implicitly has type 'any' because it does not have a type annotation.
examples/jsm/libs/lottie_canvas.module.js(3690,21): error TS2683: 'this' implicitly has type 'any' because it does not have a type annotation.
examples/jsm/libs/lottie_canvas.module.js(3693,7): error TS2683: 'this' implicitly has type 'any' because it does not have a type annotation.
examples/jsm/libs/lottie_canvas.module.js(3693,56): error TS2683: 'this' implicitly has type 'any' because it does not have a type annotation.
examples/jsm/libs/lottie_canvas.module.js(3694,7): error TS2683: 'this' implicitly has type 'any' because it does not have a type annotation.
examples/jsm/libs/lottie_canvas.module.js(3694,39): error TS2683: 'this' implicitly has type 'any' because it does not have a type annotation.
examples/jsm/libs/lottie_canvas.module.js(3694,48): error TS2683: 'this' implicitly has type 'any' because it does not have a type annotation.
examples/jsm/libs/lottie_canvas.module.js(3697,5): error TS2683: 'this' implicitly has type 'any' because it does not have a type annotation.
examples/jsm/libs/lottie_canvas.module.js(3698,12): error TS2683: 'this' implicitly has type 'any' because it does not have a type annotation.
examples/jsm/libs/lottie_canvas.module.js(3702,23): error TS2339: Property 'localShapeCollection' does not exist on type 'resetShape'.
examples/jsm/libs/lottie_canvas.module.js(3726,26): error TS2339: Property 'clone' does not exist on type '{ newElement: () => any; release: (element: any) => void; }'.
examples/jsm/libs/lottie_canvas.module.js(3727,12): error TS2339: Property 'localShapeCollection' does not exist on type 'setVValue'.
examples/jsm/libs/lottie_canvas.module.js(3728,12): error TS2339: Property 'localShapeCollection' does not exist on type 'setVValue'.
examples/jsm/libs/lottie_canvas.module.js(3730,25): error TS2339: Property 'localShapeCollection' does not exist on type 'setVValue'.
examples/jsm/libs/lottie_canvas.module.js(3735,14): error TS2339: Property 'elem' does not exist on type 'processEffectsSequence'.
examples/jsm/libs/lottie_canvas.module.js(3737,17): error TS2339: Property 'effectsSequence' does not exist on type 'processEffectsSequence'.
examples/jsm/libs/lottie_canvas.module.js(3742,12): error TS2339: Property 'setVValue' does not exist on type 'processEffectsSequence'.
examples/jsm/libs/lottie_canvas.module.js(3742,27): error TS2339: Property 'pv' does not exist on type 'processEffectsSequence'.
examples/jsm/libs/lottie_canvas.module.js(3748,14): error TS2339: Property 'kf' does not exist on type 'processEffectsSequence'.
examples/jsm/libs/lottie_canvas.module.js(3749,25): error TS2339: Property 'pv' does not exist on type 'processEffectsSequence'.
examples/jsm/libs/lottie_canvas.module.js(3750,21): error TS2339: Property 'data' does not exist on type 'processEffectsSequence'.
examples/jsm/libs/lottie_canvas.module.js(3751,25): error TS2339: Property 'data' does not exist on type 'processEffectsSequence'.
examples/jsm/libs/lottie_canvas.module.js(3753,25): error TS2339: Property 'data' does not exist on type 'processEffectsSequence'.
examples/jsm/libs/lottie_canvas.module.js(3756,20): error TS2339: Property 'effectsSequence' does not exist on type 'processEffectsSequence'.
examples/jsm/libs/lottie_canvas.module.js(3758,25): error TS2339: Property 'effectsSequence' does not exist on type 'processEffectsSequence'.
examples/jsm/libs/lottie_canvas.module.js(3760,10): error TS2339: Property 'setVValue' does not exist on type 'processEffectsSequence'.
examples/jsm/libs/lottie_canvas.module.js(3762,25): error TS2339: Property 'elem' does not exist on type 'processEffectsSequence'.
examples/jsm/libs/lottie_canvas.module.js(3775,24): error TS2339: Property 'clone' does not exist on type '{ newElement: () => any; release: (element: any) => void; }'.
examples/jsm/libs/lottie_canvas.module.js(3776,25): error TS2339: Property 'clone' does not exist on type '{ newElement: () => any; release: (element: any) => void; }'.
examples/jsm/libs/lottie_canvas.module.js(3779,5): error TS2571: Object is of type 'unknown'.
examples/jsm/libs/lottie_canvas.module.js(3781,5): error TS7008: Member 'effectsSequence' implicitly has an 'any[]' type.
examples/jsm/libs/lottie_canvas.module.js(3785,5): error TS2683: 'this' implicitly has type 'any' because it does not have a type annotation.
examples/jsm/libs/lottie_canvas.module.js(3786,5): error TS2683: 'this' implicitly has type 'any' because it does not have a type annotation.
examples/jsm/libs/lottie_canvas.module.js(3786,39): error TS2683: 'this' implicitly has type 'any' because it does not have a type annotation.
examples/jsm/libs/lottie_canvas.module.js(3801,5): error TS7008: Member 'keyframesMetadata' implicitly has an 'any[]' type.
examples/jsm/libs/lottie_canvas.module.js(3807,25): error TS2339: Property 'clone' does not exist on type '{ newElement: () => any; release: (element: any) => void; }'.
examples/jsm/libs/lottie_canvas.module.js(3810,5): error TS2571: Object is of type 'unknown'.
examples/jsm/libs/lottie_canvas.module.js(3829,7): error TS2571: Object is of type 'unknown'.
examples/jsm/libs/lottie_canvas.module.js(3834,12): error TS2339: Property 'initDynamicPropertyContainer' does not exist on type 'EllShapePropertyFactory'.
examples/jsm/libs/lottie_canvas.module.js(3837,16): error TS2339: Property 'dynamicProperties' does not exist on type 'EllShapePropertyFactory'.
examples/jsm/libs/lottie_canvas.module.js(3852,14): error TS2339: Property 'iterateDynamicProperties' does not exist on type 'EllShapePropertyFactory'.
examples/jsm/libs/lottie_canvas.module.js(3854,18): error TS2339: Property '_mdf' does not exist on type 'EllShapePropertyFactory'.
examples/jsm/libs/lottie_canvas.module.js(3859,18): error TS2532: Object is possibly 'undefined'.
examples/jsm/libs/lottie_canvas.module.js(3860,18): error TS2532: Object is possibly 'undefined'.
examples/jsm/libs/lottie_canvas.module.js(3861,18): error TS2532: Object is possibly 'undefined'.
examples/jsm/libs/lottie_canvas.module.js(3862,18): error TS2532: Object is possibly 'undefined'.
examples/jsm/libs/lottie_canvas.module.js(3906,12): error TS2339: Property 'initDynamicPropertyContainer' does not exist on type 'StarShapePropertyFactory'.
examples/jsm/libs/lottie_canvas.module.js(3920,7): error TS2571: Object is of type 'unknown'.
examples/jsm/libs/lottie_canvas.module.js(3922,16): error TS2339: Property 'dynamicProperties' does not exist on type 'StarShapePropertyFactory'.
examples/jsm/libs/lottie_canvas.module.js(3937,14): error TS2339: Property 'iterateDynamicProperties' does not exist on type 'StarShapePropertyFactory'.
examples/jsm/libs/lottie_canvas.module.js(3938,18): error TS2339: Property '_mdf' does not exist on type 'StarShapePropertyFactory'.
examples/jsm/libs/lottie_canvas.module.js(3943,33): error TS2532: Object is possibly 'undefined'.
examples/jsm/libs/lottie_canvas.module.js(3949,23): error TS2532: Object is possibly 'undefined'.
examples/jsm/libs/lottie_canvas.module.js(3950,24): error TS2532: Object is possibly 'undefined'.
examples/jsm/libs/lottie_canvas.module.js(3951,25): error TS2532: Object is possibly 'undefined'.
examples/jsm/libs/lottie_canvas.module.js(3952,26): error TS2532: Object is possibly 'undefined'.
examples/jsm/libs/lottie_canvas.module.js(3960,23): error TS2532: Object is possibly 'undefined'.
examples/jsm/libs/lottie_canvas.module.js(3971,17): error TS2532: Object is possibly 'undefined'.
examples/jsm/libs/lottie_canvas.module.js(3972,17): error TS2532: Object is possibly 'undefined'.
examples/jsm/libs/lottie_canvas.module.js(3984,33): error TS2532: Object is possibly 'undefined'.
examples/jsm/libs/lottie_canvas.module.js(3986,19): error TS2532: Object is possibly 'undefined'.
examples/jsm/libs/lottie_canvas.module.js(3987,25): error TS2532: Object is possibly 'undefined'.
examples/jsm/libs/lottie_canvas.module.js(3992,23): error TS2532: Object is possibly 'undefined'.
examples/jsm/libs/lottie_canvas.module.js(3999,17): error TS2532: Object is possibly 'undefined'.
examples/jsm/libs/lottie_canvas.module.js(4000,17): error TS2532: Object is possibly 'undefined'.
examples/jsm/libs/lottie_canvas.module.js(4004,9): error TS2571: Object is of type 'unknown'.
examples/jsm/libs/lottie_canvas.module.js(4005,9): error TS2571: Object is of type 'unknown'.
examples/jsm/libs/lottie_canvas.module.js(4019,7): error TS2571: Object is of type 'unknown'.
examples/jsm/libs/lottie_canvas.module.js(4025,12): error TS2339: Property 'initDynamicPropertyContainer' does not exist on type 'RectShapePropertyFactory'.
examples/jsm/libs/lottie_canvas.module.js(4029,16): error TS2339: Property 'dynamicProperties' does not exist on type 'RectShapePropertyFactory'.
examples/jsm/libs/lottie_canvas.module.js(4039,18): error TS2532: Object is possibly 'undefined'.
examples/jsm/libs/lottie_canvas.module.js(4040,18): error TS2532: Object is possibly 'undefined'.
examples/jsm/libs/lottie_canvas.module.js(4041,18): error TS2532: Object is possibly 'undefined'.
examples/jsm/libs/lottie_canvas.module.js(4042,18): error TS2532: Object is possibly 'undefined'.
examples/jsm/libs/lottie_canvas.module.js(4043,35): error TS2532: Object is possibly 'undefined'.
examples/jsm/libs/lottie_canvas.module.js(4083,14): error TS2339: Property 'iterateDynamicProperties' does not exist on type 'RectShapePropertyFactory'.
examples/jsm/libs/lottie_canvas.module.js(4084,18): error TS2339: Property '_mdf' does not exist on type 'RectShapePropertyFactory'.
examples/jsm/libs/lottie_canvas.module.js(4112,9): error TS18048: 'prop' is possibly 'undefined'.
examples/jsm/libs/lottie_canvas.module.js(4169,5): error TS2683: 'this' implicitly has type 'any' because it does not have a type annotation.
examples/jsm/libs/lottie_canvas.module.js(4170,5): error TS2683: 'this' implicitly has type 'any' because it does not have a type annotation.
examples/jsm/libs/lottie_canvas.module.js(4171,5): error TS2683: 'this' implicitly has type 'any' because it does not have a type annotation.
examples/jsm/libs/lottie_canvas.module.js(4172,5): error TS2683: 'this' implicitly has type 'any' because it does not have a type annotation.
examples/jsm/libs/lottie_canvas.module.js(4173,5): error TS2683: 'this' implicitly has type 'any' because it does not have a type annotation.
examples/jsm/libs/lottie_canvas.module.js(4174,5): error TS2683: 'this' implicitly has type 'any' because it does not have a type annotation.
examples/jsm/libs/lottie_canvas.module.js(4175,5): error TS2683: 'this' implicitly has type 'any' because it does not have a type annotation.
examples/jsm/libs/lottie_canvas.module.js(4176,5): error TS2683: 'this' implicitly has type 'any' because it does not have a type annotation.
examples/jsm/libs/lottie_canvas.module.js(4177,5): error TS2683: 'this' implicitly has type 'any' because it does not have a type annotation.
examples/jsm/libs/lottie_canvas.module.js(4178,5): error TS2683: 'this' implicitly has type 'any' because it does not have a type annotation.
examples/jsm/libs/lottie_canvas.module.js(4179,5): error TS2683: 'this' implicitly has type 'any' because it does not have a type annotation.
examples/jsm/libs/lottie_canvas.module.js(4180,5): error TS2683: 'this' implicitly has type 'any' because it does not have a type annotation.
examples/jsm/libs/lottie_canvas.module.js(4181,5): error TS2683: 'this' implicitly has type 'any' because it does not have a type annotation.
examples/jsm/libs/lottie_canvas.module.js(4182,5): error TS2683: 'this' implicitly has type 'any' because it does not have a type annotation.
examples/jsm/libs/lottie_canvas.module.js(4183,5): error TS2683: 'this' implicitly has type 'any' because it does not have a type annotation.
examples/jsm/libs/lottie_canvas.module.js(4184,5): error TS2683: 'this' implicitly has type 'any' because it does not have a type annotation.
examples/jsm/libs/lottie_canvas.module.js(4185,12): error TS2683: 'this' implicitly has type 'any' because it does not have a type annotation.
examples/jsm/libs/lottie_canvas.module.js(4190,14): error TS2683: 'this' implicitly has type 'any' because it does not have a type annotation.
examples/jsm/libs/lottie_canvas.module.js(4194,12): error TS2683: 'this' implicitly has type 'any' because it does not have a type annotation.
examples/jsm/libs/lottie_canvas.module.js(4199,14): error TS2683: 'this' implicitly has type 'any' because it does not have a type annotation.
examples/jsm/libs/lottie_canvas.module.js(4203,12): error TS2683: 'this' implicitly has type 'any' because it does not have a type annotation.
examples/jsm/libs/lottie_canvas.module.js(4208,14): error TS2683: 'this' implicitly has type 'any' because it does not have a type annotation.
examples/jsm/libs/lottie_canvas.module.js(4212,12): error TS2683: 'this' implicitly has type 'any' because it does not have a type annotation.
examples/jsm/libs/lottie_canvas.module.js(4217,14): error TS2683: 'this' implicitly has type 'any' because it does not have a type annotation.
examples/jsm/libs/lottie_canvas.module.js(4221,12): error TS2683: 'this' implicitly has type 'any' because it does not have a type annotation.
examples/jsm/libs/lottie_canvas.module.js(4225,12): error TS2683: 'this' implicitly has type 'any' because it does not have a type annotation.
examples/jsm/libs/lottie_canvas.module.js(4229,12): error TS2683: 'this' implicitly has type 'any' because it does not have a type annotation.
examples/jsm/libs/lottie_canvas.module.js(4235,12): error TS2683: 'this' implicitly has type 'any' because it does not have a type annotation.
examples/jsm/libs/lottie_canvas.module.js(4246,14): error TS2683: 'this' implicitly has type 'any' because it does not have a type annotation.
examples/jsm/libs/lottie_canvas.module.js(4248,12): error TS2683: 'this' implicitly has type 'any' because it does not have a type annotation.
examples/jsm/libs/lottie_canvas.module.js(4252,5): error TS2683: 'this' implicitly has type 'any' because it does not have a type annotation.
examples/jsm/libs/lottie_canvas.module.js(4253,5): error TS2683: 'this' implicitly has type 'any' because it does not have a type annotation.
examples/jsm/libs/lottie_canvas.module.js(4254,5): error TS2683: 'this' implicitly has type 'any' because it does not have a type annotation.
examples/jsm/libs/lottie_canvas.module.js(4255,5): error TS2683: 'this' implicitly has type 'any' because it does not have a type annotation.
examples/jsm/libs/lottie_canvas.module.js(4256,5): error TS2683: 'this' implicitly has type 'any' because it does not have a type annotation.
examples/jsm/libs/lottie_canvas.module.js(4257,5): error TS2683: 'this' implicitly has type 'any' because it does not have a type annotation.
examples/jsm/libs/lottie_canvas.module.js(4258,5): error TS2683: 'this' implicitly has type 'any' because it does not have a type annotation.
examples/jsm/libs/lottie_canvas.module.js(4259,5): error TS2683: 'this' implicitly has type 'any' because it does not have a type annotation.
examples/jsm/libs/lottie_canvas.module.js(4260,5): error TS2683: 'this' implicitly has type 'any' because it does not have a type annotation.
examples/jsm/libs/lottie_canvas.module.js(4261,5): error TS2683: 'this' implicitly has type 'any' because it does not have a type annotation.
examples/jsm/libs/lottie_canvas.module.js(4262,5): error TS2683: 'this' implicitly has type 'any' because it does not have a type annotation.
examples/jsm/libs/lottie_canvas.module.js(4263,5): error TS2683: 'this' implicitly has type 'any' because it does not have a type annotation.
examples/jsm/libs/lottie_canvas.module.js(4264,5): error TS2683: 'this' implicitly has type 'any' because it does not have a type annotation.
examples/jsm/libs/lottie_canvas.module.js(4265,5): error TS2683: 'this' implicitly has type 'any' because it does not have a type annotation.
examples/jsm/libs/lottie_canvas.module.js(4266,5): error TS2683: 'this' implicitly has type 'any' because it does not have a type annotation.
examples/jsm/libs/lottie_canvas.module.js(4267,5): error TS2683: 'this' implicitly has type 'any' because it does not have a type annotation.
examples/jsm/libs/lottie_canvas.module.js(4268,12): error TS2683: 'this' implicitly has type 'any' because it does not have a type annotation.
examples/jsm/libs/lottie_canvas.module.js(4274,14): error TS2683: 'this' implicitly has type 'any' because it does not have a type annotation.
examples/jsm/libs/lottie_canvas.module.js(4276,12): error TS2683: 'this' implicitly has type 'any' because it does not have a type annotation.
examples/jsm/libs/lottie_canvas.module.js(4280,19): error TS2339: Property 'props' does not exist on type 'transform'.
examples/jsm/libs/lottie_canvas.module.js(4342,31): error TS2339: Property 'props' does not exist on type 'isIdentity'.
examples/jsm/libs/lottie_canvas.module.js(4342,54): error TS2339: Property 'props' does not exist on type 'isIdentity'.
examples/jsm/libs/lottie_canvas.module.js(4342,77): error TS2339: Property 'props' does not exist on type 'isIdentity'.
examples/jsm/libs/lottie_canvas.module.js(4342,100): error TS2339: Property 'props' does not exist on type 'isIdentity'.
examples/jsm/libs/lottie_canvas.module.js(4342,123): error TS2339: Property 'props' does not exist on type 'isIdentity'.
examples/jsm/libs/lottie_canvas.module.js(4342,146): error TS2339: Property 'props' does not exist on type 'isIdentity'.
examples/jsm/libs/lottie_canvas.module.js(4342,169): error TS2339: Property 'props' does not exist on type 'isIdentity'.
examples/jsm/libs/lottie_canvas.module.js(4342,192): error TS2339: Property 'props' does not exist on type 'isIdentity'.
examples/jsm/libs/lottie_canvas.module.js(4342,215): error TS2339: Property 'props' does not exist on type 'isIdentity'.
examples/jsm/libs/lottie_canvas.module.js(4342,238): error TS2339: Property 'props' does not exist on type 'isIdentity'.
examples/jsm/libs/lottie_canvas.module.js(4342,261): error TS2339: Property 'props' does not exist on type 'isIdentity'.
examples/jsm/libs/lottie_canvas.module.js(4342,285): error TS2339: Property 'props' does not exist on type 'isIdentity'.
examples/jsm/libs/lottie_canvas.module.js(4342,309): error TS2339: Property 'props' does not exist on type 'isIdentity'.
examples/jsm/libs/lottie_canvas.module.js(4342,333): error TS2339: Property 'props' does not exist on type 'isIdentity'.
examples/jsm/libs/lottie_canvas.module.js(4342,357): error TS2339: Property 'props' does not exist on type 'isIdentity'.
examples/jsm/libs/lottie_canvas.module.js(4342,381): error TS2339: Property 'props' does not exist on type 'isIdentity'.
examples/jsm/libs/lottie_canvas.module.js(4351,29): error TS2683: 'this' implicitly has type 'any' because it does not have a type annotation.
examples/jsm/libs/lottie_canvas.module.js(4362,23): error TS2683: 'this' implicitly has type 'any' because it does not have a type annotation.
examples/jsm/libs/lottie_canvas.module.js(4370,7): error TS2683: 'this' implicitly has type 'any' because it does not have a type annotation.
examples/jsm/libs/lottie_canvas.module.js(4376,14): error TS2683: 'this' implicitly has type 'any' because it does not have a type annotation.
examples/jsm/libs/lottie_canvas.module.js(4376,34): error TS2683: 'this' implicitly has type 'any' because it does not have a type annotation.
examples/jsm/libs/lottie_canvas.module.js(4376,54): error TS2683: 'this' implicitly has type 'any' because it does not have a type annotation.
examples/jsm/libs/lottie_canvas.module.js(4376,70): error TS2683: 'this' implicitly has type 'any' because it does not have a type annotation.
examples/jsm/libs/lottie_canvas.module.js(4377,14): error TS2683: 'this' implicitly has type 'any' because it does not have a type annotation.
examples/jsm/libs/lottie_canvas.module.js(4377,34): error TS2683: 'this' implicitly has type 'any' because it does not have a type annotation.
examples/jsm/libs/lottie_canvas.module.js(4377,54): error TS2683: 'this' implicitly has type 'any' because it does not have a type annotation.
examples/jsm/libs/lottie_canvas.module.js(4377,70): error TS2683: 'this' implicitly has type 'any' because it does not have a type annotation.
examples/jsm/libs/lottie_canvas.module.js(4378,14): error TS2683: 'this' implicitly has type 'any' because it does not have a type annotation.
examples/jsm/libs/lottie_canvas.module.js(4378,34): error TS2683: 'this' implicitly has type 'any' because it does not have a type annotation.
examples/jsm/libs/lottie_canvas.module.js(4378,54): error TS2683: 'this' implicitly has type 'any' because it does not have a type annotation.
examples/jsm/libs/lottie_canvas.module.js(4378,71): error TS2683: 'this' implicitly has type 'any' because it does not have a type annotation.
examples/jsm/libs/lottie_canvas.module.js(4386,16): error TS2683: 'this' implicitly has type 'any' because it does not have a type annotation.
examples/jsm/libs/lottie_canvas.module.js(4386,36): error TS2683: 'this' implicitly has type 'any' because it does not have a type annotation.
examples/jsm/libs/lottie_canvas.module.js(4386,56): error TS2683: 'this' implicitly has type 'any' because it does not have a type annotation.
examples/jsm/libs/lottie_canvas.module.js(4386,72): error TS2683: 'this' implicitly has type 'any' because it does not have a type annotation.
examples/jsm/libs/lottie_canvas.module.js(4389,16): error TS2683: 'this' implicitly has type 'any' because it does not have a type annotation.
examples/jsm/libs/lottie_canvas.module.js(4389,36): error TS2683: 'this' implicitly has type 'any' because it does not have a type annotation.
examples/jsm/libs/lottie_canvas.module.js(4389,56): error TS2683: 'this' implicitly has type 'any' because it does not have a type annotation.
examples/jsm/libs/lottie_canvas.module.js(4389,72): error TS2683: 'this' implicitly has type 'any' because it does not have a type annotation.
examples/jsm/libs/lottie_canvas.module.js(4392,16): error TS2683: 'this' implicitly has type 'any' because it does not have a type annotation.
examples/jsm/libs/lottie_canvas.module.js(4392,36): error TS2683: 'this' implicitly has type 'any' because it does not have a type annotation.
examples/jsm/libs/lottie_canvas.module.js(4392,56): error TS2683: 'this' implicitly has type 'any' because it does not have a type annotation.
examples/jsm/libs/lottie_canvas.module.js(4392,73): error TS2683: 'this' implicitly has type 'any' because it does not have a type annotation.
examples/jsm/libs/lottie_canvas.module.js(4396,23): error TS2683: 'this' implicitly has type 'any' because it does not have a type annotation.
examples/jsm/libs/lottie_canvas.module.js(4396,39): error TS2683: 'this' implicitly has type 'any' because it does not have a type annotation.
examples/jsm/libs/lottie_canvas.module.js(4396,55): error TS2683: 'this' implicitly has type 'any' because it does not have a type annotation.
examples/jsm/libs/lottie_canvas.module.js(4396,71): error TS2683: 'this' implicitly has type 'any' because it does not have a type annotation.
examples/jsm/libs/lottie_canvas.module.js(4397,13): error TS2683: 'this' implicitly has type 'any' because it does not have a type annotation.
examples/jsm/libs/lottie_canvas.module.js(4398,14): error TS2683: 'this' implicitly has type 'any' because it does not have a type annotation.
examples/jsm/libs/lottie_canvas.module.js(4399,14): error TS2683: 'this' implicitly has type 'any' because it does not have a type annotation.
examples/jsm/libs/lottie_canvas.module.js(4400,13): error TS2683: 'this' implicitly has type 'any' because it does not have a type annotation.
examples/jsm/libs/lottie_canvas.module.js(4401,14): error TS2683: 'this' implicitly has type 'any' because it does not have a type annotation.
examples/jsm/libs/lottie_canvas.module.js(4401,30): error TS2683: 'this' implicitly has type 'any' because it does not have a type annotation.
examples/jsm/libs/lottie_canvas.module.js(4401,47): error TS2683: 'this' implicitly has type 'any' because it does not have a type annotation.
examples/jsm/libs/lottie_canvas.module.js(4401,63): error TS2683: 'this' implicitly has type 'any' because it does not have a type annotation.
examples/jsm/libs/lottie_canvas.module.js(4402,15): error TS2683: 'this' implicitly has type 'any' because it does not have a type annotation.
examples/jsm/libs/lottie_canvas.module.js(4402,31): error TS2683: 'this' implicitly has type 'any' because it does not have a type annotation.
examples/jsm/libs/lottie_canvas.module.js(4402,48): error TS2683: 'this' implicitly has type 'any' because it does not have a type annotation.
examples/jsm/libs/lottie_canvas.module.js(4402,64): error TS2683: 'this' implicitly has type 'any' because it does not have a type annotation.
examples/jsm/libs/lottie_canvas.module.js(4414,25): error TS2683: 'this' implicitly has type 'any' because it does not have a type annotation.
examples/jsm/libs/lottie_canvas.module.js(4430,9): error TS2683: 'this' implicitly has type 'any' because it does not have a type annotation.
examples/jsm/libs/lottie_canvas.module.js(4438,16): error TS2683: 'this' implicitly has type 'any' because it does not have a type annotation.
examples/jsm/libs/lottie_canvas.module.js(4439,16): error TS2683: 'this' implicitly has type 'any' because it does not have a type annotation.
examples/jsm/libs/lottie_canvas.module.js(4440,16): error TS2683: 'this' implicitly has type 'any' because it does not have a type annotation.
examples/jsm/libs/lottie_canvas.module.js(4441,16): error TS2683: 'this' implicitly has type 'any' because it does not have a type annotation.
examples/jsm/libs/lottie_canvas.module.js(4442,17): error TS2683: 'this' implicitly has type 'any' because it does not have a type annotation.
examples/jsm/libs/lottie_canvas.module.js(4443,17): error TS2683: 'this' implicitly has type 'any' because it does not have a type annotation.
examples/jsm/libs/lottie_canvas.module.js(4456,9): error TS2683: 'this' implicitly has type 'any' because it does not have a type annotation.
examples/jsm/libs/lottie_canvas.module.js(4460,13): error TS2683: 'this' implicitly has type 'any' because it does not have a type annotation.
examples/jsm/libs/lottie_canvas.module.js(4460,33): error TS2683: 'this' implicitly has type 'any' because it does not have a type annotation.
examples/jsm/libs/lottie_canvas.module.js(4460,53): error TS2683: 'this' implicitly has type 'any' because it does not have a type annotation.
examples/jsm/libs/lottie_canvas.module.js(4460,69): error TS2683: 'this' implicitly has type 'any' because it does not have a type annotation.
examples/jsm/libs/lottie_canvas.module.js(4461,13): error TS2683: 'this' implicitly has type 'any' because it does not have a type annotation.
examples/jsm/libs/lottie_canvas.module.js(4461,33): error TS2683: 'this' implicitly has type 'any' because it does not have a type annotation.
examples/jsm/libs/lottie_canvas.module.js(4461,53): error TS2683: 'this' implicitly has type 'any' because it does not have a type annotation.
examples/jsm/libs/lottie_canvas.module.js(4461,69): error TS2683: 'this' implicitly has type 'any' because it does not have a type annotation.
examples/jsm/libs/lottie_canvas.module.js(4462,13): error TS2683: 'this' implicitly has type 'any' because it does not have a type annotation.
examples/jsm/libs/lottie_canvas.module.js(4462,33): error TS2683: 'this' implicitly has type 'any' because it does not have a type annotation.
examples/jsm/libs/lottie_canvas.module.js(4462,53): error TS2683: 'this' implicitly has type 'any' because it does not have a type annotation.
examples/jsm/libs/lottie_canvas.module.js(4462,70): error TS2683: 'this' implicitly has type 'any' because it does not have a type annotation.
examples/jsm/libs/lottie_canvas.module.js(4469,9): error TS2683: 'this' implicitly has type 'any' because it does not have a type annotation.
examples/jsm/libs/lottie_canvas.module.js(4472,14): error TS2683: 'this' implicitly has type 'any' because it does not have a type annotation.
examples/jsm/libs/lottie_canvas.module.js(4482,17): error TS2683: 'this' implicitly has type 'any' because it does not have a type annotation.
examples/jsm/libs/lottie_canvas.module.js(4506,17): error TS2683: 'this' implicitly has type 'any' because it does not have a type annotation.
examples/jsm/libs/lottie_canvas.module.js(4563,7): error TS2367: This comparison appears to be unintentional because the types 'string' and 'boolean' have no overlap.
examples/jsm/libs/lottie_canvas.module.js(4579,7): error TS2367: This comparison appears to be unintentional because the types 'string' and 'boolean' have no overlap.
examples/jsm/libs/lottie_canvas.module.js(4662,7): error TS2584: Cannot find name 'document'. Do you need to change your target library? Try changing the 'lib' compiler option to include 'dom'.
examples/jsm/libs/lottie_canvas.module.js(4680,17): error TS2584: Cannot find name 'document'. Do you need to change your target library? Try changing the 'lib' compiler option to include 'dom'.
examples/jsm/libs/lottie_canvas.module.js(4686,3): error TS2322: Type 'string | null' is not assignable to type 'string'.
  Type 'null' is not assignable to type 'string'.
examples/jsm/libs/lottie_canvas.module.js(4708,10): error TS7053: Element implicitly has an 'any' type because expression of type 'any' can't be used to index type '{}'.
examples/jsm/libs/lottie_canvas.module.js(4709,7): error TS7053: Element implicitly has an 'any' type because expression of type 'any' can't be used to index type '{}'.
examples/jsm/libs/lottie_canvas.module.js(4714,16): error TS7053: Element implicitly has an 'any' type because expression of type 'any' can't be used to index type '{}'.
examples/jsm/libs/lottie_canvas.module.js(4724,13): error TS2339: Property 'closed' does not exist on type 'ShapeModifier'.
examples/jsm/libs/lottie_canvas.module.js(4728,10): error TS2339: Property 'shapes' does not exist on type 'ShapeModifier'.
examples/jsm/libs/lottie_canvas.module.js(4729,29): error TS2554: Expected 0 arguments, but got 1.
examples/jsm/libs/lottie_canvas.module.js(4730,14): error TS2339: Property '_isAnimated' does not exist on type 'ShapeModifier'.
examples/jsm/libs/lottie_canvas.module.js(4736,8): error TS2339: Property 'shapes' does not exist on type 'ShapeModifier'.
examples/jsm/libs/lottie_canvas.module.js(4737,8): error TS2339: Property 'elem' does not exist on type 'ShapeModifier'.
examples/jsm/libs/lottie_canvas.module.js(4738,8): error TS2339: Property 'initDynamicPropertyContainer' does not exist on type 'ShapeModifier'.
examples/jsm/libs/lottie_canvas.module.js(4739,31): error TS2554: Expected 0 arguments, but got 2.
examples/jsm/libs/lottie_canvas.module.js(4740,8): error TS2339: Property 'frameId' does not exist on type 'ShapeModifier'.
examples/jsm/libs/lottie_canvas.module.js(4741,8): error TS2339: Property 'closed' does not exist on type 'ShapeModifier'.
examples/jsm/libs/lottie_canvas.module.js(4742,8): error TS2339: Property 'k' does not exist on type 'ShapeModifier'.
examples/jsm/libs/lottie_canvas.module.js(4743,12): error TS2339: Property 'dynamicProperties' does not exist on type 'ShapeModifier'.
examples/jsm/libs/lottie_canvas.module.js(4744,10): error TS2339: Property 'k' does not exist on type 'ShapeModifier'.
examples/jsm/libs/lottie_canvas.module.js(4746,10): error TS2339: Property 'getValue' does not exist on type 'ShapeModifier'.
examples/jsm/libs/lottie_canvas.module.js(4750,12): error TS2339: Property 'elem' does not exist on type 'ShapeModifier'.
examples/jsm/libs/lottie_canvas.module.js(4750,45): error TS2339: Property 'frameId' does not exist on type 'ShapeModifier'.
examples/jsm/libs/lottie_canvas.module.js(4753,8): error TS2339: Property 'frameId' does not exist on type 'ShapeModifier'.
examples/jsm/libs/lottie_canvas.module.js(4753,23): error TS2339: Property 'elem' does not exist on type 'ShapeModifier'.
examples/jsm/libs/lottie_canvas.module.js(4754,8): error TS2339: Property 'iterateDynamicProperties' does not exist on type 'ShapeModifier'.
examples/jsm/libs/lottie_canvas.module.js(4763,8): error TS2339: Property 's' does not exist on type 'TrimModifier'.
examples/jsm/libs/lottie_canvas.module.js(4764,8): error TS2339: Property 'e' does not exist on type 'TrimModifier'.
examples/jsm/libs/lottie_canvas.module.js(4765,8): error TS2339: Property 'o' does not exist on type 'TrimModifier'.
examples/jsm/libs/lottie_canvas.module.js(4766,8): error TS2339: Property 'sValue' does not exist on type 'TrimModifier'.
examples/jsm/libs/lottie_canvas.module.js(4767,8): error TS2339: Property 'eValue' does not exist on type 'TrimModifier'.
examples/jsm/libs/lottie_canvas.module.js(4768,8): error TS2339: Property 'getValue' does not exist on type 'TrimModifier'.
examples/jsm/libs/lottie_canvas.module.js(4768,24): error TS2339: Property 'processKeys' does not exist on type 'TrimModifier'.
examples/jsm/libs/lottie_canvas.module.js(4769,8): error TS2339: Property 'm' does not exist on type 'TrimModifier'.
examples/jsm/libs/lottie_canvas.module.js(4770,8): error TS2339: Property '_isAnimated' does not exist on type 'TrimModifier'.
examples/jsm/libs/lottie_canvas.module.js(4770,29): error TS2339: Property 's' does not exist on type 'TrimModifier'.
examples/jsm/libs/lottie_canvas.module.js(4770,64): error TS2339: Property 'e' does not exist on type 'TrimModifier'.
examples/jsm/libs/lottie_canvas.module.js(4770,99): error TS2339: Property 'o' does not exist on type 'TrimModifier'.
examples/jsm/libs/lottie_canvas.module.js(4840,12): error TS2339: Property '_mdf' does not exist on type 'TrimModifier'.
examples/jsm/libs/lottie_canvas.module.js(4841,19): error TS2339: Property 'o' does not exist on type 'TrimModifier'.
examples/jsm/libs/lottie_canvas.module.js(4845,14): error TS2339: Property 's' does not exist on type 'TrimModifier'.
examples/jsm/libs/lottie_canvas.module.js(4847,21): error TS2339: Property 's' does not exist on type 'TrimModifier'.
examples/jsm/libs/lottie_canvas.module.js(4850,16): error TS2339: Property 's' does not exist on type 'TrimModifier'.
examples/jsm/libs/lottie_canvas.module.js(4852,14): error TS2339: Property 'e' does not exist on type 'TrimModifier'.
examples/jsm/libs/lottie_canvas.module.js(4854,21): error TS2339: Property 'e' does not exist on type 'TrimModifier'.
examples/jsm/libs/lottie_canvas.module.js(4857,16): error TS2339: Property 'e' does not exist on type 'TrimModifier'.
examples/jsm/libs/lottie_canvas.module.js(4867,10): error TS2339: Property 'sValue' does not exist on type 'TrimModifier'.
examples/jsm/libs/lottie_canvas.module.js(4868,10): error TS2339: Property 'eValue' does not exist on type 'TrimModifier'.
examples/jsm/libs/lottie_canvas.module.js(4870,14): error TS2339: Property 'sValue' does not exist on type 'TrimModifier'.
examples/jsm/libs/lottie_canvas.module.js(4871,14): error TS2339: Property 'eValue' does not exist on type 'TrimModifier'.
examples/jsm/libs/lottie_canvas.module.js(4875,18): error TS2339: Property 'shapes' does not exist on type 'TrimModifier'.
examples/jsm/libs/lottie_canvas.module.js(4885,12): error TS2339: Property 'shapes' does not exist on type 'TrimModifier'.
examples/jsm/libs/lottie_canvas.module.js(4886,12): error TS2339: Property 'shapes' does not exist on type 'TrimModifier'.
examples/jsm/libs/lottie_canvas.module.js(4887,12): error TS2339: Property 'shapes' does not exist on type 'TrimModifier'.
examples/jsm/libs/lottie_canvas.module.js(4887,41): error TS2339: Property 'shapes' does not exist on type 'TrimModifier'.
examples/jsm/libs/lottie_canvas.module.js(4888,16): error TS2339: Property '_mdf' does not exist on type 'TrimModifier'.
examples/jsm/libs/lottie_canvas.module.js(4889,14): error TS2339: Property 'shapes' does not exist on type 'TrimModifier'.
examples/jsm/libs/lottie_canvas.module.js(4897,24): error TS2339: Property 'shapes' does not exist on type 'TrimModifier'.
examples/jsm/libs/lottie_canvas.module.js(4899,42): error TS2339: Property '_mdf' does not exist on type 'TrimModifier'.
examples/jsm/libs/lottie_canvas.module.js(4899,73): error TS2339: Property 'm' does not exist on type 'TrimModifier'.
examples/jsm/libs/lottie_canvas.module.js(4927,24): error TS2339: Property 'shapes' does not exist on type 'TrimModifier'.
examples/jsm/libs/lottie_canvas.module.js(4932,18): error TS2339: Property 'm' does not exist on type 'TrimModifier'.
examples/jsm/libs/lottie_canvas.module.js(4982,19): error TS2339: Property '_mdf' does not exist on type 'TrimModifier'.
examples/jsm/libs/lottie_canvas.module.js(4986,12): error TS2339: Property 'shapes' does not exist on type 'TrimModifier'.
examples/jsm/libs/lottie_canvas.module.js(4987,12): error TS2339: Property 'shapes' does not exist on type 'TrimModifier'.
examples/jsm/libs/lottie_canvas.module.js(5109,8): error TS2339: Property 'getValue' does not exist on type 'PuckerAndBloatModifier'.
examples/jsm/libs/lottie_canvas.module.js(5109,24): error TS2339: Property 'processKeys' does not exist on type 'PuckerAndBloatModifier'.
examples/jsm/libs/lottie_canvas.module.js(5110,8): error TS2339: Property 'amount' does not exist on type 'PuckerAndBloatModifier'.
examples/jsm/libs/lottie_canvas.module.js(5111,8): error TS2339: Property '_isAnimated' does not exist on type 'PuckerAndBloatModifier'.
examples/jsm/libs/lottie_canvas.module.js(5111,29): error TS2339: Property 'amount' does not exist on type 'PuckerAndBloatModifier'.
examples/jsm/libs/lottie_canvas.module.js(5148,18): error TS2339: Property 'shapes' does not exist on type 'PuckerAndBloatModifier'.
examples/jsm/libs/lottie_canvas.module.js(5151,21): error TS2339: Property 'amount' does not exist on type 'PuckerAndBloatModifier'.
examples/jsm/libs/lottie_canvas.module.js(5157,24): error TS2339: Property 'shapes' does not exist on type 'PuckerAndBloatModifier'.
examples/jsm/libs/lottie_canvas.module.js(5159,44): error TS2339: Property '_mdf' does not exist on type 'PuckerAndBloatModifier'.
examples/jsm/libs/lottie_canvas.module.js(5171,13): error TS2339: Property 'dynamicProperties' does not exist on type 'PuckerAndBloatModifier'.
examples/jsm/libs/lottie_canvas.module.js(5172,10): error TS2339: Property '_mdf' does not exist on type 'PuckerAndBloatModifier'.
examples/jsm/libs/lottie_canvas.module.js(5181,10): error TS2339: Property 'iterateDynamicProperties' does not exist on type 'applyToMatrix'.
examples/jsm/libs/lottie_canvas.module.js(5183,14): error TS2339: Property 'a' does not exist on type 'applyToMatrix'.
examples/jsm/libs/lottie_canvas.module.js(5184,27): error TS2339: Property 'a' does not exist on type 'applyToMatrix'.
examples/jsm/libs/lottie_canvas.module.js(5184,41): error TS2339: Property 'a' does not exist on type 'applyToMatrix'.
examples/jsm/libs/lottie_canvas.module.js(5184,54): error TS2339: Property 'a' does not exist on type 'applyToMatrix'.
examples/jsm/libs/lottie_canvas.module.js(5186,14): error TS2339: Property 's' does not exist on type 'applyToMatrix'.
examples/jsm/libs/lottie_canvas.module.js(5187,22): error TS2339: Property 's' does not exist on type 'applyToMatrix'.
examples/jsm/libs/lottie_canvas.module.js(5187,35): error TS2339: Property 's' does not exist on type 'applyToMatrix'.
examples/jsm/libs/lottie_canvas.module.js(5187,48): error TS2339: Property 's' does not exist on type 'applyToMatrix'.
examples/jsm/libs/lottie_canvas.module.js(5189,14): error TS2339: Property 'sk' does not exist on type 'applyToMatrix'.
examples/jsm/libs/lottie_canvas.module.js(5190,30): error TS2339: Property 'sk' does not exist on type 'applyToMatrix'.
examples/jsm/libs/lottie_canvas.module.js(5190,41): error TS2339: Property 'sa' does not exist on type 'applyToMatrix'.
examples/jsm/libs/lottie_canvas.module.js(5192,14): error TS2339: Property 'r' does not exist on type 'applyToMatrix'.
examples/jsm/libs/lottie_canvas.module.js(5193,24): error TS2339: Property 'r' does not exist on type 'applyToMatrix'.
examples/jsm/libs/lottie_canvas.module.js(5195,25): error TS2339: Property 'rz' does not exist on type 'applyToMatrix'.
examples/jsm/libs/lottie_canvas.module.js(5195,44): error TS2339: Property 'ry' does not exist on type 'applyToMatrix'.
examples/jsm/libs/lottie_canvas.module.js(5195,63): error TS2339: Property 'rx' does not exist on type 'applyToMatrix'.
examples/jsm/libs/lottie_canvas.module.js(5195,83): error TS2339: Property 'or' does not exist on type 'applyToMatrix'.
examples/jsm/libs/lottie_canvas.module.js(5196,23): error TS2339: Property 'or' does not exist on type 'applyToMatrix'.
examples/jsm/libs/lottie_canvas.module.js(5197,23): error TS2339: Property 'or' does not exist on type 'applyToMatrix'.
examples/jsm/libs/lottie_canvas.module.js(5199,14): error TS2339: Property 'data' does not exist on type 'applyToMatrix'.
examples/jsm/libs/lottie_canvas.module.js(5200,16): error TS2339: Property 'data' does not exist on type 'applyToMatrix'.
examples/jsm/libs/lottie_canvas.module.js(5201,28): error TS2339: Property 'px' does not exist on type 'applyToMatrix'.
examples/jsm/libs/lottie_canvas.module.js(5201,39): error TS2339: Property 'py' does not exist on type 'applyToMatrix'.
examples/jsm/libs/lottie_canvas.module.js(5201,51): error TS2339: Property 'pz' does not exist on type 'applyToMatrix'.
examples/jsm/libs/lottie_canvas.module.js(5203,28): error TS2339: Property 'px' does not exist on type 'applyToMatrix'.
examples/jsm/libs/lottie_canvas.module.js(5203,39): error TS2339: Property 'py' does not exist on type 'applyToMatrix'.
examples/jsm/libs/lottie_canvas.module.js(5206,26): error TS2339: Property 'p' does not exist on type 'applyToMatrix'.
examples/jsm/libs/lottie_canvas.module.js(5206,39): error TS2339: Property 'p' does not exist on type 'applyToMatrix'.
examples/jsm/libs/lottie_canvas.module.js(5206,53): error TS2339: Property 'p' does not exist on type 'applyToMatrix'.
examples/jsm/libs/lottie_canvas.module.js(5210,14): error TS2339: Property 'elem' does not exist on type 'processKeys'.
examples/jsm/libs/lottie_canvas.module.js(5214,12): error TS2339: Property 'precalculateMatrix' does not exist on type 'processKeys'.
examples/jsm/libs/lottie_canvas.module.js(5218,10): error TS2339: Property 'iterateDynamicProperties' does not exist on type 'processKeys'.
examples/jsm/libs/lottie_canvas.module.js(5220,14): error TS2339: Property '_mdf' does not exist on type 'processKeys'.
examples/jsm/libs/lottie_canvas.module.js(5222,12): error TS2339: Property 'v' does not exist on type 'processKeys'.
examples/jsm/libs/lottie_canvas.module.js(5222,34): error TS2339: Property 'pre' does not exist on type 'processKeys'.
examples/jsm/libs/lottie_canvas.module.js(5223,16): error TS2339: Property 'appliedTransformations' does not exist on type 'processKeys'.
examples/jsm/libs/lottie_canvas.module.js(5224,14): error TS2339: Property 'v' does not exist on type 'processKeys'.
examples/jsm/libs/lottie_canvas.module.js(5224,32): error TS2339: Property 'a' does not exist on type 'processKeys'.
examples/jsm/libs/lottie_canvas.module.js(5224,46): error TS2339: Property 'a' does not exist on type 'processKeys'.
examples/jsm/libs/lottie_canvas.module.js(5224,59): error TS2339: Property 'a' does not exist on type 'processKeys'.
examples/jsm/libs/lottie_canvas.module.js(5226,16): error TS2339: Property 'appliedTransformations' does not exist on type 'processKeys'.
examples/jsm/libs/lottie_canvas.module.js(5227,14): error TS2339: Property 'v' does not exist on type 'processKeys'.
examples/jsm/libs/lottie_canvas.module.js(5227,27): error TS2339: Property 's' does not exist on type 'processKeys'.
examples/jsm/libs/lottie_canvas.module.js(5227,40): error TS2339: Property 's' does not exist on type 'processKeys'.
examples/jsm/libs/lottie_canvas.module.js(5227,53): error TS2339: Property 's' does not exist on type 'processKeys'.
examples/jsm/libs/lottie_canvas.module.js(5229,16): error TS2339: Property 'sk' does not exist on type 'processKeys'.
examples/jsm/libs/lottie_canvas.module.js(5229,27): error TS2339: Property 'appliedTransformations' does not exist on type 'processKeys'.
examples/jsm/libs/lottie_canvas.module.js(5230,14): error TS2339: Property 'v' does not exist on type 'processKeys'.
examples/jsm/libs/lottie_canvas.module.js(5230,35): error TS2339: Property 'sk' does not exist on type 'processKeys'.
examples/jsm/libs/lottie_canvas.module.js(5230,46): error TS2339: Property 'sa' does not exist on type 'processKeys'.
examples/jsm/libs/lottie_canvas.module.js(5232,16): error TS2339: Property 'r' does not exist on type 'processKeys'.
examples/jsm/libs/lottie_canvas.module.js(5232,26): error TS2339: Property 'appliedTransformations' does not exist on type 'processKeys'.
examples/jsm/libs/lottie_canvas.module.js(5233,14): error TS2339: Property 'v' does not exist on type 'processKeys'.
examples/jsm/libs/lottie_canvas.module.js(5233,29): error TS2339: Property 'r' does not exist on type 'processKeys'.
examples/jsm/libs/lottie_canvas.module.js(5234,24): error TS2339: Property 'r' does not exist on type 'processKeys'.
examples/jsm/libs/lottie_canvas.module.js(5234,34): error TS2339: Property 'appliedTransformations' does not exist on type 'processKeys'.
examples/jsm/libs/lottie_canvas.module.js(5235,14): error TS2339: Property 'v' does not exist on type 'processKeys'.
examples/jsm/libs/lottie_canvas.module.js(5235,30): error TS2339: Property 'rz' does not exist on type 'processKeys'.
examples/jsm/libs/lottie_canvas.module.js(5235,49): error TS2339: Property 'ry' does not exist on type 'processKeys'.
examples/jsm/libs/lottie_canvas.module.js(5235,68): error TS2339: Property 'rx' does not exist on type 'processKeys'.
examples/jsm/libs/lottie_canvas.module.js(5235,88): error TS2339: Property 'or' does not exist on type 'processKeys'.
examples/jsm/libs/lottie_canvas.module.js(5236,25): error TS2339: Property 'or' does not exist on type 'processKeys'.
examples/jsm/libs/lottie_canvas.module.js(5237,25): error TS2339: Property 'or' does not exist on type 'processKeys'.
examples/jsm/libs/lottie_canvas.module.js(5239,16): error TS2339: Property 'autoOriented' does not exist on type 'processKeys'.
examples/jsm/libs/lottie_canvas.module.js(5242,26): error TS2339: Property 'elem' does not exist on type 'processKeys'.
examples/jsm/libs/lottie_canvas.module.js(5243,18): error TS2339: Property 'p' does not exist on type 'processKeys'.
examples/jsm/libs/lottie_canvas.module.js(5243,28): error TS2339: Property 'p' does not exist on type 'processKeys'.
examples/jsm/libs/lottie_canvas.module.js(5243,48): error TS2339: Property 'p' does not exist on type 'processKeys'.
examples/jsm/libs/lottie_canvas.module.js(5244,20): error TS2339: Property 'p' does not exist on type 'processKeys'.
examples/jsm/libs/lottie_canvas.module.js(5244,48): error TS2339: Property 'p' does not exist on type 'processKeys'.
examples/jsm/libs/lottie_canvas.module.js(5244,69): error TS2339: Property 'p' does not exist on type 'processKeys'.
examples/jsm/libs/lottie_canvas.module.js(5245,23): error TS2339: Property 'p' does not exist on type 'processKeys'.
examples/jsm/libs/lottie_canvas.module.js(5245,46): error TS2339: Property 'p' does not exist on type 'processKeys'.
examples/jsm/libs/lottie_canvas.module.js(5246,23): error TS2339: Property 'p' does not exist on type 'processKeys'.
examples/jsm/libs/lottie_canvas.module.js(5246,45): error TS2339: Property 'p' does not exist on type 'processKeys'.
examples/jsm/libs/lottie_canvas.module.js(5247,27): error TS2339: Property 'p' does not exist on type 'processKeys'.
examples/jsm/libs/lottie_canvas.module.js(5247,55): error TS2339: Property 'p' does not exist on type 'processKeys'.
examples/jsm/libs/lottie_canvas.module.js(5247,76): error TS2339: Property 'p' does not exist on type 'processKeys'.
examples/jsm/libs/lottie_canvas.module.js(5247,93): error TS2339: Property 'p' does not exist on type 'processKeys'.
examples/jsm/libs/lottie_canvas.module.js(5248,23): error TS2339: Property 'p' does not exist on type 'processKeys'.
examples/jsm/libs/lottie_canvas.module.js(5248,46): error TS2339: Property 'p' does not exist on type 'processKeys'.
examples/jsm/libs/lottie_canvas.module.js(5248,63): error TS2339: Property 'p' does not exist on type 'processKeys'.
examples/jsm/libs/lottie_canvas.module.js(5249,23): error TS2339: Property 'p' does not exist on type 'processKeys'.
examples/jsm/libs/lottie_canvas.module.js(5249,46): error TS2339: Property 'p' does not exist on type 'processKeys'.
examples/jsm/libs/lottie_canvas.module.js(5249,63): error TS2339: Property 'p' does not exist on type 'processKeys'.
examples/jsm/libs/lottie_canvas.module.js(5251,23): error TS2339: Property 'p' does not exist on type 'processKeys'.
examples/jsm/libs/lottie_canvas.module.js(5252,23): error TS2339: Property 'p' does not exist on type 'processKeys'.
examples/jsm/libs/lottie_canvas.module.js(5252,46): error TS2339: Property 'p' does not exist on type 'processKeys'.
examples/jsm/libs/lottie_canvas.module.js(5252,74): error TS2339: Property 'p' does not exist on type 'processKeys'.
examples/jsm/libs/lottie_canvas.module.js(5252,113): error TS2339: Property 'p' does not exist on type 'processKeys'.
examples/jsm/libs/lottie_canvas.module.js(5254,25): error TS2339: Property 'px' does not exist on type 'processKeys'.
examples/jsm/libs/lottie_canvas.module.js(5254,36): error TS2339: Property 'px' does not exist on type 'processKeys'.
examples/jsm/libs/lottie_canvas.module.js(5254,57): error TS2339: Property 'py' does not exist on type 'processKeys'.
examples/jsm/libs/lottie_canvas.module.js(5254,78): error TS2339: Property 'px' does not exist on type 'processKeys'.
examples/jsm/libs/lottie_canvas.module.js(5254,104): error TS2339: Property 'py' does not exist on type 'processKeys'.
examples/jsm/libs/lottie_canvas.module.js(5257,25): error TS2339: Property 'px' does not exist on type 'processKeys'.
examples/jsm/libs/lottie_canvas.module.js(5258,25): error TS2339: Property 'py' does not exist on type 'processKeys'.
examples/jsm/libs/lottie_canvas.module.js(5278,14): error TS2339: Property 'v' does not exist on type 'processKeys'.
examples/jsm/libs/lottie_canvas.module.js(5280,16): error TS2339: Property 'data' does not exist on type 'processKeys'.
examples/jsm/libs/lottie_canvas.module.js(5280,31): error TS2339: Property 'data' does not exist on type 'processKeys'.
examples/jsm/libs/lottie_canvas.module.js(5281,18): error TS2339: Property 'data' does not exist on type 'processKeys'.
examples/jsm/libs/lottie_canvas.module.js(5282,16): error TS2339: Property 'v' does not exist on type 'processKeys'.
examples/jsm/libs/lottie_canvas.module.js(5282,33): error TS2339: Property 'px' does not exist on type 'processKeys'.
examples/jsm/libs/lottie_canvas.module.js(5282,44): error TS2339: Property 'py' does not exist on type 'processKeys'.
examples/jsm/libs/lottie_canvas.module.js(5282,56): error TS2339: Property 'pz' does not exist on type 'processKeys'.
examples/jsm/libs/lottie_canvas.module.js(5284,16): error TS2339: Property 'v' does not exist on type 'processKeys'.
examples/jsm/libs/lottie_canvas.module.js(5284,33): error TS2339: Property 'px' does not exist on type 'processKeys'.
examples/jsm/libs/lottie_canvas.module.js(5284,44): error TS2339: Property 'py' does not exist on type 'processKeys'.
examples/jsm/libs/lottie_canvas.module.js(5287,14): error TS2339: Property 'v' does not exist on type 'processKeys'.
examples/jsm/libs/lottie_canvas.module.js(5287,31): error TS2339: Property 'p' does not exist on type 'processKeys'.
examples/jsm/libs/lottie_canvas.module.js(5287,44): error TS2339: Property 'p' does not exist on type 'processKeys'.
examples/jsm/libs/lottie_canvas.module.js(5287,58): error TS2339: Property 'p' does not exist on type 'processKeys'.
examples/jsm/libs/lottie_canvas.module.js(5290,25): error TS2339: Property 'elem' does not exist on type 'processKeys'.
examples/jsm/libs/lottie_canvas.module.js(5294,15): error TS2339: Property 'a' does not exist on type 'precalculateMatrix'.
examples/jsm/libs/lottie_canvas.module.js(5295,12): error TS2339: Property 'pre' does not exist on type 'precalculateMatrix'.
examples/jsm/libs/lottie_canvas.module.js(5295,32): error TS2339: Property 'a' does not exist on type 'precalculateMatrix'.
examples/jsm/libs/lottie_canvas.module.js(5295,46): error TS2339: Property 'a' does not exist on type 'precalculateMatrix'.
examples/jsm/libs/lottie_canvas.module.js(5295,59): error TS2339: Property 'a' does not exist on type 'precalculateMatrix'.
examples/jsm/libs/lottie_canvas.module.js(5300,15): error TS2339: Property 's' does not exist on type 'precalculateMatrix'.
examples/jsm/libs/lottie_canvas.module.js(5301,12): error TS2339: Property 'pre' does not exist on type 'precalculateMatrix'.
examples/jsm/libs/lottie_canvas.module.js(5301,27): error TS2339: Property 's' does not exist on type 'precalculateMatrix'.
examples/jsm/libs/lottie_canvas.module.js(5301,40): error TS2339: Property 's' does not exist on type 'precalculateMatrix'.
examples/jsm/libs/lottie_canvas.module.js(5301,53): error TS2339: Property 's' does not exist on type 'precalculateMatrix'.
examples/jsm/libs/lottie_canvas.module.js(5306,14): error TS2339: Property 'sk' does not exist on type 'precalculateMatrix'.
examples/jsm/libs/lottie_canvas.module.js(5307,17): error TS2339: Property 'sk' does not exist on type 'precalculateMatrix'.
examples/jsm/libs/lottie_canvas.module.js(5307,52): error TS2339: Property 'sa' does not exist on type 'precalculateMatrix'.
examples/jsm/libs/lottie_canvas.module.js(5308,14): error TS2339: Property 'pre' does not exist on type 'precalculateMatrix'.
examples/jsm/libs/lottie_canvas.module.js(5308,37): error TS2339: Property 'sk' does not exist on type 'precalculateMatrix'.
examples/jsm/libs/lottie_canvas.module.js(5308,48): error TS2339: Property 'sa' does not exist on type 'precalculateMatrix'.
examples/jsm/libs/lottie_canvas.module.js(5314,14): error TS2339: Property 'r' does not exist on type 'precalculateMatrix'.
examples/jsm/libs/lottie_canvas.module.js(5315,17): error TS2339: Property 'r' does not exist on type 'precalculateMatrix'.
examples/jsm/libs/lottie_canvas.module.js(5316,14): error TS2339: Property 'pre' does not exist on type 'precalculateMatrix'.
examples/jsm/libs/lottie_canvas.module.js(5316,31): error TS2339: Property 'r' does not exist on type 'precalculateMatrix'.
examples/jsm/libs/lottie_canvas.module.js(5319,22): error TS2339: Property 'rz' does not exist on type 'precalculateMatrix'.
examples/jsm/libs/lottie_canvas.module.js(5319,57): error TS2339: Property 'ry' does not exist on type 'precalculateMatrix'.
examples/jsm/libs/lottie_canvas.module.js(5319,92): error TS2339: Property 'rx' does not exist on type 'precalculateMatrix'.
examples/jsm/libs/lottie_canvas.module.js(5319,127): error TS2339: Property 'or' does not exist on type 'precalculateMatrix'.
examples/jsm/libs/lottie_canvas.module.js(5320,12): error TS2339: Property 'pre' does not exist on type 'precalculateMatrix'.
examples/jsm/libs/lottie_canvas.module.js(5320,30): error TS2339: Property 'rz' does not exist on type 'precalculateMatrix'.
examples/jsm/libs/lottie_canvas.module.js(5320,49): error TS2339: Property 'ry' does not exist on type 'precalculateMatrix'.
examples/jsm/libs/lottie_canvas.module.js(5320,68): error TS2339: Property 'rx' does not exist on type 'precalculateMatrix'.
examples/jsm/libs/lottie_canvas.module.js(5320,88): error TS2339: Property 'or' does not exist on type 'precalculateMatrix'.
examples/jsm/libs/lottie_canvas.module.js(5321,23): error TS2339: Property 'or' does not exist on type 'precalculateMatrix'.
examples/jsm/libs/lottie_canvas.module.js(5322,23): error TS2339: Property 'or' does not exist on type 'precalculateMatrix'.
examples/jsm/libs/lottie_canvas.module.js(5333,10): error TS2339: Property '_addDynamicProperty' does not exist on type 'addDynamicProperty'.
examples/jsm/libs/lottie_canvas.module.js(5334,10): error TS2339: Property 'elem' does not exist on type 'addDynamicProperty'.
examples/jsm/libs/lottie_canvas.module.js(5347,10): error TS2339: Property 'initDynamicPropertyContainer' does not exist on type 'TransformProperty'.
examples/jsm/libs/lottie_canvas.module.js(5371,7): error TS2532: Object is possibly 'undefined'.
examples/jsm/libs/lottie_canvas.module.js(5371,15): error TS2339: Property 'sh' does not exist on type 'ValueProperty | MultiDimensionalProperty | KeyframedValueProperty | KeyframedMultidimensionalProperty'.
  Property 'sh' does not exist on type 'ValueProperty'.
examples/jsm/libs/lottie_canvas.module.js(5388,15): error TS2339: Property 'dynamicProperties' does not exist on type 'TransformProperty'.
examples/jsm/libs/lottie_canvas.module.js(5401,21): error TS2565: Property 'prototype' is used before being assigned.
examples/jsm/libs/lottie_canvas.module.js(5401,31): error TS2339: Property 'addDynamicProperty' does not exist on type '{ applyToMatrix: typeof applyToMatrix; getValue: typeof processKeys; precalculateMatrix: typeof precalculateMatrix; autoOrient: () => void; }'.
examples/jsm/libs/lottie_canvas.module.js(5402,21): error TS2565: Property 'prototype' is used before being assigned.
examples/jsm/libs/lottie_canvas.module.js(5402,31): error TS2339: Property '_addDynamicProperty' does not exist on type '{ applyToMatrix: typeof applyToMatrix; getValue: typeof processKeys; precalculateMatrix: typeof precalculateMatrix; autoOrient: () => void; }'.
examples/jsm/libs/lottie_canvas.module.js(5402,78): error TS2565: Property 'prototype' is used before being assigned.
examples/jsm/libs/lottie_canvas.module.js(5417,8): error TS2339: Property 'getValue' does not exist on type 'RepeaterModifier'.
examples/jsm/libs/lottie_canvas.module.js(5417,24): error TS2339: Property 'processKeys' does not exist on type 'RepeaterModifier'.
examples/jsm/libs/lottie_canvas.module.js(5418,8): error TS2339: Property 'c' does not exist on type 'RepeaterModifier'.
examples/jsm/libs/lottie_canvas.module.js(5419,8): error TS2339: Property 'o' does not exist on type 'RepeaterModifier'.
examples/jsm/libs/lottie_canvas.module.js(5420,8): error TS2339: Property 'tr' does not exist on type 'RepeaterModifier'.
examples/jsm/libs/lottie_canvas.module.js(5421,8): error TS2339: Property 'so' does not exist on type 'RepeaterModifier'.
examples/jsm/libs/lottie_canvas.module.js(5422,8): error TS2339: Property 'eo' does not exist on type 'RepeaterModifier'.
examples/jsm/libs/lottie_canvas.module.js(5423,8): error TS2339: Property 'data' does not exist on type 'RepeaterModifier'.
examples/jsm/libs/lottie_canvas.module.js(5424,13): error TS2339: Property 'dynamicProperties' does not exist on type 'RepeaterModifier'.
examples/jsm/libs/lottie_canvas.module.js(5425,10): error TS2339: Property 'getValue' does not exist on type 'RepeaterModifier'.
examples/jsm/libs/lottie_canvas.module.js(5427,8): error TS2339: Property '_isAnimated' does not exist on type 'RepeaterModifier'.
examples/jsm/libs/lottie_canvas.module.js(5427,29): error TS2339: Property 'dynamicProperties' does not exist on type 'RepeaterModifier'.
examples/jsm/libs/lottie_canvas.module.js(5428,8): error TS2339: Property 'pMatrix' does not exist on type 'RepeaterModifier'.
examples/jsm/libs/lottie_canvas.module.js(5429,8): error TS2339: Property 'rMatrix' does not exist on type 'RepeaterModifier'.
examples/jsm/libs/lottie_canvas.module.js(5430,8): error TS2339: Property 'sMatrix' does not exist on type 'RepeaterModifier'.
examples/jsm/libs/lottie_canvas.module.js(5431,8): error TS2339: Property 'tMatrix' does not exist on type 'RepeaterModifier'.
examples/jsm/libs/lottie_canvas.module.js(5432,8): error TS2339: Property 'matrix' does not exist on type 'RepeaterModifier'.
examples/jsm/libs/lottie_canvas.module.js(5449,8): error TS2339: Property 'elem' does not exist on type 'RepeaterModifier'.
examples/jsm/libs/lottie_canvas.module.js(5450,8): error TS2339: Property 'arr' does not exist on type 'RepeaterModifier'.
examples/jsm/libs/lottie_canvas.module.js(5451,8): error TS2339: Property 'pos' does not exist on type 'RepeaterModifier'.
examples/jsm/libs/lottie_canvas.module.js(5452,8): error TS2339: Property 'elemsData' does not exist on type 'RepeaterModifier'.
examples/jsm/libs/lottie_canvas.module.js(5453,8): error TS2339: Property '_currentCopies' does not exist on type 'RepeaterModifier'.
examples/jsm/libs/lottie_canvas.module.js(5454,8): error TS2339: Property '_elements' does not exist on type 'RepeaterModifier'.
examples/jsm/libs/lottie_canvas.module.js(5455,8): error TS2339: Property '_groups' does not exist on type 'RepeaterModifier'.
examples/jsm/libs/lottie_canvas.module.js(5456,8): error TS2339: Property 'frameId' does not exist on type 'RepeaterModifier'.
examples/jsm/libs/lottie_canvas.module.js(5457,8): error TS2339: Property 'initDynamicPropertyContainer' does not exist on type 'RepeaterModifier'.
examples/jsm/libs/lottie_canvas.module.js(5462,10): error TS2339: Property '_elements' does not exist on type 'RepeaterModifier'.
examples/jsm/libs/lottie_canvas.module.js(5464,12): error TS2339: Property 'dynamicProperties' does not exist on type 'RepeaterModifier'.
examples/jsm/libs/lottie_canvas.module.js(5465,10): error TS2339: Property 'k' does not exist on type 'RepeaterModifier'.
examples/jsm/libs/lottie_canvas.module.js(5467,10): error TS2339: Property 'getValue' does not exist on type 'RepeaterModifier'.
examples/jsm/libs/lottie_canvas.module.js(5506,12): error TS2339: Property '_mdf' does not exist on type 'RepeaterModifier'.
examples/jsm/libs/lottie_canvas.module.js(5507,33): error TS2339: Property 'c' does not exist on type 'RepeaterModifier'.
examples/jsm/libs/lottie_canvas.module.js(5508,14): error TS2339: Property '_groups' does not exist on type 'RepeaterModifier'.
examples/jsm/libs/lottie_canvas.module.js(5509,19): error TS2339: Property '_groups' does not exist on type 'RepeaterModifier'.
examples/jsm/libs/lottie_canvas.module.js(5511,39): error TS2339: Property '_elements' does not exist on type 'RepeaterModifier'.
examples/jsm/libs/lottie_canvas.module.js(5518,14): error TS2339: Property 'arr' does not exist on type 'RepeaterModifier'.
examples/jsm/libs/lottie_canvas.module.js(5519,14): error TS2339: Property '_groups' does not exist on type 'RepeaterModifier'.
examples/jsm/libs/lottie_canvas.module.js(5520,14): error TS2339: Property '_currentCopies' does not exist on type 'RepeaterModifier'.
examples/jsm/libs/lottie_canvas.module.js(5522,12): error TS2339: Property 'elem' does not exist on type 'RepeaterModifier'.
examples/jsm/libs/lottie_canvas.module.js(5527,27): error TS2339: Property '_groups' does not exist on type 'RepeaterModifier'.
examples/jsm/libs/lottie_canvas.module.js(5529,12): error TS2339: Property '_groups' does not exist on type 'RepeaterModifier'.
examples/jsm/libs/lottie_canvas.module.js(5530,35): error TS2339: Property '_groups' does not exist on type 'RepeaterModifier'.
examples/jsm/libs/lottie_canvas.module.js(5532,26): error TS2339: Property 'elemsData' does not exist on type 'RepeaterModifier'.
examples/jsm/libs/lottie_canvas.module.js(5544,10): error TS2339: Property '_currentCopies' does not exist on type 'RepeaterModifier'.
examples/jsm/libs/lottie_canvas.module.js(5547,23): error TS2339: Property 'o' does not exist on type 'RepeaterModifier'.
examples/jsm/libs/lottie_canvas.module.js(5550,23): error TS2339: Property 'pMatrix' does not exist on type 'RepeaterModifier'.
examples/jsm/libs/lottie_canvas.module.js(5551,23): error TS2339: Property 'rMatrix' does not exist on type 'RepeaterModifier'.
examples/jsm/libs/lottie_canvas.module.js(5552,23): error TS2339: Property 'sMatrix' does not exist on type 'RepeaterModifier'.
examples/jsm/libs/lottie_canvas.module.js(5553,10): error TS2339: Property 'pMatrix' does not exist on type 'RepeaterModifier'.
examples/jsm/libs/lottie_canvas.module.js(5554,10): error TS2339: Property 'rMatrix' does not exist on type 'RepeaterModifier'.
examples/jsm/libs/lottie_canvas.module.js(5555,10): error TS2339: Property 'sMatrix' does not exist on type 'RepeaterModifier'.
examples/jsm/libs/lottie_canvas.module.js(5556,10): error TS2339: Property 'tMatrix' does not exist on type 'RepeaterModifier'.
examples/jsm/libs/lottie_canvas.module.js(5557,10): error TS2339: Property 'matrix' does not exist on type 'RepeaterModifier'.
examples/jsm/libs/lottie_canvas.module.js(5562,35): error TS2339: Property 'pMatrix' does not exist on type 'RepeaterModifier'.
examples/jsm/libs/lottie_canvas.module.js(5562,49): error TS2339: Property 'rMatrix' does not exist on type 'RepeaterModifier'.
examples/jsm/libs/lottie_canvas.module.js(5562,63): error TS2339: Property 'sMatrix' does not exist on type 'RepeaterModifier'.
examples/jsm/libs/lottie_canvas.module.js(5562,77): error TS2339: Property 'tr' does not exist on type 'RepeaterModifier'.
examples/jsm/libs/lottie_canvas.module.js(5566,35): error TS2339: Property 'pMatrix' does not exist on type 'RepeaterModifier'.
examples/jsm/libs/lottie_canvas.module.js(5566,49): error TS2339: Property 'rMatrix' does not exist on type 'RepeaterModifier'.
examples/jsm/libs/lottie_canvas.module.js(5566,63): error TS2339: Property 'sMatrix' does not exist on type 'RepeaterModifier'.
examples/jsm/libs/lottie_canvas.module.js(5566,77): error TS2339: Property 'tr' does not exist on type 'RepeaterModifier'.
examples/jsm/libs/lottie_canvas.module.js(5571,35): error TS2339: Property 'pMatrix' does not exist on type 'RepeaterModifier'.
examples/jsm/libs/lottie_canvas.module.js(5571,49): error TS2339: Property 'rMatrix' does not exist on type 'RepeaterModifier'.
examples/jsm/libs/lottie_canvas.module.js(5571,63): error TS2339: Property 'sMatrix' does not exist on type 'RepeaterModifier'.
examples/jsm/libs/lottie_canvas.module.js(5571,77): error TS2339: Property 'tr' does not exist on type 'RepeaterModifier'.
examples/jsm/libs/lottie_canvas.module.js(5575,35): error TS2339: Property 'pMatrix' does not exist on type 'RepeaterModifier'.
examples/jsm/libs/lottie_canvas.module.js(5575,49): error TS2339: Property 'rMatrix' does not exist on type 'RepeaterModifier'.
examples/jsm/libs/lottie_canvas.module.js(5575,63): error TS2339: Property 'sMatrix' does not exist on type 'RepeaterModifier'.
examples/jsm/libs/lottie_canvas.module.js(5575,77): error TS2339: Property 'tr' does not exist on type 'RepeaterModifier'.
examples/jsm/libs/lottie_canvas.module.js(5579,14): error TS2339: Property 'data' does not exist on type 'RepeaterModifier'.
examples/jsm/libs/lottie_canvas.module.js(5579,38): error TS2339: Property '_currentCopies' does not exist on type 'RepeaterModifier'.
examples/jsm/libs/lottie_canvas.module.js(5580,16): error TS2339: Property 'data' does not exist on type 'RepeaterModifier'.
examples/jsm/libs/lottie_canvas.module.js(5581,17): error TS2339: Property '_currentCopies' does not exist on type 'RepeaterModifier'.
examples/jsm/libs/lottie_canvas.module.js(5585,20): error TS2339: Property 'elemsData' does not exist on type 'RepeaterModifier'.
examples/jsm/libs/lottie_canvas.module.js(5590,53): error TS2339: Property '_currentCopies' does not exist on type 'RepeaterModifier'.
examples/jsm/libs/lottie_canvas.module.js(5591,16): error TS2339: Property 'so' does not exist on type 'RepeaterModifier'.
examples/jsm/libs/lottie_canvas.module.js(5592,16): error TS2339: Property 'so' does not exist on type 'RepeaterModifier'.
examples/jsm/libs/lottie_canvas.module.js(5592,29): error TS2339: Property 'eo' does not exist on type 'RepeaterModifier'.
examples/jsm/libs/lottie_canvas.module.js(5592,41): error TS2339: Property 'so' does not exist on type 'RepeaterModifier'.
examples/jsm/libs/lottie_canvas.module.js(5592,60): error TS2339: Property '_currentCopies' does not exist on type 'RepeaterModifier'.
examples/jsm/libs/lottie_canvas.module.js(5595,51): error TS2339: Property '_currentCopies' does not exist on type 'RepeaterModifier'.
examples/jsm/libs/lottie_canvas.module.js(5596,37): error TS2339: Property 'pMatrix' does not exist on type 'RepeaterModifier'.
examples/jsm/libs/lottie_canvas.module.js(5596,51): error TS2339: Property 'rMatrix' does not exist on type 'RepeaterModifier'.
examples/jsm/libs/lottie_canvas.module.js(5596,65): error TS2339: Property 'sMatrix' does not exist on type 'RepeaterModifier'.
examples/jsm/libs/lottie_canvas.module.js(5596,79): error TS2339: Property 'tr' does not exist on type 'RepeaterModifier'.
examples/jsm/libs/lottie_canvas.module.js(5598,14): error TS2339: Property 'matrix' does not exist on type 'RepeaterModifier'.
examples/jsm/libs/lottie_canvas.module.js(5599,14): error TS2339: Property 'matrix' does not exist on type 'RepeaterModifier'.
examples/jsm/libs/lottie_canvas.module.js(5600,14): error TS2339: Property 'matrix' does not exist on type 'RepeaterModifier'.
examples/jsm/libs/lottie_canvas.module.js(5603,36): error TS2339: Property 'matrix' does not exist on type 'RepeaterModifier'.
examples/jsm/libs/lottie_canvas.module.js(5605,14): error TS2339: Property 'matrix' does not exist on type 'RepeaterModifier'.
examples/jsm/libs/lottie_canvas.module.js(5607,14): error TS2339: Property 'matrix' does not exist on type 'RepeaterModifier'.
examples/jsm/libs/lottie_canvas.module.js(5609,36): error TS2339: Property 'matrix' does not exist on type 'RepeaterModifier'.
examples/jsm/libs/lottie_canvas.module.js(5617,17): error TS2339: Property '_currentCopies' does not exist on type 'RepeaterModifier'.
examples/jsm/libs/lottie_canvas.module.js(5621,20): error TS2339: Property 'elemsData' does not exist on type 'RepeaterModifier'.
examples/jsm/libs/lottie_canvas.module.js(5637,8): error TS2339: Property 'getValue' does not exist on type 'RoundCornersModifier'.
examples/jsm/libs/lottie_canvas.module.js(5637,24): error TS2339: Property 'processKeys' does not exist on type 'RoundCornersModifier'.
examples/jsm/libs/lottie_canvas.module.js(5638,8): error TS2339: Property 'rd' does not exist on type 'RoundCornersModifier'.
examples/jsm/libs/lottie_canvas.module.js(5639,8): error TS2339: Property '_isAnimated' does not exist on type 'RoundCornersModifier'.
examples/jsm/libs/lottie_canvas.module.js(5639,29): error TS2339: Property 'rd' does not exist on type 'RoundCornersModifier'.
examples/jsm/libs/lottie_canvas.module.js(5715,18): error TS2339: Property 'shapes' does not exist on type 'RoundCornersModifier'.
examples/jsm/libs/lottie_canvas.module.js(5718,17): error TS2339: Property 'rd' does not exist on type 'RoundCornersModifier'.
examples/jsm/libs/lottie_canvas.module.js(5724,24): error TS2339: Property 'shapes' does not exist on type 'RoundCornersModifier'.
examples/jsm/libs/lottie_canvas.module.js(5726,44): error TS2339: Property '_mdf' does not exist on type 'RoundCornersModifier'.
examples/jsm/libs/lottie_canvas.module.js(5738,13): error TS2339: Property 'dynamicProperties' does not exist on type 'RoundCornersModifier'.
examples/jsm/libs/lottie_canvas.module.js(5739,10): error TS2339: Property '_mdf' does not exist on type 'RoundCornersModifier'.
examples/jsm/libs/lottie_canvas.module.js(5843,5): error TS2584: Cannot find name 'document'. Do you need to change your target library? Try changing the 'lib' compiler option to include 'dom'.
examples/jsm/libs/lottie_canvas.module.js(5853,15): error TS2683: 'this' implicitly has type 'any' because it does not have a type annotation.
examples/jsm/libs/lottie_canvas.module.js(5858,11): error TS2683: 'this' implicitly has type 'any' because it does not have a type annotation.
examples/jsm/libs/lottie_canvas.module.js(5860,18): error TS2683: 'this' implicitly has type 'any' because it does not have a type annotation.
examples/jsm/libs/lottie_canvas.module.js(5860,51): error TS2683: 'this' implicitly has type 'any' because it does not have a type annotation.
examples/jsm/libs/lottie_canvas.module.js(5861,9): error TS2683: 'this' implicitly has type 'any' because it does not have a type annotation.
examples/jsm/libs/lottie_canvas.module.js(5863,16): error TS2683: 'this' implicitly has type 'any' because it does not have a type annotation.
examples/jsm/libs/lottie_canvas.module.js(5864,13): error TS2683: 'this' implicitly has type 'any' because it does not have a type annotation.
examples/jsm/libs/lottie_canvas.module.js(5867,11): error TS2683: 'this' implicitly has type 'any' because it does not have a type annotation.
examples/jsm/libs/lottie_canvas.module.js(5869,18): error TS2683: 'this' implicitly has type 'any' because it does not have a type annotation.
examples/jsm/libs/lottie_canvas.module.js(5870,15): error TS2683: 'this' implicitly has type 'any' because it does not have a type annotation.
examples/jsm/libs/lottie_canvas.module.js(5873,13): error TS2683: 'this' implicitly has type 'any' because it does not have a type annotation.
examples/jsm/libs/lottie_canvas.module.js(5876,13): error TS2683: 'this' implicitly has type 'any' because it does not have a type annotation.
examples/jsm/libs/lottie_canvas.module.js(5877,11): error TS2683: 'this' implicitly has type 'any' because it does not have a type annotation.
examples/jsm/libs/lottie_canvas.module.js(5877,64): error TS2683: 'this' implicitly has type 'any' because it does not have a type annotation.
examples/jsm/libs/lottie_canvas.module.js(5878,11): error TS2683: 'this' implicitly has type 'any' because it does not have a type annotation.
examples/jsm/libs/lottie_canvas.module.js(5878,64): error TS2683: 'this' implicitly has type 'any' because it does not have a type annotation.
examples/jsm/libs/lottie_canvas.module.js(5883,43): error TS2683: 'this' implicitly has type 'any' because it does not have a type annotation.
examples/jsm/libs/lottie_canvas.module.js(5884,18): error TS2683: 'this' implicitly has type 'any' because it does not have a type annotation.
examples/jsm/libs/lottie_canvas.module.js(5886,18): error TS2683: 'this' implicitly has type 'any' because it does not have a type annotation.
examples/jsm/libs/lottie_canvas.module.js(5891,19): error TS2584: Cannot find name 'document'. Do you need to change your target library? Try changing the 'lib' compiler option to include 'dom'.
examples/jsm/libs/lottie_canvas.module.js(5932,14): error TS2339: Property 'chars' does not exist on type 'addFonts'.
examples/jsm/libs/lottie_canvas.module.js(5937,10): error TS2584: Cannot find name 'document'. Do you need to change your target library? Try changing the 'lib' compiler option to include 'dom'.
examples/jsm/libs/lottie_canvas.module.js(5962,26): error TS2584: Cannot find name 'document'. Do you need to change your target library? Try changing the 'lib' compiler option to include 'dom'.
examples/jsm/libs/lottie_canvas.module.js(5978,26): error TS2584: Cannot find name 'document'. Do you need to change your target library? Try changing the 'lib' compiler option to include 'dom'.
examples/jsm/libs/lottie_canvas.module.js(5994,11): error TS2584: Cannot find name 'document'. Do you need to change your target library? Try changing the 'lib' compiler option to include 'dom'.
examples/jsm/libs/lottie_canvas.module.js(5997,26): error TS2584: Cannot find name 'document'. Do you need to change your target library? Try changing the 'lib' compiler option to include 'dom'.
examples/jsm/libs/lottie_canvas.module.js(6017,7): error TS2532: Object is possibly 'undefined'.
examples/jsm/libs/lottie_canvas.module.js(6024,23): error TS2339: Property 'checkLoadedFonts' does not exist on type 'addFonts'.
examples/jsm/libs/lottie_canvas.module.js(6058,20): error TS2339: Property 'chars' does not exist on type 'getCharData'.
examples/jsm/libs/lottie_canvas.module.js(6060,16): error TS2339: Property 'chars' does not exist on type 'getCharData'.
examples/jsm/libs/lottie_canvas.module.js(6060,45): error TS2339: Property 'chars' does not exist on type 'getCharData'.
examples/jsm/libs/lottie_canvas.module.js(6060,78): error TS2339: Property 'chars' does not exist on type 'getCharData'.
examples/jsm/libs/lottie_canvas.module.js(6061,21): error TS2339: Property 'chars' does not exist on type 'getCharData'.
examples/jsm/libs/lottie_canvas.module.js(6077,20): error TS2683: 'this' implicitly has type 'any' because it does not have a type annotation.
examples/jsm/libs/lottie_canvas.module.js(6094,15): error TS2683: 'this' implicitly has type 'any' because it does not have a type annotation.
examples/jsm/libs/lottie_canvas.module.js(6096,11): error TS2683: 'this' implicitly has type 'any' because it does not have a type annotation.
examples/jsm/libs/lottie_canvas.module.js(6097,16): error TS2683: 'this' implicitly has type 'any' because it does not have a type annotation.
examples/jsm/libs/lottie_canvas.module.js(6101,12): error TS2683: 'this' implicitly has type 'any' because it does not have a type annotation.
examples/jsm/libs/lottie_canvas.module.js(6131,35): error TS2551: Property 'setIsLoaded' does not exist on type 'Font'. Did you mean 'isLoaded'?
examples/jsm/libs/lottie_canvas.module.js(6132,40): error TS2339: Property 'checkLoadedFonts' does not exist on type 'Font'.
examples/jsm/libs/lottie_canvas.module.js(6160,10): error TS2339: Property 'isInRange' does not exist on type 'RenderableElement'.
examples/jsm/libs/lottie_canvas.module.js(6162,10): error TS2339: Property 'hidden' does not exist on type 'RenderableElement'.
examples/jsm/libs/lottie_canvas.module.js(6164,10): error TS2339: Property 'isTransparent' does not exist on type 'RenderableElement'.
examples/jsm/libs/lottie_canvas.module.js(6166,10): error TS2551: Property 'renderableComponents' does not exist on type 'RenderableElement'. Did you mean 'addRenderableComponent'?
examples/jsm/libs/lottie_canvas.module.js(6169,14): error TS2551: Property 'renderableComponents' does not exist on type 'RenderableElement'. Did you mean 'addRenderableComponent'?
examples/jsm/libs/lottie_canvas.module.js(6170,12): error TS2551: Property 'renderableComponents' does not exist on type 'RenderableElement'. Did you mean 'addRenderableComponent'?
examples/jsm/libs/lottie_canvas.module.js(6174,14): error TS2551: Property 'renderableComponents' does not exist on type 'RenderableElement'. Did you mean 'addRenderableComponent'?
examples/jsm/libs/lottie_canvas.module.js(6175,12): error TS2551: Property 'renderableComponents' does not exist on type 'RenderableElement'. Did you mean 'addRenderableComponent'?
examples/jsm/libs/lottie_canvas.module.js(6175,45): error TS2551: Property 'renderableComponents' does not exist on type 'RenderableElement'. Did you mean 'addRenderableComponent'?
examples/jsm/libs/lottie_canvas.module.js(6182,14): error TS2339: Property 'finalTransform' does not exist on type 'RenderableElement'.
examples/jsm/libs/lottie_canvas.module.js(6183,17): error TS2339: Property 'isTransparent' does not exist on type 'RenderableElement'.
examples/jsm/libs/lottie_canvas.module.js(6183,39): error TS2339: Property 'globalData' does not exist on type 'RenderableElement'.
examples/jsm/libs/lottie_canvas.module.js(6184,14): error TS2339: Property 'isTransparent' does not exist on type 'RenderableElement'.
examples/jsm/libs/lottie_canvas.module.js(6185,14): error TS2339: Property 'hide' does not exist on type 'RenderableElement'.
examples/jsm/libs/lottie_canvas.module.js(6187,21): error TS2339: Property 'isTransparent' does not exist on type 'RenderableElement'.
examples/jsm/libs/lottie_canvas.module.js(6188,12): error TS2339: Property 'isTransparent' does not exist on type 'RenderableElement'.
examples/jsm/libs/lottie_canvas.module.js(6189,12): error TS2339: Property 'show' does not exist on type 'RenderableElement'.
examples/jsm/libs/lottie_canvas.module.js(6201,14): error TS2339: Property 'data' does not exist on type 'RenderableElement'.
examples/jsm/libs/lottie_canvas.module.js(6201,29): error TS2339: Property 'data' does not exist on type 'RenderableElement'.
examples/jsm/libs/lottie_canvas.module.js(6201,52): error TS2339: Property 'data' does not exist on type 'RenderableElement'.
examples/jsm/libs/lottie_canvas.module.js(6201,67): error TS2339: Property 'data' does not exist on type 'RenderableElement'.
examples/jsm/libs/lottie_canvas.module.js(6202,16): error TS2339: Property 'isInRange' does not exist on type 'RenderableElement'.
examples/jsm/libs/lottie_canvas.module.js(6203,14): error TS2339: Property 'globalData' does not exist on type 'RenderableElement'.
examples/jsm/libs/lottie_canvas.module.js(6204,14): error TS2339: Property '_mdf' does not exist on type 'RenderableElement'.
examples/jsm/libs/lottie_canvas.module.js(6205,14): error TS2339: Property 'isInRange' does not exist on type 'RenderableElement'.
examples/jsm/libs/lottie_canvas.module.js(6206,14): error TS2339: Property 'show' does not exist on type 'RenderableElement'.
examples/jsm/libs/lottie_canvas.module.js(6208,21): error TS2339: Property 'isInRange' does not exist on type 'RenderableElement'.
examples/jsm/libs/lottie_canvas.module.js(6209,12): error TS2339: Property 'globalData' does not exist on type 'RenderableElement'.
examples/jsm/libs/lottie_canvas.module.js(6210,12): error TS2339: Property 'isInRange' does not exist on type 'RenderableElement'.
examples/jsm/libs/lottie_canvas.module.js(6211,12): error TS2339: Property 'hide' does not exist on type 'RenderableElement'.
examples/jsm/libs/lottie_canvas.module.js(6216,20): error TS2551: Property 'renderableComponents' does not exist on type 'RenderableElement'. Did you mean 'addRenderableComponent'?
examples/jsm/libs/lottie_canvas.module.js(6218,12): error TS2551: Property 'renderableComponents' does not exist on type 'RenderableElement'. Did you mean 'addRenderableComponent'?
examples/jsm/libs/lottie_canvas.module.js(6218,53): error TS2339: Property '_isFirstFrame' does not exist on type 'RenderableElement'.
examples/jsm/libs/lottie_canvas.module.js(6232,14): error TS2339: Property 'data' does not exist on type 'RenderableElement'.
examples/jsm/libs/lottie_canvas.module.js(6233,24): error TS2339: Property 'data' does not exist on type 'RenderableElement'.
examples/jsm/libs/lottie_canvas.module.js(6233,53): error TS2339: Property 'data' does not exist on type 'RenderableElement'.
examples/jsm/libs/lottie_canvas.module.js(6235,22): error TS2339: Property 'data' does not exist on type 'RenderableElement'.
examples/jsm/libs/lottie_canvas.module.js(6235,42): error TS2339: Property 'data' does not exist on type 'RenderableElement'.
examples/jsm/libs/lottie_canvas.module.js(6308,17): error TS2339: Property 'time' does not exist on type 'string | Number'.
  Property 'time' does not exist on type 'string'.
examples/jsm/libs/lottie_canvas.module.js(6309,17): error TS2551: Property 'value' does not exist on type 'string | Number'. Did you mean 'valueOf'?
  Property 'value' does not exist on type 'string'.
examples/jsm/libs/lottie_canvas.module.js(6325,21): error TS2551: Property 'value' does not exist on type 'Number'. Did you mean 'valueOf'?
examples/jsm/libs/lottie_canvas.module.js(6333,27): error TS2551: Property 'value' does not exist on type 'Number'. Did you mean 'valueOf'?
examples/jsm/libs/lottie_canvas.module.js(6335,25): error TS2551: Property 'value' does not exist on type 'Number'. Did you mean 'valueOf'?
examples/jsm/libs/lottie_canvas.module.js(6350,21): error TS2551: Property 'value' does not exist on type 'number[] | Uint8ClampedArray<any> | Int16Array<any> | Float32Array<any>'. Did you mean 'values'?
  Property 'value' does not exist on type 'number[]'.
examples/jsm/libs/lottie_canvas.module.js(6507,24): error TS2683: 'this' implicitly has type 'any' because it does not have a type annotation.
examples/jsm/libs/lottie_canvas.module.js(6510,26): error TS2683: 'this' implicitly has type 'any' because it does not have a type annotation.
examples/jsm/libs/lottie_canvas.module.js(6517,22): error TS2683: 'this' implicitly has type 'any' because it does not have a type annotation.
examples/jsm/libs/lottie_canvas.module.js(6521,12): error TS2683: 'this' implicitly has type 'any' because it does not have a type annotation.
examples/jsm/libs/lottie_canvas.module.js(6525,22): error TS2683: 'this' implicitly has type 'any' because it does not have a type annotation.
examples/jsm/libs/lottie_canvas.module.js(6526,12): error TS2683: 'this' implicitly has type 'any' because it does not have a type annotation.
examples/jsm/libs/lottie_canvas.module.js(6530,22): error TS2683: 'this' implicitly has type 'any' because it does not have a type annotation.
examples/jsm/libs/lottie_canvas.module.js(6534,12): error TS2683: 'this' implicitly has type 'any' because it does not have a type annotation.
examples/jsm/libs/lottie_canvas.module.js(6538,22): error TS2683: 'this' implicitly has type 'any' because it does not have a type annotation.
examples/jsm/libs/lottie_canvas.module.js(6539,12): error TS2683: 'this' implicitly has type 'any' because it does not have a type annotation.
examples/jsm/libs/lottie_canvas.module.js(6543,9): error TS2683: 'this' implicitly has type 'any' because it does not have a type annotation.
examples/jsm/libs/lottie_canvas.module.js(6543,33): error TS2683: 'this' implicitly has type 'any' because it does not have a type annotation.
examples/jsm/libs/lottie_canvas.module.js(6545,17): error TS2683: 'this' implicitly has type 'any' because it does not have a type annotation.
examples/jsm/libs/lottie_canvas.module.js(6547,9): error TS2683: 'this' implicitly has type 'any' because it does not have a type annotation.
examples/jsm/libs/lottie_canvas.module.js(6554,9): error TS2683: 'this' implicitly has type 'any' because it does not have a type annotation.
examples/jsm/libs/lottie_canvas.module.js(6554,33): error TS2683: 'this' implicitly has type 'any' because it does not have a type annotation.
examples/jsm/libs/lottie_canvas.module.js(6556,17): error TS2683: 'this' implicitly has type 'any' because it does not have a type annotation.
examples/jsm/libs/lottie_canvas.module.js(6558,9): error TS2683: 'this' implicitly has type 'any' because it does not have a type annotation.
examples/jsm/libs/lottie_canvas.module.js(6567,5): error TS2683: 'this' implicitly has type 'any' because it does not have a type annotation.
examples/jsm/libs/lottie_canvas.module.js(6568,9): error TS2683: 'this' implicitly has type 'any' because it does not have a type annotation.
examples/jsm/libs/lottie_canvas.module.js(6568,33): error TS2683: 'this' implicitly has type 'any' because it does not have a type annotation.
examples/jsm/libs/lottie_canvas.module.js(6570,17): error TS2683: 'this' implicitly has type 'any' because it does not have a type annotation.
examples/jsm/libs/lottie_canvas.module.js(6572,9): error TS2683: 'this' implicitly has type 'any' because it does not have a type annotation.
examples/jsm/libs/lottie_canvas.module.js(6587,26): error TS2339: Property 'mask' does not exist on type '{ (name: any): any; getMatrix: (time: any) => (Anonymous function); invertPoint: (matrix: any, arr: any) => any; applyPoint: (matrix: any, arr: any) => any; toWorld: (arr: any, time: any) => any; ... 17 more ...; registerEffectsInterface: (effects: any) => void; }'.
examples/jsm/libs/lottie_canvas.module.js(6587,33): error TS7009: 'new' expression, whose target lacks a construct signature, implicitly has an 'any' type.
examples/jsm/libs/lottie_canvas.module.js(6587,71): error TS2554: Expected 0-1 arguments, but got 2.
examples/jsm/libs/lottie_canvas.module.js(6590,26): error TS2339: Property 'effect' does not exist on type '{ (name: any): any; getMatrix: (time: any) => (Anonymous function); invertPoint: (matrix: any, arr: any) => any; applyPoint: (matrix: any, arr: any) => any; toWorld: (arr: any, time: any) => any; ... 17 more ...; registerEffectsInterface: (effects: any) => void; }'.
examples/jsm/libs/lottie_canvas.module.js(6593,14): error TS7023: '_thisLayerFunction' implicitly has return type 'any' because it does not have a return type annotation and is referenced directly or indirectly in one of its return expressions.
examples/jsm/libs/lottie_canvas.module.js(6598,37): error TS2339: Property 'shapeInterface' does not exist on type '{ (name: any): any; getMatrix: (time: any) => (Anonymous function); invertPoint: (matrix: any, arr: any) => any; applyPoint: (matrix: any, arr: any) => any; toWorld: (arr: any, time: any) => any; ... 17 more ...; registerEffectsInterface: (effects: any) => void; }'.
examples/jsm/libs/lottie_canvas.module.js(6609,37): error TS2339: Property 'effect' does not exist on type '{ (name: any): any; getMatrix: (time: any) => (Anonymous function); invertPoint: (matrix: any, arr: any) => any; applyPoint: (matrix: any, arr: any) => any; toWorld: (arr: any, time: any) => any; ... 17 more ...; registerEffectsInterface: (effects: any) => void; }'.
examples/jsm/libs/lottie_canvas.module.js(6611,37): error TS2339: Property 'textInterface' does not exist on type '{ (name: any): any; getMatrix: (time: any) => (Anonymous function); invertPoint: (matrix: any, arr: any) => any; applyPoint: (matrix: any, arr: any) => any; toWorld: (arr: any, time: any) => any; ... 17 more ...; registerEffectsInterface: (effects: any) => void; }'.
examples/jsm/libs/lottie_canvas.module.js(6641,7): error TS2322: Type 'PropertyDescriptor | undefined' is not assignable to type 'PropertyDescriptor'.
  Type 'undefined' is not assignable to type 'PropertyDescriptor'.
examples/jsm/libs/lottie_canvas.module.js(6642,7): error TS2322: Type 'PropertyDescriptor | undefined' is not assignable to type 'PropertyDescriptor'.
  Type 'undefined' is not assignable to type 'PropertyDescriptor'.
examples/jsm/libs/lottie_canvas.module.js(6643,7): error TS2322: Type 'PropertyDescriptor | undefined' is not assignable to type 'PropertyDescriptor'.
  Type 'undefined' is not assignable to type 'PropertyDescriptor'.
examples/jsm/libs/lottie_canvas.module.js(6644,7): error TS2322: Type 'PropertyDescriptor | undefined' is not assignable to type 'PropertyDescriptor'.
  Type 'undefined' is not assignable to type 'PropertyDescriptor'.
examples/jsm/libs/lottie_canvas.module.js(6645,7): error TS2322: Type 'PropertyDescriptor | undefined' is not assignable to type 'PropertyDescriptor'.
  Type 'undefined' is not assignable to type 'PropertyDescriptor'.
examples/jsm/libs/lottie_canvas.module.js(6646,7): error TS2322: Type 'PropertyDescriptor | undefined' is not assignable to type 'PropertyDescriptor'.
  Type 'undefined' is not assignable to type 'PropertyDescriptor'.
examples/jsm/libs/lottie_canvas.module.js(6843,16): error TS7023: 'interfaceFunction' implicitly has return type 'any' because it does not have a return type annotation and is referenced directly or indirectly in one of its return expressions.
examples/jsm/libs/lottie_canvas.module.js(6845,36): error TS2339: Property 'path' does not exist on type '(val: any) => any'.
examples/jsm/libs/lottie_canvas.module.js(6911,42): error TS2554: Expected 0 arguments, but got 3.
examples/jsm/libs/lottie_canvas.module.js(6978,14): error TS7023: 'interfaceFunction' implicitly has return type 'any' because it does not have a return type annotation and is referenced directly or indirectly in one of its return expressions.
examples/jsm/libs/lottie_canvas.module.js(6980,34): error TS2339: Property 'color' does not exist on type '(val: any) => any'.
examples/jsm/libs/lottie_canvas.module.js(6982,34): error TS2339: Property 'opacity' does not exist on type '(val: any) => any'.
examples/jsm/libs/lottie_canvas.module.js(7003,14): error TS7023: 'interfaceFunction' implicitly has return type 'any' because it does not have a return type annotation and is referenced directly or indirectly in one of its return expressions.
examples/jsm/libs/lottie_canvas.module.js(7005,34): error TS2339: Property 'startPoint' does not exist on type '(val: any) => any'.
examples/jsm/libs/lottie_canvas.module.js(7008,34): error TS2339: Property 'endPoint' does not exist on type '(val: any) => any'.
examples/jsm/libs/lottie_canvas.module.js(7011,34): error TS2339: Property 'opacity' does not exist on type '(val: any) => any'.
examples/jsm/libs/lottie_canvas.module.js(7048,51): error TS2454: Variable 'dashOb' is used before being assigned.
examples/jsm/libs/lottie_canvas.module.js(7062,14): error TS7023: 'interfaceFunction' implicitly has return type 'any' because it does not have a return type annotation and is referenced directly or indirectly in one of its return expressions.
examples/jsm/libs/lottie_canvas.module.js(7064,34): error TS2339: Property 'color' does not exist on type '(val: any) => any'.
examples/jsm/libs/lottie_canvas.module.js(7066,34): error TS2339: Property 'opacity' does not exist on type '(val: any) => any'.
examples/jsm/libs/lottie_canvas.module.js(7068,34): error TS2339: Property 'strokeWidth' does not exist on type '(val: any) => any'.
examples/jsm/libs/lottie_canvas.module.js(7098,14): error TS7023: 'interfaceFunction' implicitly has return type 'any' because it does not have a return type annotation and is referenced directly or indirectly in one of its return expressions.
examples/jsm/libs/lottie_canvas.module.js(7100,34): error TS2339: Property 'end' does not exist on type '{ (val: any): any; propertyIndex: any; propertyGroup: any; mn: any; }'.
examples/jsm/libs/lottie_canvas.module.js(7103,34): error TS2339: Property 'start' does not exist on type '{ (val: any): any; propertyIndex: any; propertyGroup: any; mn: any; }'.
examples/jsm/libs/lottie_canvas.module.js(7106,34): error TS2339: Property 'offset' does not exist on type '{ (val: any): any; propertyIndex: any; propertyGroup: any; mn: any; }'.
examples/jsm/libs/lottie_canvas.module.js(7137,14): error TS7023: 'interfaceFunction' implicitly has return type 'any' because it does not have a return type annotation and is referenced directly or indirectly in one of its return expressions.
examples/jsm/libs/lottie_canvas.module.js(7139,34): error TS2339: Property 'anchorPoint' does not exist on type '{ (value: any): any; ty: string; mn: any; propertyGroup: any; }'.
examples/jsm/libs/lottie_canvas.module.js(7142,34): error TS2339: Property 'opacity' does not exist on type '{ (value: any): any; ty: string; mn: any; propertyGroup: any; }'.
examples/jsm/libs/lottie_canvas.module.js(7145,34): error TS2339: Property 'position' does not exist on type '{ (value: any): any; ty: string; mn: any; propertyGroup: any; }'.
examples/jsm/libs/lottie_canvas.module.js(7148,34): error TS2339: Property 'rotation' does not exist on type '{ (value: any): any; ty: string; mn: any; propertyGroup: any; }'.
examples/jsm/libs/lottie_canvas.module.js(7151,34): error TS2339: Property 'scale' does not exist on type '{ (value: any): any; ty: string; mn: any; propertyGroup: any; }'.
examples/jsm/libs/lottie_canvas.module.js(7154,34): error TS2339: Property 'skew' does not exist on type '{ (value: any): any; ty: string; mn: any; propertyGroup: any; }'.
examples/jsm/libs/lottie_canvas.module.js(7157,34): error TS2339: Property 'skewAxis' does not exist on type '{ (value: any): any; ty: string; mn: any; propertyGroup: any; }'.
examples/jsm/libs/lottie_canvas.module.js(7203,14): error TS7023: 'interfaceFunction' implicitly has return type 'any' because it does not have a return type annotation and is referenced directly or indirectly in one of its return expressions.
examples/jsm/libs/lottie_canvas.module.js(7205,34): error TS2339: Property 'position' does not exist on type '{ (value: any): any; propertyIndex: any; mn: any; }'.
examples/jsm/libs/lottie_canvas.module.js(7208,34): error TS2339: Property 'size' does not exist on type '{ (value: any): any; propertyIndex: any; mn: any; }'.
examples/jsm/libs/lottie_canvas.module.js(7232,14): error TS7023: 'interfaceFunction' implicitly has return type 'any' because it does not have a return type annotation and is referenced directly or indirectly in one of its return expressions.
examples/jsm/libs/lottie_canvas.module.js(7234,34): error TS2339: Property 'position' does not exist on type '{ (value: any): any; propertyIndex: any; mn: any; }'.
examples/jsm/libs/lottie_canvas.module.js(7237,34): error TS2339: Property 'rotation' does not exist on type '{ (value: any): any; propertyIndex: any; mn: any; }'.
examples/jsm/libs/lottie_canvas.module.js(7240,34): error TS2339: Property 'points' does not exist on type '{ (value: any): any; propertyIndex: any; mn: any; }'.
examples/jsm/libs/lottie_canvas.module.js(7243,34): error TS2339: Property 'outerRadius' does not exist on type '{ (value: any): any; propertyIndex: any; mn: any; }'.
examples/jsm/libs/lottie_canvas.module.js(7246,34): error TS2339: Property 'outerRoundness' does not exist on type '{ (value: any): any; propertyIndex: any; mn: any; }'.
examples/jsm/libs/lottie_canvas.module.js(7249,34): error TS2339: Property 'innerRadius' does not exist on type '{ (value: any): any; propertyIndex: any; mn: any; }'.
examples/jsm/libs/lottie_canvas.module.js(7252,34): error TS2339: Property 'innerRoundness' does not exist on type '{ (value: any): any; propertyIndex: any; mn: any; }'.
examples/jsm/libs/lottie_canvas.module.js(7299,14): error TS7023: 'interfaceFunction' implicitly has return type 'any' because it does not have a return type annotation and is referenced directly or indirectly in one of its return expressions.
examples/jsm/libs/lottie_canvas.module.js(7301,34): error TS2339: Property 'position' does not exist on type '{ (value: any): any; propertyIndex: any; mn: any; }'.
examples/jsm/libs/lottie_canvas.module.js(7304,34): error TS2339: Property 'roundness' does not exist on type '{ (value: any): any; propertyIndex: any; mn: any; }'.
examples/jsm/libs/lottie_canvas.module.js(7307,34): error TS2339: Property 'size' does not exist on type '{ (value: any): any; propertyIndex: any; mn: any; }'.
examples/jsm/libs/lottie_canvas.module.js(7336,14): error TS7023: 'interfaceFunction' implicitly has return type 'any' because it does not have a return type annotation and is referenced directly or indirectly in one of its return expressions.
examples/jsm/libs/lottie_canvas.module.js(7338,34): error TS2339: Property 'radius' does not exist on type '{ (value: any): any; propertyIndex: any; mn: any; }'.
examples/jsm/libs/lottie_canvas.module.js(7359,14): error TS7023: 'interfaceFunction' implicitly has return type 'any' because it does not have a return type annotation and is referenced directly or indirectly in one of its return expressions.
examples/jsm/libs/lottie_canvas.module.js(7361,34): error TS2339: Property 'copies' does not exist on type '{ (value: any): any; propertyIndex: any; mn: any; }'.
examples/jsm/libs/lottie_canvas.module.js(7363,34): error TS2339: Property 'offset' does not exist on type '{ (value: any): any; propertyIndex: any; mn: any; }'.
examples/jsm/libs/lottie_canvas.module.js(7437,23): error TS2551: Property 'value' does not exist on type 'String'. Did you mean 'valueOf'?
examples/jsm/libs/lottie_canvas.module.js(7467,12): error TS7053: Element implicitly has an 'any' type because expression of type 'any' can't be used to index type '{ 0: string; 1: string; 2: string; 3: string; 4: string; 5: string; 6: string; 7: string; 8: string; 9: string; 10: string; 11: string; 12: string; 13: string; 14: string; 15: string; }'.
examples/jsm/libs/lottie_canvas.module.js(7517,8): error TS2339: Property 'data' does not exist on type 'GroupEffect'.
examples/jsm/libs/lottie_canvas.module.js(7518,8): error TS2339: Property 'effectElements' does not exist on type 'GroupEffect'.
examples/jsm/libs/lottie_canvas.module.js(7519,8): error TS2339: Property 'initDynamicPropertyContainer' does not exist on type 'GroupEffect'.
examples/jsm/libs/lottie_canvas.module.js(7521,18): error TS2339: Property 'data' does not exist on type 'GroupEffect'.
examples/jsm/libs/lottie_canvas.module.js(7523,22): error TS2339: Property 'data' does not exist on type 'GroupEffect'.
examples/jsm/libs/lottie_canvas.module.js(7550,55): error TS2554: Expected 0-2 arguments, but got 3.
examples/jsm/libs/lottie_canvas.module.js(7554,33): error TS2554: Expected 0 arguments, but got 3.
examples/jsm/libs/lottie_canvas.module.js(7558,12): error TS2339: Property 'effectElements' does not exist on type 'GroupEffect'.
examples/jsm/libs/lottie_canvas.module.js(7568,15): error TS2339: Property 'data' does not exist on type 'BaseElement'.
examples/jsm/libs/lottie_canvas.module.js(7572,20): error TS2339: Property 'data' does not exist on type 'BaseElement'.
examples/jsm/libs/lottie_canvas.module.js(7574,17): error TS2339: Property 'data' does not exist on type 'BaseElement'.
examples/jsm/libs/lottie_canvas.module.js(7574,62): error TS2339: Property 'data' does not exist on type 'BaseElement'.
examples/jsm/libs/lottie_canvas.module.js(7582,10): error TS2339: Property 'layerInterface' does not exist on type 'BaseElement'.
examples/jsm/libs/lottie_canvas.module.js(7583,14): error TS2339: Property 'data' does not exist on type 'BaseElement'.
examples/jsm/libs/lottie_canvas.module.js(7583,35): error TS2339: Property 'maskManager' does not exist on type 'BaseElement'.
examples/jsm/libs/lottie_canvas.module.js(7584,12): error TS2339: Property 'layerInterface' does not exist on type 'BaseElement'.
examples/jsm/libs/lottie_canvas.module.js(7584,54): error TS2339: Property 'maskManager' does not exist on type 'BaseElement'.
examples/jsm/libs/lottie_canvas.module.js(7586,89): error TS2339: Property 'layerInterface' does not exist on type 'BaseElement'.
examples/jsm/libs/lottie_canvas.module.js(7587,10): error TS2339: Property 'layerInterface' does not exist on type 'BaseElement'.
examples/jsm/libs/lottie_canvas.module.js(7589,14): error TS2339: Property 'data' does not exist on type 'BaseElement'.
examples/jsm/libs/lottie_canvas.module.js(7589,36): error TS2339: Property 'data' does not exist on type 'BaseElement'.
examples/jsm/libs/lottie_canvas.module.js(7590,12): error TS2339: Property 'compInterface' does not exist on type 'BaseElement'.
examples/jsm/libs/lottie_canvas.module.js(7591,21): error TS2339: Property 'data' does not exist on type 'BaseElement'.
examples/jsm/libs/lottie_canvas.module.js(7592,12): error TS2339: Property 'layerInterface' does not exist on type 'BaseElement'.
examples/jsm/libs/lottie_canvas.module.js(7592,74): error TS2339: Property 'shapesData' does not exist on type 'BaseElement'.
examples/jsm/libs/lottie_canvas.module.js(7592,91): error TS2339: Property 'itemsData' does not exist on type 'BaseElement'.
examples/jsm/libs/lottie_canvas.module.js(7592,107): error TS2339: Property 'layerInterface' does not exist on type 'BaseElement'.
examples/jsm/libs/lottie_canvas.module.js(7593,12): error TS2339: Property 'layerInterface' does not exist on type 'BaseElement'.
examples/jsm/libs/lottie_canvas.module.js(7593,42): error TS2339: Property 'layerInterface' does not exist on type 'BaseElement'.
examples/jsm/libs/lottie_canvas.module.js(7594,21): error TS2339: Property 'data' does not exist on type 'BaseElement'.
examples/jsm/libs/lottie_canvas.module.js(7595,12): error TS2339: Property 'layerInterface' does not exist on type 'BaseElement'.
examples/jsm/libs/lottie_canvas.module.js(7596,12): error TS2339: Property 'layerInterface' does not exist on type 'BaseElement'.
examples/jsm/libs/lottie_canvas.module.js(7596,39): error TS2339: Property 'layerInterface' does not exist on type 'BaseElement'.
examples/jsm/libs/lottie_canvas.module.js(7600,44): error TS2339: Property 'data' does not exist on type 'BaseElement'.
examples/jsm/libs/lottie_canvas.module.js(7601,21): error TS2339: Property 'baseElement' does not exist on type 'BaseElement'.
examples/jsm/libs/lottie_canvas.module.js(7601,41): error TS2339: Property 'layerElement' does not exist on type 'BaseElement'.
examples/jsm/libs/lottie_canvas.module.js(7606,10): error TS2339: Property 'globalData' does not exist on type 'BaseElement'.
examples/jsm/libs/lottie_canvas.module.js(7607,10): error TS2339: Property 'comp' does not exist on type 'BaseElement'.
examples/jsm/libs/lottie_canvas.module.js(7608,10): error TS2339: Property 'data' does not exist on type 'BaseElement'.
examples/jsm/libs/lottie_canvas.module.js(7609,10): error TS2339: Property 'layerId' does not exist on type 'BaseElement'.
examples/jsm/libs/lottie_canvas.module.js(7612,15): error TS2339: Property 'data' does not exist on type 'BaseElement'.
examples/jsm/libs/lottie_canvas.module.js(7613,12): error TS2339: Property 'data' does not exist on type 'BaseElement'.
examples/jsm/libs/lottie_canvas.module.js(7616,10): error TS2339: Property 'effectsManager' does not exist on type 'BaseElement'.
examples/jsm/libs/lottie_canvas.module.js(7616,51): error TS2339: Property 'data' does not exist on type 'BaseElement'.
examples/jsm/libs/lottie_canvas.module.js(7616,63): error TS2554: Expected 0-2 arguments, but got 3.
examples/jsm/libs/lottie_canvas.module.js(7616,68): error TS2339: Property 'dynamicProperties' does not exist on type 'BaseElement'.
examples/jsm/libs/lottie_canvas.module.js(7619,17): error TS2339: Property 'type' does not exist on type 'BaseElement'.
examples/jsm/libs/lottie_canvas.module.js(7641,10): error TS2339: Property '_isFirstFrame' does not exist on type 'FrameElement'.
examples/jsm/libs/lottie_canvas.module.js(7643,10): error TS2339: Property 'dynamicProperties' does not exist on type 'FrameElement'.
examples/jsm/libs/lottie_canvas.module.js(7645,10): error TS2339: Property '_mdf' does not exist on type 'FrameElement'.
examples/jsm/libs/lottie_canvas.module.js(7659,20): error TS2339: Property 'dynamicProperties' does not exist on type 'FrameElement'.
examples/jsm/libs/lottie_canvas.module.js(7661,30): error TS2339: Property '_isParent' does not exist on type 'FrameElement'.
examples/jsm/libs/lottie_canvas.module.js(7661,48): error TS2339: Property 'dynamicProperties' does not exist on type 'FrameElement'.
examples/jsm/libs/lottie_canvas.module.js(7662,14): error TS2339: Property 'dynamicProperties' does not exist on type 'FrameElement'.
examples/jsm/libs/lottie_canvas.module.js(7663,18): error TS2339: Property 'dynamicProperties' does not exist on type 'FrameElement'.
examples/jsm/libs/lottie_canvas.module.js(7664,16): error TS2339: Property 'globalData' does not exist on type 'FrameElement'.
examples/jsm/libs/lottie_canvas.module.js(7665,16): error TS2339: Property '_mdf' does not exist on type 'FrameElement'.
examples/jsm/libs/lottie_canvas.module.js(7671,14): error TS2339: Property 'dynamicProperties' does not exist on type 'FrameElement'.
examples/jsm/libs/lottie_canvas.module.js(7672,12): error TS2339: Property 'dynamicProperties' does not exist on type 'FrameElement'.
examples/jsm/libs/lottie_canvas.module.js(7737,8): error TS2339: Property 'initFrame' does not exist on type 'FootageElement'.
examples/jsm/libs/lottie_canvas.module.js(7738,8): error TS2339: Property 'initRenderable' does not exist on type 'FootageElement'.
examples/jsm/libs/lottie_canvas.module.js(7741,8): error TS2339: Property 'initBaseData' does not exist on type 'FootageElement'.
examples/jsm/libs/lottie_canvas.module.js(7760,8): error TS2339: Property 'layerInterface' does not exist on type 'FootageElement'.
examples/jsm/libs/lottie_canvas.module.js(7768,8): error TS2339: Property 'initFrame' does not exist on type 'AudioElement'.
examples/jsm/libs/lottie_canvas.module.js(7769,8): error TS2339: Property 'initRenderable' does not exist on type 'AudioElement'.
examples/jsm/libs/lottie_canvas.module.js(7771,8): error TS2339: Property 'initBaseData' does not exist on type 'AudioElement'.
examples/jsm/libs/lottie_canvas.module.js(7774,24): error TS2339: Property 'globalData' does not exist on type 'AudioElement'.
examples/jsm/libs/lottie_canvas.module.js(7775,21): error TS2339: Property 'globalData' does not exist on type 'AudioElement'.
examples/jsm/libs/lottie_canvas.module.js(7777,8): error TS2339: Property 'globalData' does not exist on type 'AudioElement'.
examples/jsm/libs/lottie_canvas.module.js(7780,3): error TS7008: Member '_previousVolume' implicitly has an 'any' type.
examples/jsm/libs/lottie_canvas.module.js(7786,8): error TS2339: Property 'prepareRenderableFrame' does not exist on type 'AudioElement'.
examples/jsm/libs/lottie_canvas.module.js(7787,8): error TS2339: Property 'prepareProperties' does not exist on type 'AudioElement'.
examples/jsm/libs/lottie_canvas.module.js(7788,8): error TS2532: Object is possibly 'undefined'.
examples/jsm/libs/lottie_canvas.module.js(7788,16): error TS2339: Property '_placeholder' does not exist on type 'ValueProperty | MultiDimensionalProperty | KeyframedValueProperty | KeyframedMultidimensionalProperty | { ...; }'.
  Property '_placeholder' does not exist on type 'ValueProperty'.
examples/jsm/libs/lottie_canvas.module.js(7789,24): error TS2532: Object is possibly 'undefined'.
examples/jsm/libs/lottie_canvas.module.js(7789,32): error TS2339: Property 'v' does not exist on type 'ValueProperty | MultiDimensionalProperty | KeyframedValueProperty | KeyframedMultidimensionalProperty | { ...; }'.
  Property 'v' does not exist on type '{ _placeholder: boolean; }'.
examples/jsm/libs/lottie_canvas.module.js(7792,36): error TS2339: Property 'data' does not exist on type 'AudioElement'.
examples/jsm/libs/lottie_canvas.module.js(7794,18): error TS2532: Object is possibly 'undefined'.
examples/jsm/libs/lottie_canvas.module.js(7805,12): error TS2339: Property 'isInRange' does not exist on type 'AudioElement'.
examples/jsm/libs/lottie_canvas.module.js(7808,48): error TS2339: Property 'globalData' does not exist on type 'AudioElement'.
examples/jsm/libs/lottie_canvas.module.js(7811,44): error TS2339: Property 'globalData' does not exist on type 'AudioElement'.
examples/jsm/libs/lottie_canvas.module.js(7813,48): error TS2339: Property 'globalData' does not exist on type 'AudioElement'.
examples/jsm/libs/lottie_canvas.module.js(7863,18): error TS2339: Property 'layers' does not exist on type 'BaseRenderer'.
examples/jsm/libs/lottie_canvas.module.js(7865,8): error TS2339: Property 'completeLayers' does not exist on type 'BaseRenderer'.
examples/jsm/libs/lottie_canvas.module.js(7867,15): error TS2339: Property 'elements' does not exist on type 'BaseRenderer'.
examples/jsm/libs/lottie_canvas.module.js(7868,19): error TS2339: Property 'layers' does not exist on type 'BaseRenderer'.
examples/jsm/libs/lottie_canvas.module.js(7869,44): error TS2339: Property 'layers' does not exist on type 'BaseRenderer'.
examples/jsm/libs/lottie_canvas.module.js(7869,93): error TS2339: Property 'layers' does not exist on type 'BaseRenderer'.
examples/jsm/libs/lottie_canvas.module.js(7870,14): error TS2339: Property 'buildItem' does not exist on type 'BaseRenderer'.
examples/jsm/libs/lottie_canvas.module.js(7873,10): error TS2339: Property 'completeLayers' does not exist on type 'BaseRenderer'.
examples/jsm/libs/lottie_canvas.module.js(7873,32): error TS2339: Property 'elements' does not exist on type 'BaseRenderer'.
examples/jsm/libs/lottie_canvas.module.js(7873,51): error TS2339: Property 'completeLayers' does not exist on type 'BaseRenderer'.
examples/jsm/libs/lottie_canvas.module.js(7875,8): error TS2339: Property 'checkPendingElements' does not exist on type 'BaseRenderer'.
examples/jsm/libs/lottie_canvas.module.js(7881,19): error TS2339: Property 'createImage' does not exist on type 'BaseRenderer'.
examples/jsm/libs/lottie_canvas.module.js(7883,19): error TS2339: Property 'createComp' does not exist on type 'BaseRenderer'.
examples/jsm/libs/lottie_canvas.module.js(7885,19): error TS2339: Property 'createSolid' does not exist on type 'BaseRenderer'.
examples/jsm/libs/lottie_canvas.module.js(7887,19): error TS2339: Property 'createNull' does not exist on type 'BaseRenderer'.
examples/jsm/libs/lottie_canvas.module.js(7889,19): error TS2339: Property 'createShape' does not exist on type 'BaseRenderer'.
examples/jsm/libs/lottie_canvas.module.js(7891,19): error TS2551: Property 'createText' does not exist on type 'BaseRenderer'. Did you mean 'createItem'?
examples/jsm/libs/lottie_canvas.module.js(7895,32): error TS2554: Expected 0 arguments, but got 1.
examples/jsm/libs/lottie_canvas.module.js(7899,19): error TS2339: Property 'createNull' does not exist on type 'BaseRenderer'.
examples/jsm/libs/lottie_canvas.module.js(7908,38): error TS2339: Property 'globalData' does not exist on type 'BaseRenderer'.
examples/jsm/libs/lottie_canvas.module.js(7912,40): error TS2339: Property 'globalData' does not exist on type 'BaseRenderer'.
examples/jsm/libs/lottie_canvas.module.js(7917,18): error TS2339: Property 'layers' does not exist on type 'BaseRenderer'.
examples/jsm/libs/lottie_canvas.module.js(7919,10): error TS2339: Property 'buildItem' does not exist on type 'BaseRenderer'.
examples/jsm/libs/lottie_canvas.module.js(7921,8): error TS2339: Property 'checkPendingElements' does not exist on type 'BaseRenderer'.
examples/jsm/libs/lottie_canvas.module.js(7925,8): error TS2339: Property 'completeLayers' does not exist on type 'BaseRenderer'.
examples/jsm/libs/lottie_canvas.module.js(7929,19): error TS2339: Property 'layers' does not exist on type 'BaseRenderer'.
examples/jsm/libs/lottie_canvas.module.js(7933,16): error TS2339: Property 'layers' does not exist on type 'BaseRenderer'.
examples/jsm/libs/lottie_canvas.module.js(7934,14): error TS2339: Property 'layers' does not exist on type 'BaseRenderer'.
examples/jsm/libs/lottie_canvas.module.js(7943,8): error TS2339: Property 'globalData' does not exist on type 'BaseRenderer'.
examples/jsm/libs/lottie_canvas.module.js(7947,13): error TS2339: Property 'globalData' does not exist on type 'BaseRenderer'.
examples/jsm/libs/lottie_canvas.module.js(7952,23): error TS2339: Property 'elements' does not exist on type 'BaseRenderer'.
examples/jsm/libs/lottie_canvas.module.js(7953,21): error TS2339: Property 'layers' does not exist on type 'BaseRenderer'.
examples/jsm/libs/lottie_canvas.module.js(7959,14): error TS2339: Property 'buildItem' does not exist on type 'BaseRenderer'.
examples/jsm/libs/lottie_canvas.module.js(7976,8): error TS2551: Property 'pendingElements' does not exist on type 'BaseRenderer'. Did you mean 'addPendingElement'?
examples/jsm/libs/lottie_canvas.module.js(7984,23): error TS2339: Property 'createComp' does not exist on type 'BaseRenderer'.
examples/jsm/libs/lottie_canvas.module.js(7986,12): error TS2339: Property 'globalData' does not exist on type 'BaseRenderer'.
examples/jsm/libs/lottie_canvas.module.js(7995,20): error TS2339: Property 'elements' does not exist on type 'BaseRenderer'.
examples/jsm/libs/lottie_canvas.module.js(7998,20): error TS2339: Property 'elements' does not exist on type 'BaseRenderer'.
examples/jsm/libs/lottie_canvas.module.js(8000,16): error TS2339: Property 'elements' does not exist on type 'BaseRenderer'.
examples/jsm/libs/lottie_canvas.module.js(8001,24): error TS2339: Property 'elements' does not exist on type 'BaseRenderer'.
examples/jsm/libs/lottie_canvas.module.js(8013,8): error TS2339: Property 'globalData' does not exist on type 'BaseRenderer'.
examples/jsm/libs/lottie_canvas.module.js(8014,8): error TS2339: Property 'globalData' does not exist on type 'BaseRenderer'.
examples/jsm/libs/lottie_canvas.module.js(8015,8): error TS2339: Property 'globalData' does not exist on type 'BaseRenderer'.
examples/jsm/libs/lottie_canvas.module.js(8016,8): error TS2339: Property 'globalData' does not exist on type 'BaseRenderer'.
examples/jsm/libs/lottie_canvas.module.js(8016,39): error TS2339: Property 'animationItem' does not exist on type 'BaseRenderer'.
examples/jsm/libs/lottie_canvas.module.js(8016,76): error TS2339: Property 'animationItem' does not exist on type 'BaseRenderer'.
examples/jsm/libs/lottie_canvas.module.js(8017,8): error TS2339: Property 'globalData' does not exist on type 'BaseRenderer'.
examples/jsm/libs/lottie_canvas.module.js(8017,40): error TS2339: Property 'animationItem' does not exist on type 'BaseRenderer'.
examples/jsm/libs/lottie_canvas.module.js(8017,78): error TS2339: Property 'animationItem' does not exist on type 'BaseRenderer'.
examples/jsm/libs/lottie_canvas.module.js(8018,8): error TS2339: Property 'globalData' does not exist on type 'BaseRenderer'.
examples/jsm/libs/lottie_canvas.module.js(8018,38): error TS2339: Property 'animationItem' does not exist on type 'BaseRenderer'.
examples/jsm/libs/lottie_canvas.module.js(8019,8): error TS2339: Property 'globalData' does not exist on type 'BaseRenderer'.
examples/jsm/libs/lottie_canvas.module.js(8019,42): error TS2339: Property 'animationItem' does not exist on type 'BaseRenderer'.
examples/jsm/libs/lottie_canvas.module.js(8020,8): error TS2339: Property 'globalData' does not exist on type 'BaseRenderer'.
examples/jsm/libs/lottie_canvas.module.js(8021,8): error TS2339: Property 'globalData' does not exist on type 'BaseRenderer'.
examples/jsm/libs/lottie_canvas.module.js(8022,8): error TS2339: Property 'globalData' does not exist on type 'BaseRenderer'.
examples/jsm/libs/lottie_canvas.module.js(8023,8): error TS2339: Property 'globalData' does not exist on type 'BaseRenderer'.
examples/jsm/libs/lottie_canvas.module.js(8033,10): error TS2551: Property 'finalTransform' does not exist on type 'TransformElement'. Did you mean 'initTransform'?
examples/jsm/libs/lottie_canvas.module.js(8034,19): error TS2339: Property 'data' does not exist on type 'TransformElement'.
examples/jsm/libs/lottie_canvas.module.js(8034,86): error TS2339: Property 'data' does not exist on type 'TransformElement'.
examples/jsm/libs/lottie_canvas.module.js(8039,14): error TS2339: Property 'data' does not exist on type 'TransformElement'.
examples/jsm/libs/lottie_canvas.module.js(8040,12): error TS2551: Property 'finalTransform' does not exist on type 'TransformElement'. Did you mean 'initTransform'?
examples/jsm/libs/lottie_canvas.module.js(8044,14): error TS2339: Property 'data' does not exist on type 'TransformElement'.
examples/jsm/libs/lottie_canvas.module.js(8049,10): error TS2551: Property 'finalTransform' does not exist on type 'TransformElement'. Did you mean 'initTransform'?
examples/jsm/libs/lottie_canvas.module.js(8049,39): error TS2551: Property 'finalTransform' does not exist on type 'TransformElement'. Did you mean 'initTransform'?
examples/jsm/libs/lottie_canvas.module.js(8049,75): error TS2339: Property '_isFirstFrame' does not exist on type 'TransformElement'.
examples/jsm/libs/lottie_canvas.module.js(8050,10): error TS2551: Property 'finalTransform' does not exist on type 'TransformElement'. Did you mean 'initTransform'?
examples/jsm/libs/lottie_canvas.module.js(8050,40): error TS2551: Property 'finalTransform' does not exist on type 'TransformElement'. Did you mean 'initTransform'?
examples/jsm/libs/lottie_canvas.module.js(8050,74): error TS2339: Property '_isFirstFrame' does not exist on type 'TransformElement'.
examples/jsm/libs/lottie_canvas.module.js(8052,14): error TS2339: Property 'hierarchy' does not exist on type 'TransformElement'.
examples/jsm/libs/lottie_canvas.module.js(8054,27): error TS2551: Property 'finalTransform' does not exist on type 'TransformElement'. Did you mean 'initTransform'?
examples/jsm/libs/lottie_canvas.module.js(8056,22): error TS2339: Property 'hierarchy' does not exist on type 'TransformElement'.
examples/jsm/libs/lottie_canvas.module.js(8058,17): error TS2551: Property 'finalTransform' does not exist on type 'TransformElement'. Did you mean 'initTransform'?
examples/jsm/libs/lottie_canvas.module.js(8060,20): error TS2339: Property 'hierarchy' does not exist on type 'TransformElement'.
examples/jsm/libs/lottie_canvas.module.js(8061,18): error TS2551: Property 'finalTransform' does not exist on type 'TransformElement'. Did you mean 'initTransform'?
examples/jsm/libs/lottie_canvas.module.js(8068,16): error TS2551: Property 'finalTransform' does not exist on type 'TransformElement'. Did you mean 'initTransform'?
examples/jsm/libs/lottie_canvas.module.js(8069,20): error TS2551: Property 'finalTransform' does not exist on type 'TransformElement'. Did you mean 'initTransform'?
examples/jsm/libs/lottie_canvas.module.js(8072,22): error TS2339: Property 'hierarchy' does not exist on type 'TransformElement'.
examples/jsm/libs/lottie_canvas.module.js(8080,26): error TS2551: Property 'finalTransform' does not exist on type 'TransformElement'. Did you mean 'initTransform'?
examples/jsm/libs/lottie_canvas.module.js(8082,21): error TS2339: Property 'comp' does not exist on type 'TransformElement'.
examples/jsm/libs/lottie_canvas.module.js(8223,12): error TS2571: Object is of type 'unknown'.
examples/jsm/libs/lottie_canvas.module.js(8224,38): error TS2571: Object is of type 'unknown'.
examples/jsm/libs/lottie_canvas.module.js(8247,10): error TS2571: Object is of type 'unknown'.
examples/jsm/libs/lottie_canvas.module.js(8255,9): error TS2571: Object is of type 'unknown'.
examples/jsm/libs/lottie_canvas.module.js(8256,46): error TS2571: Object is of type 'unknown'.
examples/jsm/libs/lottie_canvas.module.js(8258,9): error TS2571: Object is of type 'unknown'.
examples/jsm/libs/lottie_canvas.module.js(8259,7): error TS2571: Object is of type 'unknown'.
examples/jsm/libs/lottie_canvas.module.js(8259,58): error TS2571: Object is of type 'unknown'.
examples/jsm/libs/lottie_canvas.module.js(8262,11): error TS2571: Object is of type 'unknown'.
examples/jsm/libs/lottie_canvas.module.js(8263,9): error TS2571: Object is of type 'unknown'.
examples/jsm/libs/lottie_canvas.module.js(8265,36): error TS2533: Object is possibly 'null' or 'undefined'.
examples/jsm/libs/lottie_canvas.module.js(8265,57): error TS2339: Property '_mdf' does not exist on type 'ValueProperty | MultiDimensionalProperty | KeyframedValueProperty | KeyframedMultidimensionalProperty'.
  Property '_mdf' does not exist on type 'KeyframedValueProperty'.
examples/jsm/libs/lottie_canvas.module.js(8267,13): error TS2533: Object is possibly 'null' or 'undefined'.
examples/jsm/libs/lottie_canvas.module.js(8272,43): error TS2533: Object is possibly 'null' or 'undefined'.
examples/jsm/libs/lottie_canvas.module.js(8278,64): error TS2533: Object is possibly 'null' or 'undefined'.
examples/jsm/libs/lottie_canvas.module.js(8387,9): error TS7053: Element implicitly has an 'any' type because expression of type 'any' can't be used to index type '{}'.
examples/jsm/libs/lottie_canvas.module.js(8388,20): error TS7053: Element implicitly has an 'any' type because expression of type 'any' can't be used to index type '{}'.
examples/jsm/libs/lottie_canvas.module.js(8391,11): error TS7053: Element implicitly has an 'any' type because expression of type 'any' can't be used to index type '{}'.
examples/jsm/libs/lottie_canvas.module.js(8417,3): error TS7053: Element implicitly has an 'any' type because expression of type 'any' can't be used to index type '{}'.
examples/jsm/libs/lottie_canvas.module.js(8428,10): error TS2339: Property 'layerElement' does not exist on type 'SVGBaseElement'.
examples/jsm/libs/lottie_canvas.module.js(8431,10): error TS2339: Property 'matteElement' does not exist on type 'SVGBaseElement'.
examples/jsm/libs/lottie_canvas.module.js(8432,10): error TS2339: Property 'transformedElement' does not exist on type 'SVGBaseElement'.
examples/jsm/libs/lottie_canvas.module.js(8432,36): error TS2339: Property 'layerElement' does not exist on type 'SVGBaseElement'.
examples/jsm/libs/lottie_canvas.module.js(8433,10): error TS2339: Property 'maskedElement' does not exist on type 'SVGBaseElement'.
examples/jsm/libs/lottie_canvas.module.js(8433,31): error TS2339: Property 'layerElement' does not exist on type 'SVGBaseElement'.
examples/jsm/libs/lottie_canvas.module.js(8434,10): error TS2339: Property '_sizeChanged' does not exist on type 'SVGBaseElement'.
examples/jsm/libs/lottie_canvas.module.js(8440,14): error TS2339: Property 'data' does not exist on type 'SVGBaseElement'.
examples/jsm/libs/lottie_canvas.module.js(8441,16): error TS2339: Property 'data' does not exist on type 'SVGBaseElement'.
examples/jsm/libs/lottie_canvas.module.js(8441,37): error TS2339: Property 'data' does not exist on type 'SVGBaseElement'.
examples/jsm/libs/lottie_canvas.module.js(8443,40): error TS2339: Property 'layerId' does not exist on type 'SVGBaseElement'.
examples/jsm/libs/lottie_canvas.module.js(8444,47): error TS2339: Property 'data' does not exist on type 'SVGBaseElement'.
examples/jsm/libs/lottie_canvas.module.js(8445,33): error TS2339: Property 'layerElement' does not exist on type 'SVGBaseElement'.
examples/jsm/libs/lottie_canvas.module.js(8447,14): error TS2339: Property 'globalData' does not exist on type 'SVGBaseElement'.
examples/jsm/libs/lottie_canvas.module.js(8449,46): error TS2339: Property 'data' does not exist on type 'SVGBaseElement'.
examples/jsm/libs/lottie_canvas.module.js(8453,16): error TS2339: Property 'globalData' does not exist on type 'SVGBaseElement'.
examples/jsm/libs/lottie_canvas.module.js(8456,31): error TS2339: Property 'layerElement' does not exist on type 'SVGBaseElement'.
examples/jsm/libs/lottie_canvas.module.js(8461,23): error TS2339: Property 'data' does not exist on type 'SVGBaseElement'.
examples/jsm/libs/lottie_canvas.module.js(8463,43): error TS2339: Property 'layerId' does not exist on type 'SVGBaseElement'.
examples/jsm/libs/lottie_canvas.module.js(8486,14): error TS2339: Property 'globalData' does not exist on type 'SVGBaseElement'.
examples/jsm/libs/lottie_canvas.module.js(8488,46): error TS2339: Property 'comp' does not exist on type 'SVGBaseElement'.
examples/jsm/libs/lottie_canvas.module.js(8489,47): error TS2339: Property 'comp' does not exist on type 'SVGBaseElement'.
examples/jsm/libs/lottie_canvas.module.js(8496,38): error TS2339: Property 'layerElement' does not exist on type 'SVGBaseElement'.
examples/jsm/libs/lottie_canvas.module.js(8503,31): error TS2339: Property 'layerElement' does not exist on type 'SVGBaseElement'.
examples/jsm/libs/lottie_canvas.module.js(8507,14): error TS2339: Property 'globalData' does not exist on type 'SVGBaseElement'.
examples/jsm/libs/lottie_canvas.module.js(8509,21): error TS2339: Property 'data' does not exist on type 'SVGBaseElement'.
examples/jsm/libs/lottie_canvas.module.js(8510,12): error TS2339: Property 'matteElement' does not exist on type 'SVGBaseElement'.
examples/jsm/libs/lottie_canvas.module.js(8510,42): error TS2339: Property 'layerElement' does not exist on type 'SVGBaseElement'.
examples/jsm/libs/lottie_canvas.module.js(8511,33): error TS2339: Property 'matteElement' does not exist on type 'SVGBaseElement'.
examples/jsm/libs/lottie_canvas.module.js(8512,12): error TS2551: Property 'baseElement' does not exist on type 'SVGBaseElement'. Did you mean 'getBaseElement'?
examples/jsm/libs/lottie_canvas.module.js(8512,31): error TS2339: Property 'matteElement' does not exist on type 'SVGBaseElement'.
examples/jsm/libs/lottie_canvas.module.js(8514,12): error TS2551: Property 'baseElement' does not exist on type 'SVGBaseElement'. Did you mean 'getBaseElement'?
examples/jsm/libs/lottie_canvas.module.js(8514,31): error TS2339: Property 'layerElement' does not exist on type 'SVGBaseElement'.
examples/jsm/libs/lottie_canvas.module.js(8516,14): error TS2339: Property 'data' does not exist on type 'SVGBaseElement'.
examples/jsm/libs/lottie_canvas.module.js(8517,12): error TS2339: Property 'layerElement' does not exist on type 'SVGBaseElement'.
examples/jsm/libs/lottie_canvas.module.js(8517,49): error TS2339: Property 'data' does not exist on type 'SVGBaseElement'.
examples/jsm/libs/lottie_canvas.module.js(8519,14): error TS2339: Property 'data' does not exist on type 'SVGBaseElement'.
examples/jsm/libs/lottie_canvas.module.js(8520,12): error TS2339: Property 'layerElement' does not exist on type 'SVGBaseElement'.
examples/jsm/libs/lottie_canvas.module.js(8520,52): error TS2339: Property 'data' does not exist on type 'SVGBaseElement'.
examples/jsm/libs/lottie_canvas.module.js(8523,14): error TS2339: Property 'data' does not exist on type 'SVGBaseElement'.
examples/jsm/libs/lottie_canvas.module.js(8523,37): error TS2339: Property 'data' does not exist on type 'SVGBaseElement'.
examples/jsm/libs/lottie_canvas.module.js(8526,44): error TS2339: Property 'data' does not exist on type 'SVGBaseElement'.
examples/jsm/libs/lottie_canvas.module.js(8526,67): error TS2339: Property 'data' does not exist on type 'SVGBaseElement'.
examples/jsm/libs/lottie_canvas.module.js(8526,87): error TS2339: Property 'data' does not exist on type 'SVGBaseElement'.
examples/jsm/libs/lottie_canvas.module.js(8526,110): error TS2339: Property 'data' does not exist on type 'SVGBaseElement'.
examples/jsm/libs/lottie_canvas.module.js(8530,12): error TS2339: Property 'globalData' does not exist on type 'SVGBaseElement'.
examples/jsm/libs/lottie_canvas.module.js(8532,16): error TS2339: Property 'checkMasks' does not exist on type 'SVGBaseElement'.
examples/jsm/libs/lottie_canvas.module.js(8535,34): error TS2339: Property 'layerElement' does not exist on type 'SVGBaseElement'.
examples/jsm/libs/lottie_canvas.module.js(8536,14): error TS2339: Property 'transformedElement' does not exist on type 'SVGBaseElement'.
examples/jsm/libs/lottie_canvas.module.js(8538,47): error TS2339: Property 'transformedElement' does not exist on type 'SVGBaseElement'.
examples/jsm/libs/lottie_canvas.module.js(8540,16): error TS2551: Property 'baseElement' does not exist on type 'SVGBaseElement'. Did you mean 'getBaseElement'?
examples/jsm/libs/lottie_canvas.module.js(8540,35): error TS2339: Property 'transformedElement' does not exist on type 'SVGBaseElement'.
examples/jsm/libs/lottie_canvas.module.js(8543,14): error TS2339: Property 'layerElement' does not exist on type 'SVGBaseElement'.
examples/jsm/libs/lottie_canvas.module.js(8546,14): error TS2339: Property 'data' does not exist on type 'SVGBaseElement'.
examples/jsm/libs/lottie_canvas.module.js(8547,12): error TS2339: Property 'setBlendMode' does not exist on type 'SVGBaseElement'.
examples/jsm/libs/lottie_canvas.module.js(8551,14): error TS2339: Property 'finalTransform' does not exist on type 'SVGBaseElement'.
examples/jsm/libs/lottie_canvas.module.js(8552,12): error TS2339: Property 'transformedElement' does not exist on type 'SVGBaseElement'.
examples/jsm/libs/lottie_canvas.module.js(8552,62): error TS2339: Property 'finalTransform' does not exist on type 'SVGBaseElement'.
examples/jsm/libs/lottie_canvas.module.js(8554,14): error TS2339: Property 'finalTransform' does not exist on type 'SVGBaseElement'.
examples/jsm/libs/lottie_canvas.module.js(8555,12): error TS2339: Property 'transformedElement' does not exist on type 'SVGBaseElement'.
examples/jsm/libs/lottie_canvas.module.js(8555,60): error TS2339: Property 'finalTransform' does not exist on type 'SVGBaseElement'.
examples/jsm/libs/lottie_canvas.module.js(8559,10): error TS2339: Property 'layerElement' does not exist on type 'SVGBaseElement'.
examples/jsm/libs/lottie_canvas.module.js(8560,10): error TS2339: Property 'matteElement' does not exist on type 'SVGBaseElement'.
examples/jsm/libs/lottie_canvas.module.js(8561,10): error TS2339: Property 'maskManager' does not exist on type 'SVGBaseElement'.
examples/jsm/libs/lottie_canvas.module.js(8564,14): error TS2339: Property 'data' does not exist on type 'SVGBaseElement'.
examples/jsm/libs/lottie_canvas.module.js(8567,17): error TS2551: Property 'baseElement' does not exist on type 'SVGBaseElement'. Did you mean 'getBaseElement'?
examples/jsm/libs/lottie_canvas.module.js(8570,10): error TS2339: Property 'maskManager' does not exist on type 'SVGBaseElement'.
examples/jsm/libs/lottie_canvas.module.js(8570,45): error TS2339: Property 'data' does not exist on type 'SVGBaseElement'.
examples/jsm/libs/lottie_canvas.module.js(8570,62): error TS2339: Property 'globalData' does not exist on type 'SVGBaseElement'.
examples/jsm/libs/lottie_canvas.module.js(8571,10): error TS2339: Property 'renderableEffectsManager' does not exist on type 'SVGBaseElement'.
examples/jsm/libs/lottie_canvas.module.js(8574,15): error TS2339: Property 'matteElement' does not exist on type 'SVGBaseElement'.
examples/jsm/libs/lottie_canvas.module.js(8577,10): error TS2339: Property 'matteElement' does not exist on type 'SVGBaseElement'.
examples/jsm/libs/lottie_canvas.module.js(8597,10): error TS2551: Property 'hierarchy' does not exist on type 'HierarchyElement'. Did you mean 'setHierarchy'?
examples/jsm/libs/lottie_canvas.module.js(8599,10): error TS2339: Property '_isParent' does not exist on type 'HierarchyElement'.
examples/jsm/libs/lottie_canvas.module.js(8605,23): error TS8024: JSDoc '@param' tag has name 'hierarch', but there is no parameter with that name.
examples/jsm/libs/lottie_canvas.module.js(8610,10): error TS2551: Property 'hierarchy' does not exist on type 'HierarchyElement'. Did you mean 'setHierarchy'?
examples/jsm/libs/lottie_canvas.module.js(8618,10): error TS2339: Property '_isParent' does not exist on type 'HierarchyElement'.
examples/jsm/libs/lottie_canvas.module.js(8626,14): error TS2339: Property 'data' does not exist on type 'HierarchyElement'.
examples/jsm/libs/lottie_canvas.module.js(8627,12): error TS2339: Property 'comp' does not exist on type 'HierarchyElement'.
examples/jsm/libs/lottie_canvas.module.js(8627,50): error TS2339: Property 'data' does not exist on type 'HierarchyElement'.
examples/jsm/libs/lottie_canvas.module.js(8637,12): error TS2339: Property 'initFrame' does not exist on type '{ initElement: (data: any, globalData: any, comp: any) => void; hide: typeof hide; show: typeof show; renderFrame: typeof renderFrame; renderInnerContent: () => void; prepareFrame: typeof prepareFrame; destroy: typeof destroy; }'.
examples/jsm/libs/lottie_canvas.module.js(8638,12): error TS2339: Property 'initBaseData' does not exist on type '{ initElement: (data: any, globalData: any, comp: any) => void; hide: typeof hide; show: typeof show; renderFrame: typeof renderFrame; renderInnerContent: () => void; prepareFrame: typeof prepareFrame; destroy: typeof destroy; }'.
examples/jsm/libs/lottie_canvas.module.js(8639,12): error TS2339: Property 'initTransform' does not exist on type '{ initElement: (data: any, globalData: any, comp: any) => void; hide: typeof hide; show: typeof show; renderFrame: typeof renderFrame; renderInnerContent: () => void; prepareFrame: typeof prepareFrame; destroy: typeof destroy; }'.
examples/jsm/libs/lottie_canvas.module.js(8640,12): error TS2339: Property 'initHierarchy' does not exist on type '{ initElement: (data: any, globalData: any, comp: any) => void; hide: typeof hide; show: typeof show; renderFrame: typeof renderFrame; renderInnerContent: () => void; prepareFrame: typeof prepareFrame; destroy: typeof destroy; }'.
examples/jsm/libs/lottie_canvas.module.js(8641,12): error TS2339: Property 'initRenderable' does not exist on type '{ initElement: (data: any, globalData: any, comp: any) => void; hide: typeof hide; show: typeof show; renderFrame: typeof renderFrame; renderInnerContent: () => void; prepareFrame: typeof prepareFrame; destroy: typeof destroy; }'.
examples/jsm/libs/lottie_canvas.module.js(8642,12): error TS2339: Property 'initRendererElement' does not exist on type '{ initElement: (data: any, globalData: any, comp: any) => void; hide: typeof hide; show: typeof show; renderFrame: typeof renderFrame; renderInnerContent: () => void; prepareFrame: typeof prepareFrame; destroy: typeof destroy; }'.
examples/jsm/libs/lottie_canvas.module.js(8643,12): error TS2339: Property 'createContainerElements' does not exist on type '{ initElement: (data: any, globalData: any, comp: any) => void; hide: typeof hide; show: typeof show; renderFrame: typeof renderFrame; renderInnerContent: () => void; prepareFrame: typeof prepareFrame; destroy: typeof destroy; }'.
examples/jsm/libs/lottie_canvas.module.js(8644,12): error TS2339: Property 'createRenderableComponents' does not exist on type '{ initElement: (data: any, globalData: any, comp: any) => void; hide: typeof hide; show: typeof show; renderFrame: typeof renderFrame; renderInnerContent: () => void; prepareFrame: typeof prepareFrame; destroy: typeof destroy; }'.
examples/jsm/libs/lottie_canvas.module.js(8645,12): error TS2339: Property 'createContent' does not exist on type '{ initElement: (data: any, globalData: any, comp: any) => void; hide: typeof hide; show: typeof show; renderFrame: typeof renderFrame; renderInnerContent: () => void; prepareFrame: typeof prepareFrame; destroy: typeof destroy; }'.
examples/jsm/libs/lottie_canvas.module.js(8650,17): error TS2551: Property 'hidden' does not exist on type '{ initElement: (data: any, globalData: any, comp: any) => void; hide: typeof hide; show: typeof show; renderFrame: typeof renderFrame; renderInnerContent: () => void; prepareFrame: typeof prepareFrame; destroy: typeof destroy; }'. Did you mean 'hide'?
examples/jsm/libs/lottie_canvas.module.js(8650,34): error TS2339: Property 'isInRange' does not exist on type '{ initElement: (data: any, globalData: any, comp: any) => void; hide: typeof hide; show: typeof show; renderFrame: typeof renderFrame; renderInnerContent: () => void; prepareFrame: typeof prepareFrame; destroy: typeof destroy; }'.
examples/jsm/libs/lottie_canvas.module.js(8650,52): error TS2339: Property 'isTransparent' does not exist on type '{ initElement: (data: any, globalData: any, comp: any) => void; hide: typeof hide; show: typeof show; renderFrame: typeof renderFrame; renderInnerContent: () => void; prepareFrame: typeof prepareFrame; destroy: typeof destroy; }'.
examples/jsm/libs/lottie_canvas.module.js(8651,25): error TS2339: Property 'baseElement' does not exist on type '{ initElement: (data: any, globalData: any, comp: any) => void; hide: typeof hide; show: typeof show; renderFrame: typeof renderFrame; renderInnerContent: () => void; prepareFrame: typeof prepareFrame; destroy: typeof destroy; }'.
examples/jsm/libs/lottie_canvas.module.js(8651,45): error TS2339: Property 'layerElement' does not exist on type '{ initElement: (data: any, globalData: any, comp: any) => void; hide: typeof hide; show: typeof show; renderFrame: typeof renderFrame; renderInnerContent: () => void; prepareFrame: typeof prepareFrame; destroy: typeof destroy; }'.
examples/jsm/libs/lottie_canvas.module.js(8653,14): error TS2551: Property 'hidden' does not exist on type '{ initElement: (data: any, globalData: any, comp: any) => void; hide: typeof hide; show: typeof show; renderFrame: typeof renderFrame; renderInnerContent: () => void; prepareFrame: typeof prepareFrame; destroy: typeof destroy; }'. Did you mean 'hide'?
examples/jsm/libs/lottie_canvas.module.js(8658,16): error TS2339: Property 'isInRange' does not exist on type '{ initElement: (data: any, globalData: any, comp: any) => void; hide: typeof hide; show: typeof show; renderFrame: typeof renderFrame; renderInnerContent: () => void; prepareFrame: typeof prepareFrame; destroy: typeof destroy; }'.
examples/jsm/libs/lottie_canvas.module.js(8658,35): error TS2339: Property 'isTransparent' does not exist on type '{ initElement: (data: any, globalData: any, comp: any) => void; hide: typeof hide; show: typeof show; renderFrame: typeof renderFrame; renderInnerContent: () => void; prepareFrame: typeof prepareFrame; destroy: typeof destroy; }'.
examples/jsm/libs/lottie_canvas.module.js(8659,19): error TS2339: Property 'data' does not exist on type '{ initElement: (data: any, globalData: any, comp: any) => void; hide: typeof hide; show: typeof show; renderFrame: typeof renderFrame; renderInnerContent: () => void; prepareFrame: typeof prepareFrame; destroy: typeof destroy; }'.
examples/jsm/libs/lottie_canvas.module.js(8660,27): error TS2339: Property 'baseElement' does not exist on type '{ initElement: (data: any, globalData: any, comp: any) => void; hide: typeof hide; show: typeof show; renderFrame: typeof renderFrame; renderInnerContent: () => void; prepareFrame: typeof prepareFrame; destroy: typeof destroy; }'.
examples/jsm/libs/lottie_canvas.module.js(8660,47): error TS2339: Property 'layerElement' does not exist on type '{ initElement: (data: any, globalData: any, comp: any) => void; hide: typeof hide; show: typeof show; renderFrame: typeof renderFrame; renderInnerContent: () => void; prepareFrame: typeof prepareFrame; destroy: typeof destroy; }'.
examples/jsm/libs/lottie_canvas.module.js(8663,14): error TS2551: Property 'hidden' does not exist on type '{ initElement: (data: any, globalData: any, comp: any) => void; hide: typeof hide; show: typeof show; renderFrame: typeof renderFrame; renderInnerContent: () => void; prepareFrame: typeof prepareFrame; destroy: typeof destroy; }'. Did you mean 'hide'?
examples/jsm/libs/lottie_canvas.module.js(8664,14): error TS2339: Property '_isFirstFrame' does not exist on type '{ initElement: (data: any, globalData: any, comp: any) => void; hide: typeof hide; show: typeof show; renderFrame: typeof renderFrame; renderInnerContent: () => void; prepareFrame: typeof prepareFrame; destroy: typeof destroy; }'.
examples/jsm/libs/lottie_canvas.module.js(8670,16): error TS2339: Property 'data' does not exist on type '{ initElement: (data: any, globalData: any, comp: any) => void; hide: typeof hide; show: typeof show; renderFrame: typeof renderFrame; renderInnerContent: () => void; prepareFrame: typeof prepareFrame; destroy: typeof destroy; }'.
examples/jsm/libs/lottie_canvas.module.js(8670,32): error TS2551: Property 'hidden' does not exist on type '{ initElement: (data: any, globalData: any, comp: any) => void; hide: typeof hide; show: typeof show; renderFrame: typeof renderFrame; renderInnerContent: () => void; prepareFrame: typeof prepareFrame; destroy: typeof destroy; }'. Did you mean 'hide'?
examples/jsm/libs/lottie_canvas.module.js(8673,12): error TS2339: Property 'renderTransform' does not exist on type '{ initElement: (data: any, globalData: any, comp: any) => void; hide: typeof hide; show: typeof show; renderFrame: typeof renderFrame; renderInnerContent: () => void; prepareFrame: typeof prepareFrame; destroy: typeof destroy; }'.
examples/jsm/libs/lottie_canvas.module.js(8674,12): error TS2339: Property 'renderRenderable' does not exist on type '{ initElement: (data: any, globalData: any, comp: any) => void; hide: typeof hide; show: typeof show; renderFrame: typeof renderFrame; renderInnerContent: () => void; prepareFrame: typeof prepareFrame; destroy: typeof destroy; }'.
examples/jsm/libs/lottie_canvas.module.js(8675,12): error TS2339: Property 'renderElement' does not exist on type '{ initElement: (data: any, globalData: any, comp: any) => void; hide: typeof hide; show: typeof show; renderFrame: typeof renderFrame; renderInnerContent: () => void; prepareFrame: typeof prepareFrame; destroy: typeof destroy; }'.
examples/jsm/libs/lottie_canvas.module.js(8677,16): error TS2339: Property '_isFirstFrame' does not exist on type '{ initElement: (data: any, globalData: any, comp: any) => void; hide: typeof hide; show: typeof show; renderFrame: typeof renderFrame; renderInnerContent: () => void; prepareFrame: typeof prepareFrame; destroy: typeof destroy; }'.
examples/jsm/libs/lottie_canvas.module.js(8678,14): error TS2339: Property '_isFirstFrame' does not exist on type '{ initElement: (data: any, globalData: any, comp: any) => void; hide: typeof hide; show: typeof show; renderFrame: typeof renderFrame; renderInnerContent: () => void; prepareFrame: typeof prepareFrame; destroy: typeof destroy; }'.
examples/jsm/libs/lottie_canvas.module.js(8683,12): error TS2339: Property '_mdf' does not exist on type '{ initElement: (data: any, globalData: any, comp: any) => void; hide: typeof hide; show: typeof show; renderFrame: typeof renderFrame; renderInnerContent: () => void; prepareFrame: typeof prepareFrame; destroy: typeof destroy; }'.
examples/jsm/libs/lottie_canvas.module.js(8684,12): error TS2339: Property 'prepareRenderableFrame' does not exist on type '{ initElement: (data: any, globalData: any, comp: any) => void; hide: typeof hide; show: typeof show; renderFrame: typeof renderFrame; renderInnerContent: () => void; prepareFrame: typeof prepareFrame; destroy: typeof destroy; }'.
examples/jsm/libs/lottie_canvas.module.js(8685,12): error TS2339: Property 'prepareProperties' does not exist on type '{ initElement: (data: any, globalData: any, comp: any) => void; hide: typeof hide; show: typeof show; renderFrame: typeof renderFrame; renderInnerContent: () => void; prepareFrame: typeof prepareFrame; destroy: typeof destroy; }'.
examples/jsm/libs/lottie_canvas.module.js(8685,40): error TS2339: Property 'isInRange' does not exist on type '{ initElement: (data: any, globalData: any, comp: any) => void; hide: typeof hide; show: typeof show; renderFrame: typeof renderFrame; renderInnerContent: () => void; prepareFrame: typeof prepareFrame; destroy: typeof destroy; }'.
examples/jsm/libs/lottie_canvas.module.js(8686,12): error TS2339: Property 'checkTransparency' does not exist on type '{ initElement: (data: any, globalData: any, comp: any) => void; hide: typeof hide; show: typeof show; renderFrame: typeof renderFrame; renderInnerContent: () => void; prepareFrame: typeof prepareFrame; destroy: typeof destroy; }'.
examples/jsm/libs/lottie_canvas.module.js(8689,12): error TS2339: Property 'innerElem' does not exist on type '{ initElement: (data: any, globalData: any, comp: any) => void; hide: typeof hide; show: typeof show; renderFrame: typeof renderFrame; renderInnerContent: () => void; prepareFrame: typeof prepareFrame; destroy: typeof destroy; }'.
examples/jsm/libs/lottie_canvas.module.js(8690,12): error TS2339: Property 'destroyBaseElement' does not exist on type '{ initElement: (data: any, globalData: any, comp: any) => void; hide: typeof hide; show: typeof show; renderFrame: typeof renderFrame; renderInnerContent: () => void; prepareFrame: typeof prepareFrame; destroy: typeof destroy; }'.
examples/jsm/libs/lottie_canvas.module.js(8698,8): error TS2339: Property 'initElement' does not exist on type 'IImageElement'.
examples/jsm/libs/lottie_canvas.module.js(8707,24): error TS2339: Property 'globalData' does not exist on type 'IImageElement'.
examples/jsm/libs/lottie_canvas.module.js(8709,8): error TS2339: Property 'innerElem' does not exist on type 'IImageElement'.
examples/jsm/libs/lottie_canvas.module.js(8710,8): error TS2339: Property 'innerElem' does not exist on type 'IImageElement'.
examples/jsm/libs/lottie_canvas.module.js(8711,8): error TS2339: Property 'innerElem' does not exist on type 'IImageElement'.
examples/jsm/libs/lottie_canvas.module.js(8712,8): error TS2339: Property 'innerElem' does not exist on type 'IImageElement'.
examples/jsm/libs/lottie_canvas.module.js(8712,80): error TS2339: Property 'globalData' does not exist on type 'IImageElement'.
examples/jsm/libs/lottie_canvas.module.js(8713,8): error TS2339: Property 'innerElem' does not exist on type 'IImageElement'.
examples/jsm/libs/lottie_canvas.module.js(8715,8): error TS2339: Property 'layerElement' does not exist on type 'IImageElement'.
examples/jsm/libs/lottie_canvas.module.js(8715,38): error TS2339: Property 'innerElem' does not exist on type 'IImageElement'.
examples/jsm/libs/lottie_canvas.module.js(8733,20): error TS2339: Property 'shapeModifiers' does not exist on type 'IShapeElement'.
examples/jsm/libs/lottie_canvas.module.js(8735,12): error TS2339: Property 'shapeModifiers' does not exist on type 'IShapeElement'.
examples/jsm/libs/lottie_canvas.module.js(8740,20): error TS2339: Property 'shapeModifiers' does not exist on type 'IShapeElement'.
examples/jsm/libs/lottie_canvas.module.js(8742,16): error TS2339: Property 'shapeModifiers' does not exist on type 'IShapeElement'.
examples/jsm/libs/lottie_canvas.module.js(8749,15): error TS2339: Property 'shapeModifiers' does not exist on type 'IShapeElement'.
examples/jsm/libs/lottie_canvas.module.js(8753,20): error TS2339: Property 'shapes' does not exist on type 'IShapeElement'.
examples/jsm/libs/lottie_canvas.module.js(8755,12): error TS2339: Property 'shapes' does not exist on type 'IShapeElement'.
examples/jsm/libs/lottie_canvas.module.js(8758,16): error TS2339: Property 'shapeModifiers' does not exist on type 'IShapeElement'.
examples/jsm/libs/lottie_canvas.module.js(8761,33): error TS2339: Property 'shapeModifiers' does not exist on type 'IShapeElement'.
examples/jsm/libs/lottie_canvas.module.js(8761,70): error TS2339: Property '_isFirstFrame' does not exist on type 'IShapeElement'.
examples/jsm/libs/lottie_canvas.module.js(8771,25): error TS2551: Property 'processedElements' does not exist on type 'IShapeElement'. Did you mean 'addProcessedElement'?
examples/jsm/libs/lottie_canvas.module.js(8783,25): error TS2551: Property 'processedElements' does not exist on type 'IShapeElement'. Did you mean 'addProcessedElement'?
examples/jsm/libs/lottie_canvas.module.js(8795,10): error TS2339: Property 'prepareRenderableFrame' does not exist on type 'IShapeElement'.
examples/jsm/libs/lottie_canvas.module.js(8796,10): error TS2339: Property 'prepareProperties' does not exist on type 'IShapeElement'.
examples/jsm/libs/lottie_canvas.module.js(8796,38): error TS2339: Property 'isInRange' does not exist on type 'IShapeElement'.
examples/jsm/libs/lottie_canvas.module.js(8864,8): error TS2339: Property 'initDynamicPropertyContainer' does not exist on type 'DashProperty'.
examples/jsm/libs/lottie_canvas.module.js(8870,14): error TS18048: 'prop' is possibly 'undefined'.
examples/jsm/libs/lottie_canvas.module.js(8884,8): error TS2339: Property 'iterateDynamicProperties' does not exist on type 'DashProperty'.
examples/jsm/libs/lottie_canvas.module.js(8885,8): error TS2339: Property '_mdf' does not exist on type 'DashProperty'.
examples/jsm/libs/lottie_canvas.module.js(8885,20): error TS2339: Property '_mdf' does not exist on type 'DashProperty'.
examples/jsm/libs/lottie_canvas.module.js(8886,12): error TS2339: Property '_mdf' does not exist on type 'DashProperty'.
examples/jsm/libs/lottie_canvas.module.js(8893,11): error TS2571: Object is of type 'unknown'.
examples/jsm/libs/lottie_canvas.module.js(8895,33): error TS2571: Object is of type 'unknown'.
examples/jsm/libs/lottie_canvas.module.js(8897,31): error TS2571: Object is of type 'unknown'.
examples/jsm/libs/lottie_canvas.module.js(8900,30): error TS2571: Object is of type 'unknown'.
examples/jsm/libs/lottie_canvas.module.js(8908,8): error TS2339: Property 'initDynamicPropertyContainer' does not exist on type 'SVGStrokeStyleData'.
examples/jsm/libs/lottie_canvas.module.js(8909,24): error TS2339: Property 'iterateDynamicProperties' does not exist on type 'SVGStrokeStyleData'.
examples/jsm/libs/lottie_canvas.module.js(8921,8): error TS2339: Property 'initDynamicPropertyContainer' does not exist on type 'SVGFillStyleData'.
examples/jsm/libs/lottie_canvas.module.js(8922,24): error TS2339: Property 'iterateDynamicProperties' does not exist on type 'SVGFillStyleData'.
examples/jsm/libs/lottie_canvas.module.js(8931,8): error TS2339: Property 'initDynamicPropertyContainer' does not exist on type 'SVGNoStyleData'.
examples/jsm/libs/lottie_canvas.module.js(8932,24): error TS2339: Property 'iterateDynamicProperties' does not exist on type 'SVGNoStyleData'.
examples/jsm/libs/lottie_canvas.module.js(8947,8): error TS2339: Property 'initDynamicPropertyContainer' does not exist on type 'GradientProperty'.
examples/jsm/libs/lottie_canvas.module.js(8949,12): error TS2532: Object is possibly 'undefined'.
examples/jsm/libs/lottie_canvas.module.js(8987,3): error TS2532: Object is possibly 'undefined'.
examples/jsm/libs/lottie_canvas.module.js(8988,8): error TS2551: Property '_mdf' does not exist on type 'GradientProperty'. Did you mean '_cmdf'?
examples/jsm/libs/lottie_canvas.module.js(8991,7): error TS2532: Object is possibly 'undefined'.
examples/jsm/libs/lottie_canvas.module.js(8991,17): error TS2339: Property '_mdf' does not exist on type 'ValueProperty | MultiDimensionalProperty | KeyframedValueProperty | KeyframedMultidimensionalProperty'.
  Property '_mdf' does not exist on type 'KeyframedValueProperty'.
examples/jsm/libs/lottie_canvas.module.js(8998,24): error TS2532: Object is possibly 'undefined'.
examples/jsm/libs/lottie_canvas.module.js(9005,13): error TS2532: Object is possibly 'undefined'.
examples/jsm/libs/lottie_canvas.module.js(9008,40): error TS2532: Object is possibly 'undefined'.
examples/jsm/libs/lottie_canvas.module.js(9008,64): error TS2532: Object is possibly 'undefined'.
examples/jsm/libs/lottie_canvas.module.js(9015,10): error TS2551: Property '_mdf' does not exist on type 'GradientProperty'. Did you mean '_cmdf'?
examples/jsm/libs/lottie_canvas.module.js(9022,8): error TS2339: Property 'initDynamicPropertyContainer' does not exist on type 'SVGGradientFillStyleData'.
examples/jsm/libs/lottie_canvas.module.js(9023,24): error TS2339: Property 'iterateDynamicProperties' does not exist on type 'SVGGradientFillStyleData'.
examples/jsm/libs/lottie_canvas.module.js(9028,8): error TS2339: Property 'o' does not exist on type 'SVGGradientFillStyleData'.
examples/jsm/libs/lottie_canvas.module.js(9029,8): error TS2339: Property 's' does not exist on type 'SVGGradientFillStyleData'.
examples/jsm/libs/lottie_canvas.module.js(9030,8): error TS2339: Property 'e' does not exist on type 'SVGGradientFillStyleData'.
examples/jsm/libs/lottie_canvas.module.js(9031,8): error TS2339: Property 'h' does not exist on type 'SVGGradientFillStyleData'.
examples/jsm/libs/lottie_canvas.module.js(9032,8): error TS2339: Property 'a' does not exist on type 'SVGGradientFillStyleData'.
examples/jsm/libs/lottie_canvas.module.js(9033,8): error TS2339: Property 'g' does not exist on type 'SVGGradientFillStyleData'.
examples/jsm/libs/lottie_canvas.module.js(9034,8): error TS2339: Property 'style' does not exist on type 'SVGGradientFillStyleData'.
examples/jsm/libs/lottie_canvas.module.js(9035,8): error TS2339: Property 'stops' does not exist on type 'SVGGradientFillStyleData'.
examples/jsm/libs/lottie_canvas.module.js(9038,8): error TS2339: Property '_isAnimated' does not exist on type 'SVGGradientFillStyleData'.
examples/jsm/libs/lottie_canvas.module.js(9038,29): error TS2339: Property '_isAnimated' does not exist on type 'SVGGradientFillStyleData'.
examples/jsm/libs/lottie_canvas.module.js(9058,8): error TS2339: Property 'gf' does not exist on type 'SVGGradientFillStyleData'.
examples/jsm/libs/lottie_canvas.module.js(9059,8): error TS2339: Property 'cst' does not exist on type 'SVGGradientFillStyleData'.
examples/jsm/libs/lottie_canvas.module.js(9063,12): error TS2339: Property 'g' does not exist on type 'SVGGradientFillStyleData'.
examples/jsm/libs/lottie_canvas.module.js(9063,35): error TS2339: Property 'g' does not exist on type 'SVGGradientFillStyleData'.
examples/jsm/libs/lottie_canvas.module.js(9078,22): error TS2339: Property 'stops' does not exist on type 'SVGGradientFillStyleData'.
examples/jsm/libs/lottie_canvas.module.js(9087,50): error TS7053: Element implicitly has an 'any' type because expression of type 'any' can't be used to index type '{ 1: string; 2: string; 3: string; }'.
examples/jsm/libs/lottie_canvas.module.js(9088,51): error TS7053: Element implicitly has an 'any' type because expression of type 'any' can't be used to index type '{ 1: string; 2: string; 3: string; }'.
examples/jsm/libs/lottie_canvas.module.js(9093,10): error TS2339: Property 'of' does not exist on type 'SVGGradientFillStyleData'.
examples/jsm/libs/lottie_canvas.module.js(9094,10): error TS2339: Property 'ms' does not exist on type 'SVGGradientFillStyleData'.
examples/jsm/libs/lottie_canvas.module.js(9095,10): error TS2339: Property 'ost' does not exist on type 'SVGGradientFillStyleData'.
examples/jsm/libs/lottie_canvas.module.js(9096,10): error TS2339: Property 'maskId' does not exist on type 'SVGGradientFillStyleData'.
examples/jsm/libs/lottie_canvas.module.js(9104,8): error TS2339: Property 'initDynamicPropertyContainer' does not exist on type 'SVGGradientStrokeStyleData'.
examples/jsm/libs/lottie_canvas.module.js(9105,24): error TS2339: Property 'iterateDynamicProperties' does not exist on type 'SVGGradientStrokeStyleData'.
examples/jsm/libs/lottie_canvas.module.js(9108,8): error TS2339: Property 'initGradientData' does not exist on type 'SVGGradientStrokeStyleData'.
examples/jsm/libs/lottie_canvas.module.js(9387,3): error TS7008: Member 'shapes' implicitly has an 'any[]' type.
examples/jsm/libs/lottie_canvas.module.js(9391,3): error TS7008: Member 'stylesList' implicitly has an 'any[]' type.
examples/jsm/libs/lottie_canvas.module.js(9393,3): error TS7008: Member 'shapeModifiers' implicitly has an 'any[]' type.
examples/jsm/libs/lottie_canvas.module.js(9395,3): error TS7008: Member 'itemsData' implicitly has an 'any[]' type.
examples/jsm/libs/lottie_canvas.module.js(9397,3): error TS7008: Member 'processedElements' implicitly has an 'any[]' type.
examples/jsm/libs/lottie_canvas.module.js(9399,3): error TS7008: Member 'animatedContents' implicitly has an 'any[]' type.
examples/jsm/libs/lottie_canvas.module.js(9400,8): error TS2339: Property 'initElement' does not exist on type 'SVGShapeElement'.
examples/jsm/libs/lottie_canvas.module.js(9403,3): error TS7008: Member 'prevViewData' implicitly has an 'any[]' type.
examples/jsm/libs/lottie_canvas.module.js(9417,78): error TS2339: Property 'layerElement' does not exist on type 'SVGShapeElement'.
examples/jsm/libs/lottie_canvas.module.js(9471,10): error TS2339: Property 'globalData' does not exist on type 'SVGShapeElement'.
examples/jsm/libs/lottie_canvas.module.js(9471,50): error TS2339: Property 'gf' does not exist on type 'SVGGradientFillStyleData | SVGGradientStrokeStyleData'.
  Property 'gf' does not exist on type 'SVGGradientFillStyleData'.
examples/jsm/libs/lottie_canvas.module.js(9472,21): error TS2339: Property 'maskId' does not exist on type 'SVGGradientFillStyleData | SVGGradientStrokeStyleData'.
  Property 'maskId' does not exist on type 'SVGGradientFillStyleData'.
examples/jsm/libs/lottie_canvas.module.js(9473,12): error TS2339: Property 'globalData' does not exist on type 'SVGShapeElement'.
examples/jsm/libs/lottie_canvas.module.js(9473,52): error TS2339: Property 'ms' does not exist on type 'SVGGradientFillStyleData | SVGGradientStrokeStyleData'.
  Property 'ms' does not exist on type 'SVGGradientFillStyleData'.
examples/jsm/libs/lottie_canvas.module.js(9474,12): error TS2339: Property 'globalData' does not exist on type 'SVGShapeElement'.
examples/jsm/libs/lottie_canvas.module.js(9474,52): error TS2339: Property 'of' does not exist on type 'SVGGradientFillStyleData | SVGGradientStrokeStyleData'.
  Property 'of' does not exist on type 'SVGGradientFillStyleData'.
examples/jsm/libs/lottie_canvas.module.js(9475,87): error TS2339: Property 'maskId' does not exist on type 'SVGGradientFillStyleData | SVGGradientStrokeStyleData'.
  Property 'maskId' does not exist on type 'SVGGradientFillStyleData'.
examples/jsm/libs/lottie_canvas.module.js(9482,48): error TS7053: Element implicitly has an 'any' type because expression of type 'any' can't be used to index type '{ 1: string; 2: string; 3: string; }'.
examples/jsm/libs/lottie_canvas.module.js(9483,49): error TS7053: Element implicitly has an 'any' type because expression of type 'any' can't be used to index type '{ 1: string; 2: string; 3: string; }'.
examples/jsm/libs/lottie_canvas.module.js(9538,73): error TS2554: Expected 0-3 arguments, but got 4.
examples/jsm/libs/lottie_canvas.module.js(9541,8): error TS2551: Property 'addShapeToModifiers' does not exist on type 'SVGShapeElement'. Did you mean 'shapeModifiers'?
examples/jsm/libs/lottie_canvas.module.js(9574,8): error TS2339: Property '_isFirstFrame' does not exist on type 'SVGShapeElement'.
examples/jsm/libs/lottie_canvas.module.js(9580,78): error TS2339: Property 'layerElement' does not exist on type 'SVGShapeElement'.
examples/jsm/libs/lottie_canvas.module.js(9582,14): error TS2339: Property 'dynamicProperties' does not exist on type 'SVGShapeElement'.
examples/jsm/libs/lottie_canvas.module.js(9584,10): error TS2339: Property 'dynamicProperties' does not exist on type 'SVGShapeElement'.
examples/jsm/libs/lottie_canvas.module.js(9586,8): error TS2339: Property 'renderModifiers' does not exist on type 'SVGShapeElement'.
examples/jsm/libs/lottie_canvas.module.js(9601,25): error TS2551: Property 'searchProcessedElement' does not exist on type 'SVGShapeElement'. Did you mean 'processedElements'?
examples/jsm/libs/lottie_canvas.module.js(9669,10): error TS2551: Property 'addProcessedElement' does not exist on type 'SVGShapeElement'. Did you mean 'processedElements'?
examples/jsm/libs/lottie_canvas.module.js(9682,8): error TS2339: Property 'renderModifiers' does not exist on type 'SVGShapeElement'.
examples/jsm/libs/lottie_canvas.module.js(9690,41): error TS2339: Property '_isFirstFrame' does not exist on type 'SVGShapeElement'.
examples/jsm/libs/lottie_canvas.module.js(9707,15): error TS2339: Property '_isFirstFrame' does not exist on type 'SVGShapeElement'.
examples/jsm/libs/lottie_canvas.module.js(9708,78): error TS2339: Property '_isFirstFrame' does not exist on type 'SVGShapeElement'.
examples/jsm/libs/lottie_canvas.module.js(9714,8): error TS2339: Property 'destroyBaseElement' does not exist on type 'SVGShapeElement'.
examples/jsm/libs/lottie_canvas.module.js(9716,3): error TS2322: Type 'null' is not assignable to type 'any[]'.
examples/jsm/libs/lottie_canvas.module.js(9791,3): error TS7008: Member 'effectsSequence' implicitly has an 'any[]' type.
examples/jsm/libs/lottie_canvas.module.js(9868,46): error TS2551: Property 'frameId' does not exist on type 'TextProperty'. Did you mean '_frameId'?
examples/jsm/libs/lottie_canvas.module.js(9874,12): error TS2339: Property 'lock' does not exist on type 'TextProperty'.
examples/jsm/libs/lottie_canvas.module.js(9878,8): error TS2339: Property 'lock' does not exist on type 'TextProperty'.
examples/jsm/libs/lottie_canvas.module.js(9894,3): error TS2322: Type '{ ascent: number; boxWidth: number[]; f: string; fStyle: string; fWeight: string; fc: string; j: string; justifyOffset: string; l: never[]; lh: number; lineWidths: never[]; ls: string; of: string; s: string; sc: string; ... 12 more ...; __complete: boolean; }' is not assignable to type 'string'.
examples/jsm/libs/lottie_canvas.module.js(9896,8): error TS2339: Property 'lock' does not exist on type 'TextProperty'.
examples/jsm/libs/lottie_canvas.module.js(9897,8): error TS2551: Property 'frameId' does not exist on type 'TextProperty'. Did you mean '_frameId'?
examples/jsm/libs/lottie_canvas.module.js(10093,31): error TS2339: Property 'ind' does not exist on type '{ l: number; an: number; add: number; n: boolean; anIndexes: never[]; val: any; line: number; animatorJustifyOffset: number; }'.
examples/jsm/libs/lottie_canvas.module.js(10094,31): error TS2339: Property 'extra' does not exist on type '{ l: number; an: number; add: number; n: boolean; anIndexes: never[]; val: any; line: number; animatorJustifyOffset: number; }'.
examples/jsm/libs/lottie_canvas.module.js(10108,31): error TS2339: Property 'ind' does not exist on type '{ l: number; an: number; add: number; n: boolean; anIndexes: never[]; val: any; line: number; animatorJustifyOffset: number; }'.
examples/jsm/libs/lottie_canvas.module.js(10109,31): error TS2339: Property 'extra' does not exist on type '{ l: number; an: number; add: number; n: boolean; anIndexes: never[]; val: any; line: number; animatorJustifyOffset: number; }'.
examples/jsm/libs/lottie_canvas.module.js(10116,22): error TS2339: Property 'ind' does not exist on type '{ l: number; an: number; add: number; n: boolean; anIndexes: never[]; val: any; line: number; animatorJustifyOffset: number; }'.
examples/jsm/libs/lottie_canvas.module.js(10117,22): error TS2339: Property 'extra' does not exist on type '{ l: number; an: number; add: number; n: boolean; anIndexes: never[]; val: any; line: number; animatorJustifyOffset: number; }'.
examples/jsm/libs/lottie_canvas.module.js(10162,7): error TS2322: Type 'number' is not assignable to type 'never'.
examples/jsm/libs/lottie_canvas.module.js(10180,9): error TS2322: Type 'number | undefined' is not assignable to type 'never'.
  Type 'undefined' is not assignable to type 'never'.
examples/jsm/libs/lottie_canvas.module.js(10231,10): error TS2339: Property 'initDynamicPropertyContainer' does not exist on type 'TextSelectorPropFactory'.
examples/jsm/libs/lottie_canvas.module.js(10243,15): error TS2339: Property 'dynamicProperties' does not exist on type 'TextSelectorPropFactory'.
examples/jsm/libs/lottie_canvas.module.js(10257,11): error TS2532: Object is possibly 'undefined'.
examples/jsm/libs/lottie_canvas.module.js(10258,14): error TS2532: Object is possibly 'undefined'.
examples/jsm/libs/lottie_canvas.module.js(10260,15): error TS2532: Object is possibly 'undefined'.
examples/jsm/libs/lottie_canvas.module.js(10262,11): error TS2532: Object is possibly 'undefined'.
examples/jsm/libs/lottie_canvas.module.js(10263,20): error TS2532: Object is possibly 'undefined'.
examples/jsm/libs/lottie_canvas.module.js(10265,20): error TS2532: Object is possibly 'undefined'.
examples/jsm/libs/lottie_canvas.module.js(10341,11): error TS2532: Object is possibly 'undefined'.
examples/jsm/libs/lottie_canvas.module.js(10342,26): error TS2532: Object is possibly 'undefined'.
examples/jsm/libs/lottie_canvas.module.js(10356,21): error TS2532: Object is possibly 'undefined'.
examples/jsm/libs/lottie_canvas.module.js(10359,12): error TS2339: Property 'iterateDynamicProperties' does not exist on type 'TextSelectorPropFactory'.
examples/jsm/libs/lottie_canvas.module.js(10360,12): error TS2339: Property '_mdf' does not exist on type 'TextSelectorPropFactory'.
examples/jsm/libs/lottie_canvas.module.js(10360,40): error TS2339: Property '_mdf' does not exist on type 'TextSelectorPropFactory'.
examples/jsm/libs/lottie_canvas.module.js(10363,9): error TS2532: Object is possibly 'undefined'.
examples/jsm/libs/lottie_canvas.module.js(10366,15): error TS2532: Object is possibly 'undefined'.
examples/jsm/libs/lottie_canvas.module.js(10367,15): error TS2532: Object is possibly 'undefined'.
examples/jsm/libs/lottie_canvas.module.js(10368,16): error TS2532: Object is possibly 'undefined'.
examples/jsm/libs/lottie_canvas.module.js(10381,52): error TS2554: Expected 0-2 arguments, but got 3.
examples/jsm/libs/lottie_canvas.module.js(10413,10): error TS2339: Property 't' does not exist on type 'TextSelectorPropFactory'.
examples/jsm/libs/lottie_canvas.module.js(10428,3): error TS7008: Member 'renderedLetters' implicitly has an 'any[]' type.
examples/jsm/libs/lottie_canvas.module.js(10430,8): error TS2339: Property 'initDynamicPropertyContainer' does not exist on type 'TextAnimatorProperty'.
examples/jsm/libs/lottie_canvas.module.js(10455,3): error TS2322: Type 'ValueProperty | MultiDimensionalProperty | KeyframedValueProperty | KeyframedMultidimensionalProperty | undefined' is not assignable to type '{}'.
  Type 'undefined' is not assignable to type '{}'.
examples/jsm/libs/lottie_canvas.module.js(10460,13): error TS2339: Property '_mdf' does not exist on type 'TextAnimatorProperty'.
examples/jsm/libs/lottie_canvas.module.js(10460,108): error TS2339: Property 'm' does not exist on type '{}'.
examples/jsm/libs/lottie_canvas.module.js(10464,47): error TS2339: Property 'v' does not exist on type '{}'.
examples/jsm/libs/lottie_canvas.module.js(10491,27): error TS2339: Property 'm' does not exist on type '{}'.
examples/jsm/libs/lottie_canvas.module.js(10492,25): error TS2339: Property 'n' does not exist on type '{}'.
examples/jsm/libs/lottie_canvas.module.js(10492,45): error TS2339: Property '_mdf' does not exist on type '{}'.
examples/jsm/libs/lottie_canvas.module.js(10494,26): error TS2339: Property 'r' does not exist on type '{}'.
examples/jsm/libs/lottie_canvas.module.js(10511,32): error TS2345: Argument of type 'any' is not assignable to parameter of type 'never'.
examples/jsm/libs/lottie_canvas.module.js(10521,32): error TS2345: Argument of type 'any' is not assignable to parameter of type 'never'.
examples/jsm/libs/lottie_canvas.module.js(10524,22): error TS2339: Property 'pi' does not exist on type '{}'.
examples/jsm/libs/lottie_canvas.module.js(10526,31): error TS2339: Property 'pi' does not exist on type '{}'.
examples/jsm/libs/lottie_canvas.module.js(10528,36): error TS2339: Property 'f' does not exist on type '{}'.
examples/jsm/libs/lottie_canvas.module.js(10612,27): error TS2571: Object is of type 'unknown'.
examples/jsm/libs/lottie_canvas.module.js(10617,32): error TS2571: Object is of type 'unknown'.
examples/jsm/libs/lottie_canvas.module.js(10652,28): error TS18048: 'pointInd' is possibly 'undefined'.
examples/jsm/libs/lottie_canvas.module.js(10667,32): error TS18048: 'totalLength' is possibly 'undefined'.
examples/jsm/libs/lottie_canvas.module.js(10670,33): error TS18048: 'totalLength' is possibly 'undefined'.
examples/jsm/libs/lottie_canvas.module.js(10687,27): error TS2571: Object is of type 'unknown'.
examples/jsm/libs/lottie_canvas.module.js(10689,32): error TS2571: Object is of type 'unknown'.
examples/jsm/libs/lottie_canvas.module.js(10698,32): error TS2571: Object is of type 'unknown'.
examples/jsm/libs/lottie_canvas.module.js(10709,28): error TS2339: Property 'a' does not exist on type '{}'.
examples/jsm/libs/lottie_canvas.module.js(10710,51): error TS18048: 'totalLength' is possibly 'undefined'.
examples/jsm/libs/lottie_canvas.module.js(10710,80): error TS2339: Property 'f' does not exist on type '{}'.
examples/jsm/libs/lottie_canvas.module.js(10711,43): error TS2339: Property 'f' does not exist on type '{}'.
examples/jsm/libs/lottie_canvas.module.js(10715,54): error TS18048: 'segmentLength' is possibly 'undefined'.
examples/jsm/libs/lottie_canvas.module.js(10722,13): error TS18048: 'pointInd' is possibly 'undefined'.
examples/jsm/libs/lottie_canvas.module.js(10723,17): error TS18048: 'pointInd' is possibly 'undefined'.
examples/jsm/libs/lottie_canvas.module.js(10725,15): error TS18048: 'segmentInd' is possibly 'undefined'.
examples/jsm/libs/lottie_canvas.module.js(10732,19): error TS18048: 'segmentLength' is possibly 'undefined'.
examples/jsm/libs/lottie_canvas.module.js(10757,25): error TS2571: Object is of type 'unknown'.
examples/jsm/libs/lottie_canvas.module.js(10759,30): error TS2571: Object is of type 'unknown'.
examples/jsm/libs/lottie_canvas.module.js(10791,25): error TS2571: Object is of type 'unknown'.
examples/jsm/libs/lottie_canvas.module.js(10793,30): error TS2571: Object is of type 'unknown'.
examples/jsm/libs/lottie_canvas.module.js(10804,25): error TS2571: Object is of type 'unknown'.
examples/jsm/libs/lottie_canvas.module.js(10806,30): error TS2571: Object is of type 'unknown'.
examples/jsm/libs/lottie_canvas.module.js(10816,25): error TS2571: Object is of type 'unknown'.
examples/jsm/libs/lottie_canvas.module.js(10817,28): error TS2571: Object is of type 'unknown'.
examples/jsm/libs/lottie_canvas.module.js(10864,15): error TS18048: 'sc' is possibly 'undefined'.
examples/jsm/libs/lottie_canvas.module.js(10864,49): error TS18048: 'sc' is possibly 'undefined'.
examples/jsm/libs/lottie_canvas.module.js(10866,15): error TS18048: 'sc' is possibly 'undefined'.
examples/jsm/libs/lottie_canvas.module.js(10866,49): error TS18048: 'sc' is possibly 'undefined'.
examples/jsm/libs/lottie_canvas.module.js(10874,17): error TS18048: 'fc' is possibly 'undefined'.
examples/jsm/libs/lottie_canvas.module.js(10874,51): error TS18048: 'fc' is possibly 'undefined'.
examples/jsm/libs/lottie_canvas.module.js(10876,17): error TS18048: 'fc' is possibly 'undefined'.
examples/jsm/libs/lottie_canvas.module.js(10876,51): error TS18048: 'fc' is possibly 'undefined'.
examples/jsm/libs/lottie_canvas.module.js(10905,25): error TS2571: Object is of type 'unknown'.
examples/jsm/libs/lottie_canvas.module.js(10908,30): error TS2571: Object is of type 'unknown'.
examples/jsm/libs/lottie_canvas.module.js(10927,40): error TS18048: 'sc' is possibly 'undefined'.
examples/jsm/libs/lottie_canvas.module.js(10927,72): error TS18048: 'sc' is possibly 'undefined'.
examples/jsm/libs/lottie_canvas.module.js(10927,104): error TS18048: 'sc' is possibly 'undefined'.
examples/jsm/libs/lottie_canvas.module.js(10930,40): error TS18048: 'fc' is possibly 'undefined'.
examples/jsm/libs/lottie_canvas.module.js(10930,72): error TS18048: 'fc' is possibly 'undefined'.
examples/jsm/libs/lottie_canvas.module.js(10930,104): error TS18048: 'fc' is possibly 'undefined'.
examples/jsm/libs/lottie_canvas.module.js(10937,28): error TS2339: Property 'p' does not exist on type '{}'.
examples/jsm/libs/lottie_canvas.module.js(11000,8): error TS2339: Property 'iterateDynamicProperties' does not exist on type 'TextAnimatorProperty'.
examples/jsm/libs/lottie_canvas.module.js(11004,1): error TS7008: Member 'defaultPropsArray' implicitly has an 'any[]' type.
examples/jsm/libs/lottie_canvas.module.js(11011,8): error TS2339: Property 'lettersChangedFlag' does not exist on type 'ITextElement'.
examples/jsm/libs/lottie_canvas.module.js(11012,8): error TS2339: Property 'initFrame' does not exist on type 'ITextElement'.
examples/jsm/libs/lottie_canvas.module.js(11013,8): error TS2339: Property 'initBaseData' does not exist on type 'ITextElement'.
examples/jsm/libs/lottie_canvas.module.js(11014,8): error TS2339: Property 'textProperty' does not exist on type 'ITextElement'.
examples/jsm/libs/lottie_canvas.module.js(11014,54): error TS2554: Expected 0-2 arguments, but got 3.
examples/jsm/libs/lottie_canvas.module.js(11014,59): error TS2339: Property 'dynamicProperties' does not exist on type 'ITextElement'.
examples/jsm/libs/lottie_canvas.module.js(11015,8): error TS2339: Property 'textAnimator' does not exist on type 'ITextElement'.
examples/jsm/libs/lottie_canvas.module.js(11015,61): error TS2339: Property 'renderType' does not exist on type 'ITextElement'.
examples/jsm/libs/lottie_canvas.module.js(11016,8): error TS2339: Property 'initTransform' does not exist on type 'ITextElement'.
examples/jsm/libs/lottie_canvas.module.js(11017,8): error TS2339: Property 'initHierarchy' does not exist on type 'ITextElement'.
examples/jsm/libs/lottie_canvas.module.js(11018,8): error TS2339: Property 'initRenderable' does not exist on type 'ITextElement'.
examples/jsm/libs/lottie_canvas.module.js(11019,8): error TS2339: Property 'initRendererElement' does not exist on type 'ITextElement'.
examples/jsm/libs/lottie_canvas.module.js(11020,8): error TS2339: Property 'createContainerElements' does not exist on type 'ITextElement'.
examples/jsm/libs/lottie_canvas.module.js(11021,8): error TS2339: Property 'createRenderableComponents' does not exist on type 'ITextElement'.
examples/jsm/libs/lottie_canvas.module.js(11022,8): error TS2339: Property 'createContent' does not exist on type 'ITextElement'.
examples/jsm/libs/lottie_canvas.module.js(11023,8): error TS2339: Property 'hide' does not exist on type 'ITextElement'.
examples/jsm/libs/lottie_canvas.module.js(11024,8): error TS2339: Property 'textAnimator' does not exist on type 'ITextElement'.
examples/jsm/libs/lottie_canvas.module.js(11024,43): error TS2339: Property 'dynamicProperties' does not exist on type 'ITextElement'.
examples/jsm/libs/lottie_canvas.module.js(11028,8): error TS2339: Property '_mdf' does not exist on type 'ITextElement'.
examples/jsm/libs/lottie_canvas.module.js(11029,8): error TS2339: Property 'prepareRenderableFrame' does not exist on type 'ITextElement'.
examples/jsm/libs/lottie_canvas.module.js(11030,8): error TS2339: Property 'prepareProperties' does not exist on type 'ITextElement'.
examples/jsm/libs/lottie_canvas.module.js(11030,36): error TS2339: Property 'isInRange' does not exist on type 'ITextElement'.
examples/jsm/libs/lottie_canvas.module.js(11031,12): error TS2339: Property 'textProperty' does not exist on type 'ITextElement'.
examples/jsm/libs/lottie_canvas.module.js(11031,38): error TS2339: Property 'textProperty' does not exist on type 'ITextElement'.
examples/jsm/libs/lottie_canvas.module.js(11032,10): error TS2339: Property 'buildNewText' does not exist on type 'ITextElement'.
examples/jsm/libs/lottie_canvas.module.js(11033,10): error TS2339: Property 'textProperty' does not exist on type 'ITextElement'.
examples/jsm/libs/lottie_canvas.module.js(11034,10): error TS2339: Property 'textProperty' does not exist on type 'ITextElement'.
examples/jsm/libs/lottie_canvas.module.js(11053,8): error TS2339: Property 'textProperty' does not exist on type 'ITextElement'.
examples/jsm/libs/lottie_canvas.module.js(11057,8): error TS2339: Property 'textProperty' does not exist on type 'ITextElement'.
examples/jsm/libs/lottie_canvas.module.js(11061,8): error TS2339: Property 'textProperty' does not exist on type 'ITextElement'.
examples/jsm/libs/lottie_canvas.module.js(11097,3): error TS7008: Member 'textSpans' implicitly has an 'any[]' type.
examples/jsm/libs/lottie_canvas.module.js(11099,8): error TS2339: Property 'initElement' does not exist on type 'SVGTextLottieElement'.
examples/jsm/libs/lottie_canvas.module.js(11105,12): error TS2339: Property 'data' does not exist on type 'SVGTextLottieElement'.
examples/jsm/libs/lottie_canvas.module.js(11105,38): error TS2339: Property 'globalData' does not exist on type 'SVGTextLottieElement'.
examples/jsm/libs/lottie_canvas.module.js(11106,10): error TS2339: Property 'textContainer' does not exist on type 'SVGTextLottieElement'.
examples/jsm/libs/lottie_canvas.module.js(11147,8): error TS2339: Property 'addDynamicProperty' does not exist on type 'SVGTextLottieElement'.
examples/jsm/libs/lottie_canvas.module.js(11151,27): error TS2339: Property 'textProperty' does not exist on type 'SVGTextLottieElement'.
examples/jsm/libs/lottie_canvas.module.js(11152,8): error TS2339: Property 'renderedLetters' does not exist on type 'SVGTextLottieElement'.
examples/jsm/libs/lottie_canvas.module.js(11154,10): error TS2339: Property 'layerElement' does not exist on type 'SVGTextLottieElement'.
examples/jsm/libs/lottie_canvas.module.js(11154,49): error TS2339: Property 'buildColor' does not exist on type 'SVGTextLottieElement'.
examples/jsm/libs/lottie_canvas.module.js(11156,10): error TS2339: Property 'layerElement' does not exist on type 'SVGTextLottieElement'.
examples/jsm/libs/lottie_canvas.module.js(11159,10): error TS2339: Property 'layerElement' does not exist on type 'SVGTextLottieElement'.
examples/jsm/libs/lottie_canvas.module.js(11159,51): error TS2339: Property 'buildColor' does not exist on type 'SVGTextLottieElement'.
examples/jsm/libs/lottie_canvas.module.js(11160,10): error TS2339: Property 'layerElement' does not exist on type 'SVGTextLottieElement'.
examples/jsm/libs/lottie_canvas.module.js(11162,8): error TS2339: Property 'layerElement' does not exist on type 'SVGTextLottieElement'.
examples/jsm/libs/lottie_canvas.module.js(11163,23): error TS2339: Property 'globalData' does not exist on type 'SVGTextLottieElement'.
examples/jsm/libs/lottie_canvas.module.js(11165,10): error TS2339: Property 'layerElement' does not exist on type 'SVGTextLottieElement'.
examples/jsm/libs/lottie_canvas.module.js(11167,10): error TS2339: Property 'layerElement' does not exist on type 'SVGTextLottieElement'.
examples/jsm/libs/lottie_canvas.module.js(11170,10): error TS2339: Property 'layerElement' does not exist on type 'SVGTextLottieElement'.
examples/jsm/libs/lottie_canvas.module.js(11171,10): error TS2339: Property 'layerElement' does not exist on type 'SVGTextLottieElement'.
examples/jsm/libs/lottie_canvas.module.js(11173,8): error TS2339: Property 'layerElement' does not exist on type 'SVGTextLottieElement'.
examples/jsm/libs/lottie_canvas.module.js(11176,27): error TS2339: Property 'globalData' does not exist on type 'SVGTextLottieElement'.
examples/jsm/libs/lottie_canvas.module.js(11180,27): error TS2339: Property 'mHelper' does not exist on type 'SVGTextLottieElement'.
examples/jsm/libs/lottie_canvas.module.js(11182,26): error TS2339: Property 'data' does not exist on type 'SVGTextLottieElement'.
examples/jsm/libs/lottie_canvas.module.js(11188,25): error TS2339: Property 'textContainer' does not exist on type 'SVGTextLottieElement'.
examples/jsm/libs/lottie_canvas.module.js(11223,10): error TS2339: Property 'layerElement' does not exist on type 'SVGTextLottieElement'.
examples/jsm/libs/lottie_canvas.module.js(11248,16): error TS2339: Property 'layerElement' does not exist on type 'SVGTextLottieElement'.
examples/jsm/libs/lottie_canvas.module.js(11261,14): error TS2339: Property 'applyTextPropertiesToMatrix' does not exist on type 'SVGTextLottieElement'.
examples/jsm/libs/lottie_canvas.module.js(11267,25): error TS2339: Property 'globalData' does not exist on type 'SVGTextLottieElement'.
examples/jsm/libs/lottie_canvas.module.js(11270,16): error TS2339: Property 'globalData' does not exist on type 'SVGTextLottieElement'.
examples/jsm/libs/lottie_canvas.module.js(11275,65): error TS2339: Property 'globalData' does not exist on type 'SVGTextLottieElement'.
examples/jsm/libs/lottie_canvas.module.js(11281,57): error TS2339: Property 'globalData' does not exist on type 'SVGTextLottieElement'.
examples/jsm/libs/lottie_canvas.module.js(11289,22): error TS2339: Property '_debug' does not exist on type 'SVGShapeElement | SVGCompElement'.
  Property '_debug' does not exist on type 'SVGShapeElement'.
examples/jsm/libs/lottie_canvas.module.js(11290,22): error TS2339: Property 'prepareFrame' does not exist on type 'SVGShapeElement | SVGCompElement'.
  Property 'prepareFrame' does not exist on type 'SVGShapeElement'.
examples/jsm/libs/lottie_canvas.module.js(11291,22): error TS2339: Property 'renderFrame' does not exist on type 'SVGShapeElement | SVGCompElement'.
  Property 'renderFrame' does not exist on type 'SVGShapeElement'.
examples/jsm/libs/lottie_canvas.module.js(11292,62): error TS2339: Property 'layerElement' does not exist on type 'SVGShapeElement | SVGCompElement'.
  Property 'layerElement' does not exist on type 'SVGShapeElement'.
examples/jsm/libs/lottie_canvas.module.js(11316,8): error TS2339: Property '_sizeChanged' does not exist on type 'SVGTextLottieElement'.
examples/jsm/libs/lottie_canvas.module.js(11320,8): error TS2339: Property 'prepareFrame' does not exist on type 'SVGTextLottieElement'.
examples/jsm/libs/lottie_canvas.module.js(11320,26): error TS2339: Property 'comp' does not exist on type 'SVGTextLottieElement'.
examples/jsm/libs/lottie_canvas.module.js(11320,52): error TS2339: Property 'data' does not exist on type 'SVGTextLottieElement'.
examples/jsm/libs/lottie_canvas.module.js(11322,12): error TS2339: Property '_sizeChanged' does not exist on type 'SVGTextLottieElement'.
examples/jsm/libs/lottie_canvas.module.js(11323,10): error TS2339: Property '_sizeChanged' does not exist on type 'SVGTextLottieElement'.
examples/jsm/libs/lottie_canvas.module.js(11324,24): error TS2339: Property 'layerElement' does not exist on type 'SVGTextLottieElement'.
examples/jsm/libs/lottie_canvas.module.js(11325,10): error TS2339: Property 'bbox' does not exist on type 'SVGTextLottieElement'.
examples/jsm/libs/lottie_canvas.module.js(11332,15): error TS2339: Property 'bbox' does not exist on type 'SVGTextLottieElement'.
examples/jsm/libs/lottie_canvas.module.js(11339,8): error TS2339: Property 'renderedFrame' does not exist on type 'SVGTextLottieElement'.
examples/jsm/libs/lottie_canvas.module.js(11339,29): error TS2339: Property 'comp' does not exist on type 'SVGTextLottieElement'.
examples/jsm/libs/lottie_canvas.module.js(11343,38): error TS2339: Property 'comp' does not exist on type 'SVGTextLottieElement'.
examples/jsm/libs/lottie_canvas.module.js(11343,64): error TS2339: Property 'data' does not exist on type 'SVGTextLottieElement'.
examples/jsm/libs/lottie_canvas.module.js(11345,14): error TS2339: Property '_mdf' does not exist on type 'SVGTextLottieElement'.
examples/jsm/libs/lottie_canvas.module.js(11352,13): error TS2339: Property 'data' does not exist on type 'SVGTextLottieElement'.
examples/jsm/libs/lottie_canvas.module.js(11352,38): error TS2339: Property '_mdf' does not exist on type 'SVGTextLottieElement'.
examples/jsm/libs/lottie_canvas.module.js(11353,10): error TS2339: Property 'textAnimator' does not exist on type 'SVGTextLottieElement'.
examples/jsm/libs/lottie_canvas.module.js(11353,40): error TS2339: Property 'textProperty' does not exist on type 'SVGTextLottieElement'.
examples/jsm/libs/lottie_canvas.module.js(11353,71): error TS2339: Property 'lettersChangedFlag' does not exist on type 'SVGTextLottieElement'.
examples/jsm/libs/lottie_canvas.module.js(11354,14): error TS2339: Property 'lettersChangedFlag' does not exist on type 'SVGTextLottieElement'.
examples/jsm/libs/lottie_canvas.module.js(11354,41): error TS2339: Property 'textAnimator' does not exist on type 'SVGTextLottieElement'.
examples/jsm/libs/lottie_canvas.module.js(11355,12): error TS2339: Property '_sizeChanged' does not exist on type 'SVGTextLottieElement'.
examples/jsm/libs/lottie_canvas.module.js(11358,34): error TS2339: Property 'textAnimator' does not exist on type 'SVGTextLottieElement'.
examples/jsm/libs/lottie_canvas.module.js(11360,26): error TS2339: Property 'textProperty' does not exist on type 'SVGTextLottieElement'.
examples/jsm/libs/lottie_canvas.module.js(11396,8): error TS2339: Property 'initElement' does not exist on type 'ISolidElement'.
examples/jsm/libs/lottie_canvas.module.js(11405,35): error TS2339: Property 'data' does not exist on type 'ISolidElement'.
examples/jsm/libs/lottie_canvas.module.js(11406,36): error TS2339: Property 'data' does not exist on type 'ISolidElement'.
examples/jsm/libs/lottie_canvas.module.js(11407,34): error TS2339: Property 'data' does not exist on type 'ISolidElement'.
examples/jsm/libs/lottie_canvas.module.js(11408,8): error TS2339: Property 'layerElement' does not exist on type 'ISolidElement'.
examples/jsm/libs/lottie_canvas.module.js(11412,8): error TS2339: Property 'initFrame' does not exist on type 'NullElement'.
examples/jsm/libs/lottie_canvas.module.js(11413,8): error TS2339: Property 'initBaseData' does not exist on type 'NullElement'.
examples/jsm/libs/lottie_canvas.module.js(11414,8): error TS2339: Property 'initFrame' does not exist on type 'NullElement'.
examples/jsm/libs/lottie_canvas.module.js(11415,8): error TS2339: Property 'initTransform' does not exist on type 'NullElement'.
examples/jsm/libs/lottie_canvas.module.js(11416,8): error TS2339: Property 'initHierarchy' does not exist on type 'NullElement'.
examples/jsm/libs/lottie_canvas.module.js(11420,8): error TS2339: Property 'prepareProperties' does not exist on type 'NullElement'.
examples/jsm/libs/lottie_canvas.module.js(11447,37): error TS2339: Property 'globalData' does not exist on type 'SVGRendererBase'.
examples/jsm/libs/lottie_canvas.module.js(11451,41): error TS2339: Property 'globalData' does not exist on type 'SVGRendererBase'.
examples/jsm/libs/lottie_canvas.module.js(11455,46): error TS2339: Property 'globalData' does not exist on type 'SVGRendererBase'.
examples/jsm/libs/lottie_canvas.module.js(11459,39): error TS2339: Property 'globalData' does not exist on type 'SVGRendererBase'.
examples/jsm/libs/lottie_canvas.module.js(11463,39): error TS2339: Property 'globalData' does not exist on type 'SVGRendererBase'.
examples/jsm/libs/lottie_canvas.module.js(11467,8): error TS2339: Property 'svgElement' does not exist on type 'SVGRendererBase'.
examples/jsm/libs/lottie_canvas.module.js(11468,12): error TS2339: Property 'renderConfig' does not exist on type 'SVGRendererBase'.
examples/jsm/libs/lottie_canvas.module.js(11469,10): error TS2339: Property 'svgElement' does not exist on type 'SVGRendererBase'.
examples/jsm/libs/lottie_canvas.module.js(11469,50): error TS2339: Property 'renderConfig' does not exist on type 'SVGRendererBase'.
examples/jsm/libs/lottie_canvas.module.js(11471,10): error TS2339: Property 'svgElement' does not exist on type 'SVGRendererBase'.
examples/jsm/libs/lottie_canvas.module.js(11474,13): error TS2339: Property 'renderConfig' does not exist on type 'SVGRendererBase'.
examples/jsm/libs/lottie_canvas.module.js(11475,10): error TS2339: Property 'svgElement' does not exist on type 'SVGRendererBase'.
examples/jsm/libs/lottie_canvas.module.js(11476,10): error TS2339: Property 'svgElement' does not exist on type 'SVGRendererBase'.
examples/jsm/libs/lottie_canvas.module.js(11477,10): error TS2339: Property 'svgElement' does not exist on type 'SVGRendererBase'.
examples/jsm/libs/lottie_canvas.module.js(11478,10): error TS2339: Property 'svgElement' does not exist on type 'SVGRendererBase'.
examples/jsm/libs/lottie_canvas.module.js(11479,10): error TS2339: Property 'svgElement' does not exist on type 'SVGRendererBase'.
examples/jsm/libs/lottie_canvas.module.js(11480,10): error TS2339: Property 'svgElement' does not exist on type 'SVGRendererBase'.
examples/jsm/libs/lottie_canvas.module.js(11480,52): error TS2339: Property 'renderConfig' does not exist on type 'SVGRendererBase'.
examples/jsm/libs/lottie_canvas.module.js(11482,12): error TS2339: Property 'renderConfig' does not exist on type 'SVGRendererBase'.
examples/jsm/libs/lottie_canvas.module.js(11483,10): error TS2339: Property 'svgElement' does not exist on type 'SVGRendererBase'.
examples/jsm/libs/lottie_canvas.module.js(11483,48): error TS2339: Property 'renderConfig' does not exist on type 'SVGRendererBase'.
examples/jsm/libs/lottie_canvas.module.js(11485,12): error TS2339: Property 'renderConfig' does not exist on type 'SVGRendererBase'.
examples/jsm/libs/lottie_canvas.module.js(11486,10): error TS2339: Property 'svgElement' does not exist on type 'SVGRendererBase'.
examples/jsm/libs/lottie_canvas.module.js(11486,49): error TS2339: Property 'renderConfig' does not exist on type 'SVGRendererBase'.
examples/jsm/libs/lottie_canvas.module.js(11488,12): error TS2339: Property 'renderConfig' does not exist on type 'SVGRendererBase'.
examples/jsm/libs/lottie_canvas.module.js(11489,10): error TS2339: Property 'svgElement' does not exist on type 'SVGRendererBase'.
examples/jsm/libs/lottie_canvas.module.js(11489,48): error TS2339: Property 'renderConfig' does not exist on type 'SVGRendererBase'.
examples/jsm/libs/lottie_canvas.module.js(11491,12): error TS2339: Property 'renderConfig' does not exist on type 'SVGRendererBase'.
examples/jsm/libs/lottie_canvas.module.js(11492,10): error TS2339: Property 'svgElement' does not exist on type 'SVGRendererBase'.
examples/jsm/libs/lottie_canvas.module.js(11492,45): error TS2339: Property 'renderConfig' does not exist on type 'SVGRendererBase'.
examples/jsm/libs/lottie_canvas.module.js(11494,12): error TS2339: Property 'renderConfig' does not exist on type 'SVGRendererBase'.
examples/jsm/libs/lottie_canvas.module.js(11495,10): error TS2339: Property 'svgElement' does not exist on type 'SVGRendererBase'.
examples/jsm/libs/lottie_canvas.module.js(11495,52): error TS2339: Property 'renderConfig' does not exist on type 'SVGRendererBase'.
examples/jsm/libs/lottie_canvas.module.js(11497,8): error TS2339: Property 'svgElement' does not exist on type 'SVGRendererBase'.
examples/jsm/libs/lottie_canvas.module.js(11497,60): error TS2339: Property 'renderConfig' does not exist on type 'SVGRendererBase'.
examples/jsm/libs/lottie_canvas.module.js(11500,8): error TS2339: Property 'animationItem' does not exist on type 'SVGRendererBase'.
examples/jsm/libs/lottie_canvas.module.js(11500,47): error TS2339: Property 'svgElement' does not exist on type 'SVGRendererBase'.
examples/jsm/libs/lottie_canvas.module.js(11502,19): error TS2339: Property 'globalData' does not exist on type 'SVGRendererBase'.
examples/jsm/libs/lottie_canvas.module.js(11504,8): error TS2339: Property 'setupGlobalData' does not exist on type 'SVGRendererBase'.
examples/jsm/libs/lottie_canvas.module.js(11505,8): error TS2339: Property 'globalData' does not exist on type 'SVGRendererBase'.
examples/jsm/libs/lottie_canvas.module.js(11505,42): error TS2339: Property 'renderConfig' does not exist on type 'SVGRendererBase'.
examples/jsm/libs/lottie_canvas.module.js(11506,8): error TS2339: Property 'data' does not exist on type 'SVGRendererBase'.
examples/jsm/libs/lottie_canvas.module.js(11517,8): error TS2339: Property 'layerElement' does not exist on type 'SVGRendererBase'.
examples/jsm/libs/lottie_canvas.module.js(11520,8): error TS2339: Property 'layers' does not exist on type 'SVGRendererBase'.
examples/jsm/libs/lottie_canvas.module.js(11521,8): error TS2339: Property 'elements' does not exist on type 'SVGRendererBase'.
examples/jsm/libs/lottie_canvas.module.js(11525,12): error TS2339: Property 'animationItem' does not exist on type 'SVGRendererBase'.
examples/jsm/libs/lottie_canvas.module.js(11526,10): error TS2339: Property 'animationItem' does not exist on type 'SVGRendererBase'.
examples/jsm/libs/lottie_canvas.module.js(11528,8): error TS2339: Property 'layerElement' does not exist on type 'SVGRendererBase'.
examples/jsm/libs/lottie_canvas.module.js(11529,8): error TS2339: Property 'globalData' does not exist on type 'SVGRendererBase'.
examples/jsm/libs/lottie_canvas.module.js(11531,18): error TS2339: Property 'layers' does not exist on type 'SVGRendererBase'.
examples/jsm/libs/lottie_canvas.module.js(11531,32): error TS2339: Property 'layers' does not exist on type 'SVGRendererBase'.
examples/jsm/libs/lottie_canvas.module.js(11533,14): error TS2339: Property 'elements' does not exist on type 'SVGRendererBase'.
examples/jsm/libs/lottie_canvas.module.js(11534,12): error TS2339: Property 'elements' does not exist on type 'SVGRendererBase'.
examples/jsm/libs/lottie_canvas.module.js(11537,8): error TS2339: Property 'elements' does not exist on type 'SVGRendererBase'.
examples/jsm/libs/lottie_canvas.module.js(11538,8): error TS2551: Property 'destroyed' does not exist on type 'SVGRendererBase'. Did you mean 'destroy'?
examples/jsm/libs/lottie_canvas.module.js(11539,8): error TS2339: Property 'animationItem' does not exist on type 'SVGRendererBase'.
examples/jsm/libs/lottie_canvas.module.js(11546,23): error TS2339: Property 'elements' does not exist on type 'SVGRendererBase'.
examples/jsm/libs/lottie_canvas.module.js(11547,29): error TS2339: Property 'layers' does not exist on type 'SVGRendererBase'.
examples/jsm/libs/lottie_canvas.module.js(11551,22): error TS2551: Property 'createItem' does not exist on type 'SVGRendererBase'. Did you mean 'createText'?
examples/jsm/libs/lottie_canvas.module.js(11551,38): error TS2339: Property 'layers' does not exist on type 'SVGRendererBase'.
examples/jsm/libs/lottie_canvas.module.js(11555,14): error TS2339: Property 'layers' does not exist on type 'SVGRendererBase'.
examples/jsm/libs/lottie_canvas.module.js(11556,12): error TS2339: Property 'globalData' does not exist on type 'SVGRendererBase'.
examples/jsm/libs/lottie_canvas.module.js(11561,12): error TS2339: Property 'layers' does not exist on type 'SVGRendererBase'.
examples/jsm/libs/lottie_canvas.module.js(11562,15): error TS2339: Property 'elements' does not exist on type 'SVGRendererBase'.
examples/jsm/libs/lottie_canvas.module.js(11562,41): error TS2339: Property 'elements' does not exist on type 'SVGRendererBase'.
examples/jsm/libs/lottie_canvas.module.js(11564,12): error TS2339: Property 'addPendingElement' does not exist on type 'SVGRendererBase'.
examples/jsm/libs/lottie_canvas.module.js(11572,15): error TS2551: Property 'pendingElements' does not exist on type 'SVGRendererBase'. Did you mean 'checkPendingElements'?
examples/jsm/libs/lottie_canvas.module.js(11573,24): error TS2551: Property 'pendingElements' does not exist on type 'SVGRendererBase'. Did you mean 'checkPendingElements'?
examples/jsm/libs/lottie_canvas.module.js(11577,22): error TS2339: Property 'elements' does not exist on type 'SVGRendererBase'.
examples/jsm/libs/lottie_canvas.module.js(11579,18): error TS2339: Property 'elements' does not exist on type 'SVGRendererBase'.
examples/jsm/libs/lottie_canvas.module.js(11580,33): error TS2339: Property 'elements' does not exist on type 'SVGRendererBase'.
examples/jsm/libs/lottie_canvas.module.js(11590,12): error TS2551: Property 'renderedFrame' does not exist on type 'SVGRendererBase'. Did you mean 'renderFrame'?
examples/jsm/libs/lottie_canvas.module.js(11590,42): error TS2551: Property 'destroyed' does not exist on type 'SVGRendererBase'. Did you mean 'destroy'?
examples/jsm/libs/lottie_canvas.module.js(11594,16): error TS2551: Property 'renderedFrame' does not exist on type 'SVGRendererBase'. Did you mean 'renderFrame'?
examples/jsm/libs/lottie_canvas.module.js(11596,10): error TS2551: Property 'renderedFrame' does not exist on type 'SVGRendererBase'. Did you mean 'renderFrame'?
examples/jsm/libs/lottie_canvas.module.js(11600,8): error TS2339: Property 'globalData' does not exist on type 'SVGRendererBase'.
examples/jsm/libs/lottie_canvas.module.js(11601,8): error TS2339: Property 'globalData' does not exist on type 'SVGRendererBase'.
examples/jsm/libs/lottie_canvas.module.js(11602,8): error TS2339: Property 'globalData' does not exist on type 'SVGRendererBase'.
examples/jsm/libs/lottie_canvas.module.js(11603,8): error TS2339: Property 'globalData' does not exist on type 'SVGRendererBase'.
examples/jsm/libs/lottie_canvas.module.js(11605,18): error TS2339: Property 'layers' does not exist on type 'SVGRendererBase'.
examples/jsm/libs/lottie_canvas.module.js(11606,13): error TS2339: Property 'completeLayers' does not exist on type 'SVGRendererBase'.
examples/jsm/libs/lottie_canvas.module.js(11607,10): error TS2339: Property 'checkLayers' does not exist on type 'SVGRendererBase'.
examples/jsm/libs/lottie_canvas.module.js(11610,14): error TS2339: Property 'completeLayers' does not exist on type 'SVGRendererBase'.
examples/jsm/libs/lottie_canvas.module.js(11610,37): error TS2339: Property 'elements' does not exist on type 'SVGRendererBase'.
examples/jsm/libs/lottie_canvas.module.js(11611,12): error TS2339: Property 'elements' does not exist on type 'SVGRendererBase'.
examples/jsm/libs/lottie_canvas.module.js(11611,48): error TS2339: Property 'layers' does not exist on type 'SVGRendererBase'.
examples/jsm/libs/lottie_canvas.module.js(11614,12): error TS2339: Property 'globalData' does not exist on type 'SVGRendererBase'.
examples/jsm/libs/lottie_canvas.module.js(11616,16): error TS2339: Property 'completeLayers' does not exist on type 'SVGRendererBase'.
examples/jsm/libs/lottie_canvas.module.js(11616,39): error TS2339: Property 'elements' does not exist on type 'SVGRendererBase'.
examples/jsm/libs/lottie_canvas.module.js(11617,14): error TS2339: Property 'elements' does not exist on type 'SVGRendererBase'.
examples/jsm/libs/lottie_canvas.module.js(11631,14): error TS2339: Property 'elements' does not exist on type 'SVGRendererBase'.
examples/jsm/libs/lottie_canvas.module.js(11631,34): error TS2339: Property 'elements' does not exist on type 'SVGRendererBase'.
examples/jsm/libs/lottie_canvas.module.js(11631,63): error TS2339: Property 'elements' does not exist on type 'SVGRendererBase'.
examples/jsm/libs/lottie_canvas.module.js(11632,26): error TS2339: Property 'elements' does not exist on type 'SVGRendererBase'.
examples/jsm/libs/lottie_canvas.module.js(11637,10): error TS2339: Property 'layerElement' does not exist on type 'SVGRendererBase'.
examples/jsm/libs/lottie_canvas.module.js(11639,10): error TS2339: Property 'layerElement' does not exist on type 'SVGRendererBase'.
examples/jsm/libs/lottie_canvas.module.js(11644,8): error TS2339: Property 'layerElement' does not exist on type 'SVGRendererBase'.
examples/jsm/libs/lottie_canvas.module.js(11648,8): error TS2339: Property 'layerElement' does not exist on type 'SVGRendererBase'.
examples/jsm/libs/lottie_canvas.module.js(11656,8): error TS2339: Property 'initFrame' does not exist on type 'ICompElement'.
examples/jsm/libs/lottie_canvas.module.js(11657,8): error TS2339: Property 'initBaseData' does not exist on type 'ICompElement'.
examples/jsm/libs/lottie_canvas.module.js(11658,8): error TS2339: Property 'initTransform' does not exist on type 'ICompElement'.
examples/jsm/libs/lottie_canvas.module.js(11659,8): error TS2339: Property 'initRenderable' does not exist on type 'ICompElement'.
examples/jsm/libs/lottie_canvas.module.js(11660,8): error TS2339: Property 'initHierarchy' does not exist on type 'ICompElement'.
examples/jsm/libs/lottie_canvas.module.js(11661,8): error TS2339: Property 'initRendererElement' does not exist on type 'ICompElement'.
examples/jsm/libs/lottie_canvas.module.js(11662,8): error TS2339: Property 'createContainerElements' does not exist on type 'ICompElement'.
examples/jsm/libs/lottie_canvas.module.js(11663,8): error TS2339: Property 'createRenderableComponents' does not exist on type 'ICompElement'.
examples/jsm/libs/lottie_canvas.module.js(11664,12): error TS2339: Property 'data' does not exist on type 'ICompElement'.
examples/jsm/libs/lottie_canvas.module.js(11665,10): error TS2339: Property 'buildAllItems' does not exist on type 'ICompElement'.
examples/jsm/libs/lottie_canvas.module.js(11667,8): error TS2339: Property 'hide' does not exist on type 'ICompElement'.
examples/jsm/libs/lottie_canvas.module.js(11683,8): error TS2339: Property '_mdf' does not exist on type 'ICompElement'.
examples/jsm/libs/lottie_canvas.module.js(11684,8): error TS2339: Property 'prepareRenderableFrame' does not exist on type 'ICompElement'.
examples/jsm/libs/lottie_canvas.module.js(11685,8): error TS2339: Property 'prepareProperties' does not exist on type 'ICompElement'.
examples/jsm/libs/lottie_canvas.module.js(11685,36): error TS2339: Property 'isInRange' does not exist on type 'ICompElement'.
examples/jsm/libs/lottie_canvas.module.js(11686,13): error TS2339: Property 'isInRange' does not exist on type 'ICompElement'.
examples/jsm/libs/lottie_canvas.module.js(11686,32): error TS2339: Property 'data' does not exist on type 'ICompElement'.
examples/jsm/libs/lottie_canvas.module.js(11690,13): error TS2339: Property 'tm' does not exist on type 'ICompElement'.
examples/jsm/libs/lottie_canvas.module.js(11691,29): error TS2339: Property 'tm' does not exist on type 'ICompElement'.
examples/jsm/libs/lottie_canvas.module.js(11692,31): error TS2339: Property 'data' does not exist on type 'ICompElement'.
examples/jsm/libs/lottie_canvas.module.js(11693,27): error TS2339: Property 'data' does not exist on type 'ICompElement'.
examples/jsm/libs/lottie_canvas.module.js(11695,10): error TS2339: Property 'renderedFrame' does not exist on type 'ICompElement'.
examples/jsm/libs/lottie_canvas.module.js(11697,10): error TS2339: Property 'renderedFrame' does not exist on type 'ICompElement'.
examples/jsm/libs/lottie_canvas.module.js(11697,37): error TS2339: Property 'data' does not exist on type 'ICompElement'.
examples/jsm/libs/lottie_canvas.module.js(11700,18): error TS2339: Property 'elements' does not exist on type 'ICompElement'.
examples/jsm/libs/lottie_canvas.module.js(11701,13): error TS2339: Property 'completeLayers' does not exist on type 'ICompElement'.
examples/jsm/libs/lottie_canvas.module.js(11702,10): error TS2339: Property 'checkLayers' does not exist on type 'ICompElement'.
examples/jsm/libs/lottie_canvas.module.js(11702,27): error TS2339: Property 'renderedFrame' does not exist on type 'ICompElement'.
examples/jsm/libs/lottie_canvas.module.js(11706,14): error TS2339: Property 'completeLayers' does not exist on type 'ICompElement'.
examples/jsm/libs/lottie_canvas.module.js(11706,37): error TS2339: Property 'elements' does not exist on type 'ICompElement'.
examples/jsm/libs/lottie_canvas.module.js(11707,12): error TS2339: Property 'elements' does not exist on type 'ICompElement'.
examples/jsm/libs/lottie_canvas.module.js(11707,42): error TS2339: Property 'renderedFrame' does not exist on type 'ICompElement'.
examples/jsm/libs/lottie_canvas.module.js(11707,63): error TS2339: Property 'layers' does not exist on type 'ICompElement'.
examples/jsm/libs/lottie_canvas.module.js(11708,16): error TS2339: Property 'elements' does not exist on type 'ICompElement'.
examples/jsm/libs/lottie_canvas.module.js(11709,14): error TS2339: Property '_mdf' does not exist on type 'ICompElement'.
examples/jsm/libs/lottie_canvas.module.js(11717,18): error TS2339: Property 'layers' does not exist on type 'ICompElement'.
examples/jsm/libs/lottie_canvas.module.js(11719,14): error TS2339: Property 'completeLayers' does not exist on type 'ICompElement'.
examples/jsm/libs/lottie_canvas.module.js(11719,37): error TS2339: Property 'elements' does not exist on type 'ICompElement'.
examples/jsm/libs/lottie_canvas.module.js(11720,12): error TS2339: Property 'elements' does not exist on type 'ICompElement'.
examples/jsm/libs/lottie_canvas.module.js(11726,8): error TS2339: Property 'elements' does not exist on type 'ICompElement'.
examples/jsm/libs/lottie_canvas.module.js(11730,15): error TS2339: Property 'elements' does not exist on type 'ICompElement'.
examples/jsm/libs/lottie_canvas.module.js(11735,18): error TS2339: Property 'layers' does not exist on type 'ICompElement'.
examples/jsm/libs/lottie_canvas.module.js(11737,14): error TS2339: Property 'elements' does not exist on type 'ICompElement'.
examples/jsm/libs/lottie_canvas.module.js(11738,12): error TS2339: Property 'elements' does not exist on type 'ICompElement'.
examples/jsm/libs/lottie_canvas.module.js(11745,8): error TS2551: Property 'destroyBaseElement' does not exist on type 'ICompElement'. Did you mean 'destroyElements'?
examples/jsm/libs/lottie_canvas.module.js(11752,3): error TS7008: Member 'pendingElements' implicitly has an 'any[]' type.
examples/jsm/libs/lottie_canvas.module.js(11754,8): error TS2339: Property 'initElement' does not exist on type 'SVGCompElement'.
examples/jsm/libs/lottie_canvas.module.js(11761,40): error TS2339: Property 'globalData' does not exist on type 'SVGCompElement'.
examples/jsm/libs/lottie_canvas.module.js(11851,16): error TS2339: Property 'set' does not exist on type 'number[] | Uint8ClampedArray<any> | Int16Array<any> | Float32Array<any>'.
  Property 'set' does not exist on type 'number[]'.
examples/jsm/libs/lottie_canvas.module.js(11867,3): error TS7008: Member 'sequenceList' implicitly has an 'any[]' type.
examples/jsm/libs/lottie_canvas.module.js(11879,20): error TS7053: Element implicitly has an 'any' type because expression of type 'string' can't be used to index type '{}'.
  No index signature with a parameter of type 'string' was found on type '{}'.
examples/jsm/libs/lottie_canvas.module.js(11886,7): error TS7053: Element implicitly has an 'any' type because expression of type 'string' can't be used to index type '{}'.
  No index signature with a parameter of type 'string' was found on type '{}'.
examples/jsm/libs/lottie_canvas.module.js(11971,14): error TS2571: Object is of type 'unknown'.
examples/jsm/libs/lottie_canvas.module.js(12001,10): error TS2339: Property 'canvasContext' does not exist on type 'CVBaseElement'.
examples/jsm/libs/lottie_canvas.module.js(12001,31): error TS2339: Property 'globalData' does not exist on type 'CVBaseElement'.
examples/jsm/libs/lottie_canvas.module.js(12002,10): error TS2339: Property 'renderableEffectsManager' does not exist on type 'CVBaseElement'.
examples/jsm/libs/lottie_canvas.module.js(12002,51): error TS2554: Expected 0 arguments, but got 1.
examples/jsm/libs/lottie_canvas.module.js(12006,27): error TS2339: Property 'globalData' does not exist on type 'CVBaseElement'.
examples/jsm/libs/lottie_canvas.module.js(12007,39): error TS2339: Property 'data' does not exist on type 'CVBaseElement'.
examples/jsm/libs/lottie_canvas.module.js(12008,35): error TS2339: Property 'data' does not exist on type 'CVBaseElement'.
examples/jsm/libs/lottie_canvas.module.js(12009,46): error TS2339: Property 'data' does not exist on type 'CVBaseElement'.
examples/jsm/libs/lottie_canvas.module.js(12014,10): error TS2339: Property 'maskManager' does not exist on type 'CVBaseElement'.
examples/jsm/libs/lottie_canvas.module.js(12014,47): error TS2339: Property 'data' does not exist on type 'CVBaseElement'.
examples/jsm/libs/lottie_canvas.module.js(12017,15): error TS2551: Property 'hidden' does not exist on type 'CVBaseElement'. Did you mean 'hide'?
examples/jsm/libs/lottie_canvas.module.js(12017,32): error TS2339: Property 'isInRange' does not exist on type 'CVBaseElement'.
examples/jsm/libs/lottie_canvas.module.js(12017,50): error TS2339: Property 'isTransparent' does not exist on type 'CVBaseElement'.
examples/jsm/libs/lottie_canvas.module.js(12018,12): error TS2551: Property 'hidden' does not exist on type 'CVBaseElement'. Did you mean 'hide'?
examples/jsm/libs/lottie_canvas.module.js(12022,14): error TS2339: Property 'isInRange' does not exist on type 'CVBaseElement'.
examples/jsm/libs/lottie_canvas.module.js(12022,33): error TS2339: Property 'isTransparent' does not exist on type 'CVBaseElement'.
examples/jsm/libs/lottie_canvas.module.js(12023,12): error TS2551: Property 'hidden' does not exist on type 'CVBaseElement'. Did you mean 'hide'?
examples/jsm/libs/lottie_canvas.module.js(12024,12): error TS2339: Property '_isFirstFrame' does not exist on type 'CVBaseElement'.
examples/jsm/libs/lottie_canvas.module.js(12025,12): error TS2339: Property 'maskManager' does not exist on type 'CVBaseElement'.
examples/jsm/libs/lottie_canvas.module.js(12029,14): error TS2551: Property 'hidden' does not exist on type 'CVBaseElement'. Did you mean 'hide'?
examples/jsm/libs/lottie_canvas.module.js(12029,29): error TS2339: Property 'data' does not exist on type 'CVBaseElement'.
examples/jsm/libs/lottie_canvas.module.js(12032,10): error TS2339: Property 'renderTransform' does not exist on type 'CVBaseElement'.
examples/jsm/libs/lottie_canvas.module.js(12033,10): error TS2339: Property 'renderRenderable' does not exist on type 'CVBaseElement'.
examples/jsm/libs/lottie_canvas.module.js(12035,31): error TS2339: Property 'data' does not exist on type 'CVBaseElement'.
examples/jsm/libs/lottie_canvas.module.js(12036,10): error TS2339: Property 'globalData' does not exist on type 'CVBaseElement'.
examples/jsm/libs/lottie_canvas.module.js(12037,10): error TS2339: Property 'globalData' does not exist on type 'CVBaseElement'.
examples/jsm/libs/lottie_canvas.module.js(12037,48): error TS2339: Property 'finalTransform' does not exist on type 'CVBaseElement'.
examples/jsm/libs/lottie_canvas.module.js(12038,10): error TS2339: Property 'globalData' does not exist on type 'CVBaseElement'.
examples/jsm/libs/lottie_canvas.module.js(12038,46): error TS2339: Property 'finalTransform' does not exist on type 'CVBaseElement'.
examples/jsm/libs/lottie_canvas.module.js(12039,10): error TS2339: Property 'renderInnerContent' does not exist on type 'CVBaseElement'.
examples/jsm/libs/lottie_canvas.module.js(12040,10): error TS2339: Property 'globalData' does not exist on type 'CVBaseElement'.
examples/jsm/libs/lottie_canvas.module.js(12041,14): error TS2339: Property 'maskManager' does not exist on type 'CVBaseElement'.
examples/jsm/libs/lottie_canvas.module.js(12042,12): error TS2339: Property 'globalData' does not exist on type 'CVBaseElement'.
examples/jsm/libs/lottie_canvas.module.js(12044,14): error TS2339: Property '_isFirstFrame' does not exist on type 'CVBaseElement'.
examples/jsm/libs/lottie_canvas.module.js(12045,12): error TS2339: Property '_isFirstFrame' does not exist on type 'CVBaseElement'.
examples/jsm/libs/lottie_canvas.module.js(12049,10): error TS2339: Property 'canvasContext' does not exist on type 'CVBaseElement'.
examples/jsm/libs/lottie_canvas.module.js(12050,10): error TS2339: Property 'data' does not exist on type 'CVBaseElement'.
examples/jsm/libs/lottie_canvas.module.js(12051,10): error TS2339: Property 'globalData' does not exist on type 'CVBaseElement'.
examples/jsm/libs/lottie_canvas.module.js(12052,10): error TS2339: Property 'maskManager' does not exist on type 'CVBaseElement'.
examples/jsm/libs/lottie_canvas.module.js(12056,15): error TS2565: Property 'prototype' is used before being assigned.
examples/jsm/libs/lottie_canvas.module.js(12056,25): error TS2339: Property 'hide' does not exist on type '{ createElements: () => void; initRendererElement: () => void; createContainerElements: typeof createContainerElements; createContent: () => void; setBlendMode: () => void; ... 5 more ...; mHelper: (Anonymous function); }'.
examples/jsm/libs/lottie_canvas.module.js(12056,46): error TS2565: Property 'prototype' is used before being assigned.
examples/jsm/libs/lottie_canvas.module.js(12057,15): error TS2565: Property 'prototype' is used before being assigned.
examples/jsm/libs/lottie_canvas.module.js(12057,25): error TS2339: Property 'show' does not exist on type '{ createElements: () => void; initRendererElement: () => void; createContainerElements: typeof createContainerElements; createContent: () => void; setBlendMode: () => void; ... 5 more ...; mHelper: (Anonymous function); }'.
examples/jsm/libs/lottie_canvas.module.js(12057,46): error TS2565: Property 'prototype' is used before being assigned.
examples/jsm/libs/lottie_canvas.module.js(12070,66): error TS2554: Expected 0-3 arguments, but got 4.
examples/jsm/libs/lottie_canvas.module.js(12089,3): error TS7008: Member 'shapes' implicitly has an 'any[]' type.
examples/jsm/libs/lottie_canvas.module.js(12091,3): error TS7008: Member 'stylesList' implicitly has an 'any[]' type.
examples/jsm/libs/lottie_canvas.module.js(12092,3): error TS7008: Member 'itemsData' implicitly has an 'any[]' type.
examples/jsm/libs/lottie_canvas.module.js(12093,3): error TS7008: Member 'prevViewData' implicitly has an 'any[]' type.
examples/jsm/libs/lottie_canvas.module.js(12094,3): error TS7008: Member 'shapeModifiers' implicitly has an 'any[]' type.
examples/jsm/libs/lottie_canvas.module.js(12106,1): error TS7008: Member 'dashResetter' implicitly has an 'any[]' type.
examples/jsm/libs/lottie_canvas.module.js(12124,10): error TS18048: 'elementData.c' is possibly 'undefined'.
examples/jsm/libs/lottie_canvas.module.js(12125,17): error TS2339: Property 'co' does not exist on type '{ data: any; type: any; preTransforms: any; transforms: never[]; elements: never[]; closed: boolean; }'.
examples/jsm/libs/lottie_canvas.module.js(12125,39): error TS18048: 'elementData.c' is possibly 'undefined'.
examples/jsm/libs/lottie_canvas.module.js(12125,75): error TS18048: 'elementData.c' is possibly 'undefined'.
examples/jsm/libs/lottie_canvas.module.js(12125,111): error TS18048: 'elementData.c' is possibly 'undefined'.
examples/jsm/libs/lottie_canvas.module.js(12136,15): error TS2339: Property 'lc' does not exist on type '{ data: any; type: any; preTransforms: any; transforms: never[]; elements: never[]; closed: boolean; }'.
examples/jsm/libs/lottie_canvas.module.js(12136,20): error TS7053: Element implicitly has an 'any' type because expression of type 'any' can't be used to index type '{ 1: string; 2: string; 3: string; }'.
examples/jsm/libs/lottie_canvas.module.js(12137,15): error TS2339: Property 'lj' does not exist on type '{ data: any; type: any; preTransforms: any; transforms: never[]; elements: never[]; closed: boolean; }'.
examples/jsm/libs/lottie_canvas.module.js(12137,20): error TS7053: Element implicitly has an 'any' type because expression of type 'any' can't be used to index type '{ 1: string; 2: string; 3: string; }'.
examples/jsm/libs/lottie_canvas.module.js(12139,17): error TS2339: Property 'ml' does not exist on type '{ data: any; type: any; preTransforms: any; transforms: never[]; elements: never[]; closed: boolean; }'.
examples/jsm/libs/lottie_canvas.module.js(12142,10): error TS18048: 'elementData.w' is possibly 'undefined'.
examples/jsm/libs/lottie_canvas.module.js(12143,17): error TS2339: Property 'wi' does not exist on type '{ data: any; type: any; preTransforms: any; transforms: never[]; elements: never[]; closed: boolean; }'.
examples/jsm/libs/lottie_canvas.module.js(12143,22): error TS18048: 'elementData.w' is possibly 'undefined'.
examples/jsm/libs/lottie_canvas.module.js(12149,19): error TS2339: Property 'da' does not exist on type '{ data: any; type: any; preTransforms: any; transforms: never[]; elements: never[]; closed: boolean; }'.
examples/jsm/libs/lottie_canvas.module.js(12150,19): error TS2339: Property 'do' does not exist on type '{ data: any; type: any; preTransforms: any; transforms: never[]; elements: never[]; closed: boolean; }'.
examples/jsm/libs/lottie_canvas.module.js(12154,15): error TS2339: Property 'r' does not exist on type '{ data: any; type: any; preTransforms: any; transforms: never[]; elements: never[]; closed: boolean; }'.
examples/jsm/libs/lottie_canvas.module.js(12186,8): error TS2551: Property 'addShapeToModifiers' does not exist on type 'CVShapeElement'. Did you mean 'shapeModifiers'?
examples/jsm/libs/lottie_canvas.module.js(12191,8): error TS2339: Property '_isFirstFrame' does not exist on type 'CVShapeElement'.
examples/jsm/libs/lottie_canvas.module.js(12198,14): error TS2339: Property 'dynamicProperties' does not exist on type 'CVShapeElement'.
examples/jsm/libs/lottie_canvas.module.js(12200,10): error TS2339: Property 'dynamicProperties' does not exist on type 'CVShapeElement'.
examples/jsm/libs/lottie_canvas.module.js(12202,8): error TS2339: Property 'renderModifiers' does not exist on type 'CVShapeElement'.
examples/jsm/libs/lottie_canvas.module.js(12203,48): error TS2339: Property '_isFirstFrame' does not exist on type 'CVShapeElement'.
examples/jsm/libs/lottie_canvas.module.js(12246,25): error TS2551: Property 'searchProcessedElement' does not exist on type 'CVShapeElement'. Did you mean 'processedElements'?
examples/jsm/libs/lottie_canvas.module.js(12262,48): error TS2554: Expected 0 arguments, but got 1.
examples/jsm/libs/lottie_canvas.module.js(12305,10): error TS2551: Property 'addProcessedElement' does not exist on type 'CVShapeElement'. Did you mean 'processedElements'?
examples/jsm/libs/lottie_canvas.module.js(12318,8): error TS2339: Property 'renderModifiers' does not exist on type 'CVShapeElement'.
examples/jsm/libs/lottie_canvas.module.js(12319,48): error TS2339: Property '_isFirstFrame' does not exist on type 'CVShapeElement'.
examples/jsm/libs/lottie_canvas.module.js(12324,64): error TS2339: Property '_isFirstFrame' does not exist on type 'CVShapeElement'.
examples/jsm/libs/lottie_canvas.module.js(12340,23): error TS2339: Property 'globalData' does not exist on type 'CVShapeElement'.
examples/jsm/libs/lottie_canvas.module.js(12341,18): error TS2339: Property 'globalData' does not exist on type 'CVShapeElement'.
examples/jsm/libs/lottie_canvas.module.js(12353,142): error TS2339: Property 'globalData' does not exist on type 'CVShapeElement'.
examples/jsm/libs/lottie_canvas.module.js(12435,12): error TS2339: Property '_isFirstFrame' does not exist on type 'CVShapeElement'.
examples/jsm/libs/lottie_canvas.module.js(12494,31): error TS2339: Property '_isFirstFrame' does not exist on type 'CVShapeElement'.
examples/jsm/libs/lottie_canvas.module.js(12500,56): error TS2339: Property '_isFirstFrame' does not exist on type 'CVShapeElement'.
examples/jsm/libs/lottie_canvas.module.js(12509,20): error TS2339: Property 'globalData' does not exist on type 'CVShapeElement'.
examples/jsm/libs/lottie_canvas.module.js(12549,28): error TS2339: Property '_isFirstFrame' does not exist on type 'CVShapeElement'.
examples/jsm/libs/lottie_canvas.module.js(12553,31): error TS2339: Property '_isFirstFrame' does not exist on type 'CVShapeElement'.
examples/jsm/libs/lottie_canvas.module.js(12556,56): error TS2339: Property '_isFirstFrame' does not exist on type 'CVShapeElement'.
examples/jsm/libs/lottie_canvas.module.js(12559,31): error TS2339: Property '_isFirstFrame' does not exist on type 'CVShapeElement'.
examples/jsm/libs/lottie_canvas.module.js(12566,8): error TS2339: Property 'globalData' does not exist on type 'CVShapeElement'.
examples/jsm/libs/lottie_canvas.module.js(12567,8): error TS2339: Property 'canvasContext' does not exist on type 'CVShapeElement'.
examples/jsm/libs/lottie_canvas.module.js(12573,3): error TS7008: Member 'textSpans' implicitly has an 'any[]' type.
examples/jsm/libs/lottie_canvas.module.js(12589,8): error TS2339: Property 'initElement' does not exist on type 'CVTextElement'.
examples/jsm/libs/lottie_canvas.module.js(12596,27): error TS2339: Property 'textProperty' does not exist on type 'CVTextElement'.
examples/jsm/libs/lottie_canvas.module.js(12597,8): error TS2339: Property 'renderedLetters' does not exist on type 'CVTextElement'.
examples/jsm/libs/lottie_canvas.module.js(12602,29): error TS2339: Property 'buildColor' does not exist on type 'CVTextElement'.
examples/jsm/libs/lottie_canvas.module.js(12610,31): error TS2339: Property 'buildColor' does not exist on type 'CVTextElement'.
examples/jsm/libs/lottie_canvas.module.js(12613,23): error TS2339: Property 'globalData' does not exist on type 'CVTextElement'.
examples/jsm/libs/lottie_canvas.module.js(12617,27): error TS2551: Property 'mHelper' does not exist on type 'CVTextElement'. Did you mean 'tHelper'?
examples/jsm/libs/lottie_canvas.module.js(12619,62): error TS2339: Property 'globalData' does not exist on type 'CVTextElement'.
examples/jsm/libs/lottie_canvas.module.js(12632,26): error TS2339: Property 'data' does not exist on type 'CVTextElement'.
examples/jsm/libs/lottie_canvas.module.js(12639,21): error TS2339: Property 'globalData' does not exist on type 'CVTextElement'.
examples/jsm/libs/lottie_canvas.module.js(12639,105): error TS2339: Property 'globalData' does not exist on type 'CVTextElement'.
examples/jsm/libs/lottie_canvas.module.js(12652,12): error TS2339: Property 'applyTextPropertiesToMatrix' does not exist on type 'CVTextElement'.
examples/jsm/libs/lottie_canvas.module.js(12686,18): error TS2339: Property 'canvasContext' does not exist on type 'CVTextElement'.
examples/jsm/libs/lottie_canvas.module.js(12692,13): error TS2339: Property 'data' does not exist on type 'CVTextElement'.
examples/jsm/libs/lottie_canvas.module.js(12693,10): error TS2339: Property 'textAnimator' does not exist on type 'CVTextElement'.
examples/jsm/libs/lottie_canvas.module.js(12693,40): error TS2339: Property 'textProperty' does not exist on type 'CVTextElement'.
examples/jsm/libs/lottie_canvas.module.js(12693,71): error TS2339: Property 'lettersChangedFlag' does not exist on type 'CVTextElement'.
examples/jsm/libs/lottie_canvas.module.js(12702,30): error TS2339: Property 'textAnimator' does not exist on type 'CVTextElement'.
examples/jsm/libs/lottie_canvas.module.js(12704,22): error TS2339: Property 'textProperty' does not exist on type 'CVTextElement'.
examples/jsm/libs/lottie_canvas.module.js(12717,14): error TS2339: Property 'globalData' does not exist on type 'CVTextElement'.
examples/jsm/libs/lottie_canvas.module.js(12718,14): error TS2339: Property 'globalData' does not exist on type 'CVTextElement'.
examples/jsm/libs/lottie_canvas.module.js(12719,14): error TS2339: Property 'globalData' does not exist on type 'CVTextElement'.
examples/jsm/libs/lottie_canvas.module.js(12733,14): error TS2339: Property 'globalData' does not exist on type 'CVTextElement'.
examples/jsm/libs/lottie_canvas.module.js(12737,16): error TS2339: Property 'globalData' does not exist on type 'CVTextElement'.
examples/jsm/libs/lottie_canvas.module.js(12739,18): error TS2339: Property 'globalData' does not exist on type 'CVTextElement'.
examples/jsm/libs/lottie_canvas.module.js(12742,14): error TS2339: Property 'globalData' does not exist on type 'CVTextElement'.
examples/jsm/libs/lottie_canvas.module.js(12743,14): error TS2339: Property 'globalData' does not exist on type 'CVTextElement'.
examples/jsm/libs/lottie_canvas.module.js(12767,14): error TS2339: Property 'globalData' does not exist on type 'CVTextElement'.
examples/jsm/libs/lottie_canvas.module.js(12771,16): error TS2339: Property 'globalData' does not exist on type 'CVTextElement'.
examples/jsm/libs/lottie_canvas.module.js(12773,18): error TS2339: Property 'globalData' does not exist on type 'CVTextElement'.
examples/jsm/libs/lottie_canvas.module.js(12776,14): error TS2339: Property 'globalData' does not exist on type 'CVTextElement'.
examples/jsm/libs/lottie_canvas.module.js(12777,14): error TS2339: Property 'globalData' does not exist on type 'CVTextElement'.
examples/jsm/libs/lottie_canvas.module.js(12781,14): error TS2339: Property 'globalData' does not exist on type 'CVTextElement'.
examples/jsm/libs/lottie_canvas.module.js(12810,41): error TS2339: Property 'globalData' does not exist on type 'CVImageElement'.
examples/jsm/libs/lottie_canvas.module.js(12824,8): error TS2339: Property 'canvasContext' does not exist on type 'CVImageElement'.
examples/jsm/libs/lottie_canvas.module.js(12840,18): error TS2339: Property 'canvasContext' does not exist on type 'CVSolidElement'.
examples/jsm/libs/lottie_canvas.module.js(12841,24): error TS2339: Property 'data' does not exist on type 'CVSolidElement'.
examples/jsm/libs/lottie_canvas.module.js(12842,27): error TS2339: Property 'data' does not exist on type 'CVSolidElement'.
examples/jsm/libs/lottie_canvas.module.js(12842,41): error TS2339: Property 'data' does not exist on type 'CVSolidElement'.
examples/jsm/libs/lottie_canvas.module.js(12858,21): error TS2339: Property 'dpr' does not exist on type '{ clearCanvas: any; context: any; progressiveLoad: any; preserveAspectRatio: any; imagePreserveAspectRatio: any; contentVisibility: any; className: any; id: any; }'.
examples/jsm/libs/lottie_canvas.module.js(12860,23): error TS2339: Property 'dpr' does not exist on type '{ clearCanvas: any; context: any; progressiveLoad: any; preserveAspectRatio: any; imagePreserveAspectRatio: any; contentVisibility: any; className: any; id: any; }'.
examples/jsm/libs/lottie_canvas.module.js(12870,3): error TS7008: Member 'elements' implicitly has an 'any[]' type.
examples/jsm/libs/lottie_canvas.module.js(12871,3): error TS7008: Member 'pendingElements' implicitly has an 'any[]' type.
examples/jsm/libs/lottie_canvas.module.js(12901,10): error TS2339: Property 'canvasContext' does not exist on type 'CanvasRendererBase'.
examples/jsm/libs/lottie_canvas.module.js(12910,8): error TS2339: Property 'canvasContext' does not exist on type 'CanvasRendererBase'.
examples/jsm/libs/lottie_canvas.module.js(12918,10): error TS2339: Property 'canvasContext' does not exist on type 'CanvasRendererBase'.
examples/jsm/libs/lottie_canvas.module.js(12924,10): error TS2339: Property 'canvasContext' does not exist on type 'CanvasRendererBase'.
examples/jsm/libs/lottie_canvas.module.js(12931,10): error TS2339: Property 'canvasContext' does not exist on type 'CanvasRendererBase'.
examples/jsm/libs/lottie_canvas.module.js(12939,10): error TS2339: Property 'canvasContext' does not exist on type 'CanvasRendererBase'.
examples/jsm/libs/lottie_canvas.module.js(12943,10): error TS2339: Property 'canvasContext' does not exist on type 'CanvasRendererBase'.
examples/jsm/libs/lottie_canvas.module.js(12960,10): error TS2339: Property 'canvasContext' does not exist on type 'CanvasRendererBase'.
examples/jsm/libs/lottie_canvas.module.js(12964,10): error TS2339: Property 'canvasContext' does not exist on type 'CanvasRendererBase'.
examples/jsm/libs/lottie_canvas.module.js(12965,21): error TS2339: Property 'blendMode' does not exist on type '{ frameNum: number; _mdf: boolean; renderConfig: { clearCanvas: any; context: any; progressiveLoad: any; preserveAspectRatio: any; imagePreserveAspectRatio: any; contentVisibility: any; className: any; id: any; }; currentGlobalAlpha: number; }'.
examples/jsm/libs/lottie_canvas.module.js(12974,8): error TS2339: Property 'canvasContext' does not exist on type 'CanvasRendererBase'.
examples/jsm/libs/lottie_canvas.module.js(12975,3): error TS2322: Type 'number' is not assignable to type 'number[] | Uint8ClampedArray<any> | Int16Array<any> | Float32Array<any>'.
examples/jsm/libs/lottie_canvas.module.js(12976,3): error TS2322: Type 'number[] | Uint8ClampedArray<any> | Int16Array<any> | Float32Array<any>' is not assignable to type 'number'.
  Type 'number[]' is not assignable to type 'number'.
examples/jsm/libs/lottie_canvas.module.js(12977,7): error TS2367: This comparison appears to be unintentional because the types 'number' and 'number[] | Uint8ClampedArray<any> | Int16Array<any> | Float32Array<any>' have no overlap.
examples/jsm/libs/lottie_canvas.module.js(12978,10): error TS2339: Property 'canvasContext' does not exist on type 'CanvasRendererBase'.
examples/jsm/libs/lottie_canvas.module.js(12979,5): error TS2322: Type 'number[] | Uint8ClampedArray<any> | Int16Array<any> | Float32Array<any>' is not assignable to type 'number'.
  Type 'number[]' is not assignable to type 'number'.
examples/jsm/libs/lottie_canvas.module.js(12996,10): error TS2339: Property 'canvasContext' does not exist on type 'CanvasRendererBase'.
examples/jsm/libs/lottie_canvas.module.js(13004,10): error TS2339: Property 'canvasContext' does not exist on type 'CanvasRendererBase'.
examples/jsm/libs/lottie_canvas.module.js(13006,8): error TS2339: Property 'data' does not exist on type 'CanvasRendererBase'.
examples/jsm/libs/lottie_canvas.module.js(13007,8): error TS2339: Property 'layers' does not exist on type 'CanvasRendererBase'.
examples/jsm/libs/lottie_canvas.module.js(13008,8): error TS2339: Property 'transformCanvas' does not exist on type 'CanvasRendererBase'.
examples/jsm/libs/lottie_canvas.module.js(13016,8): error TS2551: Property 'setupGlobalData' does not exist on type 'CanvasRendererBase'. Did you mean 'globalData'?
examples/jsm/libs/lottie_canvas.module.js(13016,34): error TS2584: Cannot find name 'document'. Do you need to change your target library? Try changing the 'lib' compiler option to include 'dom'.
examples/jsm/libs/lottie_canvas.module.js(13017,19): error TS2339: Property 'canvasContext' does not exist on type '{ frameNum: number; _mdf: boolean; renderConfig: { clearCanvas: any; context: any; progressiveLoad: any; preserveAspectRatio: any; imagePreserveAspectRatio: any; contentVisibility: any; className: any; id: any; }; currentGlobalAlpha: number; }'.
examples/jsm/libs/lottie_canvas.module.js(13017,40): error TS2339: Property 'canvasContext' does not exist on type 'CanvasRendererBase'.
examples/jsm/libs/lottie_canvas.module.js(13018,19): error TS2339: Property 'renderer' does not exist on type '{ frameNum: number; _mdf: boolean; renderConfig: { clearCanvas: any; context: any; progressiveLoad: any; preserveAspectRatio: any; imagePreserveAspectRatio: any; contentVisibility: any; className: any; id: any; }; currentGlobalAlpha: number; }'.
examples/jsm/libs/lottie_canvas.module.js(13019,19): error TS2339: Property 'isDashed' does not exist on type '{ frameNum: number; _mdf: boolean; renderConfig: { clearCanvas: any; context: any; progressiveLoad: any; preserveAspectRatio: any; imagePreserveAspectRatio: any; contentVisibility: any; className: any; id: any; }; currentGlobalAlpha: number; }'.
examples/jsm/libs/lottie_canvas.module.js(13020,19): error TS2339: Property 'progressiveLoad' does not exist on type '{ frameNum: number; _mdf: boolean; renderConfig: { clearCanvas: any; context: any; progressiveLoad: any; preserveAspectRatio: any; imagePreserveAspectRatio: any; contentVisibility: any; className: any; id: any; }; currentGlobalAlpha: number; }'.
examples/jsm/libs/lottie_canvas.module.js(13021,19): error TS2339: Property 'transformCanvas' does not exist on type '{ frameNum: number; _mdf: boolean; renderConfig: { clearCanvas: any; context: any; progressiveLoad: any; preserveAspectRatio: any; imagePreserveAspectRatio: any; contentVisibility: any; className: any; id: any; }; currentGlobalAlpha: number; }'.
examples/jsm/libs/lottie_canvas.module.js(13021,42): error TS2339: Property 'transformCanvas' does not exist on type 'CanvasRendererBase'.
examples/jsm/libs/lottie_canvas.module.js(13034,89): error TS2339: Property 'dpr' does not exist on type '{ clearCanvas: any; context: any; progressiveLoad: any; preserveAspectRatio: any; imagePreserveAspectRatio: any; contentVisibility: any; className: any; id: any; }'.
examples/jsm/libs/lottie_canvas.module.js(13035,91): error TS2339: Property 'dpr' does not exist on type '{ clearCanvas: any; context: any; progressiveLoad: any; preserveAspectRatio: any; imagePreserveAspectRatio: any; contentVisibility: any; className: any; id: any; }'.
examples/jsm/libs/lottie_canvas.module.js(13037,25): error TS2339: Property 'canvasContext' does not exist on type 'CanvasRendererBase'.
examples/jsm/libs/lottie_canvas.module.js(13037,72): error TS2339: Property 'dpr' does not exist on type '{ clearCanvas: any; context: any; progressiveLoad: any; preserveAspectRatio: any; imagePreserveAspectRatio: any; contentVisibility: any; className: any; id: any; }'.
examples/jsm/libs/lottie_canvas.module.js(13038,26): error TS2339: Property 'canvasContext' does not exist on type 'CanvasRendererBase'.
examples/jsm/libs/lottie_canvas.module.js(13038,74): error TS2339: Property 'dpr' does not exist on type '{ clearCanvas: any; context: any; progressiveLoad: any; preserveAspectRatio: any; imagePreserveAspectRatio: any; contentVisibility: any; className: any; id: any; }'.
examples/jsm/libs/lottie_canvas.module.js(13049,25): error TS2339: Property 'transformCanvas' does not exist on type 'CanvasRendererBase'.
examples/jsm/libs/lottie_canvas.module.js(13049,50): error TS2339: Property 'transformCanvas' does not exist on type 'CanvasRendererBase'.
examples/jsm/libs/lottie_canvas.module.js(13051,12): error TS2339: Property 'transformCanvas' does not exist on type 'CanvasRendererBase'.
examples/jsm/libs/lottie_canvas.module.js(13051,54): error TS2339: Property 'transformCanvas' does not exist on type 'CanvasRendererBase'.
examples/jsm/libs/lottie_canvas.module.js(13051,92): error TS2339: Property 'dpr' does not exist on type '{ clearCanvas: any; context: any; progressiveLoad: any; preserveAspectRatio: any; imagePreserveAspectRatio: any; contentVisibility: any; className: any; id: any; }'.
examples/jsm/libs/lottie_canvas.module.js(13052,12): error TS2339: Property 'transformCanvas' does not exist on type 'CanvasRendererBase'.
examples/jsm/libs/lottie_canvas.module.js(13052,54): error TS2339: Property 'transformCanvas' does not exist on type 'CanvasRendererBase'.
examples/jsm/libs/lottie_canvas.module.js(13052,92): error TS2339: Property 'dpr' does not exist on type '{ clearCanvas: any; context: any; progressiveLoad: any; preserveAspectRatio: any; imagePreserveAspectRatio: any; contentVisibility: any; className: any; id: any; }'.
examples/jsm/libs/lottie_canvas.module.js(13054,12): error TS2339: Property 'transformCanvas' does not exist on type 'CanvasRendererBase'.
examples/jsm/libs/lottie_canvas.module.js(13054,55): error TS2339: Property 'transformCanvas' does not exist on type 'CanvasRendererBase'.
examples/jsm/libs/lottie_canvas.module.js(13054,93): error TS2339: Property 'dpr' does not exist on type '{ clearCanvas: any; context: any; progressiveLoad: any; preserveAspectRatio: any; imagePreserveAspectRatio: any; contentVisibility: any; className: any; id: any; }'.
examples/jsm/libs/lottie_canvas.module.js(13055,12): error TS2339: Property 'transformCanvas' does not exist on type 'CanvasRendererBase'.
examples/jsm/libs/lottie_canvas.module.js(13055,55): error TS2339: Property 'transformCanvas' does not exist on type 'CanvasRendererBase'.
examples/jsm/libs/lottie_canvas.module.js(13055,93): error TS2339: Property 'dpr' does not exist on type '{ clearCanvas: any; context: any; progressiveLoad: any; preserveAspectRatio: any; imagePreserveAspectRatio: any; contentVisibility: any; className: any; id: any; }'.
examples/jsm/libs/lottie_canvas.module.js(13059,12): error TS2339: Property 'transformCanvas' does not exist on type 'CanvasRendererBase'.
examples/jsm/libs/lottie_canvas.module.js(13059,55): error TS2339: Property 'transformCanvas' does not exist on type 'CanvasRendererBase'.
examples/jsm/libs/lottie_canvas.module.js(13059,97): error TS2339: Property 'transformCanvas' does not exist on type 'CanvasRendererBase'.
examples/jsm/libs/lottie_canvas.module.js(13059,142): error TS2339: Property 'dpr' does not exist on type '{ clearCanvas: any; context: any; progressiveLoad: any; preserveAspectRatio: any; imagePreserveAspectRatio: any; contentVisibility: any; className: any; id: any; }'.
examples/jsm/libs/lottie_canvas.module.js(13061,12): error TS2339: Property 'transformCanvas' does not exist on type 'CanvasRendererBase'.
examples/jsm/libs/lottie_canvas.module.js(13061,54): error TS2339: Property 'transformCanvas' does not exist on type 'CanvasRendererBase'.
examples/jsm/libs/lottie_canvas.module.js(13061,96): error TS2339: Property 'transformCanvas' does not exist on type 'CanvasRendererBase'.
examples/jsm/libs/lottie_canvas.module.js(13061,136): error TS2339: Property 'dpr' does not exist on type '{ clearCanvas: any; context: any; progressiveLoad: any; preserveAspectRatio: any; imagePreserveAspectRatio: any; contentVisibility: any; className: any; id: any; }'.
examples/jsm/libs/lottie_canvas.module.js(13063,12): error TS2339: Property 'transformCanvas' does not exist on type 'CanvasRendererBase'.
examples/jsm/libs/lottie_canvas.module.js(13066,12): error TS2339: Property 'transformCanvas' does not exist on type 'CanvasRendererBase'.
examples/jsm/libs/lottie_canvas.module.js(13066,56): error TS2339: Property 'transformCanvas' does not exist on type 'CanvasRendererBase'.
examples/jsm/libs/lottie_canvas.module.js(13066,97): error TS2339: Property 'transformCanvas' does not exist on type 'CanvasRendererBase'.
examples/jsm/libs/lottie_canvas.module.js(13066,142): error TS2339: Property 'dpr' does not exist on type '{ clearCanvas: any; context: any; progressiveLoad: any; preserveAspectRatio: any; imagePreserveAspectRatio: any; contentVisibility: any; className: any; id: any; }'.
examples/jsm/libs/lottie_canvas.module.js(13068,12): error TS2339: Property 'transformCanvas' does not exist on type 'CanvasRendererBase'.
examples/jsm/libs/lottie_canvas.module.js(13068,56): error TS2339: Property 'transformCanvas' does not exist on type 'CanvasRendererBase'.
examples/jsm/libs/lottie_canvas.module.js(13068,97): error TS2339: Property 'transformCanvas' does not exist on type 'CanvasRendererBase'.
examples/jsm/libs/lottie_canvas.module.js(13068,138): error TS2339: Property 'dpr' does not exist on type '{ clearCanvas: any; context: any; progressiveLoad: any; preserveAspectRatio: any; imagePreserveAspectRatio: any; contentVisibility: any; className: any; id: any; }'.
examples/jsm/libs/lottie_canvas.module.js(13070,12): error TS2339: Property 'transformCanvas' does not exist on type 'CanvasRendererBase'.
examples/jsm/libs/lottie_canvas.module.js(13073,10): error TS2339: Property 'transformCanvas' does not exist on type 'CanvasRendererBase'.
examples/jsm/libs/lottie_canvas.module.js(13073,52): error TS2339: Property 'transformCanvas' does not exist on type 'CanvasRendererBase'.
examples/jsm/libs/lottie_canvas.module.js(13073,90): error TS2339: Property 'dpr' does not exist on type '{ clearCanvas: any; context: any; progressiveLoad: any; preserveAspectRatio: any; imagePreserveAspectRatio: any; contentVisibility: any; className: any; id: any; }'.
examples/jsm/libs/lottie_canvas.module.js(13074,10): error TS2339: Property 'transformCanvas' does not exist on type 'CanvasRendererBase'.
examples/jsm/libs/lottie_canvas.module.js(13074,53): error TS2339: Property 'transformCanvas' does not exist on type 'CanvasRendererBase'.
examples/jsm/libs/lottie_canvas.module.js(13074,91): error TS2339: Property 'dpr' does not exist on type '{ clearCanvas: any; context: any; progressiveLoad: any; preserveAspectRatio: any; imagePreserveAspectRatio: any; contentVisibility: any; className: any; id: any; }'.
examples/jsm/libs/lottie_canvas.module.js(13075,10): error TS2339: Property 'transformCanvas' does not exist on type 'CanvasRendererBase'.
examples/jsm/libs/lottie_canvas.module.js(13076,10): error TS2339: Property 'transformCanvas' does not exist on type 'CanvasRendererBase'.
examples/jsm/libs/lottie_canvas.module.js(13078,10): error TS2339: Property 'transformCanvas' does not exist on type 'CanvasRendererBase'.
examples/jsm/libs/lottie_canvas.module.js(13078,49): error TS2339: Property 'dpr' does not exist on type '{ clearCanvas: any; context: any; progressiveLoad: any; preserveAspectRatio: any; imagePreserveAspectRatio: any; contentVisibility: any; className: any; id: any; }'.
examples/jsm/libs/lottie_canvas.module.js(13079,10): error TS2339: Property 'transformCanvas' does not exist on type 'CanvasRendererBase'.
examples/jsm/libs/lottie_canvas.module.js(13079,49): error TS2339: Property 'dpr' does not exist on type '{ clearCanvas: any; context: any; progressiveLoad: any; preserveAspectRatio: any; imagePreserveAspectRatio: any; contentVisibility: any; className: any; id: any; }'.
examples/jsm/libs/lottie_canvas.module.js(13080,10): error TS2339: Property 'transformCanvas' does not exist on type 'CanvasRendererBase'.
examples/jsm/libs/lottie_canvas.module.js(13081,10): error TS2339: Property 'transformCanvas' does not exist on type 'CanvasRendererBase'.
examples/jsm/libs/lottie_canvas.module.js(13083,8): error TS2339: Property 'transformCanvas' does not exist on type 'CanvasRendererBase'.
examples/jsm/libs/lottie_canvas.module.js(13083,38): error TS2339: Property 'transformCanvas' does not exist on type 'CanvasRendererBase'.
examples/jsm/libs/lottie_canvas.module.js(13083,75): error TS2339: Property 'transformCanvas' does not exist on type 'CanvasRendererBase'.
examples/jsm/libs/lottie_canvas.module.js(13083,118): error TS2339: Property 'transformCanvas' does not exist on type 'CanvasRendererBase'.
examples/jsm/libs/lottie_canvas.module.js(13083,143): error TS2339: Property 'transformCanvas' does not exist on type 'CanvasRendererBase'.
examples/jsm/libs/lottie_canvas.module.js(13090,26): error TS2339: Property 'transformCanvas' does not exist on type 'CanvasRendererBase'.
examples/jsm/libs/lottie_canvas.module.js(13091,8): error TS2339: Property 'canvasContext' does not exist on type 'CanvasRendererBase'.
examples/jsm/libs/lottie_canvas.module.js(13092,8): error TS2339: Property 'canvasContext' does not exist on type 'CanvasRendererBase'.
examples/jsm/libs/lottie_canvas.module.js(13092,38): error TS2339: Property 'transformCanvas' does not exist on type 'CanvasRendererBase'.
examples/jsm/libs/lottie_canvas.module.js(13092,62): error TS2339: Property 'transformCanvas' does not exist on type 'CanvasRendererBase'.
examples/jsm/libs/lottie_canvas.module.js(13093,8): error TS2339: Property 'canvasContext' does not exist on type 'CanvasRendererBase'.
examples/jsm/libs/lottie_canvas.module.js(13094,8): error TS2339: Property 'canvasContext' does not exist on type 'CanvasRendererBase'.
examples/jsm/libs/lottie_canvas.module.js(13104,18): error TS2339: Property 'layers' does not exist on type 'CanvasRendererBase'.
examples/jsm/libs/lottie_canvas.module.js(13104,32): error TS2339: Property 'layers' does not exist on type 'CanvasRendererBase'.
examples/jsm/libs/lottie_canvas.module.js(13111,19): error TS2339: Property 'canvasContext' does not exist on type '{ frameNum: number; _mdf: boolean; renderConfig: { clearCanvas: any; context: any; progressiveLoad: any; preserveAspectRatio: any; imagePreserveAspectRatio: any; contentVisibility: any; className: any; id: any; }; currentGlobalAlpha: number; }'.
examples/jsm/libs/lottie_canvas.module.js(13113,8): error TS2551: Property 'destroyed' does not exist on type 'CanvasRendererBase'. Did you mean 'destroy'?
examples/jsm/libs/lottie_canvas.module.js(13117,102): error TS2551: Property 'destroyed' does not exist on type 'CanvasRendererBase'. Did you mean 'destroy'?
examples/jsm/libs/lottie_canvas.module.js(13122,19): error TS2339: Property 'frameId' does not exist on type '{ frameNum: number; _mdf: boolean; renderConfig: { clearCanvas: any; context: any; progressiveLoad: any; preserveAspectRatio: any; imagePreserveAspectRatio: any; contentVisibility: any; className: any; id: any; }; currentGlobalAlpha: number; }'.
examples/jsm/libs/lottie_canvas.module.js(13124,19): error TS2339: Property 'projectInterface' does not exist on type '{ frameNum: number; _mdf: boolean; renderConfig: { clearCanvas: any; context: any; progressiveLoad: any; preserveAspectRatio: any; imagePreserveAspectRatio: any; contentVisibility: any; className: any; id: any; }; currentGlobalAlpha: number; }'.
examples/jsm/libs/lottie_canvas.module.js(13129,18): error TS2339: Property 'layers' does not exist on type 'CanvasRendererBase'.
examples/jsm/libs/lottie_canvas.module.js(13131,10): error TS2339: Property 'checkLayers' does not exist on type 'CanvasRendererBase'.
examples/jsm/libs/lottie_canvas.module.js(13136,48): error TS2339: Property 'layers' does not exist on type 'CanvasRendererBase'.
examples/jsm/libs/lottie_canvas.module.js(13141,12): error TS2339: Property 'canvasContext' does not exist on type 'CanvasRendererBase'.
examples/jsm/libs/lottie_canvas.module.js(13141,47): error TS2339: Property 'transformCanvas' does not exist on type 'CanvasRendererBase'.
examples/jsm/libs/lottie_canvas.module.js(13141,71): error TS2339: Property 'transformCanvas' does not exist on type 'CanvasRendererBase'.
examples/jsm/libs/lottie_canvas.module.js(13158,29): error TS2339: Property 'layers' does not exist on type 'CanvasRendererBase'.
examples/jsm/libs/lottie_canvas.module.js(13161,22): error TS2551: Property 'createItem' does not exist on type 'CanvasRendererBase'. Did you mean 'createText'?
examples/jsm/libs/lottie_canvas.module.js(13161,38): error TS2339: Property 'layers' does not exist on type 'CanvasRendererBase'.
examples/jsm/libs/lottie_canvas.module.js(13189,8): error TS2339: Property 'initElement' does not exist on type 'CVCompElement'.
examples/jsm/libs/lottie_canvas.module.js(13196,18): error TS2339: Property 'canvasContext' does not exist on type 'CVCompElement'.
examples/jsm/libs/lottie_canvas.module.js(13199,19): error TS2339: Property 'data' does not exist on type 'CVCompElement'.
examples/jsm/libs/lottie_canvas.module.js(13200,19): error TS2339: Property 'data' does not exist on type 'CVCompElement'.
examples/jsm/libs/lottie_canvas.module.js(13200,32): error TS2339: Property 'data' does not exist on type 'CVCompElement'.
examples/jsm/libs/lottie_canvas.module.js(13201,22): error TS2339: Property 'data' does not exist on type 'CVCompElement'.
examples/jsm/libs/lottie_canvas.module.js(13208,7): error TS2571: Object is of type 'unknown'.
examples/jsm/libs/lottie_canvas.module.js(13218,7): error TS2571: Object is of type 'unknown'.
examples/jsm/libs/lottie_canvas.module.js(13222,3): error TS2322: Type 'null' is not assignable to type 'unknown[]'.
examples/jsm/libs/lottie_canvas.module.js(13226,39): error TS2339: Property 'globalData' does not exist on type 'CVCompElement'.
examples/jsm/libs/lottie_canvas.module.js(13241,21): error TS2339: Property 'dpr' does not exist on type '{ clearCanvas: any; context: any; progressiveLoad: any; preserveAspectRatio: any; imagePreserveAspectRatio: any; contentVisibility: any; className: any; id: any; }'.
examples/jsm/libs/lottie_canvas.module.js(13243,23): error TS2339: Property 'dpr' does not exist on type '{ clearCanvas: any; context: any; progressiveLoad: any; preserveAspectRatio: any; imagePreserveAspectRatio: any; contentVisibility: any; className: any; id: any; }'.
examples/jsm/libs/lottie_canvas.module.js(13346,18): error TS2683: 'this' implicitly has type 'any' because it does not have a type annotation.
examples/jsm/libs/lottie_canvas.module.js(13419,53): error TS2683: 'this' implicitly has type 'any' because it does not have a type annotation.
examples/jsm/libs/lottie_canvas.module.js(13436,56): error TS7008: Member 'S' implicitly has an 'any[]' type.
examples/jsm/libs/lottie_canvas.module.js(13482,14): error TS7023: 'flatten' implicitly has return type 'any' because it does not have a return type annotation and is referenced directly or indirectly in one of its return expressions.
examples/jsm/libs/lottie_canvas.module.js(13501,26): error TS18048: 'smear' is possibly 'undefined'.
examples/jsm/libs/lottie_canvas.module.js(13758,17): error TS2339: Property 'min' does not exist on type '{ random: () => number; abs(val: any): number | unknown[]; }'.
examples/jsm/libs/lottie_canvas.module.js(13758,26): error TS2339: Property 'max' does not exist on type '{ random: () => number; abs(val: any): number | unknown[]; }'.
examples/jsm/libs/lottie_canvas.module.js(13776,23): error TS2362: The left-hand side of an arithmetic operation must be of type 'any', 'number', 'bigint' or an enum type.
examples/jsm/libs/lottie_canvas.module.js(13782,20): error TS2339: Property 'min' does not exist on type '{ random: () => number; abs(val: any): number | unknown[]; }'.
examples/jsm/libs/lottie_canvas.module.js(13785,27): error TS2339: Property 'pow' does not exist on type '{ random: () => number; abs(val: any): number | unknown[]; }'.
examples/jsm/libs/lottie_canvas.module.js(13787,17): error TS2339: Property 'sqrt' does not exist on type '{ random: () => number; abs(val: any): number | unknown[]; }'.
examples/jsm/libs/lottie_canvas.module.js(13796,20): error TS2339: Property 'max' does not exist on type '{ random: () => number; abs(val: any): number | unknown[]; }'.
examples/jsm/libs/lottie_canvas.module.js(13797,20): error TS2339: Property 'min' does not exist on type '{ random: () => number; abs(val: any): number | unknown[]; }'.
examples/jsm/libs/lottie_canvas.module.js(13814,7): error TS18048: 'h' is possibly 'undefined'.
examples/jsm/libs/lottie_canvas.module.js(13976,19): error TS2683: 'this' implicitly has type 'any' because it does not have a type annotation.
examples/jsm/libs/lottie_canvas.module.js(13976,32): error TS2683: 'this' implicitly has type 'any' because it does not have a type annotation.
examples/jsm/libs/lottie_canvas.module.js(13981,23): error TS2683: 'this' implicitly has type 'any' because it does not have a type annotation.
examples/jsm/libs/lottie_canvas.module.js(13981,40): error TS2683: 'this' implicitly has type 'any' because it does not have a type annotation.
examples/jsm/libs/lottie_canvas.module.js(13984,29): error TS2339: Property 'floor' does not exist on type '{ random: () => number; abs(val: any): number | unknown[]; }'.
examples/jsm/libs/lottie_canvas.module.js(13997,33): error TS2339: Property 'floor' does not exist on type '{ random: () => number; abs(val: any): number | unknown[]; }'.
examples/jsm/libs/lottie_canvas.module.js(14001,20): error TS2683: 'this' implicitly has type 'any' because it does not have a type annotation.
examples/jsm/libs/lottie_canvas.module.js(14007,14): error TS2683: 'this' implicitly has type 'any' because it does not have a type annotation.
examples/jsm/libs/lottie_canvas.module.js(14008,12): error TS2683: 'this' implicitly has type 'any' because it does not have a type annotation.
examples/jsm/libs/lottie_canvas.module.js(14032,9): error TS2683: 'this' implicitly has type 'any' because it does not have a type annotation.
examples/jsm/libs/lottie_canvas.module.js(14033,21): error TS2683: 'this' implicitly has type 'any' because it does not have a type annotation.
examples/jsm/libs/lottie_canvas.module.js(14033,46): error TS2683: 'this' implicitly has type 'any' because it does not have a type annotation.
examples/jsm/libs/lottie_canvas.module.js(14036,9): error TS2683: 'this' implicitly has type 'any' because it does not have a type annotation.
examples/jsm/libs/lottie_canvas.module.js(14037,24): error TS2683: 'this' implicitly has type 'any' because it does not have a type annotation.
examples/jsm/libs/lottie_canvas.module.js(14037,52): error TS2683: 'this' implicitly has type 'any' because it does not have a type annotation.
examples/jsm/libs/lottie_canvas.module.js(14044,24): error TS2339: Property 'atan2' does not exist on type '{ random: () => number; abs(val: any): number | unknown[]; }'.
examples/jsm/libs/lottie_canvas.module.js(14044,44): error TS2339: Property 'sqrt' does not exist on type '{ random: () => number; abs(val: any): number | unknown[]; }'.
examples/jsm/libs/lottie_canvas.module.js(14045,23): error TS2339: Property 'atan2' does not exist on type '{ random: () => number; abs(val: any): number | unknown[]; }'.
examples/jsm/libs/lottie_canvas.module.js(14145,9): error TS7053: Element implicitly has an 'any' type because expression of type 'number' can't be used to index type '{ time: number; value: never[]; }'.
  No index signature with a parameter of type 'number' was found on type '{ time: number; value: never[]; }'.
examples/jsm/libs/lottie_canvas.module.js(14146,9): error TS2322: Type 'any' is not assignable to type 'never'.
examples/jsm/libs/lottie_canvas.module.js(14169,14): error TS2339: Property 'seedrandom' does not exist on type '{ random: () => number; abs(val: any): number | unknown[]; }'.
examples/jsm/libs/lottie_canvas.module.js(14197,47): error TS2339: Property 'floor' does not exist on type '{ random: () => number; abs(val: any): number | unknown[]; }'.
examples/jsm/libs/lottie_canvas.module.js(14211,25): error TS2339: Property 'floor' does not exist on type '{ random: () => number; abs(val: any): number | unknown[]; }'.
examples/jsm/libs/lottie_canvas.module.js(14216,70): error TS2339: Property 'propType' does not exist on type 'executeExpression'.
examples/jsm/libs/lottie_canvas.module.js(14219,16): error TS2339: Property 'propType' does not exist on type 'executeExpression'.
examples/jsm/libs/lottie_canvas.module.js(14220,26): error TS2339: Property 'textIndex' does not exist on type 'executeExpression'.
examples/jsm/libs/lottie_canvas.module.js(14221,26): error TS2339: Property 'textTotal' does not exist on type 'executeExpression'.
examples/jsm/libs/lottie_canvas.module.js(14222,30): error TS2339: Property 'selectorValue' does not exist on type 'executeExpression'.
examples/jsm/libs/lottie_canvas.module.js(14256,19): error TS2339: Property 'comp' does not exist on type 'executeExpression'.
examples/jsm/libs/lottie_canvas.module.js(14256,45): error TS2339: Property 'comp' does not exist on type 'executeExpression'.
examples/jsm/libs/lottie_canvas.module.js(14294,17): error TS2683: 'this' implicitly has type 'any' because it does not have a type annotation.
examples/jsm/libs/lottie_canvas.module.js(14295,17): error TS2683: 'this' implicitly has type 'any' because it does not have a type annotation.
examples/jsm/libs/lottie_canvas.module.js(14296,22): error TS2683: 'this' implicitly has type 'any' because it does not have a type annotation.
examples/jsm/libs/lottie_canvas.module.js(14297,7): error TS2683: 'this' implicitly has type 'any' because it does not have a type annotation.
examples/jsm/libs/lottie_canvas.module.js(14297,39): error TS2683: 'this' implicitly has type 'any' because it does not have a type annotation.
examples/jsm/libs/lottie_canvas.module.js(14297,82): error TS2683: 'this' implicitly has type 'any' because it does not have a type annotation.
examples/jsm/libs/lottie_canvas.module.js(14298,7): error TS2683: 'this' implicitly has type 'any' because it does not have a type annotation.
examples/jsm/libs/lottie_canvas.module.js(14298,35): error TS2683: 'this' implicitly has type 'any' because it does not have a type annotation.
examples/jsm/libs/lottie_canvas.module.js(14298,67): error TS2683: 'this' implicitly has type 'any' because it does not have a type annotation.
examples/jsm/libs/lottie_canvas.module.js(14299,7): error TS2683: 'this' implicitly has type 'any' because it does not have a type annotation.
examples/jsm/libs/lottie_canvas.module.js(14301,12): error TS2683: 'this' implicitly has type 'any' because it does not have a type annotation.
examples/jsm/libs/lottie_canvas.module.js(14306,14): error TS2683: 'this' implicitly has type 'any' because it does not have a type annotation.
examples/jsm/libs/lottie_canvas.module.js(14307,14): error TS2683: 'this' implicitly has type 'any' because it does not have a type annotation.
examples/jsm/libs/lottie_canvas.module.js(14322,9): error TS2683: 'this' implicitly has type 'any' because it does not have a type annotation.
examples/jsm/libs/lottie_canvas.module.js(14323,14): error TS2683: 'this' implicitly has type 'any' because it does not have a type annotation.
examples/jsm/libs/lottie_canvas.module.js(14327,14): error TS2683: 'this' implicitly has type 'any' because it does not have a type annotation.
examples/jsm/libs/lottie_canvas.module.js(14328,14): error TS2683: 'this' implicitly has type 'any' because it does not have a type annotation.
examples/jsm/libs/lottie_canvas.module.js(14346,12): error TS2683: 'this' implicitly has type 'any' because it does not have a type annotation.
examples/jsm/libs/lottie_canvas.module.js(14365,10): error TS2683: 'this' implicitly has type 'any' because it does not have a type annotation.
examples/jsm/libs/lottie_canvas.module.js(14365,21): error TS2683: 'this' implicitly has type 'any' because it does not have a type annotation.
examples/jsm/libs/lottie_canvas.module.js(14366,14): error TS2683: 'this' implicitly has type 'any' because it does not have a type annotation.
examples/jsm/libs/lottie_canvas.module.js(14369,24): error TS2683: 'this' implicitly has type 'any' because it does not have a type annotation.
examples/jsm/libs/lottie_canvas.module.js(14370,21): error TS2683: 'this' implicitly has type 'any' because it does not have a type annotation.
examples/jsm/libs/lottie_canvas.module.js(14373,14): error TS2683: 'this' implicitly has type 'any' because it does not have a type annotation.
examples/jsm/libs/lottie_canvas.module.js(14385,52): error TS2683: 'this' implicitly has type 'any' because it does not have a type annotation.
examples/jsm/libs/lottie_canvas.module.js(14387,49): error TS2683: 'this' implicitly has type 'any' because it does not have a type annotation.
examples/jsm/libs/lottie_canvas.module.js(14397,18): error TS2683: 'this' implicitly has type 'any' because it does not have a type annotation.
examples/jsm/libs/lottie_canvas.module.js(14397,123): error TS2683: 'this' implicitly has type 'any' because it does not have a type annotation.
examples/jsm/libs/lottie_canvas.module.js(14400,19): error TS2683: 'this' implicitly has type 'any' because it does not have a type annotation.
examples/jsm/libs/lottie_canvas.module.js(14400,55): error TS2683: 'this' implicitly has type 'any' because it does not have a type annotation.
examples/jsm/libs/lottie_canvas.module.js(14401,18): error TS2683: 'this' implicitly has type 'any' because it does not have a type annotation.
examples/jsm/libs/lottie_canvas.module.js(14401,53): error TS2683: 'this' implicitly has type 'any' because it does not have a type annotation.
examples/jsm/libs/lottie_canvas.module.js(14402,23): error TS2683: 'this' implicitly has type 'any' because it does not have a type annotation.
examples/jsm/libs/lottie_canvas.module.js(14402,110): error TS2683: 'this' implicitly has type 'any' because it does not have a type annotation.
examples/jsm/libs/lottie_canvas.module.js(14404,11): error TS2683: 'this' implicitly has type 'any' because it does not have a type annotation.
examples/jsm/libs/lottie_canvas.module.js(14414,23): error TS2683: 'this' implicitly has type 'any' because it does not have a type annotation.
examples/jsm/libs/lottie_canvas.module.js(14414,58): error TS2683: 'this' implicitly has type 'any' because it does not have a type annotation.
examples/jsm/libs/lottie_canvas.module.js(14415,27): error TS2683: 'this' implicitly has type 'any' because it does not have a type annotation.
examples/jsm/libs/lottie_canvas.module.js(14415,72): error TS2683: 'this' implicitly has type 'any' because it does not have a type annotation.
examples/jsm/libs/lottie_canvas.module.js(14416,11): error TS2683: 'this' implicitly has type 'any' because it does not have a type annotation.
examples/jsm/libs/lottie_canvas.module.js(14420,106): error TS2683: 'this' implicitly has type 'any' because it does not have a type annotation.
examples/jsm/libs/lottie_canvas.module.js(14426,14): error TS2683: 'this' implicitly has type 'any' because it does not have a type annotation.
examples/jsm/libs/lottie_canvas.module.js(14426,103): error TS2683: 'this' implicitly has type 'any' because it does not have a type annotation.
examples/jsm/libs/lottie_canvas.module.js(14431,10): error TS2683: 'this' implicitly has type 'any' because it does not have a type annotation.
examples/jsm/libs/lottie_canvas.module.js(14432,14): error TS2683: 'this' implicitly has type 'any' because it does not have a type annotation.
examples/jsm/libs/lottie_canvas.module.js(14435,24): error TS2683: 'this' implicitly has type 'any' because it does not have a type annotation.
examples/jsm/libs/lottie_canvas.module.js(14436,21): error TS2683: 'this' implicitly has type 'any' because it does not have a type annotation.
examples/jsm/libs/lottie_canvas.module.js(14439,14): error TS2683: 'this' implicitly has type 'any' because it does not have a type annotation.
examples/jsm/libs/lottie_canvas.module.js(14451,37): error TS2683: 'this' implicitly has type 'any' because it does not have a type annotation.
examples/jsm/libs/lottie_canvas.module.js(14453,34): error TS2683: 'this' implicitly has type 'any' because it does not have a type annotation.
examples/jsm/libs/lottie_canvas.module.js(14463,18): error TS2683: 'this' implicitly has type 'any' because it does not have a type annotation.
examples/jsm/libs/lottie_canvas.module.js(14463,107): error TS2683: 'this' implicitly has type 'any' because it does not have a type annotation.
examples/jsm/libs/lottie_canvas.module.js(14466,19): error TS2683: 'this' implicitly has type 'any' because it does not have a type annotation.
examples/jsm/libs/lottie_canvas.module.js(14466,55): error TS2683: 'this' implicitly has type 'any' because it does not have a type annotation.
examples/jsm/libs/lottie_canvas.module.js(14467,18): error TS2683: 'this' implicitly has type 'any' because it does not have a type annotation.
examples/jsm/libs/lottie_canvas.module.js(14467,53): error TS2683: 'this' implicitly has type 'any' because it does not have a type annotation.
examples/jsm/libs/lottie_canvas.module.js(14468,21): error TS2683: 'this' implicitly has type 'any' because it does not have a type annotation.
examples/jsm/libs/lottie_canvas.module.js(14468,126): error TS2683: 'this' implicitly has type 'any' because it does not have a type annotation.
examples/jsm/libs/lottie_canvas.module.js(14470,11): error TS2683: 'this' implicitly has type 'any' because it does not have a type annotation.
examples/jsm/libs/lottie_canvas.module.js(14480,24): error TS2683: 'this' implicitly has type 'any' because it does not have a type annotation.
examples/jsm/libs/lottie_canvas.module.js(14480,60): error TS2683: 'this' implicitly has type 'any' because it does not have a type annotation.
examples/jsm/libs/lottie_canvas.module.js(14481,28): error TS2683: 'this' implicitly has type 'any' because it does not have a type annotation.
examples/jsm/libs/lottie_canvas.module.js(14481,74): error TS2683: 'this' implicitly has type 'any' because it does not have a type annotation.
examples/jsm/libs/lottie_canvas.module.js(14482,11): error TS2683: 'this' implicitly has type 'any' because it does not have a type annotation.
examples/jsm/libs/lottie_canvas.module.js(14492,14): error TS2683: 'this' implicitly has type 'any' because it does not have a type annotation.
examples/jsm/libs/lottie_canvas.module.js(14492,121): error TS2683: 'this' implicitly has type 'any' because it does not have a type annotation.
examples/jsm/libs/lottie_canvas.module.js(14497,10): error TS2683: 'this' implicitly has type 'any' because it does not have a type annotation.
examples/jsm/libs/lottie_canvas.module.js(14498,14): error TS2683: 'this' implicitly has type 'any' because it does not have a type annotation.
examples/jsm/libs/lottie_canvas.module.js(14503,14): error TS2683: 'this' implicitly has type 'any' because it does not have a type annotation.
examples/jsm/libs/lottie_canvas.module.js(14505,23): error TS2683: 'this' implicitly has type 'any' because it does not have a type annotation.
examples/jsm/libs/lottie_canvas.module.js(14505,49): error TS2683: 'this' implicitly has type 'any' because it does not have a type annotation.
examples/jsm/libs/lottie_canvas.module.js(14512,9): error TS2683: 'this' implicitly has type 'any' because it does not have a type annotation.
examples/jsm/libs/lottie_canvas.module.js(14513,43): error TS2683: 'this' implicitly has type 'any' because it does not have a type annotation.
examples/jsm/libs/lottie_canvas.module.js(14519,21): error TS2683: 'this' implicitly has type 'any' because it does not have a type annotation.
examples/jsm/libs/lottie_canvas.module.js(14520,11): error TS2683: 'this' implicitly has type 'any' because it does not have a type annotation.
examples/jsm/libs/lottie_canvas.module.js(14521,25): error TS2683: 'this' implicitly has type 'any' because it does not have a type annotation.
examples/jsm/libs/lottie_canvas.module.js(14522,11): error TS7053: Element implicitly has an 'any' type because expression of type 'number' can't be used to index type 'number | number[] | Uint8ClampedArray<any> | Int16Array<any> | Float32Array<any>'.
  No index signature with a parameter of type 'number' was found on type 'number | number[] | Uint8ClampedArray<any> | Int16Array<any> | Float32Array<any>'.
examples/jsm/libs/lottie_canvas.module.js(14529,9): error TS2683: 'this' implicitly has type 'any' because it does not have a type annotation.
examples/jsm/libs/lottie_canvas.module.js(14530,23): error TS2683: 'this' implicitly has type 'any' because it does not have a type annotation.
examples/jsm/libs/lottie_canvas.module.js(14531,9): error TS7053: Element implicitly has an 'any' type because expression of type 'number' can't be used to index type 'number | number[] | Uint8ClampedArray<any> | Int16Array<any> | Float32Array<any>'.
  No index signature with a parameter of type 'number' was found on type 'number | number[] | Uint8ClampedArray<any> | Int16Array<any> | Float32Array<any>'.
examples/jsm/libs/lottie_canvas.module.js(14534,7): error TS2362: The left-hand side of an arithmetic operation must be of type 'any', 'number', 'bigint' or an enum type.
examples/jsm/libs/lottie_canvas.module.js(14547,32): error TS2339: Property 'pre' does not exist on type 'getTransformValueAtTime'.
examples/jsm/libs/lottie_canvas.module.js(14548,14): error TS2339: Property 'appliedTransformations' does not exist on type 'getTransformValueAtTime'.
examples/jsm/libs/lottie_canvas.module.js(14549,25): error TS2339: Property 'a' does not exist on type 'getTransformValueAtTime'.
examples/jsm/libs/lottie_canvas.module.js(14551,27): error TS2339: Property 'a' does not exist on type 'getTransformValueAtTime'.
examples/jsm/libs/lottie_canvas.module.js(14552,27): error TS2339: Property 'a' does not exist on type 'getTransformValueAtTime'.
examples/jsm/libs/lottie_canvas.module.js(14553,26): error TS2339: Property 'a' does not exist on type 'getTransformValueAtTime'.
examples/jsm/libs/lottie_canvas.module.js(14556,14): error TS2339: Property 'appliedTransformations' does not exist on type 'getTransformValueAtTime'.
examples/jsm/libs/lottie_canvas.module.js(14557,24): error TS2339: Property 's' does not exist on type 'getTransformValueAtTime'.
examples/jsm/libs/lottie_canvas.module.js(14559,25): error TS2339: Property 's' does not exist on type 'getTransformValueAtTime'.
examples/jsm/libs/lottie_canvas.module.js(14560,25): error TS2339: Property 's' does not exist on type 'getTransformValueAtTime'.
examples/jsm/libs/lottie_canvas.module.js(14561,25): error TS2339: Property 's' does not exist on type 'getTransformValueAtTime'.
examples/jsm/libs/lottie_canvas.module.js(14564,14): error TS2339: Property 'sk' does not exist on type 'getTransformValueAtTime'.
examples/jsm/libs/lottie_canvas.module.js(14564,25): error TS2339: Property 'appliedTransformations' does not exist on type 'getTransformValueAtTime'.
examples/jsm/libs/lottie_canvas.module.js(14565,23): error TS2339: Property 'sk' does not exist on type 'getTransformValueAtTime'.
examples/jsm/libs/lottie_canvas.module.js(14566,27): error TS2339: Property 'sa' does not exist on type 'getTransformValueAtTime'.
examples/jsm/libs/lottie_canvas.module.js(14567,40): error TS2339: Property 'sk' does not exist on type 'getTransformValueAtTime'.
examples/jsm/libs/lottie_canvas.module.js(14567,65): error TS2339: Property 'sa' does not exist on type 'getTransformValueAtTime'.
examples/jsm/libs/lottie_canvas.module.js(14569,14): error TS2339: Property 'r' does not exist on type 'getTransformValueAtTime'.
examples/jsm/libs/lottie_canvas.module.js(14569,24): error TS2339: Property 'appliedTransformations' does not exist on type 'getTransformValueAtTime'.
examples/jsm/libs/lottie_canvas.module.js(14570,27): error TS2339: Property 'r' does not exist on type 'getTransformValueAtTime'.
examples/jsm/libs/lottie_canvas.module.js(14571,38): error TS2339: Property 'r' does not exist on type 'getTransformValueAtTime'.
examples/jsm/libs/lottie_canvas.module.js(14572,22): error TS2339: Property 'r' does not exist on type 'getTransformValueAtTime'.
examples/jsm/libs/lottie_canvas.module.js(14572,32): error TS2339: Property 'appliedTransformations' does not exist on type 'getTransformValueAtTime'.
examples/jsm/libs/lottie_canvas.module.js(14573,28): error TS2339: Property 'rz' does not exist on type 'getTransformValueAtTime'.
examples/jsm/libs/lottie_canvas.module.js(14574,28): error TS2339: Property 'ry' does not exist on type 'getTransformValueAtTime'.
examples/jsm/libs/lottie_canvas.module.js(14575,28): error TS2339: Property 'rx' does not exist on type 'getTransformValueAtTime'.
examples/jsm/libs/lottie_canvas.module.js(14576,30): error TS2339: Property 'or' does not exist on type 'getTransformValueAtTime'.
examples/jsm/libs/lottie_canvas.module.js(14577,40): error TS2339: Property 'rz' does not exist on type 'getTransformValueAtTime'.
examples/jsm/libs/lottie_canvas.module.js(14578,35): error TS2339: Property 'ry' does not exist on type 'getTransformValueAtTime'.
examples/jsm/libs/lottie_canvas.module.js(14579,35): error TS2339: Property 'rx' does not exist on type 'getTransformValueAtTime'.
examples/jsm/libs/lottie_canvas.module.js(14580,41): error TS2339: Property 'or' does not exist on type 'getTransformValueAtTime'.
examples/jsm/libs/lottie_canvas.module.js(14581,40): error TS2339: Property 'or' does not exist on type 'getTransformValueAtTime'.
examples/jsm/libs/lottie_canvas.module.js(14582,40): error TS2339: Property 'or' does not exist on type 'getTransformValueAtTime'.
examples/jsm/libs/lottie_canvas.module.js(14584,14): error TS2339: Property 'data' does not exist on type 'getTransformValueAtTime'.
examples/jsm/libs/lottie_canvas.module.js(14584,29): error TS2339: Property 'data' does not exist on type 'getTransformValueAtTime'.
examples/jsm/libs/lottie_canvas.module.js(14585,28): error TS2339: Property 'px' does not exist on type 'getTransformValueAtTime'.
examples/jsm/libs/lottie_canvas.module.js(14586,28): error TS2339: Property 'py' does not exist on type 'getTransformValueAtTime'.
examples/jsm/libs/lottie_canvas.module.js(14587,16): error TS2339: Property 'data' does not exist on type 'getTransformValueAtTime'.
examples/jsm/libs/lottie_canvas.module.js(14588,30): error TS2339: Property 'pz' does not exist on type 'getTransformValueAtTime'.
examples/jsm/libs/lottie_canvas.module.js(14590,28): error TS2339: Property 'px' does not exist on type 'getTransformValueAtTime'.
examples/jsm/libs/lottie_canvas.module.js(14591,28): error TS2339: Property 'py' does not exist on type 'getTransformValueAtTime'.
examples/jsm/libs/lottie_canvas.module.js(14592,29): error TS2339: Property 'pz' does not exist on type 'getTransformValueAtTime'.
examples/jsm/libs/lottie_canvas.module.js(14595,43): error TS2339: Property 'px' does not exist on type 'getTransformValueAtTime'.
examples/jsm/libs/lottie_canvas.module.js(14595,69): error TS2339: Property 'py' does not exist on type 'getTransformValueAtTime'.
examples/jsm/libs/lottie_canvas.module.js(14598,27): error TS2339: Property 'p' does not exist on type 'getTransformValueAtTime'.
examples/jsm/libs/lottie_canvas.module.js(14600,28): error TS2339: Property 'p' does not exist on type 'getTransformValueAtTime'.
examples/jsm/libs/lottie_canvas.module.js(14601,28): error TS2339: Property 'p' does not exist on type 'getTransformValueAtTime'.
examples/jsm/libs/lottie_canvas.module.js(14602,29): error TS2339: Property 'p' does not exist on type 'getTransformValueAtTime'.
examples/jsm/libs/lottie_canvas.module.js(14610,12): error TS2683: 'this' implicitly has type 'any' because it does not have a type annotation.
examples/jsm/libs/lottie_canvas.module.js(14616,14): error TS2339: Property 'dynamicProperties' does not exist on type 'TransformProperty'.
examples/jsm/libs/lottie_canvas.module.js(14617,12): error TS2339: Property 'getValueAtTime' does not exist on type 'TransformProperty'.
examples/jsm/libs/lottie_canvas.module.js(14619,12): error TS2339: Property 'getValueAtTime' does not exist on type 'TransformProperty'.
examples/jsm/libs/lottie_canvas.module.js(14621,10): error TS2339: Property 'setGroupProperty' does not exist on type 'TransformProperty'.
examples/jsm/libs/lottie_canvas.module.js(14631,9): error TS18048: 'prop' is possibly 'undefined'.
examples/jsm/libs/lottie_canvas.module.js(14632,7): error TS18048: 'prop' is possibly 'undefined'.
examples/jsm/libs/lottie_canvas.module.js(14632,12): error TS2339: Property 'getValueAtTime' does not exist on type 'ValueProperty | MultiDimensionalProperty | KeyframedValueProperty | KeyframedMultidimensionalProperty'.
  Property 'getValueAtTime' does not exist on type 'ValueProperty'.
examples/jsm/libs/lottie_canvas.module.js(14634,7): error TS18048: 'prop' is possibly 'undefined'.
examples/jsm/libs/lottie_canvas.module.js(14634,12): error TS2339: Property 'getValueAtTime' does not exist on type 'ValueProperty | MultiDimensionalProperty | KeyframedValueProperty | KeyframedMultidimensionalProperty'.
  Property 'getValueAtTime' does not exist on type 'ValueProperty'.
examples/jsm/libs/lottie_canvas.module.js(14636,5): error TS18048: 'prop' is possibly 'undefined'.
examples/jsm/libs/lottie_canvas.module.js(14636,10): error TS2339: Property 'setGroupProperty' does not exist on type 'ValueProperty | MultiDimensionalProperty | KeyframedValueProperty | KeyframedMultidimensionalProperty'.
  Property 'setGroupProperty' does not exist on type 'ValueProperty'.
examples/jsm/libs/lottie_canvas.module.js(14637,5): error TS18048: 'prop' is possibly 'undefined'.
examples/jsm/libs/lottie_canvas.module.js(14637,10): error TS2339: Property 'loopOut' does not exist on type 'ValueProperty | MultiDimensionalProperty | KeyframedValueProperty | KeyframedMultidimensionalProperty'.
  Property 'loopOut' does not exist on type 'ValueProperty'.
examples/jsm/libs/lottie_canvas.module.js(14638,5): error TS18048: 'prop' is possibly 'undefined'.
examples/jsm/libs/lottie_canvas.module.js(14638,10): error TS2339: Property 'loopIn' does not exist on type 'ValueProperty | MultiDimensionalProperty | KeyframedValueProperty | KeyframedMultidimensionalProperty'.
  Property 'loopIn' does not exist on type 'ValueProperty'.
examples/jsm/libs/lottie_canvas.module.js(14639,5): error TS18048: 'prop' is possibly 'undefined'.
examples/jsm/libs/lottie_canvas.module.js(14639,10): error TS2339: Property 'smooth' does not exist on type 'ValueProperty | MultiDimensionalProperty | KeyframedValueProperty | KeyframedMultidimensionalProperty'.
  Property 'smooth' does not exist on type 'ValueProperty'.
examples/jsm/libs/lottie_canvas.module.js(14640,5): error TS18048: 'prop' is possibly 'undefined'.
examples/jsm/libs/lottie_canvas.module.js(14640,10): error TS2339: Property 'getVelocityAtTime' does not exist on type 'ValueProperty | MultiDimensionalProperty | KeyframedValueProperty | KeyframedMultidimensionalProperty'.
  Property 'getVelocityAtTime' does not exist on type 'ValueProperty'.
examples/jsm/libs/lottie_canvas.module.js(14641,5): error TS18048: 'prop' is possibly 'undefined'.
examples/jsm/libs/lottie_canvas.module.js(14641,10): error TS2339: Property 'getSpeedAtTime' does not exist on type 'ValueProperty | MultiDimensionalProperty | KeyframedValueProperty | KeyframedMultidimensionalProperty'.
  Property 'getSpeedAtTime' does not exist on type 'ValueProperty'.
examples/jsm/libs/lottie_canvas.module.js(14642,5): error TS18048: 'prop' is possibly 'undefined'.
examples/jsm/libs/lottie_canvas.module.js(14642,10): error TS2339: Property 'numKeys' does not exist on type 'ValueProperty | MultiDimensionalProperty | KeyframedValueProperty | KeyframedMultidimensionalProperty'.
  Property 'numKeys' does not exist on type 'ValueProperty'.
examples/jsm/libs/lottie_canvas.module.js(14643,5): error TS18048: 'prop' is possibly 'undefined'.
examples/jsm/libs/lottie_canvas.module.js(14643,10): error TS2339: Property 'propertyIndex' does not exist on type 'ValueProperty | MultiDimensionalProperty | KeyframedValueProperty | KeyframedMultidimensionalProperty'.
  Property 'propertyIndex' does not exist on type 'ValueProperty'.
examples/jsm/libs/lottie_canvas.module.js(14646,7): error TS2322: Type 'number[] | Uint8ClampedArray<any> | Int16Array<any> | Float32Array<any>' is not assignable to type 'number'.
  Type 'number[]' is not assignable to type 'number'.
examples/jsm/libs/lottie_canvas.module.js(14648,5): error TS18048: 'prop' is possibly 'undefined'.
examples/jsm/libs/lottie_canvas.module.js(14648,10): error TS2339: Property '_cachingAtTime' does not exist on type 'ValueProperty | MultiDimensionalProperty | KeyframedValueProperty | KeyframedMultidimensionalProperty'.
  Property '_cachingAtTime' does not exist on type 'ValueProperty'.
examples/jsm/libs/lottie_canvas.module.js(14654,9): error TS18048: 'prop' is possibly 'undefined'.
examples/jsm/libs/lottie_canvas.module.js(14665,31): error TS2339: Property 'clone' does not exist on type '{ newElement: () => any; release: (element: any) => void; }'.
examples/jsm/libs/lottie_canvas.module.js(14665,42): error TS2339: Property 'pv' does not exist on type 'getShapeValueAtTime'.
examples/jsm/libs/lottie_canvas.module.js(14671,22): error TS2339: Property 'elem' does not exist on type 'getShapeValueAtTime'.
examples/jsm/libs/lottie_canvas.module.js(14672,22): error TS2339: Property 'offsetTime' does not exist on type 'getShapeValueAtTime'.
examples/jsm/libs/lottie_canvas.module.js(14674,86): error TS2339: Property '_caching' does not exist on type 'getShapeValueAtTime'.
examples/jsm/libs/lottie_canvas.module.js(14676,12): error TS2339: Property 'interpolateShape' does not exist on type 'getShapeValueAtTime'.
examples/jsm/libs/lottie_canvas.module.js(14687,16): error TS2339: Property 'k' does not exist on type 'ShapeExpressions'.
examples/jsm/libs/lottie_canvas.module.js(14688,14): error TS2339: Property 'getValue' does not exist on type 'ShapeExpressions'.
examples/jsm/libs/lottie_canvas.module.js(14690,28): error TS2339: Property 'v' does not exist on type 'ShapeExpressions'.
examples/jsm/libs/lottie_canvas.module.js(14692,41): error TS2554: Expected 0 arguments, but got 2.
examples/jsm/libs/lottie_canvas.module.js(14718,19): error TS2339: Property 'v' does not exist on type 'ShapeExpressions'.
examples/jsm/libs/lottie_canvas.module.js(14721,28): error TS2339: Property 'v' does not exist on type 'ShapeExpressions'.
examples/jsm/libs/lottie_canvas.module.js(14723,41): error TS2554: Expected 0 arguments, but got 2.
examples/jsm/libs/lottie_canvas.module.js(14725,17): error TS2339: Property '_segmentsLength' does not exist on type 'ShapeExpressions'.
examples/jsm/libs/lottie_canvas.module.js(14726,14): error TS2339: Property '_segmentsLength' does not exist on type 'ShapeExpressions'.
examples/jsm/libs/lottie_canvas.module.js(14729,33): error TS2339: Property '_segmentsLength' does not exist on type 'ShapeExpressions'.
examples/jsm/libs/lottie_canvas.module.js(14756,21): error TS2339: Property 'v' does not exist on type 'ShapeExpressions'.
examples/jsm/libs/lottie_canvas.module.js(14787,55): error TS2554: Expected 0-3 arguments, but got 5.
examples/jsm/libs/lottie_canvas.module.js(14788,5): error TS18048: 'prop' is possibly 'undefined'.
examples/jsm/libs/lottie_canvas.module.js(14788,10): error TS2339: Property 'propertyIndex' does not exist on type 'KeyframedShapeProperty | ShapeProperty | RectShapePropertyFactory | EllShapePropertyFactory | StarShapePropertyFactory'.
  Property 'propertyIndex' does not exist on type 'KeyframedShapeProperty'.
examples/jsm/libs/lottie_canvas.module.js(14789,5): error TS18048: 'prop' is possibly 'undefined'.
examples/jsm/libs/lottie_canvas.module.js(14789,10): error TS2339: Property 'lock' does not exist on type 'KeyframedShapeProperty | ShapeProperty | RectShapePropertyFactory | EllShapePropertyFactory | StarShapePropertyFactory'.
  Property 'lock' does not exist on type 'KeyframedShapeProperty'.
examples/jsm/libs/lottie_canvas.module.js(14795,9): error TS18048: 'prop' is possibly 'undefined'.
examples/jsm/libs/lottie_canvas.module.js(14808,14): error TS2339: Property 'data' does not exist on type 'searchExpressions'.
examples/jsm/libs/lottie_canvas.module.js(14809,87): error TS2339: Property 'elem' does not exist on type 'searchExpressions'.
examples/jsm/libs/lottie_canvas.module.js(14809,98): error TS2339: Property 'data' does not exist on type 'searchExpressions'.
examples/jsm/libs/lottie_canvas.module.js(14810,12): error TS2339: Property 'addEffect' does not exist on type 'searchExpressions'.
examples/jsm/libs/lottie_canvas.module.js(14810,27): error TS2339: Property 'getExpressionValue' does not exist on type 'searchExpressions'.
examples/jsm/libs/lottie_canvas.module.js(14817,25): error TS2339: Property 'calculateExpression' does not exist on type 'TextProperty'.
examples/jsm/libs/lottie_canvas.module.js(14830,31): error TS2339: Property 'searchExpressions' does not exist on type 'TextProperty'.
examples/jsm/libs/motion-controllers.module.js(199,22): error TS8024: JSDoc '@param' tag has name 'xAxis', but there is no parameter with that name.
examples/jsm/libs/motion-controllers.module.js(200,22): error TS8024: JSDoc '@param' tag has name 'yAxis', but there is no parameter with that name.
examples/jsm/libs/motion-controllers.module.js(201,22): error TS8024: JSDoc '@param' tag has name 'button', but there is no parameter with that name.
examples/jsm/libs/motion-controllers.module.js(202,22): error TS8024: JSDoc '@param' tag has name 'state', but there is no parameter with that name.
examples/jsm/libs/motion-controllers.module.js(205,5): error TS2339: Property 'xAxis' does not exist on type 'Object'.
examples/jsm/libs/motion-controllers.module.js(205,12): error TS2339: Property 'yAxis' does not exist on type 'Object'.
examples/jsm/libs/motion-controllers.module.js(205,19): error TS2339: Property 'button' does not exist on type 'Object'.
examples/jsm/libs/motion-controllers.module.js(205,27): error TS2339: Property 'state' does not exist on type 'Object'.
examples/jsm/libs/motion-controllers.module.js(239,31): error TS2339: Property 'visualResponses' does not exist on type 'Object'.
examples/jsm/libs/motion-controllers.module.js(240,31): error TS2339: Property 'gamepadIndices' does not exist on type 'Object'.
examples/jsm/libs/motion-controllers.module.js(241,42): error TS2339: Property 'gamepadIndices' does not exist on type 'Object'.
examples/jsm/libs/motion-controllers.module.js(246,38): error TS2339: Property 'type' does not exist on type 'Object'.
examples/jsm/libs/motion-controllers.module.js(247,46): error TS2339: Property 'rootNodeName' does not exist on type 'Object'.
examples/jsm/libs/motion-controllers.module.js(248,52): error TS2339: Property 'touchPointNodeName' does not exist on type 'Object'.
examples/jsm/libs/motion-controllers.module.js(252,38): error TS2339: Property 'visualResponses' does not exist on type 'Object'.
examples/jsm/libs/motion-controllers.module.js(253,70): error TS2339: Property 'visualResponses' does not exist on type 'Object'.
examples/jsm/libs/motion-controllers.module.js(254,7): error TS7053: Element implicitly has an 'any' type because expression of type 'string' can't be used to index type '{}'.
  No index signature with a parameter of type 'string' was found on type '{}'.
examples/jsm/libs/motion-controllers.module.js(258,66): error TS2339: Property 'gamepadIndices' does not exist on type 'Object'.
examples/jsm/libs/motion-controllers.module.js(283,20): error TS2339: Property 'buttons' does not exist on type 'Object'.
examples/jsm/libs/motion-controllers.module.js(284,37): error TS2339: Property 'buttons' does not exist on type 'Object'.
examples/jsm/libs/motion-controllers.module.js(286,29): error TS2532: Object is possibly 'undefined'.
examples/jsm/libs/motion-controllers.module.js(287,29): error TS2532: Object is possibly 'undefined'.
examples/jsm/libs/motion-controllers.module.js(291,9): error TS2322: Type '"pressed"' is not assignable to type '"default"'.
examples/jsm/libs/motion-controllers.module.js(292,43): error TS2532: Object is possibly 'undefined'.
examples/jsm/libs/motion-controllers.module.js(293,9): error TS2322: Type '"touched"' is not assignable to type '"default"'.
examples/jsm/libs/motion-controllers.module.js(299,20): error TS2339: Property 'axes' does not exist on type 'Object'.
examples/jsm/libs/motion-controllers.module.js(300,35): error TS2339: Property 'axes' does not exist on type 'Object'.
examples/jsm/libs/motion-controllers.module.js(301,28): error TS2532: Object is possibly 'undefined'.
examples/jsm/libs/motion-controllers.module.js(302,28): error TS2532: Object is possibly 'undefined'.
examples/jsm/libs/motion-controllers.module.js(306,21): error TS2345: Argument of type 'number | undefined' is not assignable to parameter of type 'number'.
  Type 'undefined' is not assignable to type 'number'.
examples/jsm/libs/motion-controllers.module.js(307,9): error TS2322: Type '"touched"' is not assignable to type '"default"'.
examples/jsm/libs/motion-controllers.module.js(313,20): error TS2339: Property 'axes' does not exist on type 'Object'.
examples/jsm/libs/motion-controllers.module.js(314,35): error TS2339: Property 'axes' does not exist on type 'Object'.
examples/jsm/libs/motion-controllers.module.js(315,28): error TS2532: Object is possibly 'undefined'.
examples/jsm/libs/motion-controllers.module.js(316,28): error TS2532: Object is possibly 'undefined'.
examples/jsm/libs/motion-controllers.module.js(320,21): error TS2345: Argument of type 'number | undefined' is not assignable to parameter of type 'number'.
  Type 'undefined' is not assignable to type 'number'.
examples/jsm/libs/motion-controllers.module.js(321,9): error TS2322: Type '"touched"' is not assignable to type '"default"'.
examples/jsm/libs/motion-controllers.module.js(354,23): error TS2339: Property 'profileId' does not exist on type 'Object'.
examples/jsm/libs/motion-controllers.module.js(357,38): error TS2339: Property 'layouts' does not exist on type 'Object'.
examples/jsm/libs/motion-controllers.module.js(357,60): error TS2339: Property 'handedness' does not exist on type 'Object'.
examples/jsm/libs/motion-controllers.module.js(361,7): error TS7053: Element implicitly has an 'any' type because expression of type 'string' can't be used to index type '{}'.
  No index signature with a parameter of type 'string' was found on type '{}'.
examples/jsm/libs/motion-controllers.module.js(369,31): error TS2339: Property 'gripSpace' does not exist on type 'Object'.
examples/jsm/libs/motion-controllers.module.js(373,31): error TS2339: Property 'targetRaySpace' does not exist on type 'Object'.
examples/jsm/libs/motion-controllers.module.js(392,54): error TS2339: Property 'gamepad' does not exist on type 'Object'.
examples/jsm/libs/opentype.module.js(13,42): error TS2345: Argument of type '{}' is not assignable to parameter of type 'PropertyKey'.
examples/jsm/libs/opentype.module.js(15,11): error TS2454: Variable 'result' is used before being assigned.
examples/jsm/libs/opentype.module.js(18,8): error TS2683: 'this' implicitly has type 'any' because it does not have a type annotation.
examples/jsm/libs/opentype.module.js(21,24): error TS2683: 'this' implicitly has type 'any' because it does not have a type annotation.
examples/jsm/libs/opentype.module.js(507,22): error TS2345: Argument of type 'null' is not assignable to parameter of type 'number'.
examples/jsm/libs/opentype.module.js(517,19): error TS2345: Argument of type 'null' is not assignable to parameter of type 'number'.
examples/jsm/libs/opentype.module.js(602,5): error TS7008: Member 'commands' implicitly has an 'any[]' type.
examples/jsm/libs/opentype.module.js(604,5): error TS7008: Member 'stroke' implicitly has an 'any' type.
examples/jsm/libs/opentype.module.js(720,13): error TS2314: Generic type 'Array<T>' requires 1 type argument(s).
examples/jsm/libs/opentype.module.js(723,24): error TS2339: Property 'commands' does not exist on type 'any[]'.
examples/jsm/libs/opentype.module.js(724,41): error TS2339: Property 'commands' does not exist on type 'any[]'.
examples/jsm/libs/opentype.module.js(740,14): error TS2749: 'opentype.BoundingBox' refers to a value, but is being used as a type here. Did you mean 'typeof opentype.BoundingBox'?
examples/jsm/libs/opentype.module.js(903,19): error TS2584: Cannot find name 'document'. Do you need to change your target library? Try changing the 'lib' compiler option to include 'dom'.
examples/jsm/libs/opentype.module.js(958,4): error TS1003: Identifier expected.
examples/jsm/libs/opentype.module.js(958,4): error TS8024: JSDoc '@param' tag has name '', but there is no parameter with that name.
examples/jsm/libs/opentype.module.js(958,14): error TS2314: Generic type 'Array<T>' requires 1 type argument(s).
examples/jsm/libs/opentype.module.js(968,1): error TS2322: Type '() => any' is not assignable to type 'number'.
examples/jsm/libs/opentype.module.js(973,4): error TS1003: Identifier expected.
examples/jsm/libs/opentype.module.js(973,4): error TS8024: JSDoc '@param' tag has name '', but there is no parameter with that name.
examples/jsm/libs/opentype.module.js(973,14): error TS2314: Generic type 'Array<T>' requires 1 type argument(s).
examples/jsm/libs/opentype.module.js(983,1): error TS2322: Type '() => any' is not assignable to type 'number'.
examples/jsm/libs/opentype.module.js(988,4): error TS1003: Identifier expected.
examples/jsm/libs/opentype.module.js(988,4): error TS8024: JSDoc '@param' tag has name '', but there is no parameter with that name.
examples/jsm/libs/opentype.module.js(988,14): error TS2314: Generic type 'Array<T>' requires 1 type argument(s).
examples/jsm/libs/opentype.module.js(1004,12): error TS2314: Generic type 'Array<T>' requires 1 type argument(s).
examples/jsm/libs/opentype.module.js(1005,4): error TS1003: Identifier expected.
examples/jsm/libs/opentype.module.js(1005,4): error TS8024: JSDoc '@param' tag has name '', but there is no parameter with that name.
examples/jsm/libs/opentype.module.js(1017,4): error TS1003: Identifier expected.
examples/jsm/libs/opentype.module.js(1017,4): error TS8024: JSDoc '@param' tag has name '', but there is no parameter with that name.
examples/jsm/libs/opentype.module.js(1017,14): error TS2314: Generic type 'Array<T>' requires 1 type argument(s).
examples/jsm/libs/opentype.module.js(1027,1): error TS2322: Type '() => any' is not assignable to type 'number'.
examples/jsm/libs/opentype.module.js(1032,4): error TS1003: Identifier expected.
examples/jsm/libs/opentype.module.js(1032,4): error TS8024: JSDoc '@param' tag has name '', but there is no parameter with that name.
examples/jsm/libs/opentype.module.js(1032,14): error TS2314: Generic type 'Array<T>' requires 1 type argument(s).
examples/jsm/libs/opentype.module.js(1047,1): error TS2322: Type '() => any' is not assignable to type 'number'.
examples/jsm/libs/opentype.module.js(1052,4): error TS1003: Identifier expected.
examples/jsm/libs/opentype.module.js(1052,4): error TS8024: JSDoc '@param' tag has name '', but there is no parameter with that name.
examples/jsm/libs/opentype.module.js(1052,14): error TS2314: Generic type 'Array<T>' requires 1 type argument(s).
examples/jsm/libs/opentype.module.js(1062,1): error TS2322: Type '() => any' is not assignable to type 'number'.
examples/jsm/libs/opentype.module.js(1067,4): error TS1003: Identifier expected.
examples/jsm/libs/opentype.module.js(1067,4): error TS8024: JSDoc '@param' tag has name '', but there is no parameter with that name.
examples/jsm/libs/opentype.module.js(1067,14): error TS2314: Generic type 'Array<T>' requires 1 type argument(s).
examples/jsm/libs/opentype.module.js(1077,1): error TS2322: Type '() => any' is not assignable to type 'number'.
examples/jsm/libs/opentype.module.js(1082,4): error TS1003: Identifier expected.
examples/jsm/libs/opentype.module.js(1082,4): error TS8024: JSDoc '@param' tag has name '', but there is no parameter with that name.
examples/jsm/libs/opentype.module.js(1082,14): error TS2314: Generic type 'Array<T>' requires 1 type argument(s).
examples/jsm/libs/opentype.module.js(1097,1): error TS2322: Type '() => any' is not assignable to type 'number'.
examples/jsm/libs/opentype.module.js(1111,4): error TS1003: Identifier expected.
examples/jsm/libs/opentype.module.js(1111,4): error TS8024: JSDoc '@param' tag has name '', but there is no parameter with that name.
examples/jsm/libs/opentype.module.js(1111,14): error TS2314: Generic type 'Array<T>' requires 1 type argument(s).
examples/jsm/libs/opentype.module.js(1121,1): error TS2322: Type '() => any' is not assignable to type 'number'.
examples/jsm/libs/opentype.module.js(1126,4): error TS1003: Identifier expected.
examples/jsm/libs/opentype.module.js(1126,4): error TS8024: JSDoc '@param' tag has name '', but there is no parameter with that name.
examples/jsm/libs/opentype.module.js(1126,14): error TS2314: Generic type 'Array<T>' requires 1 type argument(s).
examples/jsm/libs/opentype.module.js(1140,1): error TS2322: Type '() => any' is not assignable to type 'number'.
examples/jsm/libs/opentype.module.js(1160,4): error TS1003: Identifier expected.
examples/jsm/libs/opentype.module.js(1160,4): error TS8024: JSDoc '@param' tag has name '', but there is no parameter with that name.
examples/jsm/libs/opentype.module.js(1160,14): error TS2314: Generic type 'Array<T>' requires 1 type argument(s).
examples/jsm/libs/opentype.module.js(1180,4): error TS1003: Identifier expected.
examples/jsm/libs/opentype.module.js(1180,4): error TS8024: JSDoc '@param' tag has name '', but there is no parameter with that name.
examples/jsm/libs/opentype.module.js(1190,4): error TS1003: Identifier expected.
examples/jsm/libs/opentype.module.js(1190,4): error TS8024: JSDoc '@param' tag has name '', but there is no parameter with that name.
examples/jsm/libs/opentype.module.js(1190,14): error TS2314: Generic type 'Array<T>' requires 1 type argument(s).
examples/jsm/libs/opentype.module.js(1200,1): error TS2322: Type '() => any' is not assignable to type 'number'.
examples/jsm/libs/opentype.module.js(1207,4): error TS1003: Identifier expected.
examples/jsm/libs/opentype.module.js(1207,4): error TS8024: JSDoc '@param' tag has name '', but there is no parameter with that name.
examples/jsm/libs/opentype.module.js(1207,14): error TS2314: Generic type 'Array<T>' requires 1 type argument(s).
examples/jsm/libs/opentype.module.js(1217,1): error TS2322: Type '() => any' is not assignable to type 'number'.
examples/jsm/libs/opentype.module.js(1221,4): error TS1003: Identifier expected.
examples/jsm/libs/opentype.module.js(1221,4): error TS8024: JSDoc '@param' tag has name '', but there is no parameter with that name.
examples/jsm/libs/opentype.module.js(1221,14): error TS2314: Generic type 'Array<T>' requires 1 type argument(s).
examples/jsm/libs/opentype.module.js(1259,4): error TS1003: Identifier expected.
examples/jsm/libs/opentype.module.js(1259,4): error TS8024: JSDoc '@param' tag has name '', but there is no parameter with that name.
examples/jsm/libs/opentype.module.js(1306,4): error TS1003: Identifier expected.
examples/jsm/libs/opentype.module.js(1306,4): error TS8024: JSDoc '@param' tag has name '', but there is no parameter with that name.
examples/jsm/libs/opentype.module.js(1306,14): error TS2314: Generic type 'Array<T>' requires 1 type argument(s).
examples/jsm/libs/opentype.module.js(1321,4): error TS1003: Identifier expected.
examples/jsm/libs/opentype.module.js(1321,4): error TS8024: JSDoc '@param' tag has name '', but there is no parameter with that name.
examples/jsm/libs/opentype.module.js(1385,17): error TS7053: Element implicitly has an 'any' type because expression of type 'string' can't be used to index type '{ 'x-mac-croatian': string; 'x-mac-cyrillic': string; 'x-mac-gaelic': string; 'x-mac-greek': string; 'x-mac-icelandic': string; 'x-mac-inuit': string; 'x-mac-ce': string; macintosh: string; 'x-mac-romanian': string; 'x-mac-turkish': string; }'.
  No index signature with a parameter of type 'string' was found on type '{ 'x-mac-croatian': string; 'x-mac-cyrillic': string; 'x-mac-gaelic': string; 'x-mac-greek': string; 'x-mac-icelandic': string; 'x-mac-inuit': string; 'x-mac-ce': string; macintosh: string; 'x-mac-romanian': string; 'x-mac-turkish': string; }'.
examples/jsm/libs/opentype.module.js(1387,9): error TS2322: Type 'undefined' is not assignable to type 'string'.
examples/jsm/libs/opentype.module.js(1419,13): error TS7053: Element implicitly has an 'any' type because expression of type 'string' can't be used to index type '{}'.
  No index signature with a parameter of type 'string' was found on type '{}'.
examples/jsm/libs/opentype.module.js(1439,25): error TS7053: Element implicitly has an 'any' type because expression of type 'any' can't be used to index type '{ 'x-mac-croatian': string; 'x-mac-cyrillic': string; 'x-mac-gaelic': string; 'x-mac-greek': string; 'x-mac-icelandic': string; 'x-mac-inuit': string; 'x-mac-ce': string; macintosh: string; 'x-mac-romanian': string; 'x-mac-turkish': string; }'.
examples/jsm/libs/opentype.module.js(1446,9): error TS7053: Element implicitly has an 'any' type because expression of type 'any' can't be used to index type '{}'.
examples/jsm/libs/opentype.module.js(1463,14): error TS2314: Generic type 'Array<T>' requires 1 type argument(s).
examples/jsm/libs/opentype.module.js(1468,9): error TS2322: Type 'undefined' is not assignable to type 'any[]'.
examples/jsm/libs/opentype.module.js(1482,17): error TS2322: Type 'undefined' is not assignable to type 'any[]'.
examples/jsm/libs/opentype.module.js(1603,12): error TS2314: Generic type 'Array<T>' requires 1 type argument(s).
examples/jsm/libs/opentype.module.js(1604,4): error TS1003: Identifier expected.
examples/jsm/libs/opentype.module.js(1604,4): error TS8024: JSDoc '@param' tag has name '', but there is no parameter with that name.
examples/jsm/libs/opentype.module.js(1604,13): error TS2314: Generic type 'Array<T>' requires 1 type argument(s).
examples/jsm/libs/opentype.module.js(1625,12): error TS2314: Generic type 'Array<T>' requires 1 type argument(s).
examples/jsm/libs/opentype.module.js(1626,14): error TS2314: Generic type 'Array<T>' requires 1 type argument(s).
examples/jsm/libs/opentype.module.js(1652,29): error TS2722: Cannot invoke an object which is possibly 'undefined'.
examples/jsm/libs/opentype.module.js(1652,29): error TS18048: 'offsetEncoder' is possibly 'undefined'.
examples/jsm/libs/opentype.module.js(1663,12): error TS2314: Generic type 'Array<T>' requires 1 type argument(s).
examples/jsm/libs/opentype.module.js(1664,4): error TS1003: Identifier expected.
examples/jsm/libs/opentype.module.js(1664,4): error TS8024: JSDoc '@param' tag has name '', but there is no parameter with that name.
examples/jsm/libs/opentype.module.js(1675,14): error TS2314: Generic type 'Array<T>' requires 1 type argument(s).
examples/jsm/libs/opentype.module.js(1685,17): error TS7053: Element implicitly has an 'any' type because expression of type 'number' can't be used to index type 'Object'.
  No index signature with a parameter of type 'number' was found on type 'Object'.
examples/jsm/libs/opentype.module.js(1696,4): error TS1003: Identifier expected.
examples/jsm/libs/opentype.module.js(1696,4): error TS8024: JSDoc '@param' tag has name '', but there is no parameter with that name.
examples/jsm/libs/opentype.module.js(1704,4): error TS1003: Identifier expected.
examples/jsm/libs/opentype.module.js(1704,4): error TS8024: JSDoc '@param' tag has name '', but there is no parameter with that name.
examples/jsm/libs/opentype.module.js(1704,14): error TS2314: Generic type 'Array<T>' requires 1 type argument(s).
examples/jsm/libs/opentype.module.js(1715,12): error TS2314: Generic type 'Array<T>' requires 1 type argument(s).
examples/jsm/libs/opentype.module.js(1717,4): error TS1003: Identifier expected.
examples/jsm/libs/opentype.module.js(1717,4): error TS8024: JSDoc '@param' tag has name '', but there is no parameter with that name.
examples/jsm/libs/opentype.module.js(1717,14): error TS2314: Generic type 'Array<T>' requires 1 type argument(s).
examples/jsm/libs/opentype.module.js(1754,12): error TS2314: Generic type 'Array<T>' requires 1 type argument(s).
examples/jsm/libs/opentype.module.js(1755,4): error TS1003: Identifier expected.
examples/jsm/libs/opentype.module.js(1755,4): error TS8024: JSDoc '@param' tag has name '', but there is no parameter with that name.
examples/jsm/libs/opentype.module.js(1755,14): error TS2314: Generic type 'Array<T>' requires 1 type argument(s).
examples/jsm/libs/opentype.module.js(1771,22): error TS7053: Element implicitly has an 'any' type because expression of type 'any' can't be used to index type 'typeof encode'.
examples/jsm/libs/opentype.module.js(1782,12): error TS2314: Generic type 'Array<T>' requires 1 type argument(s).
examples/jsm/libs/opentype.module.js(1783,4): error TS1003: Identifier expected.
examples/jsm/libs/opentype.module.js(1783,4): error TS8024: JSDoc '@param' tag has name '', but there is no parameter with that name.
examples/jsm/libs/opentype.module.js(1794,4): error TS1003: Identifier expected.
examples/jsm/libs/opentype.module.js(1794,4): error TS8024: JSDoc '@param' tag has name '', but there is no parameter with that name.
examples/jsm/libs/opentype.module.js(1794,14): error TS2314: Generic type 'Array<T>' requires 1 type argument(s).
examples/jsm/libs/opentype.module.js(1797,28): error TS7053: Element implicitly has an 'any' type because expression of type 'any' can't be used to index type 'typeof encode'.
examples/jsm/libs/opentype.module.js(1804,4): error TS1003: Identifier expected.
examples/jsm/libs/opentype.module.js(1804,4): error TS8024: JSDoc '@param' tag has name '', but there is no parameter with that name.
examples/jsm/libs/opentype.module.js(1807,26): error TS7053: Element implicitly has an 'any' type because expression of type 'any' can't be used to index type 'typeof sizeOf'.
examples/jsm/libs/opentype.module.js(1816,21): error TS2694: Namespace 'opentype' has no exported member 'Table'.
examples/jsm/libs/opentype.module.js(1817,4): error TS1003: Identifier expected.
examples/jsm/libs/opentype.module.js(1817,4): error TS8024: JSDoc '@param' tag has name '', but there is no parameter with that name.
examples/jsm/libs/opentype.module.js(1817,14): error TS2314: Generic type 'Array<T>' requires 1 type argument(s).
examples/jsm/libs/opentype.module.js(1827,32): error TS7053: Element implicitly has an 'any' type because expression of type 'any' can't be used to index type 'typeof encode'.
examples/jsm/libs/opentype.module.js(1858,21): error TS2694: Namespace 'opentype' has no exported member 'Table'.
examples/jsm/libs/opentype.module.js(1859,4): error TS1003: Identifier expected.
examples/jsm/libs/opentype.module.js(1859,4): error TS8024: JSDoc '@param' tag has name '', but there is no parameter with that name.
examples/jsm/libs/opentype.module.js(1867,30): error TS7053: Element implicitly has an 'any' type because expression of type 'any' can't be used to index type 'typeof sizeOf'.
examples/jsm/libs/opentype.module.js(1903,12): error TS2314: Generic type 'Array<T>' requires 1 type argument(s).
examples/jsm/libs/opentype.module.js(1914,13): error TS7053: Element implicitly has an 'any' type because expression of type 'any' can't be used to index type 'Table'.
examples/jsm/libs/opentype.module.js(1924,21): error TS7053: Element implicitly has an 'any' type because expression of type 'string' can't be used to index type 'Object'.
  No index signature with a parameter of type 'string' was found on type 'Object'.
examples/jsm/libs/opentype.module.js(1925,17): error TS7053: Element implicitly has an 'any' type because expression of type 'string' can't be used to index type 'Table'.
  No index signature with a parameter of type 'string' was found on type 'Table'.
examples/jsm/libs/opentype.module.js(1926,17): error TS7053: Element implicitly has an 'any' type because expression of type 'string' can't be used to index type 'Table'.
  No index signature with a parameter of type 'string' was found on type 'Table'.
examples/jsm/libs/opentype.module.js(1934,13): error TS2314: Generic type 'Array<T>' requires 1 type argument(s).
examples/jsm/libs/opentype.module.js(1994,21): error TS2694: Namespace 'opentype' has no exported member 'Table'.
examples/jsm/libs/opentype.module.js(1995,4): error TS1003: Identifier expected.
examples/jsm/libs/opentype.module.js(1995,4): error TS8024: JSDoc '@param' tag has name '', but there is no parameter with that name.
examples/jsm/libs/opentype.module.js(1998,10): error TS8022: JSDoc '@extends' is not attached to a class.
examples/jsm/libs/opentype.module.js(2000,15): error TS2554: Expected 4 arguments, but got 3.
examples/jsm/libs/opentype.module.js(2005,15): error TS2554: Expected 4 arguments, but got 3.
examples/jsm/libs/opentype.module.js(2022,11): error TS2554: Expected 4 arguments, but got 3.
examples/jsm/libs/opentype.module.js(2029,60): error TS2554: Expected 3 arguments, but got 2.
examples/jsm/libs/opentype.module.js(2030,68): error TS2554: Expected 3 arguments, but got 2.
examples/jsm/libs/opentype.module.js(2038,73): error TS2554: Expected 3 arguments, but got 2.
examples/jsm/libs/opentype.module.js(2054,21): error TS2694: Namespace 'opentype' has no exported member 'Table'.
examples/jsm/libs/opentype.module.js(2055,4): error TS1003: Identifier expected.
examples/jsm/libs/opentype.module.js(2055,4): error TS8024: JSDoc '@param' tag has name '', but there is no parameter with that name.
examples/jsm/libs/opentype.module.js(2058,10): error TS8022: JSDoc '@extends' is not attached to a class.
examples/jsm/libs/opentype.module.js(2059,11): error TS2554: Expected 4 arguments, but got 3.
examples/jsm/libs/opentype.module.js(2064,61): error TS2554: Expected 3 arguments, but got 2.
examples/jsm/libs/opentype.module.js(2076,21): error TS2694: Namespace 'opentype' has no exported member 'Table'.
examples/jsm/libs/opentype.module.js(2077,4): error TS1003: Identifier expected.
examples/jsm/libs/opentype.module.js(2077,4): error TS8024: JSDoc '@param' tag has name '', but there is no parameter with that name.
examples/jsm/libs/opentype.module.js(2078,4): error TS1003: Identifier expected.
examples/jsm/libs/opentype.module.js(2078,4): error TS8024: JSDoc '@param' tag has name '', but there is no parameter with that name.
examples/jsm/libs/opentype.module.js(2081,10): error TS8022: JSDoc '@extends' is not attached to a class.
examples/jsm/libs/opentype.module.js(2082,11): error TS2554: Expected 4 arguments, but got 3.
examples/jsm/libs/opentype.module.js(2085,16): error TS2554: Expected 3 arguments, but got 2.
examples/jsm/libs/opentype.module.js(2298,28): error TS7053: Element implicitly has an 'any' type because expression of type 'any' can't be used to index type '{ byte: number; uShort: number; short: number; uLong: number; fixed: number; longDateTime: number; tag: number; }'.
examples/jsm/libs/opentype.module.js(2409,13): error TS7053: Element implicitly has an 'any' type because expression of type 'string' can't be used to index type '{}'.
  No index signature with a parameter of type 'string' was found on type '{}'.
examples/jsm/libs/opentype.module.js(2429,13): error TS7053: Element implicitly has an 'any' type because expression of type 'string' can't be used to index type '{}'.
  No index signature with a parameter of type 'string' was found on type '{}'.
examples/jsm/libs/opentype.module.js(2447,13): error TS7053: Element implicitly has an 'any' type because expression of type 'string' can't be used to index type '{}'.
  No index signature with a parameter of type 'string' was found on type '{}'.
examples/jsm/libs/opentype.module.js(2614,16): error TS2683: 'this' implicitly has type 'any' because it does not have a type annotation.
examples/jsm/libs/opentype.module.js(2620,16): error TS2683: 'this' implicitly has type 'any' because it does not have a type annotation.
examples/jsm/libs/opentype.module.js(2626,16): error TS2683: 'this' implicitly has type 'any' because it does not have a type annotation.
examples/jsm/libs/opentype.module.js(2632,16): error TS2683: 'this' implicitly has type 'any' because it does not have a type annotation.
examples/jsm/libs/opentype.module.js(2638,16): error TS2683: 'this' implicitly has type 'any' because it does not have a type annotation.
examples/jsm/libs/opentype.module.js(2644,16): error TS2683: 'this' implicitly has type 'any' because it does not have a type annotation.
examples/jsm/libs/opentype.module.js(2692,26): error TS2683: 'this' implicitly has type 'any' because it does not have a type annotation.
examples/jsm/libs/opentype.module.js(2694,26): error TS2683: 'this' implicitly has type 'any' because it does not have a type annotation.
examples/jsm/libs/opentype.module.js(2699,24): error TS2683: 'this' implicitly has type 'any' because it does not have a type annotation.
examples/jsm/libs/opentype.module.js(2700,53): error TS2683: 'this' implicitly has type 'any' because it does not have a type annotation.
examples/jsm/libs/opentype.module.js(2707,28): error TS2683: 'this' implicitly has type 'any' because it does not have a type annotation.
examples/jsm/libs/opentype.module.js(2708,28): error TS2683: 'this' implicitly has type 'any' because it does not have a type annotation.
examples/jsm/libs/opentype.module.js(2710,33): error TS2683: 'this' implicitly has type 'any' because it does not have a type annotation.
examples/jsm/libs/opentype.module.js(2797,21): error TS2322: Type 'number' is not assignable to type 'undefined'.
examples/jsm/libs/opentype.module.js(2800,17): error TS2322: Type 'number' is not assignable to type 'undefined'.
examples/jsm/libs/opentype.module.js(2913,13): error TS2554: Expected 3 arguments, but got 2.
examples/jsm/libs/opentype.module.js(2915,7): error TS2339: Property 'segments' does not exist on type 'Table'.
examples/jsm/libs/opentype.module.js(2922,11): error TS2339: Property 'segments' does not exist on type 'Table'.
examples/jsm/libs/opentype.module.js(2922,24): error TS2339: Property 'segments' does not exist on type 'Table'.
examples/jsm/libs/opentype.module.js(2929,22): error TS2339: Property 'segments' does not exist on type 'Table'.
examples/jsm/libs/opentype.module.js(2948,25): error TS2339: Property 'segments' does not exist on type 'Table'.
examples/jsm/libs/opentype.module.js(2974,7): error TS2339: Property 'segCountX2' does not exist on type 'Table'.
examples/jsm/libs/opentype.module.js(2975,7): error TS2339: Property 'searchRange' does not exist on type 'Table'.
examples/jsm/libs/opentype.module.js(2976,7): error TS2339: Property 'entrySelector' does not exist on type 'Table'.
examples/jsm/libs/opentype.module.js(2976,34): error TS2339: Property 'searchRange' does not exist on type 'Table'.
examples/jsm/libs/opentype.module.js(2977,7): error TS2339: Property 'rangeShift' does not exist on type 'Table'.
examples/jsm/libs/opentype.module.js(2977,22): error TS2339: Property 'segCountX2' does not exist on type 'Table'.
examples/jsm/libs/opentype.module.js(2977,37): error TS2339: Property 'searchRange' does not exist on type 'Table'.
examples/jsm/libs/opentype.module.js(2986,7): error TS2339: Property 'cmap4Length' does not exist on type 'Table'.
examples/jsm/libs/opentype.module.js(2999,11): error TS2339: Property 'cmap12Offset' does not exist on type 'Table'.
examples/jsm/libs/opentype.module.js(2999,47): error TS2339: Property 'cmap4Length' does not exist on type 'Table'.
examples/jsm/libs/opentype.module.js(3144,12): error TS2749: 'opentype.Font' refers to a value, but is being used as a type here. Did you mean 'typeof opentype.Font'?
examples/jsm/libs/opentype.module.js(3144,26): error TS1003: Identifier expected.
examples/jsm/libs/opentype.module.js(3144,26): error TS8024: JSDoc '@param' tag has name '', but there is no parameter with that name.
examples/jsm/libs/opentype.module.js(3181,22): error TS2339: Property 'glyphIndexMap' does not exist on type 'Object'.
examples/jsm/libs/opentype.module.js(3189,12): error TS2314: Generic type 'Array<T>' requires 1 type argument(s).
examples/jsm/libs/opentype.module.js(3202,34): error TS2538: Type 'undefined' cannot be used as an index type.
examples/jsm/libs/opentype.module.js(3213,18): error TS2339: Property 'version' does not exist on type 'Object'.
examples/jsm/libs/opentype.module.js(3215,13): error TS7008: Member 'names' implicitly has an 'any[]' type.
examples/jsm/libs/opentype.module.js(3218,41): error TS2339: Property 'numberOfGlyphs' does not exist on type 'Object'.
examples/jsm/libs/opentype.module.js(3219,38): error TS2339: Property 'numberOfGlyphs' does not exist on type 'Object'.
examples/jsm/libs/opentype.module.js(3220,26): error TS2339: Property 'glyphNameIndex' does not exist on type 'Object'.
examples/jsm/libs/opentype.module.js(3221,56): error TS2339: Property 'glyphNameIndex' does not exist on type 'Object'.
examples/jsm/libs/opentype.module.js(3223,42): error TS2339: Property 'names' does not exist on type 'Object'.
examples/jsm/libs/opentype.module.js(3223,53): error TS2339: Property 'glyphNameIndex' does not exist on type 'Object'.
examples/jsm/libs/opentype.module.js(3229,41): error TS2339: Property 'numberOfGlyphs' does not exist on type 'Object'.
examples/jsm/libs/opentype.module.js(3230,42): error TS2339: Property 'numberOfGlyphs' does not exist on type 'Object'.
examples/jsm/libs/opentype.module.js(3231,60): error TS2339: Property 'glyphNameIndex' does not exist on type 'Object'.
examples/jsm/libs/opentype.module.js(3308,12): error TS2749: 'opentype.Font' refers to a value, but is being used as a type here. Did you mean 'typeof opentype.Font'?
examples/jsm/libs/opentype.module.js(3309,4): error TS1003: Identifier expected.
examples/jsm/libs/opentype.module.js(3309,4): error TS8024: JSDoc '@param' tag has name '', but there is no parameter with that name.
examples/jsm/libs/opentype.module.js(3309,19): error TS1003: Identifier expected.
examples/jsm/libs/opentype.module.js(3309,19): error TS8024: JSDoc '@param' tag has name '', but there is no parameter with that name.
examples/jsm/libs/opentype.module.js(3357,15): error TS2314: Generic type 'Array<T>' requires 1 type argument(s).
examples/jsm/libs/opentype.module.js(3374,4): error TS1003: Identifier expected.
examples/jsm/libs/opentype.module.js(3374,4): error TS8024: JSDoc '@param' tag has name '', but there is no parameter with that name.
examples/jsm/libs/opentype.module.js(3383,26): error TS1003: Identifier expected.
examples/jsm/libs/opentype.module.js(3383,26): error TS8024: JSDoc '@param' tag has name '', but there is no parameter with that name.
examples/jsm/libs/opentype.module.js(3422,19): error TS1003: Identifier expected.
examples/jsm/libs/opentype.module.js(3422,19): error TS8024: JSDoc '@param' tag has name '', but there is no parameter with that name.
examples/jsm/libs/opentype.module.js(3425,9): error TS2532: Object is possibly 'undefined'.
examples/jsm/libs/opentype.module.js(3429,5): error TS2532: Object is possibly 'undefined'.
examples/jsm/libs/opentype.module.js(3434,13): error TS2749: 'opentype.BoundingBox' refers to a value, but is being used as a type here. Did you mean 'typeof opentype.BoundingBox'?
examples/jsm/libs/opentype.module.js(3437,17): error TS2339: Property 'path' does not exist on type 'Glyph'.
examples/jsm/libs/opentype.module.js(3446,13): error TS2749: 'opentype.Font' refers to a value, but is being used as a type here. Did you mean 'typeof opentype.Font'?
examples/jsm/libs/opentype.module.js(3446,28): error TS8024: JSDoc '@param' tag has name 'if', but there is no parameter with that name.
examples/jsm/libs/opentype.module.js(3447,13): error TS2749: 'opentype.Path' refers to a value, but is being used as a type here. Did you mean 'typeof opentype.Path'?
examples/jsm/libs/opentype.module.js(3449,61): error TS1016: A required parameter cannot follow an optional parameter.
examples/jsm/libs/opentype.module.js(3456,26): error TS2339: Property 'xScale' does not exist on type 'Object'.
examples/jsm/libs/opentype.module.js(3457,26): error TS2339: Property 'yScale' does not exist on type 'Object'.
examples/jsm/libs/opentype.module.js(3459,17): error TS2339: Property 'hinting' does not exist on type 'Object'.
examples/jsm/libs/opentype.module.js(3462,24): error TS2339: Property 'path' does not exist on type 'Glyph'.
examples/jsm/libs/opentype.module.js(3475,25): error TS2339: Property 'path' does not exist on type 'Glyph'.
examples/jsm/libs/opentype.module.js(3476,31): error TS2339: Property 'path' does not exist on type 'Glyph'.
examples/jsm/libs/opentype.module.js(3507,13): error TS2314: Generic type 'Array<T>' requires 1 type argument(s).
examples/jsm/libs/opentype.module.js(3510,14): error TS2339: Property 'points' does not exist on type 'Glyph'.
examples/jsm/libs/opentype.module.js(3516,30): error TS2339: Property 'points' does not exist on type 'Glyph'.
examples/jsm/libs/opentype.module.js(3517,23): error TS2339: Property 'points' does not exist on type 'Glyph'.
examples/jsm/libs/opentype.module.js(3534,25): error TS2339: Property 'path' does not exist on type 'Glyph'.
examples/jsm/libs/opentype.module.js(3560,31): error TS2339: Property 'leftSideBearing' does not exist on type 'Glyph'.
examples/jsm/libs/opentype.module.js(3579,13): error TS2339: Property 'rightSideBearing' does not exist on type '{ xMin: number; yMin: number; xMax: number; yMax: number; leftSideBearing: any; }'.
examples/jsm/libs/opentype.module.js(3592,10): error TS2554: Expected 5 arguments, but got 4.
examples/jsm/libs/opentype.module.js(3618,26): error TS2339: Property 'path' does not exist on type 'Glyph'.
examples/jsm/libs/opentype.module.js(3622,21): error TS2339: Property 'path' does not exist on type 'Glyph'.
examples/jsm/libs/opentype.module.js(3659,22): error TS2339: Property 'path' does not exist on type 'Glyph'.
examples/jsm/libs/opentype.module.js(3711,12): error TS2749: 'opentype.Font' refers to a value, but is being used as a type here. Did you mean 'typeof opentype.Font'?
examples/jsm/libs/opentype.module.js(3712,4): error TS1003: Identifier expected.
examples/jsm/libs/opentype.module.js(3712,4): error TS8024: JSDoc '@param' tag has name '', but there is no parameter with that name.
examples/jsm/libs/opentype.module.js(3712,12): error TS2314: Generic type 'Array<T>' requires 1 type argument(s).
examples/jsm/libs/opentype.module.js(3712,18): error TS1003: Identifier expected.
examples/jsm/libs/opentype.module.js(3712,18): error TS8024: JSDoc '@param' tag has name '', but there is no parameter with that name.
examples/jsm/libs/opentype.module.js(3721,13): error TS7053: Element implicitly has an 'any' type because expression of type 'number' can't be used to index type '{}'.
  No index signature with a parameter of type 'number' was found on type '{}'.
examples/jsm/libs/opentype.module.js(3730,13): error TS2749: 'opentype.Glyph' refers to a value, but is being used as a type here. Did you mean 'typeof opentype.Glyph'?
examples/jsm/libs/opentype.module.js(3734,9): error TS7053: Element implicitly has an 'any' type because expression of type 'number' can't be used to index type '{}'.
  No index signature with a parameter of type 'number' was found on type '{}'.
examples/jsm/libs/opentype.module.js(3736,20): error TS7053: Element implicitly has an 'any' type because expression of type 'number' can't be used to index type '{}'.
  No index signature with a parameter of type 'number' was found on type '{}'.
examples/jsm/libs/opentype.module.js(3737,13): error TS7053: Element implicitly has an 'any' type because expression of type 'number' can't be used to index type '{}'.
  No index signature with a parameter of type 'number' was found on type '{}'.
examples/jsm/libs/opentype.module.js(3737,34): error TS7053: Element implicitly has an 'any' type because expression of type 'number' can't be used to index type '{}'.
  No index signature with a parameter of type 'number' was found on type '{}'.
examples/jsm/libs/opentype.module.js(3740,21): error TS7053: Element implicitly has an 'any' type because expression of type 'number' can't be used to index type '{}'.
  No index signature with a parameter of type 'number' was found on type '{}'.
examples/jsm/libs/opentype.module.js(3758,9): error TS7053: Element implicitly has an 'any' type because expression of type 'number' can't be used to index type '{}'.
  No index signature with a parameter of type 'number' was found on type '{}'.
examples/jsm/libs/opentype.module.js(3759,9): error TS7053: Element implicitly has an 'any' type because expression of type 'number' can't be used to index type '{}'.
  No index signature with a parameter of type 'number' was found on type '{}'.
examples/jsm/libs/opentype.module.js(3761,20): error TS7053: Element implicitly has an 'any' type because expression of type 'number' can't be used to index type '{}'.
  No index signature with a parameter of type 'number' was found on type '{}'.
examples/jsm/libs/opentype.module.js(3762,13): error TS7053: Element implicitly has an 'any' type because expression of type 'number' can't be used to index type '{}'.
  No index signature with a parameter of type 'number' was found on type '{}'.
examples/jsm/libs/opentype.module.js(3762,34): error TS7053: Element implicitly has an 'any' type because expression of type 'number' can't be used to index type '{}'.
  No index signature with a parameter of type 'number' was found on type '{}'.
examples/jsm/libs/opentype.module.js(3766,12): error TS7053: Element implicitly has an 'any' type because expression of type 'number' can't be used to index type '{}'.
  No index signature with a parameter of type 'number' was found on type '{}'.
examples/jsm/libs/opentype.module.js(3771,20): error TS1003: Identifier expected.
examples/jsm/libs/opentype.module.js(3771,20): error TS8024: JSDoc '@param' tag has name '', but there is no parameter with that name.
examples/jsm/libs/opentype.module.js(3774,5): error TS7053: Element implicitly has an 'any' type because expression of type 'number' can't be used to index type '{}'.
  No index signature with a parameter of type 'number' was found on type '{}'.
examples/jsm/libs/opentype.module.js(3780,13): error TS2749: 'opentype.Font' refers to a value, but is being used as a type here. Did you mean 'typeof opentype.Font'?
examples/jsm/libs/opentype.module.js(3782,13): error TS2749: 'opentype.Glyph' refers to a value, but is being used as a type here. Did you mean 'typeof opentype.Glyph'?
examples/jsm/libs/opentype.module.js(3793,13): error TS2749: 'opentype.Font' refers to a value, but is being used as a type here. Did you mean 'typeof opentype.Font'?
examples/jsm/libs/opentype.module.js(3799,13): error TS2749: 'opentype.Glyph' refers to a value, but is being used as a type here. Did you mean 'typeof opentype.Glyph'?
examples/jsm/libs/opentype.module.js(3805,15): error TS2339: Property 'path' does not exist on type 'Glyph'.
examples/jsm/libs/opentype.module.js(3822,13): error TS2749: 'opentype.Font' refers to a value, but is being used as a type here. Did you mean 'typeof opentype.Font'?
examples/jsm/libs/opentype.module.js(3826,13): error TS2749: 'opentype.Glyph' refers to a value, but is being used as a type here. Did you mean 'typeof opentype.Glyph'?
examples/jsm/libs/opentype.module.js(3832,15): error TS2339: Property 'path' does not exist on type 'Glyph'.
examples/jsm/libs/opentype.module.js(4035,45): error TS7053: Element implicitly has an 'any' type because expression of type 'any' can't be used to index type '{}'.
examples/jsm/libs/opentype.module.js(4039,9): error TS7053: Element implicitly has an 'any' type because expression of type 'any' can't be used to index type '{}'.
examples/jsm/libs/opentype.module.js(4113,13): error TS7053: Element implicitly has an 'any' type because expression of type 'any' can't be used to index type '{}'.
examples/jsm/libs/opentype.module.js(4123,13): error TS7053: Element implicitly has an 'any' type because expression of type 'any' can't be used to index type '{}'.
examples/jsm/libs/opentype.module.js(4219,17): error TS2339: Property '_subrs' does not exist on type '{}'.
examples/jsm/libs/opentype.module.js(4220,17): error TS2339: Property '_subrsBias' does not exist on type '{}'.
examples/jsm/libs/opentype.module.js(4221,17): error TS2339: Property '_defaultWidthX' does not exist on type '{}'.
examples/jsm/libs/opentype.module.js(4222,17): error TS2339: Property '_nominalWidthX' does not exist on type '{}'.
examples/jsm/libs/opentype.module.js(4223,35): error TS2339: Property 'private' does not exist on type '{}'.
examples/jsm/libs/opentype.module.js(4224,37): error TS2339: Property 'private' does not exist on type '{}'.
examples/jsm/libs/opentype.module.js(4227,21): error TS2339: Property '_defaultWidthX' does not exist on type '{}'.
examples/jsm/libs/opentype.module.js(4227,50): error TS2339: Property 'defaultWidthX' does not exist on type '{}'.
examples/jsm/libs/opentype.module.js(4228,21): error TS2339: Property '_nominalWidthX' does not exist on type '{}'.
examples/jsm/libs/opentype.module.js(4228,50): error TS2339: Property 'nominalWidthX' does not exist on type '{}'.
examples/jsm/libs/opentype.module.js(4229,29): error TS2339: Property 'subrs' does not exist on type '{}'.
examples/jsm/libs/opentype.module.js(4230,62): error TS2339: Property 'subrs' does not exist on type '{}'.
examples/jsm/libs/opentype.module.js(4232,25): error TS2339: Property '_subrs' does not exist on type '{}'.
examples/jsm/libs/opentype.module.js(4233,25): error TS2339: Property '_subrsBias' does not exist on type '{}'.
examples/jsm/libs/opentype.module.js(4233,68): error TS2339: Property '_subrs' does not exist on type '{}'.
examples/jsm/libs/opentype.module.js(4235,21): error TS2339: Property '_privateDict' does not exist on type '{}'.
examples/jsm/libs/opentype.module.js(4296,13): error TS7053: Element implicitly has an 'any' type because expression of type 'any' can't be used to index type '{}'.
examples/jsm/libs/opentype.module.js(4305,17): error TS7053: Element implicitly has an 'any' type because expression of type 'any' can't be used to index type '{}'.
examples/jsm/libs/opentype.module.js(4313,28): error TS2345: Argument of type '{}' is not assignable to parameter of type 'string'.
examples/jsm/libs/opentype.module.js(4803,17): error TS2339: Property '_privateDict' does not exist on type '{}'.
examples/jsm/libs/opentype.module.js(4804,38): error TS2339: Property '_privateDict' does not exist on type '{}'.
examples/jsm/libs/opentype.module.js(4805,38): error TS2339: Property '_privateDict' does not exist on type '{}'.
examples/jsm/libs/opentype.module.js(4808,17): error TS2339: Property 'ros' does not exist on type '{}'.
examples/jsm/libs/opentype.module.js(4808,49): error TS2339: Property 'ros' does not exist on type '{}'.
examples/jsm/libs/opentype.module.js(4813,37): error TS2339: Property 'fdArray' does not exist on type '{}'.
examples/jsm/libs/opentype.module.js(4814,38): error TS2339: Property 'fdSelect' does not exist on type '{}'.
examples/jsm/libs/opentype.module.js(4821,17): error TS2339: Property '_fdArray' does not exist on type '{}'.
examples/jsm/libs/opentype.module.js(4823,17): error TS2339: Property '_fdSelect' does not exist on type '{}'.
examples/jsm/libs/opentype.module.js(4826,45): error TS2339: Property 'private' does not exist on type '{}'.
examples/jsm/libs/opentype.module.js(4827,76): error TS2339: Property 'private' does not exist on type '{}'.
examples/jsm/libs/opentype.module.js(4828,38): error TS2339: Property 'defaultWidthX' does not exist on type '{}'.
examples/jsm/libs/opentype.module.js(4829,38): error TS2339: Property 'nominalWidthX' does not exist on type '{}'.
examples/jsm/libs/opentype.module.js(4831,21): error TS2339: Property 'subrs' does not exist on type '{}'.
examples/jsm/libs/opentype.module.js(4832,58): error TS2339: Property 'subrs' does not exist on type '{}'.
examples/jsm/libs/opentype.module.js(4844,73): error TS2339: Property 'charStrings' does not exist on type '{}'.
examples/jsm/libs/opentype.module.js(4847,64): error TS2339: Property 'charStrings' does not exist on type '{}'.
examples/jsm/libs/opentype.module.js(4851,57): error TS2339: Property 'charset' does not exist on type '{}'.
examples/jsm/libs/opentype.module.js(4852,17): error TS2339: Property 'encoding' does not exist on type '{}'.
examples/jsm/libs/opentype.module.js(4854,44): error TS2345: Argument of type 'string[]' is not assignable to parameter of type 'string'.
examples/jsm/libs/opentype.module.js(4855,24): error TS2339: Property 'encoding' does not exist on type '{}'.
examples/jsm/libs/opentype.module.js(4857,44): error TS2345: Argument of type 'string[]' is not assignable to parameter of type 'string'.
examples/jsm/libs/opentype.module.js(4859,67): error TS2339: Property 'encoding' does not exist on type '{}'.
examples/jsm/libs/opentype.module.js(4865,19): error TS2554: Expected 2 arguments, but got 1.
examples/jsm/libs/opentype.module.js(4868,99): error TS2339: Property 'charStrings' does not exist on type '{}'.
examples/jsm/libs/opentype.module.js(4869,86): error TS2345: Argument of type 'any[]' is not assignable to parameter of type 'string'.
examples/jsm/libs/opentype.module.js(4873,47): error TS2339: Property 'objects' does not exist on type '{ objects: any[][]; startOffset: any; endOffset: any; } | { offsets: number[]; startOffset: any; endOffset: any; }'.
  Property 'objects' does not exist on type '{ offsets: number[]; startOffset: any; endOffset: any; }'.
examples/jsm/libs/opentype.module.js(4903,12): error TS2554: Expected 3 arguments, but got 2.
examples/jsm/libs/opentype.module.js(4912,13): error TS2554: Expected 3 arguments, but got 2.
examples/jsm/libs/opentype.module.js(4915,7): error TS2339: Property 'names' does not exist on type 'Table'.
examples/jsm/libs/opentype.module.js(4917,11): error TS2339: Property 'names' does not exist on type 'Table'.
examples/jsm/libs/opentype.module.js(4934,13): error TS7053: Element implicitly has an 'any' type because expression of type 'any' can't be used to index type '{}'.
examples/jsm/libs/opentype.module.js(4943,13): error TS2554: Expected 3 arguments, but got 2.
examples/jsm/libs/opentype.module.js(4946,7): error TS2339: Property 'dict' does not exist on type 'Table'.
examples/jsm/libs/opentype.module.js(4951,13): error TS2554: Expected 3 arguments, but got 2.
examples/jsm/libs/opentype.module.js(4954,7): error TS2339: Property 'topDicts' does not exist on type 'Table'.
examples/jsm/libs/opentype.module.js(4959,13): error TS2554: Expected 3 arguments, but got 2.
examples/jsm/libs/opentype.module.js(4962,7): error TS2339: Property 'strings' does not exist on type 'Table'.
examples/jsm/libs/opentype.module.js(4964,11): error TS2339: Property 'strings' does not exist on type 'Table'.
examples/jsm/libs/opentype.module.js(4972,12): error TS2554: Expected 3 arguments, but got 2.
examples/jsm/libs/opentype.module.js(4978,13): error TS2554: Expected 3 arguments, but got 2.
examples/jsm/libs/opentype.module.js(5019,13): error TS2322: Type 'number' is not assignable to type 'undefined'.
examples/jsm/libs/opentype.module.js(5020,13): error TS2322: Type 'number' is not assignable to type 'undefined'.
examples/jsm/libs/opentype.module.js(5027,13): error TS2322: Type 'number' is not assignable to type 'undefined'.
examples/jsm/libs/opentype.module.js(5028,13): error TS2322: Type 'number' is not assignable to type 'undefined'.
examples/jsm/libs/opentype.module.js(5039,13): error TS2322: Type 'number' is not assignable to type 'undefined'.
examples/jsm/libs/opentype.module.js(5040,13): error TS2322: Type 'number' is not assignable to type 'undefined'.
examples/jsm/libs/opentype.module.js(5060,13): error TS2554: Expected 3 arguments, but got 2.
examples/jsm/libs/opentype.module.js(5067,11): error TS2339: Property 'charStrings' does not exist on type 'Table'.
examples/jsm/libs/opentype.module.js(5074,13): error TS2554: Expected 3 arguments, but got 2.
examples/jsm/libs/opentype.module.js(5077,7): error TS2339: Property 'dict' does not exist on type 'Table'.
examples/jsm/libs/opentype.module.js(5082,13): error TS2554: Expected 3 arguments, but got 2.
examples/jsm/libs/opentype.module.js(5123,7): error TS2339: Property 'header' does not exist on type 'Table'.
examples/jsm/libs/opentype.module.js(5124,7): error TS2339: Property 'nameIndex' does not exist on type 'Table'.
examples/jsm/libs/opentype.module.js(5126,7): error TS2339: Property 'topDictIndex' does not exist on type 'Table'.
examples/jsm/libs/opentype.module.js(5127,7): error TS2339: Property 'globalSubrIndex' does not exist on type 'Table'.
examples/jsm/libs/opentype.module.js(5128,7): error TS2339: Property 'charsets' does not exist on type 'Table'.
examples/jsm/libs/opentype.module.js(5129,7): error TS2339: Property 'charStringsIndex' does not exist on type 'Table'.
examples/jsm/libs/opentype.module.js(5130,7): error TS2339: Property 'privateDict' does not exist on type 'Table'.
examples/jsm/libs/opentype.module.js(5133,7): error TS2339: Property 'stringIndex' does not exist on type 'Table'.
examples/jsm/libs/opentype.module.js(5135,25): error TS2339: Property 'header' does not exist on type 'Table'.
examples/jsm/libs/opentype.module.js(5136,11): error TS2339: Property 'nameIndex' does not exist on type 'Table'.
examples/jsm/libs/opentype.module.js(5137,11): error TS2339: Property 'topDictIndex' does not exist on type 'Table'.
examples/jsm/libs/opentype.module.js(5138,11): error TS2339: Property 'stringIndex' does not exist on type 'Table'.
examples/jsm/libs/opentype.module.js(5139,11): error TS2339: Property 'globalSubrIndex' does not exist on type 'Table'.
examples/jsm/libs/opentype.module.js(5144,43): error TS2339: Property 'charsets' does not exist on type 'Table'.
examples/jsm/libs/opentype.module.js(5145,46): error TS2339: Property 'charStringsIndex' does not exist on type 'Table'.
examples/jsm/libs/opentype.module.js(5149,7): error TS2339: Property 'topDictIndex' does not exist on type 'Table'.
examples/jsm/libs/opentype.module.js(5311,13): error TS2554: Expected 3 arguments, but got 2.
examples/jsm/libs/opentype.module.js(5328,18): error TS2554: Expected 3 arguments, but got 2.
examples/jsm/libs/opentype.module.js(5404,12): error TS2554: Expected 3 arguments, but got 2.
examples/jsm/libs/opentype.module.js(5944,20): error TS7053: Element implicitly has an 'any' type because expression of type 'any' can't be used to index type '{ 0: string; 1: string; 2: string; 3: string; 4: string; 5: string; 6: string; 7: string; 8: string; 9: string; 10: string; 11: string; 12: string; 13: string; 14: string; 15: string; 16: string; 17: string; 18: string; ... 99 more ...; 151: string; }'.
examples/jsm/libs/opentype.module.js(5947,20): error TS7053: Element implicitly has an 'any' type because expression of type 'any' can't be used to index type '{ 1078: string; 1052: string; 1156: string; 1118: string; 5121: string; 15361: string; 3073: string; 2049: string; 11265: string; 13313: string; 12289: string; 4097: string; 6145: string; 8193: string; 16385: string; ... 189 more ...; 1130: string; }'.
examples/jsm/libs/opentype.module.js(6019,20): error TS7053: Element implicitly has an 'any' type because expression of type 'any' can't be used to index type '{ 15: string; 17: string; 18: string; 24: string; 25: string; 26: string; 27: string; 28: string; 30: string; 37: string; 38: string; 39: string; 40: string; 143: string; 146: string; }'.
examples/jsm/libs/opentype.module.js(6019,56): error TS7053: Element implicitly has an 'any' type because expression of type 'any' can't be used to index type '{ 0: string; 1: string; 2: string; 3: string; 6: string; 7: string; 9: string; 10: string; 11: string; 12: string; 13: string; 14: string; 15: string; 16: string; 17: string; 18: string; 19: string; 20: string; 21: string; ... 9 more ...; 31: string; }'.
examples/jsm/libs/opentype.module.js(6054,17): error TS2322: Type 'string' is not assignable to type 'undefined'.
examples/jsm/libs/opentype.module.js(6056,17): error TS2322: Type 'string' is not assignable to type 'undefined'.
examples/jsm/libs/opentype.module.js(6060,36): error TS7053: Element implicitly has an 'any' type because expression of type 'any' can't be used to index type '{}'.
examples/jsm/libs/opentype.module.js(6062,36): error TS7053: Element implicitly has an 'any' type because expression of type 'any' can't be used to index type '{}'.
examples/jsm/libs/opentype.module.js(6084,9): error TS7053: Element implicitly has an 'any' type because expression of type 'any' can't be used to index type '{}'.
examples/jsm/libs/opentype.module.js(6091,12): error TS2554: Expected 3 arguments, but got 2.
examples/jsm/libs/opentype.module.js(6145,18): error TS7053: Element implicitly has an 'any' type because expression of type 'string' can't be used to index type '{}'.
  No index signature with a parameter of type 'string' was found on type '{}'.
examples/jsm/libs/opentype.module.js(6156,9): error TS7053: Element implicitly has an 'any' type because expression of type 'number' can't be used to index type '{}'.
  No index signature with a parameter of type 'number' was found on type '{}'.
examples/jsm/libs/opentype.module.js(6168,28): error TS7053: Element implicitly has an 'any' type because expression of type 'number' can't be used to index type '{}'.
  No index signature with a parameter of type 'number' was found on type '{}'.
examples/jsm/libs/opentype.module.js(6187,31): error TS7053: Element implicitly has an 'any' type because expression of type 'string' can't be used to index type '{}'.
  No index signature with a parameter of type 'string' was found on type '{}'.
examples/jsm/libs/opentype.module.js(6188,29): error TS7053: Element implicitly has an 'any' type because expression of type 'any' can't be used to index type '{ 0: number; 1: number; 2: number; 3: number; 4: number; 5: number; 6: number; 7: number; 8: number; 9: number; 10: number; 11: number; 12: number; 13: number; 14: number; 15: number; 16: number; 17: number; 18: number; ... 99 more ...; 151: number; }'.
examples/jsm/libs/opentype.module.js(6207,31): error TS7053: Element implicitly has an 'any' type because expression of type 'string' can't be used to index type '{}'.
  No index signature with a parameter of type 'string' was found on type '{}'.
examples/jsm/libs/opentype.module.js(6218,20): error TS2339: Property 'platformID' does not exist on type 'Table'.
examples/jsm/libs/opentype.module.js(6218,35): error TS2339: Property 'platformID' does not exist on type 'Table'.
examples/jsm/libs/opentype.module.js(6219,20): error TS2339: Property 'encodingID' does not exist on type 'Table'.
examples/jsm/libs/opentype.module.js(6219,35): error TS2339: Property 'encodingID' does not exist on type 'Table'.
examples/jsm/libs/opentype.module.js(6220,20): error TS2339: Property 'languageID' does not exist on type 'Table'.
examples/jsm/libs/opentype.module.js(6220,35): error TS2339: Property 'languageID' does not exist on type 'Table'.
examples/jsm/libs/opentype.module.js(6221,20): error TS2339: Property 'nameID' does not exist on type 'Table'.
examples/jsm/libs/opentype.module.js(6221,31): error TS2339: Property 'nameID' does not exist on type 'Table'.
examples/jsm/libs/opentype.module.js(6224,13): error TS2554: Expected 3 arguments, but got 2.
examples/jsm/libs/opentype.module.js(6399,5): error TS7008: Member 'panose' implicitly has an 'any[]' type.
examples/jsm/libs/opentype.module.js(6512,13): error TS7008: Member 'names' implicitly has an 'any[]' type.
examples/jsm/libs/opentype.module.js(6534,12): error TS2554: Expected 3 arguments, but got 2.
examples/jsm/libs/opentype.module.js(6555,22): error TS2339: Property 'offset' does not exist on type 'any[]'.
examples/jsm/libs/opentype.module.js(6555,36): error TS2339: Property 'relativeOffset' does not exist on type 'any[]'.
examples/jsm/libs/opentype.module.js(6556,28): error TS2339: Property 'parseUShort' does not exist on type 'any[]'.
examples/jsm/libs/opentype.module.js(6560,28): error TS2339: Property 'parsePointer' does not exist on type 'any[]'.
examples/jsm/libs/opentype.module.js(6561,32): error TS2339: Property 'parseUShort' does not exist on type 'any[]'.
examples/jsm/libs/opentype.module.js(6566,28): error TS2339: Property 'parsePointer' does not exist on type 'any[]'.
examples/jsm/libs/opentype.module.js(6567,30): error TS2339: Property 'parseOffset16List' does not exist on type 'any[]'.
examples/jsm/libs/opentype.module.js(6575,28): error TS2339: Property 'parseUShort' does not exist on type 'any[]'.
examples/jsm/libs/opentype.module.js(6579,24): error TS2339: Property 'parsePointer' does not exist on type 'any[]'.
examples/jsm/libs/opentype.module.js(6580,25): error TS2339: Property 'parseListOfLists' does not exist on type 'any[]'.
examples/jsm/libs/opentype.module.js(6586,28): error TS2339: Property 'parseUShort' does not exist on type 'any[]'.
examples/jsm/libs/opentype.module.js(6590,24): error TS2339: Property 'parsePointer' does not exist on type 'any[]'.
examples/jsm/libs/opentype.module.js(6591,29): error TS2339: Property 'parseListOfLists' does not exist on type 'any[]'.
examples/jsm/libs/opentype.module.js(6597,28): error TS2339: Property 'parseUShort' does not exist on type 'any[]'.
examples/jsm/libs/opentype.module.js(6601,24): error TS2339: Property 'parsePointer' does not exist on type 'any[]'.
examples/jsm/libs/opentype.module.js(6602,28): error TS2339: Property 'parseListOfLists' does not exist on type 'any[]'.
examples/jsm/libs/opentype.module.js(6604,27): error TS2683: 'this' implicitly has type 'any' because it does not have a type annotation.
examples/jsm/libs/opentype.module.js(6605,29): error TS2683: 'this' implicitly has type 'any' because it does not have a type annotation.
examples/jsm/libs/opentype.module.js(6605,50): error TS2683: 'this' implicitly has type 'any' because it does not have a type annotation.
examples/jsm/libs/opentype.module.js(6618,22): error TS2339: Property 'offset' does not exist on type 'any[]'.
examples/jsm/libs/opentype.module.js(6618,36): error TS2339: Property 'relativeOffset' does not exist on type 'any[]'.
examples/jsm/libs/opentype.module.js(6619,28): error TS2339: Property 'parseUShort' does not exist on type 'any[]'.
examples/jsm/libs/opentype.module.js(6624,28): error TS2339: Property 'parsePointer' does not exist on type 'any[]'.
examples/jsm/libs/opentype.module.js(6625,28): error TS2339: Property 'parseListOfLists' does not exist on type 'any[]'.
examples/jsm/libs/opentype.module.js(6626,34): error TS2683: 'this' implicitly has type 'any' because it does not have a type annotation.
examples/jsm/libs/opentype.module.js(6627,34): error TS2683: 'this' implicitly has type 'any' because it does not have a type annotation.
examples/jsm/libs/opentype.module.js(6629,28): error TS2683: 'this' implicitly has type 'any' because it does not have a type annotation.
examples/jsm/libs/opentype.module.js(6630,36): error TS2683: 'this' implicitly has type 'any' because it does not have a type annotation.
examples/jsm/libs/opentype.module.js(6637,28): error TS2339: Property 'parsePointer' does not exist on type 'any[]'.
examples/jsm/libs/opentype.module.js(6638,28): error TS2339: Property 'parsePointer' does not exist on type 'any[]'.
examples/jsm/libs/opentype.module.js(6639,29): error TS2339: Property 'parseListOfLists' does not exist on type 'any[]'.
examples/jsm/libs/opentype.module.js(6640,34): error TS2683: 'this' implicitly has type 'any' because it does not have a type annotation.
examples/jsm/libs/opentype.module.js(6641,34): error TS2683: 'this' implicitly has type 'any' because it does not have a type annotation.
examples/jsm/libs/opentype.module.js(6643,30): error TS2683: 'this' implicitly has type 'any' because it does not have a type annotation.
examples/jsm/libs/opentype.module.js(6644,36): error TS2683: 'this' implicitly has type 'any' because it does not have a type annotation.
examples/jsm/libs/opentype.module.js(6649,31): error TS2339: Property 'parseUShort' does not exist on type 'any[]'.
examples/jsm/libs/opentype.module.js(6650,31): error TS2339: Property 'parseUShort' does not exist on type 'any[]'.
examples/jsm/libs/opentype.module.js(6653,29): error TS2339: Property 'parseList' does not exist on type 'any[]'.
examples/jsm/libs/opentype.module.js(6654,33): error TS2339: Property 'parseRecordList' does not exist on type 'any[]'.
examples/jsm/libs/opentype.module.js(6662,22): error TS2339: Property 'offset' does not exist on type 'any[]'.
examples/jsm/libs/opentype.module.js(6662,36): error TS2339: Property 'relativeOffset' does not exist on type 'any[]'.
examples/jsm/libs/opentype.module.js(6663,28): error TS2339: Property 'parseUShort' does not exist on type 'any[]'.
examples/jsm/libs/opentype.module.js(6667,28): error TS2339: Property 'parsePointer' does not exist on type 'any[]'.
examples/jsm/libs/opentype.module.js(6668,33): error TS2339: Property 'parseListOfLists' does not exist on type 'any[]'.
examples/jsm/libs/opentype.module.js(6670,32): error TS2683: 'this' implicitly has type 'any' because it does not have a type annotation.
examples/jsm/libs/opentype.module.js(6671,28): error TS2683: 'this' implicitly has type 'any' because it does not have a type annotation.
examples/jsm/libs/opentype.module.js(6671,49): error TS2683: 'this' implicitly has type 'any' because it does not have a type annotation.
examples/jsm/libs/opentype.module.js(6672,32): error TS2683: 'this' implicitly has type 'any' because it does not have a type annotation.
examples/jsm/libs/opentype.module.js(6673,36): error TS2683: 'this' implicitly has type 'any' because it does not have a type annotation.
examples/jsm/libs/opentype.module.js(6680,28): error TS2339: Property 'parsePointer' does not exist on type 'any[]'.
examples/jsm/libs/opentype.module.js(6681,37): error TS2339: Property 'parsePointer' does not exist on type 'any[]'.
examples/jsm/libs/opentype.module.js(6682,33): error TS2339: Property 'parsePointer' does not exist on type 'any[]'.
examples/jsm/libs/opentype.module.js(6683,37): error TS2339: Property 'parsePointer' does not exist on type 'any[]'.
examples/jsm/libs/opentype.module.js(6684,33): error TS2339: Property 'parseListOfLists' does not exist on type 'any[]'.
examples/jsm/libs/opentype.module.js(6686,32): error TS2683: 'this' implicitly has type 'any' because it does not have a type annotation.
examples/jsm/libs/opentype.module.js(6687,28): error TS2683: 'this' implicitly has type 'any' because it does not have a type annotation.
examples/jsm/libs/opentype.module.js(6687,49): error TS2683: 'this' implicitly has type 'any' because it does not have a type annotation.
examples/jsm/libs/opentype.module.js(6688,32): error TS2683: 'this' implicitly has type 'any' because it does not have a type annotation.
examples/jsm/libs/opentype.module.js(6689,36): error TS2683: 'this' implicitly has type 'any' because it does not have a type annotation.
examples/jsm/libs/opentype.module.js(6696,37): error TS2339: Property 'parseList' does not exist on type 'any[]'.
examples/jsm/libs/opentype.module.js(6697,33): error TS2339: Property 'parseList' does not exist on type 'any[]'.
examples/jsm/libs/opentype.module.js(6698,37): error TS2339: Property 'parseList' does not exist on type 'any[]'.
examples/jsm/libs/opentype.module.js(6699,33): error TS2339: Property 'parseRecordList' does not exist on type 'any[]'.
examples/jsm/libs/opentype.module.js(6708,28): error TS2339: Property 'parseUShort' does not exist on type 'any[]'.
examples/jsm/libs/opentype.module.js(6710,36): error TS2339: Property 'parseUShort' does not exist on type 'any[]'.
examples/jsm/libs/opentype.module.js(6711,43): error TS2339: Property 'data' does not exist on type 'any[]'.
examples/jsm/libs/opentype.module.js(6711,54): error TS2339: Property 'offset' does not exist on type 'any[]'.
examples/jsm/libs/opentype.module.js(6711,68): error TS2339: Property 'parseULong' does not exist on type 'any[]'.
examples/jsm/libs/opentype.module.js(6721,28): error TS2339: Property 'parseUShort' does not exist on type 'any[]'.
examples/jsm/libs/opentype.module.js(6725,24): error TS2339: Property 'parsePointer' does not exist on type 'any[]'.
examples/jsm/libs/opentype.module.js(6726,33): error TS2339: Property 'parseList' does not exist on type 'any[]'.
examples/jsm/libs/opentype.module.js(6727,33): error TS2339: Property 'parseList' does not exist on type 'any[]'.
examples/jsm/libs/opentype.module.js(6728,27): error TS2339: Property 'parseUShortList' does not exist on type 'any[]'.
examples/jsm/libs/opentype.module.js(6762,16): error TS2554: Expected 3 arguments, but got 2.
examples/jsm/libs/opentype.module.js(6768,16): error TS2554: Expected 3 arguments, but got 2.
examples/jsm/libs/opentype.module.js(6777,12): error TS2554: Expected 3 arguments, but got 2.
examples/jsm/libs/opentype.module.js(6781,16): error TS2554: Expected 3 arguments, but got 2.
examples/jsm/libs/opentype.module.js(6787,12): error TS2554: Expected 3 arguments, but got 2.
examples/jsm/libs/opentype.module.js(6791,16): error TS2554: Expected 3 arguments, but got 2.
examples/jsm/libs/opentype.module.js(6797,12): error TS2554: Expected 3 arguments, but got 2.
examples/jsm/libs/opentype.module.js(6801,16): error TS2554: Expected 3 arguments, but got 2.
examples/jsm/libs/opentype.module.js(6802,20): error TS2554: Expected 3 arguments, but got 2.
examples/jsm/libs/opentype.module.js(6812,27): error TS2554: Expected 3 arguments, but got 2.
examples/jsm/libs/opentype.module.js(6816,20): error TS2554: Expected 3 arguments, but got 2.
examples/jsm/libs/opentype.module.js(6827,24): error TS2554: Expected 3 arguments, but got 2.
examples/jsm/libs/opentype.module.js(6857,29): error TS2554: Expected 3 arguments, but got 2.
examples/jsm/libs/opentype.module.js(6866,12): error TS2554: Expected 3 arguments, but got 2.
examples/jsm/libs/opentype.module.js(6895,9): error TS7053: Element implicitly has an 'any' type because expression of type 'string' can't be used to index type '{}'.
  No index signature with a parameter of type 'string' was found on type '{}'.
examples/jsm/libs/opentype.module.js(6905,18): error TS2554: Expected 3 arguments, but got 2.
examples/jsm/libs/opentype.module.js(6965,12): error TS2554: Expected 3 arguments, but got 2.
examples/jsm/libs/opentype.module.js(7012,10): error TS2554: Expected 3 arguments, but got 2.
examples/jsm/libs/opentype.module.js(7047,12): error TS2554: Expected 3 arguments, but got 2.
examples/jsm/libs/opentype.module.js(7056,16): error TS2554: Expected 3 arguments, but got 2.
examples/jsm/libs/opentype.module.js(7063,10): error TS2339: Property 'tables' does not exist on type 'Table'.
examples/jsm/libs/opentype.module.js(7064,10): error TS2339: Property 'numTables' does not exist on type 'Table'.
examples/jsm/libs/opentype.module.js(7065,49): error TS2339: Property 'numTables' does not exist on type 'Table'.
examples/jsm/libs/opentype.module.js(7066,10): error TS2339: Property 'searchRange' does not exist on type 'Table'.
examples/jsm/libs/opentype.module.js(7067,10): error TS2339: Property 'entrySelector' does not exist on type 'Table'.
examples/jsm/libs/opentype.module.js(7068,10): error TS2339: Property 'rangeShift' does not exist on type 'Table'.
examples/jsm/libs/opentype.module.js(7068,28): error TS2339: Property 'numTables' does not exist on type 'Table'.
examples/jsm/libs/opentype.module.js(7068,50): error TS2339: Property 'searchRange' does not exist on type 'Table'.
examples/jsm/libs/opentype.module.js(7073,69): error TS2339: Property 'numTables' does not exist on type 'Table'.
examples/jsm/libs/opentype.module.js(7084,46): error TS2339: Property 'tag' does not exist on type 'Table'.
examples/jsm/libs/opentype.module.js(7096,22): error TS2339: Property 'tag' does not exist on type 'Table'.
examples/jsm/libs/opentype.module.js(7096,37): error TS2339: Property 'tag' does not exist on type 'Table'.
examples/jsm/libs/opentype.module.js(7157,13): error TS18048: 'firstCharIndex' is possibly 'undefined'.
examples/jsm/libs/opentype.module.js(7203,13): error TS2339: Property 'ascender' does not exist on type '{ xMin: number; yMin: number; xMax: number; yMax: number; advanceWidthMax: number; advanceWidthAvg: number; minLeftSideBearing: number; maxLeftSideBearing: number; minRightSideBearing: number; }'.
examples/jsm/libs/opentype.module.js(7204,13): error TS2339: Property 'descender' does not exist on type '{ xMin: number; yMin: number; xMax: number; yMax: number; advanceWidthMax: number; advanceWidthAvg: number; minLeftSideBearing: number; maxLeftSideBearing: number; minRightSideBearing: number; }'.
examples/jsm/libs/opentype.module.js(7218,27): error TS2339: Property 'ascender' does not exist on type '{ xMin: number; yMin: number; xMax: number; yMax: number; advanceWidthMax: number; advanceWidthAvg: number; minLeftSideBearing: number; maxLeftSideBearing: number; minRightSideBearing: number; }'.
examples/jsm/libs/opentype.module.js(7219,28): error TS2339: Property 'descender' does not exist on type '{ xMin: number; yMin: number; xMax: number; yMax: number; advanceWidthMax: number; advanceWidthAvg: number; minLeftSideBearing: number; maxLeftSideBearing: number; minRightSideBearing: number; }'.
examples/jsm/libs/opentype.module.js(7241,32): error TS2339: Property 'ascender' does not exist on type '{ xMin: number; yMin: number; xMax: number; yMax: number; advanceWidthMax: number; advanceWidthAvg: number; minLeftSideBearing: number; maxLeftSideBearing: number; minRightSideBearing: number; }'.
examples/jsm/libs/opentype.module.js(7242,33): error TS2339: Property 'descender' does not exist on type '{ xMin: number; yMin: number; xMax: number; yMax: number; advanceWidthMax: number; advanceWidthAvg: number; minLeftSideBearing: number; maxLeftSideBearing: number; minRightSideBearing: number; }'.
examples/jsm/libs/opentype.module.js(7247,74): error TS2339: Property 'ascender' does not exist on type '{ xMin: number; yMin: number; xMax: number; yMax: number; advanceWidthMax: number; advanceWidthAvg: number; minLeftSideBearing: number; maxLeftSideBearing: number; minRightSideBearing: number; }'.
examples/jsm/libs/opentype.module.js(7266,9): error TS7053: Element implicitly has an 'any' type because expression of type 'string' can't be used to index type '{ uniqueID: { en: string; }; postScriptName: { en: any; }; preferredFamily: any; preferredSubfamily: any; }'.
  No index signature with a parameter of type 'string' was found on type '{ uniqueID: { en: string; }; postScriptName: { en: any; }; preferredFamily: any; preferredSubfamily: any; }'.
examples/jsm/libs/opentype.module.js(7297,45): error TS2339: Property 'ascender' does not exist on type '{ xMin: number; yMin: number; xMax: number; yMax: number; advanceWidthMax: number; advanceWidthAvg: number; minLeftSideBearing: number; maxLeftSideBearing: number; minRightSideBearing: number; }'.
examples/jsm/libs/opentype.module.js(7445,62): error TS2339: Property 'createDefaultTable' does not exist on type 'Layout'.
examples/jsm/libs/opentype.module.js(7453,17): error TS2314: Generic type 'Array<T>' requires 1 type argument(s).
examples/jsm/libs/opentype.module.js(7456,27): error TS2554: Expected 1 arguments, but got 0.
examples/jsm/libs/opentype.module.js(7458,23): error TS2339: Property 'scripts' does not exist on type 'Object'.
examples/jsm/libs/opentype.module.js(7470,27): error TS2554: Expected 1 arguments, but got 0.
examples/jsm/libs/opentype.module.js(7473,36): error TS2339: Property 'scripts' does not exist on type 'Object'.
examples/jsm/libs/opentype.module.js(7474,31): error TS2339: Property 'scripts' does not exist on type 'Object'.
examples/jsm/libs/opentype.module.js(7486,17): error TS2366: Function lacks ending return statement and return type does not include 'undefined'.
examples/jsm/libs/opentype.module.js(7488,38): error TS1016: A required parameter cannot follow an optional parameter.
examples/jsm/libs/opentype.module.js(7492,34): error TS2339: Property 'scripts' does not exist on type 'Object'.
examples/jsm/libs/opentype.module.js(7493,40): error TS2339: Property 'scripts' does not exist on type 'Object'.
examples/jsm/libs/opentype.module.js(7516,17): error TS2366: Function lacks ending return statement and return type does not include 'undefined'.
examples/jsm/libs/opentype.module.js(7518,49): error TS1016: A required parameter cannot follow an optional parameter.
examples/jsm/libs/opentype.module.js(7522,36): error TS2339: Property 'defaultLangSys' does not exist on type 'Object'.
examples/jsm/libs/opentype.module.js(7524,45): error TS2339: Property 'langSysRecords' does not exist on type 'Object'.
examples/jsm/libs/opentype.module.js(7526,36): error TS2339: Property 'langSysRecords' does not exist on type 'Object'.
examples/jsm/libs/opentype.module.js(7532,29): error TS2339: Property 'langSysRecords' does not exist on type 'Object'.
examples/jsm/libs/opentype.module.js(7545,17): error TS2366: Function lacks ending return statement and return type does not include 'undefined'.
examples/jsm/libs/opentype.module.js(7547,49): error TS1016: A required parameter cannot follow an optional parameter.
examples/jsm/libs/opentype.module.js(7551,44): error TS2339: Property 'featureIndexes' does not exist on type 'Object'.
examples/jsm/libs/opentype.module.js(7586,49): error TS1016: A required parameter cannot follow an optional parameter.
examples/jsm/libs/opentype.module.js(7591,50): error TS2339: Property 'lookupListIndexes' does not exist on type 'Object'.
examples/jsm/libs/opentype.module.js(7621,18): error TS2366: Function lacks ending return statement and return type does not include 'undefined'.
examples/jsm/libs/opentype.module.js(7624,31): error TS2339: Property 'format' does not exist on type 'object'.
examples/jsm/libs/opentype.module.js(7626,35): error TS2339: Property 'startGlyph' does not exist on type 'object'.
examples/jsm/libs/opentype.module.js(7626,90): error TS2339: Property 'startGlyph' does not exist on type 'object'.
examples/jsm/libs/opentype.module.js(7626,117): error TS2339: Property 'classes' does not exist on type 'object'.
examples/jsm/libs/opentype.module.js(7627,42): error TS2339: Property 'classes' does not exist on type 'object'.
examples/jsm/libs/opentype.module.js(7627,77): error TS2339: Property 'startGlyph' does not exist on type 'object'.
examples/jsm/libs/opentype.module.js(7631,55): error TS2339: Property 'ranges' does not exist on type 'object'.
examples/jsm/libs/opentype.module.js(7641,18): error TS2366: Function lacks ending return statement and return type does not include 'undefined'.
examples/jsm/libs/opentype.module.js(7644,31): error TS2339: Property 'format' does not exist on type 'object'.
examples/jsm/libs/opentype.module.js(7646,53): error TS2339: Property 'glyphs' does not exist on type 'object'.
examples/jsm/libs/opentype.module.js(7649,55): error TS2339: Property 'ranges' does not exist on type 'object'.
examples/jsm/libs/opentype.module.js(7660,17): error TS2314: Generic type 'Array<T>' requires 1 type argument(s).
examples/jsm/libs/opentype.module.js(7663,27): error TS2339: Property 'format' does not exist on type 'Object'.
examples/jsm/libs/opentype.module.js(7664,34): error TS2339: Property 'glyphs' does not exist on type 'Object'.
examples/jsm/libs/opentype.module.js(7667,40): error TS2339: Property 'ranges' does not exist on type 'Object'.
examples/jsm/libs/opentype.module.js(7688,12): error TS2749: 'opentype.Font' refers to a value, but is being used as a type here. Did you mean 'typeof opentype.Font'?
examples/jsm/libs/opentype.module.js(7689,4): error TS1003: Identifier expected.
examples/jsm/libs/opentype.module.js(7689,4): error TS8024: JSDoc '@param' tag has name '', but there is no parameter with that name.
examples/jsm/libs/opentype.module.js(7691,10): error TS8022: JSDoc '@extends' is not attached to a class.
examples/jsm/libs/opentype.module.js(7700,20): error TS2339: Property 'init' does not exist on type '{ searchTag: (arr: any, tag: any) => number; binSearch: (arr: any, value: any) => number; getTable: (create: boolean) => Object; getScriptNames: () => any[]; getDefaultScriptName: () => any; ... 6 more ...; expandCoverage: (coverageTable: Object) => any[]; }'.
examples/jsm/libs/opentype.module.js(7701,23): error TS2339: Property 'getDefaultScriptName' does not exist on type 'Position'.
examples/jsm/libs/opentype.module.js(7712,20): error TS2339: Property 'getKerningValue' does not exist on type '{ searchTag: (arr: any, tag: any) => number; binSearch: (arr: any, value: any) => number; getTable: (create: boolean) => Object; getScriptNames: () => any[]; getDefaultScriptName: () => any; ... 6 more ...; expandCoverage: (coverageTable: Object) => any[]; }'.
examples/jsm/libs/opentype.module.js(7717,33): error TS2339: Property 'getCoverageIndex' does not exist on type 'Position'.
examples/jsm/libs/opentype.module.js(7732,39): error TS2339: Property 'getGlyphClass' does not exist on type 'Position'.
examples/jsm/libs/opentype.module.js(7733,39): error TS2339: Property 'getGlyphClass' does not exist on type 'Position'.
examples/jsm/libs/opentype.module.js(7747,13): error TS2366: Function lacks ending return statement and return type does not include 'undefined'.
examples/jsm/libs/opentype.module.js(7749,20): error TS2339: Property 'getKerningTables' does not exist on type '{ searchTag: (arr: any, tag: any) => number; binSearch: (arr: any, value: any) => number; getTable: (create: boolean) => Object; getScriptNames: () => any[]; getDefaultScriptName: () => any; ... 6 more ...; expandCoverage: (coverageTable: Object) => any[]; }'.
examples/jsm/libs/opentype.module.js(7750,14): error TS2339: Property 'font' does not exist on type 'Position'.
examples/jsm/libs/opentype.module.js(7751,21): error TS2339: Property 'getLookupTables' does not exist on type 'Position'.
examples/jsm/libs/opentype.module.js(7761,12): error TS2749: 'opentype.Font' refers to a value, but is being used as a type here. Did you mean 'typeof opentype.Font'?
examples/jsm/libs/opentype.module.js(7762,4): error TS1003: Identifier expected.
examples/jsm/libs/opentype.module.js(7762,4): error TS8024: JSDoc '@param' tag has name '', but there is no parameter with that name.
examples/jsm/libs/opentype.module.js(7764,10): error TS8022: JSDoc '@extends' is not attached to a class.
examples/jsm/libs/opentype.module.js(7800,24): error TS2339: Property 'createDefaultTable' does not exist on type '{ searchTag: (arr: any, tag: any) => number; binSearch: (arr: any, value: any) => number; getTable: (create: boolean) => Object; getScriptNames: () => any[]; getDefaultScriptName: () => any; ... 6 more ...; expandCoverage: (coverageTable: Object) => any[]; }'.
examples/jsm/libs/opentype.module.js(7821,13): error TS2314: Generic type 'Array<T>' requires 1 type argument(s).
examples/jsm/libs/opentype.module.js(7823,24): error TS2339: Property 'getSingle' does not exist on type '{ searchTag: (arr: any, tag: any) => number; binSearch: (arr: any, value: any) => number; getTable: (create: boolean) => Object; getScriptNames: () => any[]; getDefaultScriptName: () => any; ... 6 more ...; expandCoverage: (coverageTable: Object) => any[]; }'.
examples/jsm/libs/opentype.module.js(7825,29): error TS2339: Property 'getLookupTables' does not exist on type 'Substitution'.
examples/jsm/libs/opentype.module.js(7830,31): error TS2339: Property 'expandCoverage' does not exist on type 'Substitution'.
examples/jsm/libs/opentype.module.js(7834,22): error TS2322: Type '0' is not assignable to type 'undefined'.
examples/jsm/libs/opentype.module.js(7834,29): error TS18048: 'j' is possibly 'undefined'.
examples/jsm/libs/opentype.module.js(7834,48): error TS18048: 'j' is possibly 'undefined'.
examples/jsm/libs/opentype.module.js(7840,22): error TS2322: Type '0' is not assignable to type 'undefined'.
examples/jsm/libs/opentype.module.js(7840,29): error TS18048: 'j' is possibly 'undefined'.
examples/jsm/libs/opentype.module.js(7840,48): error TS18048: 'j' is possibly 'undefined'.
examples/jsm/libs/opentype.module.js(7854,13): error TS2314: Generic type 'Array<T>' requires 1 type argument(s).
examples/jsm/libs/opentype.module.js(7856,24): error TS2339: Property 'getMultiple' does not exist on type '{ searchTag: (arr: any, tag: any) => number; binSearch: (arr: any, value: any) => number; getTable: (create: boolean) => Object; getScriptNames: () => any[]; getDefaultScriptName: () => any; ... 6 more ...; expandCoverage: (coverageTable: Object) => any[]; }'.
examples/jsm/libs/opentype.module.js(7858,29): error TS2339: Property 'getLookupTables' does not exist on type 'Substitution'.
examples/jsm/libs/opentype.module.js(7863,31): error TS2339: Property 'expandCoverage' does not exist on type 'Substitution'.
examples/jsm/libs/opentype.module.js(7866,18): error TS2322: Type '0' is not assignable to type 'undefined'.
examples/jsm/libs/opentype.module.js(7866,25): error TS18048: 'j' is possibly 'undefined'.
examples/jsm/libs/opentype.module.js(7866,44): error TS18048: 'j' is possibly 'undefined'.
examples/jsm/libs/opentype.module.js(7881,13): error TS2314: Generic type 'Array<T>' requires 1 type argument(s).
examples/jsm/libs/opentype.module.js(7883,24): error TS2339: Property 'getAlternates' does not exist on type '{ searchTag: (arr: any, tag: any) => number; binSearch: (arr: any, value: any) => number; getTable: (create: boolean) => Object; getScriptNames: () => any[]; getDefaultScriptName: () => any; ... 6 more ...; expandCoverage: (coverageTable: Object) => any[]; }'.
examples/jsm/libs/opentype.module.js(7885,29): error TS2339: Property 'getLookupTables' does not exist on type 'Substitution'.
examples/jsm/libs/opentype.module.js(7890,31): error TS2339: Property 'expandCoverage' does not exist on type 'Substitution'.
examples/jsm/libs/opentype.module.js(7906,13): error TS2314: Generic type 'Array<T>' requires 1 type argument(s).
examples/jsm/libs/opentype.module.js(7908,24): error TS2339: Property 'getLigatures' does not exist on type '{ searchTag: (arr: any, tag: any) => number; binSearch: (arr: any, value: any) => number; getTable: (create: boolean) => Object; getScriptNames: () => any[]; getDefaultScriptName: () => any; ... 6 more ...; expandCoverage: (coverageTable: Object) => any[]; }'.
examples/jsm/libs/opentype.module.js(7910,29): error TS2339: Property 'getLookupTables' does not exist on type 'Substitution'.
examples/jsm/libs/opentype.module.js(7915,31): error TS2339: Property 'expandCoverage' does not exist on type 'Substitution'.
examples/jsm/libs/opentype.module.js(7941,24): error TS2339: Property 'addSingle' does not exist on type '{ searchTag: (arr: any, tag: any) => number; binSearch: (arr: any, value: any) => number; getTable: (create: boolean) => Object; getScriptNames: () => any[]; getDefaultScriptName: () => any; ... 6 more ...; expandCoverage: (coverageTable: Object) => any[]; }'.
examples/jsm/libs/opentype.module.js(7942,28): error TS2339: Property 'getLookupTables' does not exist on type 'Substitution'.
examples/jsm/libs/opentype.module.js(7949,38): error TS2339: Property 'sub' does not exist on type 'Object'.
examples/jsm/libs/opentype.module.js(7950,20): error TS2339: Property 'binSearch' does not exist on type 'Substitution'.
examples/jsm/libs/opentype.module.js(7956,45): error TS2339: Property 'by' does not exist on type 'Object'.
examples/jsm/libs/opentype.module.js(7966,24): error TS2339: Property 'addMultiple' does not exist on type '{ searchTag: (arr: any, tag: any) => number; binSearch: (arr: any, value: any) => number; getTable: (create: boolean) => Object; getScriptNames: () => any[]; getDefaultScriptName: () => any; ... 6 more ...; expandCoverage: (coverageTable: Object) => any[]; }'.
examples/jsm/libs/opentype.module.js(7967,31): error TS2339: Property 'by' does not exist on type 'Object'.
examples/jsm/libs/opentype.module.js(7967,67): error TS2339: Property 'by' does not exist on type 'Object'.
examples/jsm/libs/opentype.module.js(7968,28): error TS2339: Property 'getLookupTables' does not exist on type 'Substitution'.
examples/jsm/libs/opentype.module.js(7975,38): error TS2339: Property 'sub' does not exist on type 'Object'.
examples/jsm/libs/opentype.module.js(7976,20): error TS2339: Property 'binSearch' does not exist on type 'Substitution'.
examples/jsm/libs/opentype.module.js(7982,44): error TS2339: Property 'by' does not exist on type 'Object'.
examples/jsm/libs/opentype.module.js(7992,24): error TS2339: Property 'addAlternate' does not exist on type '{ searchTag: (arr: any, tag: any) => number; binSearch: (arr: any, value: any) => number; getTable: (create: boolean) => Object; getScriptNames: () => any[]; getDefaultScriptName: () => any; ... 6 more ...; expandCoverage: (coverageTable: Object) => any[]; }'.
examples/jsm/libs/opentype.module.js(7993,28): error TS2339: Property 'getLookupTables' does not exist on type 'Substitution'.
examples/jsm/libs/opentype.module.js(8000,38): error TS2339: Property 'sub' does not exist on type 'Object'.
examples/jsm/libs/opentype.module.js(8001,20): error TS2339: Property 'binSearch' does not exist on type 'Substitution'.
examples/jsm/libs/opentype.module.js(8007,48): error TS2339: Property 'by' does not exist on type 'Object'.
examples/jsm/libs/opentype.module.js(8018,24): error TS2339: Property 'addLigature' does not exist on type '{ searchTag: (arr: any, tag: any) => number; binSearch: (arr: any, value: any) => number; getTable: (create: boolean) => Object; getScriptNames: () => any[]; getDefaultScriptName: () => any; ... 6 more ...; expandCoverage: (coverageTable: Object) => any[]; }'.
examples/jsm/libs/opentype.module.js(8019,28): error TS2339: Property 'getLookupTables' does not exist on type 'Substitution'.
examples/jsm/libs/opentype.module.js(8030,34): error TS2339: Property 'sub' does not exist on type 'Object'.
examples/jsm/libs/opentype.module.js(8031,34): error TS2339: Property 'sub' does not exist on type 'Object'.
examples/jsm/libs/opentype.module.js(8033,28): error TS2339: Property 'by' does not exist on type 'Object'.
examples/jsm/libs/opentype.module.js(8036,20): error TS2339: Property 'binSearch' does not exist on type 'Substitution'.
examples/jsm/libs/opentype.module.js(8061,13): error TS2314: Generic type 'Array<T>' requires 1 type argument(s).
examples/jsm/libs/opentype.module.js(8063,24): error TS2339: Property 'getFeature' does not exist on type '{ searchTag: (arr: any, tag: any) => number; binSearch: (arr: any, value: any) => number; getTable: (create: boolean) => Object; getScriptNames: () => any[]; getDefaultScriptName: () => any; ... 6 more ...; expandCoverage: (coverageTable: Object) => any[]; }'.
examples/jsm/libs/opentype.module.js(8083,5): error TS2322: Type 'undefined' is not assignable to type 'any[]'.
examples/jsm/libs/opentype.module.js(8093,24): error TS2339: Property 'add' does not exist on type '{ searchTag: (arr: any, tag: any) => number; binSearch: (arr: any, value: any) => number; getTable: (create: boolean) => Object; getScriptNames: () => any[]; getDefaultScriptName: () => any; ... 6 more ...; expandCoverage: (coverageTable: Object) => any[]; }'.
examples/jsm/libs/opentype.module.js(8101,28): error TS2339: Property 'by' does not exist on type 'Object'.
examples/jsm/libs/opentype.module.js(8110,21): error TS2339: Property 'by' does not exist on type 'Object'.
examples/jsm/libs/opentype.module.js(8201,27): error TS2339: Property 'onCurve' does not exist on type '{}'.
examples/jsm/libs/opentype.module.js(8202,27): error TS2339: Property 'lastPointOfContour' does not exist on type '{}'.
examples/jsm/libs/opentype.module.js(8210,27): error TS2339: Property 'x' does not exist on type '{}'.
examples/jsm/libs/opentype.module.js(8211,32): error TS2339: Property 'x' does not exist on type '{}'.
examples/jsm/libs/opentype.module.js(8218,27): error TS2339: Property 'y' does not exist on type '{}'.
examples/jsm/libs/opentype.module.js(8219,32): error TS2339: Property 'y' does not exist on type '{}'.
examples/jsm/libs/opentype.module.js(8253,31): error TS2339: Property 'matchedPoints' does not exist on type '{ glyphIndex: any; xScale: number; scale01: number; scale10: number; yScale: number; dx: number; dy: number; }'.
examples/jsm/libs/opentype.module.js(8264,31): error TS2339: Property 'matchedPoints' does not exist on type '{ glyphIndex: any; xScale: number; scale01: number; scale10: number; yScale: number; dx: number; dy: number; }'.
examples/jsm/libs/opentype.module.js(8398,21): error TS2322: Type '{ x: any; y: any; onCurve: any; lastPointOfContour: any; }[]' is not assignable to type 'undefined'.
examples/jsm/libs/opentype.module.js(8415,21): error TS2322: Type '{ x: any; y: any; onCurve: any; lastPointOfContour: any; }[]' is not assignable to type 'undefined'.
examples/jsm/libs/opentype.module.js(8426,18): error TS2554: Expected 2 arguments, but got 1.
examples/jsm/libs/opentype.module.js(8443,18): error TS2554: Expected 2 arguments, but got 1.
examples/jsm/libs/opentype.module.js(8577,18): error TS2683: 'this' implicitly has type 'any' because it does not have a type annotation.
examples/jsm/libs/opentype.module.js(8578,17): error TS2683: 'this' implicitly has type 'any' because it does not have a type annotation.
examples/jsm/libs/opentype.module.js(8579,21): error TS2683: 'this' implicitly has type 'any' because it does not have a type annotation.
examples/jsm/libs/opentype.module.js(8828,5): error TS7008: Member 'axis' implicitly has an 'any' type.
examples/jsm/libs/opentype.module.js(8943,5): error TS7008: Member 'prevPointOnContour' implicitly has an 'any' type.
examples/jsm/libs/opentype.module.js(8944,5): error TS7008: Member 'nextPointOnContour' implicitly has an 'any' type.
examples/jsm/libs/opentype.module.js(9007,5): error TS7008: Member 'stack' implicitly has an 'any[]' type.
examples/jsm/libs/opentype.module.js(9042,33): error TS2339: Property 'ppem' does not exist on type 'State'.
examples/jsm/libs/opentype.module.js(9054,23): error TS2339: Property 'funcs' does not exist on type 'State'.
examples/jsm/libs/opentype.module.js(9055,23): error TS2339: Property 'font' does not exist on type 'State'.
examples/jsm/libs/opentype.module.js(9059,27): error TS2339: Property 'step' does not exist on type 'State'.
examples/jsm/libs/opentype.module.js(9080,19): error TS2339: Property 'ppem' does not exist on type 'State'.
examples/jsm/libs/opentype.module.js(9086,33): error TS2339: Property 'cvt' does not exist on type 'State'.
examples/jsm/libs/opentype.module.js(9092,23): error TS2339: Property 'cvt' does not exist on type 'State'.
examples/jsm/libs/opentype.module.js(9097,23): error TS2339: Property 'step' does not exist on type 'State'.
examples/jsm/libs/opentype.module.js(9141,19): error TS2339: Property 'step' does not exist on type 'State'.
examples/jsm/libs/opentype.module.js(9144,23): error TS2339: Property 'gZone' does not exist on type 'State'.
examples/jsm/libs/opentype.module.js(9157,23): error TS2339: Property 'step' does not exist on type 'State'.
examples/jsm/libs/opentype.module.js(9165,28): error TS2339: Property 'gZone' does not exist on type 'State'.
examples/jsm/libs/opentype.module.js(9166,28): error TS2339: Property 'contours' does not exist on type 'State'.
examples/jsm/libs/opentype.module.js(9181,36): error TS18048: 'state' is possibly 'undefined'.
examples/jsm/libs/opentype.module.js(9181,42): error TS2339: Property 'inhibitGridFit' does not exist on type 'State'.
examples/jsm/libs/opentype.module.js(9185,19): error TS2339: Property 'gZone' does not exist on type 'State'.
examples/jsm/libs/opentype.module.js(9185,33): error TS2339: Property 'z0' does not exist on type 'State'.
examples/jsm/libs/opentype.module.js(9185,44): error TS2339: Property 'z1' does not exist on type 'State'.
examples/jsm/libs/opentype.module.js(9185,55): error TS2339: Property 'z2' does not exist on type 'State'.
examples/jsm/libs/opentype.module.js(9187,19): error TS2339: Property 'contours' does not exist on type 'State'.
examples/jsm/libs/opentype.module.js(9198,23): error TS2339: Property 'step' does not exist on type 'State'.
examples/jsm/libs/opentype.module.js(11559,5): error TS7008: Member 'openRange' implicitly has an 'any' type.
examples/jsm/libs/opentype.module.js(11560,5): error TS7008: Member 'ranges' implicitly has an 'any[]' type.
examples/jsm/libs/opentype.module.js(11566,13): error TS2300: Duplicate identifier 'ContextParams'.
examples/jsm/libs/opentype.module.js(11577,10): error TS2300: Duplicate identifier 'ContextParams'.
examples/jsm/libs/opentype.module.js(11592,5): error TS7008: Member 'subscribers' implicitly has an 'any[]' type.
examples/jsm/libs/opentype.module.js(11600,18): error TS2683: 'this' implicitly has type 'any' because it does not have a type annotation.
examples/jsm/libs/opentype.module.js(11638,5): error TS7008: Member 'tokens' implicitly has an 'any[]' type.
examples/jsm/libs/opentype.module.js(11640,5): error TS7008: Member 'contextCheckers' implicitly has an 'any[]' type.
examples/jsm/libs/opentype.module.js(11642,5): error TS7008: Member 'registeredModifiers' implicitly has an 'any[]' type.
examples/jsm/libs/opentype.module.js(11653,5): error TS7053: Element implicitly has an 'any' type because expression of type 'string' can't be used to index type '{}'.
  No index signature with a parameter of type 'string' was found on type '{}'.
examples/jsm/libs/opentype.module.js(11654,43): error TS7053: Element implicitly has an 'any' type because expression of type 'string' can't be used to index type '{}'.
  No index signature with a parameter of type 'string' was found on type '{}'.
examples/jsm/libs/opentype.module.js(11659,12): error TS7053: Element implicitly has an 'any' type because expression of type 'any' can't be used to index type '{}'.
examples/jsm/libs/opentype.module.js(11680,9): error TS7053: Element implicitly has an 'any' type because expression of type 'any' can't be used to index type 'Tokenizer'.
examples/jsm/libs/opentype.module.js(11707,26): error TS2345: Argument of type 'number[]' is not assignable to parameter of type '[start: number, deleteCount: number, ...items: any[]]'.
  Source provides no match for required element at position 0 in target.
examples/jsm/libs/opentype.module.js(11772,26): error TS2345: Argument of type 'number[]' is not assignable to parameter of type '[start: number, deleteCount: number, ...items: any[]]'.
  Source provides no match for required element at position 0 in target.
examples/jsm/libs/opentype.module.js(11788,17): error TS2339: Property 'newToken' does not exist on type '{}'.
examples/jsm/libs/opentype.module.js(11792,29): error TS2683: 'this' implicitly has type 'any' because it does not have a type annotation.
examples/jsm/libs/opentype.module.js(11796,48): error TS2683: 'this' implicitly has type 'any' because it does not have a type annotation.
examples/jsm/libs/opentype.module.js(11820,29): error TS2769: No overload matches this call.
  Overload 1 of 2, '(start: number, deleteCount?: number | undefined): any[]', gave the following error.
    Argument of type 'string' is not assignable to parameter of type 'number'.
  Overload 2 of 2, '(start: number, deleteCount: number, ...items: any[]): any[]', gave the following error.
    Argument of type 'string' is not assignable to parameter of type 'number'.
examples/jsm/libs/opentype.module.js(11862,54): error TS2339: Property 'char' does not exist on type 'never'.
examples/jsm/libs/opentype.module.js(11879,19): error TS7053: Element implicitly has an 'any' type because expression of type 'string' can't be used to index type '{}'.
  No index signature with a parameter of type 'string' was found on type '{}'.
examples/jsm/libs/opentype.module.js(11889,17): error TS7053: Element implicitly has an 'any' type because expression of type 'string' can't be used to index type '{}'.
  No index signature with a parameter of type 'string' was found on type '{}'.
examples/jsm/libs/opentype.module.js(11905,17): error TS7053: Element implicitly has an 'any' type because expression of type 'string' can't be used to index type '{}'.
  No index signature with a parameter of type 'string' was found on type '{}'.
examples/jsm/libs/opentype.module.js(11936,5): error TS7053: Element implicitly has an 'any' type because expression of type 'string' can't be used to index type '{}'.
  No index signature with a parameter of type 'string' was found on type '{}'.
examples/jsm/libs/opentype.module.js(11948,9): error TS2769: No overload matches this call.
  Overload 1 of 2, '(...items: ConcatArray<never>[]): never[]', gave the following error.
    Argument of type 'any[]' is not assignable to parameter of type 'ConcatArray<never>'.
      The types returned by 'slice(...)' are incompatible between these types.
        Type 'any[]' is not assignable to type 'never[]'.
          Type 'any' is not assignable to type 'never'.
  Overload 2 of 2, '(...items: ConcatArray<never>[]): never[]', gave the following error.
    Argument of type 'any[]' is not assignable to parameter of type 'ConcatArray<never>'.
      The types returned by 'slice(...)' are incompatible between these types.
        Type 'any[]' is not assignable to type 'never[]'.
          Type 'any' is not assignable to type 'never'.
examples/jsm/libs/opentype.module.js(11973,27): error TS7053: Element implicitly has an 'any' type because expression of type 'string' can't be used to index type '{}'.
  No index signature with a parameter of type 'string' was found on type '{}'.
examples/jsm/libs/opentype.module.js(12001,11): error TS2339: Property 'rangeId' does not exist on type 'ContextRange'.
examples/jsm/libs/opentype.module.js(12019,49): error TS2345: Argument of type 'null' is not assignable to parameter of type 'number'.
examples/jsm/libs/opentype.module.js(12039,10): error TS2554: Expected 2 arguments, but got 1.
examples/jsm/libs/opentype.module.js(12067,20): error TS8024: JSDoc '@param' tag has name 'c', but there is no parameter with that name.
examples/jsm/libs/opentype.module.js(12075,20): error TS8024: JSDoc '@param' tag has name 'c', but there is no parameter with that name.
examples/jsm/libs/opentype.module.js(12111,13): error TS2300: Duplicate identifier 'SubstitutionAction'.
examples/jsm/libs/opentype.module.js(12122,10): error TS2300: Duplicate identifier 'SubstitutionAction'.
examples/jsm/libs/opentype.module.js(12123,5): error TS7008: Member 'id' implicitly has an 'any' type.
examples/jsm/libs/opentype.module.js(12124,5): error TS7008: Member 'tag' implicitly has an 'any' type.
examples/jsm/libs/opentype.module.js(12125,5): error TS7008: Member 'substitution' implicitly has an 'any' type.
examples/jsm/libs/opentype.module.js(12157,27): error TS8024: JSDoc '@param' tag has name 'contextParams', but there is no parameter with that name.
examples/jsm/libs/opentype.module.js(12167,27): error TS8024: JSDoc '@param' tag has name 'contextParams', but there is no parameter with that name.
examples/jsm/libs/opentype.module.js(12234,22): error TS2339: Property 'length' does not exist on type 'number | any[]'.
  Property 'length' does not exist on type 'number'.
examples/jsm/libs/opentype.module.js(12235,26): error TS2339: Property 'length' does not exist on type 'number | any[]'.
  Property 'length' does not exist on type 'number'.
examples/jsm/libs/opentype.module.js(12236,26): error TS2339: Property 'length' does not exist on type 'number | any[]'.
  Property 'length' does not exist on type 'number'.
examples/jsm/libs/opentype.module.js(12243,31): error TS2683: 'this' implicitly has type 'any' because it does not have a type annotation.
examples/jsm/libs/opentype.module.js(12246,30): error TS2683: 'this' implicitly has type 'any' because it does not have a type annotation.
examples/jsm/libs/opentype.module.js(12247,40): error TS2683: 'this' implicitly has type 'any' because it does not have a type annotation.
examples/jsm/libs/opentype.module.js(12249,54): error TS2339: Property 'length' does not exist on type 'number | any[]'.
  Property 'length' does not exist on type 'number'.
examples/jsm/libs/opentype.module.js(12350,9): error TS7053: Element implicitly has an 'any' type because expression of type 'any' can't be used to index type '{}'.
examples/jsm/libs/opentype.module.js(12352,5): error TS7053: Element implicitly has an 'any' type because expression of type 'string' can't be used to index type '{}'.
  No index signature with a parameter of type 'string' was found on type '{}'.
examples/jsm/libs/opentype.module.js(12360,20): error TS7053: Element implicitly has an 'any' type because expression of type 'string' can't be used to index type '{}'.
  No index signature with a parameter of type 'string' was found on type '{}'.
examples/jsm/libs/opentype.module.js(12366,5): error TS7053: Element implicitly has an 'any' type because expression of type 'string' can't be used to index type '{}'.
  No index signature with a parameter of type 'string' was found on type '{}'.
examples/jsm/libs/opentype.module.js(12449,31): error TS2339: Property 'contextParams' does not exist on type 'FQuery'.
examples/jsm/libs/opentype.module.js(12452,20): error TS2339: Property 'tag' does not exist on type 'FQuery'.
examples/jsm/libs/opentype.module.js(12452,39): error TS2339: Property 'script' does not exist on type 'FQuery'.
examples/jsm/libs/opentype.module.js(12455,21): error TS2532: Object is possibly 'undefined'.
examples/jsm/libs/opentype.module.js(12456,46): error TS2339: Property 'tag' does not exist on type 'FQuery'.
examples/jsm/libs/opentype.module.js(12457,33): error TS2339: Property 'script' does not exist on type 'FQuery'.
examples/jsm/libs/opentype.module.js(12474,48): error TS2339: Property 'tag' does not exist on type 'FQuery'.
examples/jsm/libs/opentype.module.js(12482,48): error TS2339: Property 'tag' does not exist on type 'FQuery'.
examples/jsm/libs/opentype.module.js(12488,69): error TS2339: Property 'length' does not exist on type 'never'.
examples/jsm/libs/opentype.module.js(12490,48): error TS2339: Property 'tag' does not exist on type 'FQuery'.
examples/jsm/libs/opentype.module.js(12498,48): error TS2339: Property 'tag' does not exist on type 'FQuery'.
examples/jsm/libs/opentype.module.js(12506,48): error TS2339: Property 'tag' does not exist on type 'FQuery'.
examples/jsm/libs/opentype.module.js(12512,62): error TS2339: Property 'length' does not exist on type 'never'.
examples/jsm/libs/opentype.module.js(12513,13): error TS2322: Type 'null' is not assignable to type 'undefined'.
examples/jsm/libs/opentype.module.js(12524,16): error TS2339: Property 'script' does not exist on type 'FQuery'.
examples/jsm/libs/opentype.module.js(12525,34): error TS2339: Property 'script' does not exist on type 'FQuery'.
examples/jsm/libs/opentype.module.js(12526,62): error TS2339: Property 'script' does not exist on type 'FQuery'.
examples/jsm/libs/opentype.module.js(12527,16): error TS2339: Property 'tag' does not exist on type 'FQuery'.
examples/jsm/libs/opentype.module.js(12529,9): error TS7053: Element implicitly has an 'any' type because expression of type 'any' can't be used to index type '{}'.
examples/jsm/libs/opentype.module.js(12529,29): error TS2339: Property 'script' does not exist on type 'FQuery'.
examples/jsm/libs/opentype.module.js(12529,92): error TS2339: Property 'tag' does not exist on type 'FQuery'.
examples/jsm/libs/opentype.module.js(12557,20): error TS2339: Property 'lookupListIndexes' does not exist on type 'string'.
examples/jsm/libs/opentype.module.js(12569,26): error TS7053: Element implicitly has an 'any' type because expression of type 'any' can't be used to index type '{}'.
examples/jsm/libs/opentype.module.js(12574,12): error TS7053: Element implicitly has an 'any' type because expression of type 'any' can't be used to index type '{}'.
examples/jsm/libs/opentype.module.js(12651,12): error TS2314: Generic type 'Array<T>' requires 1 type argument(s).
examples/jsm/libs/opentype.module.js(12651,19): error TS8024: JSDoc '@param' tag has name 'substitutions', but there is no parameter with that name.
examples/jsm/libs/opentype.module.js(12661,12): error TS2314: Generic type 'Array<T>' requires 1 type argument(s).
examples/jsm/libs/opentype.module.js(12661,19): error TS8024: JSDoc '@param' tag has name 'substitutions', but there is no parameter with that name.
examples/jsm/libs/opentype.module.js(12671,12): error TS2314: Generic type 'Array<T>' requires 1 type argument(s).
examples/jsm/libs/opentype.module.js(12671,19): error TS8024: JSDoc '@param' tag has name 'substitutions', but there is no parameter with that name.
examples/jsm/libs/opentype.module.js(12684,12): error TS2314: Generic type 'Array<T>' requires 1 type argument(s).
examples/jsm/libs/opentype.module.js(12684,19): error TS8024: JSDoc '@param' tag has name 'substitutions', but there is no parameter with that name.
examples/jsm/libs/opentype.module.js(12710,12): error TS2314: Generic type 'Array<T>' requires 1 type argument(s).
examples/jsm/libs/opentype.module.js(12710,19): error TS8024: JSDoc '@param' tag has name 'substitutions', but there is no parameter with that name.
examples/jsm/libs/opentype.module.js(12715,49): error TS7053: Element implicitly has an 'any' type because expression of type 'any' can't be used to index type '{ 11: (action: any, tokens: any, index: number) => void; 12: (action: any, tokens: any, index: number) => void; 63: (action: any, tokens: any, index: number) => void; 41: (action: any, tokens: any, index: number) => void; }'.
examples/jsm/libs/opentype.module.js(12716,9): error TS7053: Element implicitly has an 'any' type because expression of type 'any' can't be used to index type '{ 11: (action: any, tokens: any, index: number) => void; 12: (action: any, tokens: any, index: number) => void; 63: (action: any, tokens: any, index: number) => void; 41: (action: any, tokens: any, index: number) => void; }'.
examples/jsm/libs/opentype.module.js(12759,18): error TS2683: 'this' implicitly has type 'any' because it does not have a type annotation.
examples/jsm/libs/opentype.module.js(12762,16): error TS2683: 'this' implicitly has type 'any' because it does not have a type annotation.
examples/jsm/libs/opentype.module.js(12763,18): error TS2683: 'this' implicitly has type 'any' because it does not have a type annotation.
examples/jsm/libs/opentype.module.js(12817,18): error TS2683: 'this' implicitly has type 'any' because it does not have a type annotation.
examples/jsm/libs/opentype.module.js(12820,18): error TS2683: 'this' implicitly has type 'any' because it does not have a type annotation.
examples/jsm/libs/opentype.module.js(12821,25): error TS2554: Expected 2 arguments, but got 1.
examples/jsm/libs/opentype.module.js(12831,29): error TS2554: Expected 2 arguments, but got 1.
examples/jsm/libs/opentype.module.js(12885,18): error TS2683: 'this' implicitly has type 'any' because it does not have a type annotation.
examples/jsm/libs/opentype.module.js(12888,18): error TS2683: 'this' implicitly has type 'any' because it does not have a type annotation.
examples/jsm/libs/opentype.module.js(12889,25): error TS2554: Expected 2 arguments, but got 1.
examples/jsm/libs/opentype.module.js(12899,29): error TS2554: Expected 2 arguments, but got 1.
examples/jsm/libs/opentype.module.js(12915,22): error TS2554: Expected 1 arguments, but got 0.
examples/jsm/libs/opentype.module.js(12942,17): error TS2683: 'this' implicitly has type 'any' because it does not have a type annotation.
examples/jsm/libs/opentype.module.js(12943,12): error TS2683: 'this' implicitly has type 'any' because it does not have a type annotation.
examples/jsm/libs/opentype.module.js(12953,33): error TS2683: 'this' implicitly has type 'any' because it does not have a type annotation.
examples/jsm/libs/opentype.module.js(12954,33): error TS2683: 'this' implicitly has type 'any' because it does not have a type annotation.
examples/jsm/libs/opentype.module.js(12955,33): error TS2683: 'this' implicitly has type 'any' because it does not have a type annotation.
examples/jsm/libs/opentype.module.js(12956,12): error TS2683: 'this' implicitly has type 'any' because it does not have a type annotation.
examples/jsm/libs/opentype.module.js(12956,36): error TS2683: 'this' implicitly has type 'any' because it does not have a type annotation.
examples/jsm/libs/opentype.module.js(12964,18): error TS2683: 'this' implicitly has type 'any' because it does not have a type annotation.
examples/jsm/libs/opentype.module.js(12966,18): error TS2683: 'this' implicitly has type 'any' because it does not have a type annotation.
examples/jsm/libs/opentype.module.js(12980,12): error TS2314: Generic type 'Array<T>' requires 1 type argument(s).
examples/jsm/libs/opentype.module.js(12986,33): error TS18048: 'this$1.query' is possibly 'undefined'.
examples/jsm/libs/opentype.module.js(12989,9): error TS7053: Element implicitly has an 'any' type because expression of type 'script' can't be used to index type '{}'.
examples/jsm/libs/opentype.module.js(12991,9): error TS7053: Element implicitly has an 'any' type because expression of type 'script' can't be used to index type '{}'.
examples/jsm/libs/opentype.module.js(12992,9): error TS7053: Element implicitly has an 'any' type because expression of type 'script' can't be used to index type '{}'.
examples/jsm/libs/opentype.module.js(12998,12): error TS2314: Generic type 'Array<T>' requires 1 type argument(s).
examples/jsm/libs/opentype.module.js(12998,19): error TS8024: JSDoc '@param' tag has name 'tagsList', but there is no parameter with that name.
examples/jsm/libs/opentype.module.js(12999,20): error TS8024: JSDoc '@param' tag has name 'script', but there is no parameter with that name.
examples/jsm/libs/opentype.module.js(13028,9): error TS2683: 'this' implicitly has type 'any' because it does not have a type annotation.
examples/jsm/libs/opentype.module.js(13040,18): error TS2683: 'this' implicitly has type 'any' because it does not have a type annotation.
examples/jsm/libs/opentype.module.js(13043,10): error TS2683: 'this' implicitly has type 'any' because it does not have a type annotation.
examples/jsm/libs/opentype.module.js(13044,32): error TS2683: 'this' implicitly has type 'any' because it does not have a type annotation.
examples/jsm/libs/opentype.module.js(13045,18): error TS2683: 'this' implicitly has type 'any' because it does not have a type annotation.
examples/jsm/libs/opentype.module.js(13055,18): error TS2683: 'this' implicitly has type 'any' because it does not have a type annotation.
examples/jsm/libs/opentype.module.js(13058,10): error TS2683: 'this' implicitly has type 'any' because it does not have a type annotation.
examples/jsm/libs/opentype.module.js(13059,16): error TS2683: 'this' implicitly has type 'any' because it does not have a type annotation.
examples/jsm/libs/opentype.module.js(13061,32): error TS2683: 'this' implicitly has type 'any' because it does not have a type annotation.
examples/jsm/libs/opentype.module.js(13062,18): error TS2683: 'this' implicitly has type 'any' because it does not have a type annotation.
examples/jsm/libs/opentype.module.js(13072,18): error TS2683: 'this' implicitly has type 'any' because it does not have a type annotation.
examples/jsm/libs/opentype.module.js(13075,10): error TS2683: 'this' implicitly has type 'any' because it does not have a type annotation.
examples/jsm/libs/opentype.module.js(13076,16): error TS2683: 'this' implicitly has type 'any' because it does not have a type annotation.
examples/jsm/libs/opentype.module.js(13078,32): error TS2683: 'this' implicitly has type 'any' because it does not have a type annotation.
examples/jsm/libs/opentype.module.js(13079,18): error TS2683: 'this' implicitly has type 'any' because it does not have a type annotation.
examples/jsm/libs/opentype.module.js(13183,4): error TS1003: Identifier expected.
examples/jsm/libs/opentype.module.js(13183,4): error TS8024: JSDoc '@param' tag has name '', but there is no parameter with that name.
examples/jsm/libs/opentype.module.js(13221,60): error TS2341: Property 'usWeightClasses' is private and only accessible within class 'Font'.
examples/jsm/libs/opentype.module.js(13222,58): error TS2341: Property 'usWidthClasses' is private and only accessible within class 'Font'.
examples/jsm/libs/opentype.module.js(13223,58): error TS2341: Property 'fsSelectionValues' is private and only accessible within class 'Font'.
examples/jsm/libs/opentype.module.js(13252,4): error TS1003: Identifier expected.
examples/jsm/libs/opentype.module.js(13252,4): error TS8024: JSDoc '@param' tag has name '', but there is no parameter with that name.
examples/jsm/libs/opentype.module.js(13263,4): error TS1003: Identifier expected.
examples/jsm/libs/opentype.module.js(13263,4): error TS8024: JSDoc '@param' tag has name '', but there is no parameter with that name.
examples/jsm/libs/opentype.module.js(13266,5): error TS2322: Type 'number | null' is not assignable to type 'number'.
  Type 'null' is not assignable to type 'number'.
examples/jsm/libs/opentype.module.js(13274,4): error TS1003: Identifier expected.
examples/jsm/libs/opentype.module.js(13274,4): error TS8024: JSDoc '@param' tag has name '', but there is no parameter with that name.
examples/jsm/libs/opentype.module.js(13274,13): error TS2749: 'opentype.Glyph' refers to a value, but is being used as a type here. Did you mean 'typeof opentype.Glyph'?
examples/jsm/libs/opentype.module.js(13311,4): error TS1003: Identifier expected.
examples/jsm/libs/opentype.module.js(13311,4): error TS8024: JSDoc '@param' tag has name '', but there is no parameter with that name.
examples/jsm/libs/opentype.module.js(13312,13): error TS2749: 'opentype.Glyph' refers to a value, but is being used as a type here. Did you mean 'typeof opentype.Glyph'?
examples/jsm/libs/opentype.module.js(13318,16): error TS2554: Expected 1 arguments, but got 0.
examples/jsm/libs/opentype.module.js(13322,41): error TS2345: Argument of type 'null' is not assignable to parameter of type 'Function'.
examples/jsm/libs/opentype.module.js(13346,4): error TS1003: Identifier expected.
examples/jsm/libs/opentype.module.js(13346,4): error TS8024: JSDoc '@param' tag has name '', but there is no parameter with that name.
examples/jsm/libs/opentype.module.js(13349,17): error TS2339: Property 'glyphNames' does not exist on type 'Font'.
examples/jsm/libs/opentype.module.js(13354,4): error TS1003: Identifier expected.
examples/jsm/libs/opentype.module.js(13354,4): error TS8024: JSDoc '@param' tag has name '', but there is no parameter with that name.
examples/jsm/libs/opentype.module.js(13354,13): error TS2749: 'opentype.Glyph' refers to a value, but is being used as a type here. Did you mean 'typeof opentype.Glyph'?
examples/jsm/libs/opentype.module.js(13369,4): error TS1003: Identifier expected.
examples/jsm/libs/opentype.module.js(13369,4): error TS8024: JSDoc '@param' tag has name '', but there is no parameter with that name.
examples/jsm/libs/opentype.module.js(13372,15): error TS2339: Property 'glyphNames' does not exist on type 'Font'.
examples/jsm/libs/opentype.module.js(13376,17): error TS2339: Property 'glyphNames' does not exist on type 'Font'.
examples/jsm/libs/opentype.module.js(13386,13): error TS2749: 'opentype.Glyph' refers to a value, but is being used as a type here. Did you mean 'typeof opentype.Glyph'?
examples/jsm/libs/opentype.module.js(13387,13): error TS2749: 'opentype.Glyph' refers to a value, but is being used as a type here. Did you mean 'typeof opentype.Glyph'?
examples/jsm/libs/opentype.module.js(13398,17): error TS2339: Property 'kerningPairs' does not exist on type 'Font'.
examples/jsm/libs/opentype.module.js(13434,71): error TS1016: A required parameter cannot follow an optional parameter.
examples/jsm/libs/opentype.module.js(13443,30): error TS2339: Property 'script' does not exist on type 'GlyphRenderOptions'.
examples/jsm/libs/opentype.module.js(13443,54): error TS2339: Property 'getDefaultScriptName' does not exist on type 'Position'.
examples/jsm/libs/opentype.module.js(13462,21): error TS2339: Property 'letterSpacing' does not exist on type 'GlyphRenderOptions'.
examples/jsm/libs/opentype.module.js(13463,26): error TS2339: Property 'letterSpacing' does not exist on type 'GlyphRenderOptions'.
examples/jsm/libs/opentype.module.js(13464,28): error TS2339: Property 'tracking' does not exist on type 'GlyphRenderOptions'.
examples/jsm/libs/opentype.module.js(13465,27): error TS2339: Property 'tracking' does not exist on type 'GlyphRenderOptions'.
examples/jsm/libs/opentype.module.js(13478,13): error TS2749: 'opentype.Path' refers to a value, but is being used as a type here. Did you mean 'typeof opentype.Path'?
examples/jsm/libs/opentype.module.js(13483,67): error TS2683: 'this' implicitly has type 'any' because it does not have a type annotation.
examples/jsm/libs/opentype.module.js(13496,13): error TS2749: 'opentype.Path' refers to a value, but is being used as a type here. Did you mean 'typeof opentype.Path'?
examples/jsm/libs/opentype.module.js(13501,67): error TS2683: 'this' implicitly has type 'any' because it does not have a type annotation.
examples/jsm/libs/opentype.module.js(13576,4): error TS1003: Identifier expected.
examples/jsm/libs/opentype.module.js(13576,4): error TS8024: JSDoc '@param' tag has name '', but there is no parameter with that name.
examples/jsm/libs/opentype.module.js(13576,13): error TS2366: Function lacks ending return statement and return type does not include 'undefined'.
examples/jsm/libs/opentype.module.js(13579,24): error TS2532: Object is possibly 'undefined'.
examples/jsm/libs/opentype.module.js(13579,24): error TS7053: Element implicitly has an 'any' type because expression of type 'any' can't be used to index type '{ fontFamily: { en: any; }; fontSubfamily: { en: any; }; fullName: { en: any; }; postScriptName: { en: any; }; designer: { en: any; }; designerURL: { en: any; }; manufacturer: { en: any; }; manufacturerURL: { en: any; }; ... 5 more ...; trademark: { ...; }; }'.
examples/jsm/libs/opentype.module.js(13613,22): error TS2694: Namespace 'opentype' has no exported member 'Table'.
examples/jsm/libs/opentype.module.js(13654,24): error TS2693: 'Blob' only refers to a type, but is being used as a value here.
examples/jsm/libs/opentype.module.js(13656,20): error TS2584: Cannot find name 'document'. Do you need to change your target library? Try changing the 'lib' compiler option to include 'dom'.
examples/jsm/libs/opentype.module.js(13660,21): error TS2584: Cannot find name 'document'. Do you need to change your target library? Try changing the 'lib' compiler option to include 'dom'.
examples/jsm/libs/opentype.module.js(13788,9): error TS7053: Element implicitly has an 'any' type because expression of type 'any' can't be used to index type '{}'.
examples/jsm/libs/opentype.module.js(13795,18): error TS2554: Expected 3 arguments, but got 2.
examples/jsm/libs/opentype.module.js(13804,12): error TS2339: Property 'offsetToData' does not exist on type 'Table'.
examples/jsm/libs/opentype.module.js(13849,19): error TS2683: 'this' implicitly has type 'any' because it does not have a type annotation.
examples/jsm/libs/opentype.module.js(13850,23): error TS2683: 'this' implicitly has type 'any' because it does not have a type annotation.
examples/jsm/libs/opentype.module.js(13855,18): error TS2683: 'this' implicitly has type 'any' because it does not have a type annotation.
examples/jsm/libs/opentype.module.js(13859,30): error TS2683: 'this' implicitly has type 'any' because it does not have a type annotation.
examples/jsm/libs/opentype.module.js(13861,30): error TS2683: 'this' implicitly has type 'any' because it does not have a type annotation.
examples/jsm/libs/opentype.module.js(13864,30): error TS2683: 'this' implicitly has type 'any' because it does not have a type annotation.
examples/jsm/libs/opentype.module.js(13869,12): error TS2683: 'this' implicitly has type 'any' because it does not have a type annotation.
examples/jsm/libs/opentype.module.js(13874,19): error TS2683: 'this' implicitly has type 'any' because it does not have a type annotation.
examples/jsm/libs/opentype.module.js(13875,20): error TS2683: 'this' implicitly has type 'any' because it does not have a type annotation.
examples/jsm/libs/opentype.module.js(13880,5): error TS2683: 'this' implicitly has type 'any' because it does not have a type annotation.
examples/jsm/libs/opentype.module.js(13881,12): error TS2683: 'this' implicitly has type 'any' because it does not have a type annotation.
examples/jsm/libs/opentype.module.js(13898,14): error TS2339: Property 'markGlyphSets' does not exist on type '{ version: any; classDef: any; attachList: any; ligCaretList: any; markAttachClassDef: any; }'.
examples/jsm/libs/opentype.module.js(13911,22): error TS2339: Property 'offset' does not exist on type 'any[]'.
examples/jsm/libs/opentype.module.js(13911,36): error TS2339: Property 'relativeOffset' does not exist on type 'any[]'.
examples/jsm/libs/opentype.module.js(13912,26): error TS2339: Property 'parseUShort' does not exist on type 'any[]'.
examples/jsm/libs/opentype.module.js(13916,28): error TS2339: Property 'parsePointer' does not exist on type 'any[]'.
examples/jsm/libs/opentype.module.js(13917,25): error TS2339: Property 'parseValueRecord' does not exist on type 'any[]'.
examples/jsm/libs/opentype.module.js(13922,28): error TS2339: Property 'parsePointer' does not exist on type 'any[]'.
examples/jsm/libs/opentype.module.js(13923,26): error TS2339: Property 'parseValueRecordList' does not exist on type 'any[]'.
examples/jsm/libs/opentype.module.js(13931,22): error TS2339: Property 'offset' does not exist on type 'any[]'.
examples/jsm/libs/opentype.module.js(13931,36): error TS2339: Property 'relativeOffset' does not exist on type 'any[]'.
examples/jsm/libs/opentype.module.js(13932,26): error TS2339: Property 'parseUShort' does not exist on type 'any[]'.
examples/jsm/libs/opentype.module.js(13934,25): error TS2339: Property 'parsePointer' does not exist on type 'any[]'.
examples/jsm/libs/opentype.module.js(13935,29): error TS2339: Property 'parseUShort' does not exist on type 'any[]'.
examples/jsm/libs/opentype.module.js(13936,29): error TS2339: Property 'parseUShort' does not exist on type 'any[]'.
examples/jsm/libs/opentype.module.js(13944,28): error TS2339: Property 'parseList' does not exist on type 'any[]'.
examples/jsm/libs/opentype.module.js(13946,34): error TS2683: 'this' implicitly has type 'any' because it does not have a type annotation.
examples/jsm/libs/opentype.module.js(13947,29): error TS2683: 'this' implicitly has type 'any' because it does not have a type annotation.
examples/jsm/libs/opentype.module.js(13948,29): error TS2683: 'this' implicitly has type 'any' because it does not have a type annotation.
examples/jsm/libs/opentype.module.js(13953,30): error TS2339: Property 'parsePointer' does not exist on type 'any[]'.
examples/jsm/libs/opentype.module.js(13954,30): error TS2339: Property 'parsePointer' does not exist on type 'any[]'.
examples/jsm/libs/opentype.module.js(13955,32): error TS2339: Property 'parseUShort' does not exist on type 'any[]'.
examples/jsm/libs/opentype.module.js(13956,32): error TS2339: Property 'parseUShort' does not exist on type 'any[]'.
examples/jsm/libs/opentype.module.js(13967,32): error TS2339: Property 'parseList' does not exist on type 'any[]'.
examples/jsm/libs/opentype.module.js(13969,29): error TS2683: 'this' implicitly has type 'any' because it does not have a type annotation.
examples/jsm/libs/opentype.module.js(13970,29): error TS2683: 'this' implicitly has type 'any' because it does not have a type annotation.
examples/jsm/libs/opentype.module.js(14016,12): error TS2554: Expected 3 arguments, but got 2.
examples/jsm/libs/opentype.module.js(14043,9): error TS7053: Element implicitly has an 'any' type because expression of type 'string' can't be used to index type '{}'.
  No index signature with a parameter of type 'string' was found on type '{}'.
examples/jsm/libs/opentype.module.js(14070,13): error TS7053: Element implicitly has an 'any' type because expression of type 'string' can't be used to index type '{}'.
  No index signature with a parameter of type 'string' was found on type '{}'.
examples/jsm/libs/opentype.module.js(14158,4): error TS1003: Identifier expected.
examples/jsm/libs/opentype.module.js(14158,4): error TS8024: JSDoc '@param' tag has name '', but there is no parameter with that name.
examples/jsm/libs/opentype.module.js(14159,4): error TS1003: Identifier expected.
examples/jsm/libs/opentype.module.js(14159,4): error TS8024: JSDoc '@param' tag has name '', but there is no parameter with that name.
examples/jsm/libs/opentype.module.js(14179,4): error TS1003: Identifier expected.
examples/jsm/libs/opentype.module.js(14179,4): error TS8024: JSDoc '@param' tag has name '', but there is no parameter with that name.
examples/jsm/libs/opentype.module.js(14180,4): error TS1003: Identifier expected.
examples/jsm/libs/opentype.module.js(14180,4): error TS8024: JSDoc '@param' tag has name '', but there is no parameter with that name.
examples/jsm/libs/opentype.module.js(14192,13): error TS2322: Type '"WOFF"' is not assignable to type 'undefined'.
examples/jsm/libs/opentype.module.js(14194,13): error TS2322: Type 'false' is not assignable to type 'undefined'.
examples/jsm/libs/opentype.module.js(14214,4): error TS1003: Identifier expected.
examples/jsm/libs/opentype.module.js(14214,4): error TS8024: JSDoc '@param' tag has name '', but there is no parameter with that name.
examples/jsm/libs/opentype.module.js(14215,4): error TS1003: Identifier expected.
examples/jsm/libs/opentype.module.js(14215,4): error TS8024: JSDoc '@param' tag has name '', but there is no parameter with that name.
examples/jsm/libs/opentype.module.js(14227,17): error TS2353: Object literal may only specify known properties, and 'data' does not exist in type 'TableData'.
examples/jsm/libs/opentype.module.js(14229,17): error TS2353: Object literal may only specify known properties, and 'data' does not exist in type 'TableData'.
examples/jsm/libs/opentype.module.js(14239,4): error TS1003: Identifier expected.
examples/jsm/libs/opentype.module.js(14239,4): error TS8024: JSDoc '@param' tag has name '', but there is no parameter with that name.
examples/jsm/libs/opentype.module.js(14240,13): error TS2749: 'opentype.Font' refers to a value, but is being used as a type here. Did you mean 'typeof opentype.Font'?
examples/jsm/libs/opentype.module.js(14260,14): error TS2339: Property 'outlinesFormat' does not exist on type 'Font'.
examples/jsm/libs/opentype.module.js(14264,14): error TS2339: Property 'outlinesFormat' does not exist on type 'Font'.
examples/jsm/libs/opentype.module.js(14270,18): error TS2339: Property 'outlinesFormat' does not exist on type 'Font'.
examples/jsm/libs/opentype.module.js(14272,18): error TS2339: Property 'outlinesFormat' does not exist on type 'Font'.
examples/jsm/libs/opentype.module.js(14299,28): error TS2339: Property 'tag' does not exist on type 'Object'.
examples/jsm/libs/opentype.module.js(14301,17): error TS2322: Type 'TableData' is not assignable to type 'undefined'.
examples/jsm/libs/opentype.module.js(14302,47): error TS18048: 'table' is possibly 'undefined'.
examples/jsm/libs/opentype.module.js(14302,59): error TS18048: 'table' is possibly 'undefined'.
examples/jsm/libs/opentype.module.js(14303,17): error TS2741: Property 'font' is missing in type 'CmapEncoding' but required in type 'DefaultEncoding'.
examples/jsm/libs/opentype.module.js(14306,17): error TS2322: Type 'TableData' is not assignable to type 'undefined'.
examples/jsm/libs/opentype.module.js(14307,38): error TS18048: 'table' is possibly 'undefined'.
examples/jsm/libs/opentype.module.js(14307,50): error TS18048: 'table' is possibly 'undefined'.
examples/jsm/libs/opentype.module.js(14308,63): error TS2339: Property 'length' does not exist on type 'Object'.
examples/jsm/libs/opentype.module.js(14314,17): error TS2322: Type 'TableData' is not assignable to type 'undefined'.
examples/jsm/libs/opentype.module.js(14315,38): error TS18048: 'table' is possibly 'undefined'.
examples/jsm/libs/opentype.module.js(14315,50): error TS18048: 'table' is possibly 'undefined'.
examples/jsm/libs/opentype.module.js(14316,63): error TS2339: Property 'length' does not exist on type 'Object'.
examples/jsm/libs/opentype.module.js(14319,17): error TS2322: Type 'TableData' is not assignable to type 'undefined'.
examples/jsm/libs/opentype.module.js(14320,47): error TS18048: 'table' is possibly 'undefined'.
examples/jsm/libs/opentype.module.js(14320,59): error TS18048: 'table' is possibly 'undefined'.
examples/jsm/libs/opentype.module.js(14325,17): error TS2322: Type 'TableData' is not assignable to type 'undefined'.
examples/jsm/libs/opentype.module.js(14326,47): error TS18048: 'table' is possibly 'undefined'.
examples/jsm/libs/opentype.module.js(14326,59): error TS18048: 'table' is possibly 'undefined'.
examples/jsm/libs/opentype.module.js(14329,22): error TS2339: Property 'numberOfHMetrics' does not exist on type 'Font'.
examples/jsm/libs/opentype.module.js(14335,17): error TS2322: Type 'TableData' is not assignable to type 'undefined'.
examples/jsm/libs/opentype.module.js(14336,40): error TS18048: 'table' is possibly 'undefined'.
examples/jsm/libs/opentype.module.js(14336,52): error TS18048: 'table' is possibly 'undefined'.
examples/jsm/libs/opentype.module.js(14339,17): error TS2322: Type 'TableData' is not assignable to type 'undefined'.
examples/jsm/libs/opentype.module.js(14340,47): error TS18048: 'table' is possibly 'undefined'.
examples/jsm/libs/opentype.module.js(14340,59): error TS18048: 'table' is possibly 'undefined'.
examples/jsm/libs/opentype.module.js(14343,17): error TS2322: Type 'TableData' is not assignable to type 'undefined'.
examples/jsm/libs/opentype.module.js(14344,47): error TS18048: 'table' is possibly 'undefined'.
examples/jsm/libs/opentype.module.js(14344,59): error TS18048: 'table' is possibly 'undefined'.
examples/jsm/libs/opentype.module.js(14347,17): error TS2322: Type 'TableData' is not assignable to type 'undefined'.
examples/jsm/libs/opentype.module.js(14348,47): error TS18048: 'table' is possibly 'undefined'.
examples/jsm/libs/opentype.module.js(14348,59): error TS18048: 'table' is possibly 'undefined'.
examples/jsm/libs/opentype.module.js(14349,22): error TS2551: Property 'numGlyphs' does not exist on type 'Font'. Did you mean 'glyphs'?
examples/jsm/libs/opentype.module.js(14355,17): error TS2322: Type 'TableData' is not assignable to type 'undefined'.
examples/jsm/libs/opentype.module.js(14356,45): error TS18048: 'table' is possibly 'undefined'.
examples/jsm/libs/opentype.module.js(14356,57): error TS18048: 'table' is possibly 'undefined'.
examples/jsm/libs/opentype.module.js(14359,17): error TS2322: Type 'TableData' is not assignable to type 'undefined'.
examples/jsm/libs/opentype.module.js(14360,47): error TS18048: 'table' is possibly 'undefined'.
examples/jsm/libs/opentype.module.js(14360,59): error TS18048: 'table' is possibly 'undefined'.
examples/jsm/libs/opentype.module.js(14361,22): error TS2339: Property 'glyphNames' does not exist on type 'Font'.
examples/jsm/libs/opentype.module.js(14364,17): error TS2322: Type 'TableData' is not assignable to type 'undefined'.
examples/jsm/libs/opentype.module.js(14365,38): error TS18048: 'table' is possibly 'undefined'.
examples/jsm/libs/opentype.module.js(14365,50): error TS18048: 'table' is possibly 'undefined'.
examples/jsm/libs/opentype.module.js(14366,63): error TS2339: Property 'length' does not exist on type 'Object'.
examples/jsm/libs/opentype.module.js(14396,46): error TS2339: Property 'data' does not exist on type 'TableData'.
examples/jsm/libs/opentype.module.js(14402,48): error TS2339: Property 'data' does not exist on type 'TableData'.
examples/jsm/libs/opentype.module.js(14402,77): error TS2551: Property 'numGlyphs' does not exist on type 'Font'. Did you mean 'glyphs'?
examples/jsm/libs/opentype.module.js(14404,44): error TS2339: Property 'data' does not exist on type 'TableData'.
examples/jsm/libs/opentype.module.js(14407,28): error TS2339: Property 'data' does not exist on type 'TableData'.
examples/jsm/libs/opentype.module.js(14413,32): error TS2339: Property 'data' does not exist on type 'TableData'.
examples/jsm/libs/opentype.module.js(14413,61): error TS2339: Property 'numberOfHMetrics' does not exist on type 'Font'.
examples/jsm/libs/opentype.module.js(14413,84): error TS2551: Property 'numGlyphs' does not exist on type 'Font'. Did you mean 'glyphs'?
examples/jsm/libs/opentype.module.js(14418,14): error TS2339: Property 'kerningPairs' does not exist on type 'Font'.
examples/jsm/libs/opentype.module.js(14418,50): error TS2339: Property 'data' does not exist on type 'TableData'.
examples/jsm/libs/opentype.module.js(14420,14): error TS2339: Property 'kerningPairs' does not exist on type 'Font'.
examples/jsm/libs/opentype.module.js(14425,49): error TS2339: Property 'data' does not exist on type 'TableData'.
examples/jsm/libs/opentype.module.js(14430,49): error TS2339: Property 'data' does not exist on type 'TableData'.
examples/jsm/libs/opentype.module.js(14436,49): error TS2339: Property 'data' does not exist on type 'TableData'.
examples/jsm/libs/opentype.module.js(14441,49): error TS2339: Property 'data' does not exist on type 'TableData'.
examples/jsm/libs/opentype.module.js(14446,49): error TS2339: Property 'data' does not exist on type 'TableData'.
examples/jsm/libs/opentype.module.js(14447,14): error TS2339: Property 'metas' does not exist on type 'Font'.
examples/jsm/libs/potpack.module.js(78,28): error TS2322: Type '{ x: number; y: number; w: number; h: number; } | undefined' is not assignable to type '{ x: number; y: number; w: number; h: number; }'.
  Type 'undefined' is not assignable to type '{ x: number; y: number; w: number; h: number; }'.
examples/jsm/libs/utif.module.js(5,22): error TS2322: Type '{ children: never[]; index: number; } | undefined' is not assignable to type '{ children: never[]; index: number; }'.
  Type 'undefined' is not assignable to type '{ children: never[]; index: number; }'.
examples/jsm/libs/utif.module.js(5,32): error TS2322: Type 'any' is not assignable to type 'never'.
examples/jsm/libs/utif.module.js(5,74): error TS2322: Type '{ children: never[]; index: number; } | undefined' is not assignable to type '{ children: never[]; index: number; }'.
  Type 'undefined' is not assignable to type '{ children: never[]; index: number; }'.
examples/jsm/libs/utif.module.js(5,155): error TS2322: Type 'never[]' is not assignable to type 'never'.
examples/jsm/libs/utif.module.js(5,236): error TS2322: Type 'never[]' is not assignable to type 'never'.
examples/jsm/libs/utif.module.js(7,42): error TS18048: 'S' is possibly 'undefined'.
examples/jsm/libs/utif.module.js(7,49): error TS18048: 'S' is possibly 'undefined'.
examples/jsm/libs/utif.module.js(7,295): error TS18048: 'M' is possibly 'undefined'.
examples/jsm/libs/utif.module.js(7,302): error TS18048: 'M' is possibly 'undefined'.
examples/jsm/libs/utif.module.js(7,511): error TS18048: 'i' is possibly 'undefined'.
examples/jsm/libs/utif.module.js(7,518): error TS18048: 'i' is possibly 'undefined'.
examples/jsm/libs/utif.module.js(12,491): error TS7023: 'parse' implicitly has return type 'any' because it does not have a return type annotation and is referenced directly or indirectly in one of its return expressions.
examples/jsm/libs/utif.module.js(15,363): error TS2339: Property 'G' does not exist on type '{}'.
examples/jsm/libs/utif.module.js(15,377): error TS2339: Property 'Z' does not exist on type '{}'.
examples/jsm/libs/utif.module.js(15,391): error TS2339: Property 'precision' does not exist on type '{}'.
examples/jsm/libs/utif.module.js(15,439): error TS2339: Property 's' does not exist on type '{}'.
examples/jsm/libs/utif.module.js(15,448): error TS2339: Property 'o' does not exist on type '{}'.
examples/jsm/libs/utif.module.js(15,464): error TS2339: Property 'W' does not exist on type '{}'.
examples/jsm/libs/utif.module.js(15,471): error TS2339: Property '_' does not exist on type '{}'.
examples/jsm/libs/utif.module.js(15,585): error TS2339: Property 'W' does not exist on type '{}'.
examples/jsm/libs/utif.module.js(15,616): error TS2339: Property '_' does not exist on type '{}'.
examples/jsm/libs/utif.module.js(15,633): error TS2339: Property 'X' does not exist on type '{}'.
examples/jsm/libs/utif.module.js(15,639): error TS2339: Property 'B' does not exist on type '{}'.
examples/jsm/libs/utif.module.js(16,308): error TS18048: 'F' is possibly 'undefined'.
examples/jsm/libs/utif.module.js(16,310): error TS2339: Property '_' does not exist on type '{}'.
examples/jsm/libs/utif.module.js(16,317): error TS18048: 'F' is possibly 'undefined'.
examples/jsm/libs/utif.module.js(16,319): error TS2339: Property 'W' does not exist on type '{}'.
examples/jsm/libs/utif.module.js(16,526): error TS18046: 'ex' is of type 'unknown'.
examples/jsm/libs/utif.module.js(16,842): error TS18048: 'F' is possibly 'undefined'.
examples/jsm/libs/utif.module.js(16,844): error TS2339: Property 'o' does not exist on type '{}'.
examples/jsm/libs/utif.module.js(16,858): error TS18048: 'F' is possibly 'undefined'.
examples/jsm/libs/utif.module.js(16,860): error TS2339: Property 's' does not exist on type '{}'.
examples/jsm/libs/utif.module.js(16,880): error TS7008: Member 'W' implicitly has an 'any[]' type.
examples/jsm/libs/utif.module.js(16,900): error TS18048: 'F' is possibly 'undefined'.
examples/jsm/libs/utif.module.js(16,902): error TS2339: Property 'W' does not exist on type '{}'.
examples/jsm/libs/utif.module.js(16,918): error TS18048: 'F' is possibly 'undefined'.
examples/jsm/libs/utif.module.js(16,920): error TS2339: Property 'W' does not exist on type '{}'.
examples/jsm/libs/utif.module.js(17,69): error TS18048: 'F' is possibly 'undefined'.
examples/jsm/libs/utif.module.js(17,71): error TS2339: Property 'X' does not exist on type '{}'.
examples/jsm/libs/utif.module.js(17,79): error TS18048: 'F' is possibly 'undefined'.
examples/jsm/libs/utif.module.js(17,81): error TS2339: Property 'B' does not exist on type '{}'.
examples/jsm/libs/utif.module.js(17,224): error TS2532: Object is possibly 'undefined'.
examples/jsm/libs/utif.module.js(17,328): error TS2532: Object is possibly 'undefined'.
examples/jsm/libs/utif.module.js(17,695): error TS7023: 'f' implicitly has return type 'any' because it does not have a return type annotation and is referenced directly or indirectly in one of its return expressions.
examples/jsm/libs/utif.module.js(17,707): error TS2339: Property 'b' does not exist on type '{ parse(Q: any, h: any): any; Y(Q: any, h: any, f: any): Uint8ClampedArray<ArrayBuffer>; readonly f: any; z: (Q: any) => any; O: (Q: any) => any; r: (Q: any) => any; U: (Q: any) => any; getData: (Q: any) => any; }'.
examples/jsm/libs/utif.module.js(17,723): error TS2339: Property 'b' does not exist on type '{ parse(Q: any, h: any): any; Y(Q: any, h: any, f: any): Uint8ClampedArray<ArrayBuffer>; readonly f: any; z: (Q: any) => any; O: (Q: any) => any; r: (Q: any) => any; U: (Q: any) => any; getData: (Q: any) => any; }'.
examples/jsm/libs/utif.module.js(17,735): error TS2339: Property 'p' does not exist on type '{ parse(Q: any, h: any): any; Y(Q: any, h: any, f: any): Uint8ClampedArray<ArrayBuffer>; readonly f: any; z: (Q: any) => any; O: (Q: any) => any; r: (Q: any) => any; U: (Q: any) => any; getData: (Q: any) => any; }'.
examples/jsm/libs/utif.module.js(17,750): error TS2339: Property 'N' does not exist on type '{ parse(Q: any, h: any): any; Y(Q: any, h: any, f: any): Uint8ClampedArray<ArrayBuffer>; readonly f: any; z: (Q: any) => any; O: (Q: any) => any; r: (Q: any) => any; U: (Q: any) => any; getData: (Q: any) => any; }'.
examples/jsm/libs/utif.module.js(17,779): error TS2339: Property 'W' does not exist on type '{ parse(Q: any, h: any): any; Y(Q: any, h: any, f: any): Uint8ClampedArray<ArrayBuffer>; readonly f: any; z: (Q: any) => any; O: (Q: any) => any; r: (Q: any) => any; U: (Q: any) => any; getData: (Q: any) => any; }'.
examples/jsm/libs/utif.module.js(17,801): error TS2339: Property 'W' does not exist on type '{ parse(Q: any, h: any): any; Y(Q: any, h: any, f: any): Uint8ClampedArray<ArrayBuffer>; readonly f: any; z: (Q: any) => any; O: (Q: any) => any; r: (Q: any) => any; U: (Q: any) => any; getData: (Q: any) => any; }'.
examples/jsm/libs/utif.module.js(17,823): error TS2339: Property 'W' does not exist on type '{ parse(Q: any, h: any): any; Y(Q: any, h: any, f: any): Uint8ClampedArray<ArrayBuffer>; readonly f: any; z: (Q: any) => any; O: (Q: any) => any; r: (Q: any) => any; U: (Q: any) => any; getData: (Q: any) => any; }'.
examples/jsm/libs/utif.module.js(17,866): error TS2339: Property 'N' does not exist on type '{ parse(Q: any, h: any): any; Y(Q: any, h: any, f: any): Uint8ClampedArray<ArrayBuffer>; readonly f: any; z: (Q: any) => any; O: (Q: any) => any; r: (Q: any) => any; U: (Q: any) => any; getData: (Q: any) => any; }'.
examples/jsm/libs/utif.module.js(22,4): error TS2532: Object is possibly 'undefined'.
examples/jsm/libs/utif.module.js(22,521): error TS2339: Property 'JpegDecoder' does not exist on type 'typeof UTIF'.
examples/jsm/libs/utif.module.js(33,40): error TS7053: Element implicitly has an 'any' type because expression of type 'string' can't be used to index type '{ t256: any[]; t257: any[]; t258: number[]; t259: number[]; t262: number[]; t273: number[]; t277: number[]; t278: any[]; t279: number[]; t282: number[][]; t283: number[][]; t284: number[]; t286: number[][]; t287: number[][]; t296: number[]; t305: string[]; t338: number[]; }'.
  No index signature with a parameter of type 'string' was found on type '{ t256: any[]; t257: any[]; t258: number[]; t259: number[]; t262: number[]; t273: number[]; t277: number[]; t278: any[]; t279: number[]; t282: number[][]; t283: number[][]; t284: number[]; t286: number[][]; t287: number[][]; t296: number[]; t305: string[]; t338: number[]; }'.
examples/jsm/libs/utif.module.js(38,10): error TS2403: Subsequent variable declarations must have the same type.  Variable 'i' must be of type 'string', but here has type 'number'.
examples/jsm/libs/utif.module.js(38,15): error TS2365: Operator '<' cannot be applied to types 'string' and 'number'.
examples/jsm/libs/utif.module.js(38,30): error TS2356: An arithmetic operand must be of type 'any', 'number', 'bigint' or an enum type.
examples/jsm/libs/utif.module.js(38,40): error TS7015: Element implicitly has an 'any' type because index expression is not of type 'number'.
examples/jsm/libs/utif.module.js(38,50): error TS7015: Element implicitly has an 'any' type because index expression is not of type 'number'.
examples/jsm/libs/utif.module.js(39,10): error TS2403: Subsequent variable declarations must have the same type.  Variable 'i' must be of type 'string', but here has type 'number'.
examples/jsm/libs/utif.module.js(39,15): error TS2365: Operator '<' cannot be applied to types 'string' and 'number'.
examples/jsm/libs/utif.module.js(39,30): error TS2356: An arithmetic operand must be of type 'any', 'number', 'bigint' or an enum type.
examples/jsm/libs/utif.module.js(39,40): error TS7015: Element implicitly has an 'any' type because index expression is not of type 'number'.
examples/jsm/libs/utif.module.js(39,54): error TS7015: Element implicitly has an 'any' type because index expression is not of type 'number'.
examples/jsm/libs/utif.module.js(432,48): error TS2532: Object is possibly 'undefined'.
examples/jsm/libs/utif.module.js(436,60): error TS18048: 'sh' is possibly 'undefined'.
examples/jsm/libs/utif.module.js(438,66): error TS18048: 'sh' is possibly 'undefined'.
examples/jsm/libs/utif.module.js(439,52): error TS18048: 'j' is possibly 'undefined'.
examples/jsm/libs/utif.module.js(439,57): error TS18048: 'sh' is possibly 'undefined'.
examples/jsm/libs/utif.module.js(442,33): error TS2322: Type 'number | undefined' is not assignable to type 'number'.
  Type 'undefined' is not assignable to type 'number'.
examples/jsm/libs/utif.module.js(444,70): error TS2532: Object is possibly 'undefined'.
examples/jsm/libs/utif.module.js(456,29): error TS7053: Element implicitly has an 'any' type because expression of type 'number' can't be used to index type '{}'.
  No index signature with a parameter of type 'number' was found on type '{}'.
examples/jsm/libs/utif.module.js(466,42): error TS18048: 'u' is possibly 'undefined'.
examples/jsm/libs/utif.module.js(466,50): error TS18048: 'X' is possibly 'undefined'.
examples/jsm/libs/utif.module.js(466,76): error TS18048: 'u' is possibly 'undefined'.
examples/jsm/libs/utif.module.js(466,84): error TS18048: 'X' is possibly 'undefined'.
examples/jsm/libs/utif.module.js(467,53): error TS2403: Subsequent variable declarations must have the same type.  Variable 'r' must be of type 'any', but here has type 'number'.
examples/jsm/libs/utif.module.js(468,117): error TS2538: Type 'undefined' cannot be used as an index type.
examples/jsm/libs/utif.module.js(468,130): error TS2538: Type 'undefined' cannot be used as an index type.
examples/jsm/libs/utif.module.js(468,144): error TS2538: Type 'undefined' cannot be used as an index type.
examples/jsm/libs/utif.module.js(469,74): error TS18048: 'u' is possibly 'undefined'.
examples/jsm/libs/utif.module.js(470,71): error TS18048: 'I' is possibly 'undefined'.
examples/jsm/libs/utif.module.js(471,37): error TS18048: 'u' is possibly 'undefined'.
examples/jsm/libs/utif.module.js(471,98): error TS18048: 'ax' is possibly 'undefined'.
examples/jsm/libs/utif.module.js(471,114): error TS2403: Subsequent variable declarations must have the same type.  Variable 'i' must be of type 'any', but here has type 'number'.
examples/jsm/libs/utif.module.js(471,116): error TS18048: 'u' is possibly 'undefined'.
examples/jsm/libs/utif.module.js(473,103): error TS2403: Subsequent variable declarations must have the same type.  Variable 'e' must be of type 'number', but here has type 'any'.
examples/jsm/libs/utif.module.js(474,110): error TS18048: 'I' is possibly 'undefined'.
examples/jsm/libs/utif.module.js(475,27): error TS18048: 'aa' is possibly 'undefined'.
examples/jsm/libs/utif.module.js(476,99): error TS18048: 'X' is possibly 'undefined'.
examples/jsm/libs/utif.module.js(477,20): error TS18048: 'u' is possibly 'undefined'.
examples/jsm/libs/utif.module.js(477,36): error TS18048: 'u' is possibly 'undefined'.
examples/jsm/libs/utif.module.js(477,40): error TS2403: Subsequent variable declarations must have the same type.  Variable 'c' must be of type 'any', but here has type 'number'.
examples/jsm/libs/utif.module.js(477,51): error TS18048: 'u' is possibly 'undefined'.
examples/jsm/libs/utif.module.js(478,36): error TS18048: 'u' is possibly 'undefined'.
examples/jsm/libs/utif.module.js(478,49): error TS18048: 'u' is possibly 'undefined'.
examples/jsm/libs/utif.module.js(478,93): error TS18048: 'u' is possibly 'undefined'.
examples/jsm/libs/utif.module.js(479,5): error TS18048: 'u' is possibly 'undefined'.
examples/jsm/libs/utif.module.js(532,12): error TS2403: Subsequent variable declarations must have the same type.  Variable 'c' must be of type 'any', but here has type 'number'.
examples/jsm/libs/utif.module.js(547,11): error TS2403: Subsequent variable declarations must have the same type.  Variable 'i' must be of type 'any', but here has type 'number'.
examples/jsm/libs/utif.module.js(623,6): error TS2403: Subsequent variable declarations must have the same type.  Variable 'i' must be of type 'number', but here has type 'any'.
examples/jsm/libs/utif.module.js(662,29): error TS2339: Property '_get_byte' does not exist on type '{ (buff: any, prm: any): any[]; _decompress(img: any, ifds: any, data: any, off: any, len: any, cmpr: any, tgt: any, toff: any, fo: any, w: any, h: any): void; _decodePanasonic(img: any, data: any, off: any, len: any, tgt: any, toff: any): void; ... 22 more ...; _decodeLZW: any; }'.
examples/jsm/libs/utif.module.js(754,25): error TS2339: Property 'JpegDecoder' does not exist on type 'typeof UTIF'.
examples/jsm/libs/utif.module.js(930,10): error TS18048: 'jpegData.tables' is possibly 'undefined'.
examples/jsm/libs/utif.module.js(931,32): error TS18048: 'jpegData.sosMarker' is possibly 'undefined'.
examples/jsm/libs/utif.module.js(932,12): error TS2345: Argument of type 'Uint8Array<any> | undefined' is not assignable to parameter of type 'ArrayLike<number>'.
  Type 'undefined' is not assignable to type 'ArrayLike<number>'.
examples/jsm/libs/utif.module.js(935,8): error TS18048: 'jpegData.sofPosition' is possibly 'undefined'.
examples/jsm/libs/utif.module.js(935,66): error TS18048: 'jpegData.sofPosition' is possibly 'undefined'.
examples/jsm/libs/utif.module.js(936,8): error TS18048: 'jpegData.sofPosition' is possibly 'undefined'.
examples/jsm/libs/utif.module.js(936,66): error TS18048: 'jpegData.sofPosition' is possibly 'undefined'.
examples/jsm/libs/utif.module.js(940,13): error TS2345: Argument of type 'Uint8Array<ArrayBuffer> | undefined' is not assignable to parameter of type 'ArrayLike<number>'.
  Type 'undefined' is not assignable to type 'ArrayLike<number>'.
examples/jsm/libs/utif.module.js(947,24): error TS2339: Property 'JpegDecoder' does not exist on type 'typeof UTIF'.
examples/jsm/libs/utif.module.js(949,11): error TS2403: Subsequent variable declarations must have the same type.  Variable 'i' must be of type 'any', but here has type 'number'.
examples/jsm/libs/utif.module.js(1006,2): error TS2322: Type 'string[]' is not assignable to type 'string'.
examples/jsm/libs/utif.module.js(1006,29): error TS2322: Type 'string[]' is not assignable to type 'string'.
examples/jsm/libs/utif.module.js(1006,56): error TS2322: Type 'string[]' is not assignable to type 'string'.
examples/jsm/libs/utif.module.js(1006,83): error TS2322: Type 'string[]' is not assignable to type 'string'.
examples/jsm/libs/utif.module.js(1006,110): error TS2322: Type 'string[]' is not assignable to type 'string'.
examples/jsm/libs/utif.module.js(1031,7): error TS7053: Element implicitly has an 'any' type because expression of type 'string' can't be used to index type '{}'.
  No index signature with a parameter of type 'string' was found on type '{}'.
examples/jsm/libs/utif.module.js(1033,12): error TS7053: Element implicitly has an 'any' type because expression of type 'string' can't be used to index type '{}'.
  No index signature with a parameter of type 'string' was found on type '{}'.
examples/jsm/libs/utif.module.js(1041,7): error TS7053: Element implicitly has an 'any' type because expression of type 'string' can't be used to index type '{ "1": number; "011": number; "000011": number; "0000011": number; "010": number; "000010": number; "0000010": number; }'.
  No index signature with a parameter of type 'string' was found on type '{ "1": number; "011": number; "000011": number; "0000011": number; "010": number; "000010": number; "0000010": number; }'.
examples/jsm/libs/utif.module.js(1041,38): error TS7053: Element implicitly has an 'any' type because expression of type 'string' can't be used to index type '{ "1": number; "011": number; "000011": number; "0000011": number; "010": number; "000010": number; "0000010": number; }'.
  No index signature with a parameter of type 'string' was found on type '{ "1": number; "011": number; "000011": number; "0000011": number; "010": number; "000010": number; "0000010": number; }'.
examples/jsm/libs/utif.module.js(1076,9): error TS7053: Element implicitly has an 'any' type because expression of type 'string' can't be used to index type '{}'.
  No index signature with a parameter of type 'string' was found on type '{}'.
examples/jsm/libs/utif.module.js(1102,7): error TS7053: Element implicitly has an 'any' type because expression of type 'string' can't be used to index type '{}'.
  No index signature with a parameter of type 'string' was found on type '{}'.
examples/jsm/libs/utif.module.js(1104,12): error TS7053: Element implicitly has an 'any' type because expression of type 'string' can't be used to index type '{}'.
  No index signature with a parameter of type 'string' was found on type '{}'.
examples/jsm/libs/utif.module.js(1112,8): error TS7053: Element implicitly has an 'any' type because expression of type 'string' can't be used to index type '{}'.
  No index signature with a parameter of type 'string' was found on type '{}'.
examples/jsm/libs/utif.module.js(1114,13): error TS7053: Element implicitly has an 'any' type because expression of type 'string' can't be used to index type '{}'.
  No index signature with a parameter of type 'string' was found on type '{}'.
examples/jsm/libs/utif.module.js(1122,8): error TS7053: Element implicitly has an 'any' type because expression of type 'string' can't be used to index type '{ "1": number; "011": number; "000011": number; "0000011": number; "010": number; "000010": number; "0000010": number; }'.
  No index signature with a parameter of type 'string' was found on type '{ "1": number; "011": number; "000011": number; "0000011": number; "010": number; "000010": number; "0000010": number; }'.
examples/jsm/libs/utif.module.js(1122,39): error TS7053: Element implicitly has an 'any' type because expression of type 'string' can't be used to index type '{ "1": number; "011": number; "000011": number; "0000011": number; "010": number; "000010": number; "0000010": number; }'.
  No index signature with a parameter of type 'string' was found on type '{ "1": number; "011": number; "000011": number; "0000011": number; "010": number; "000010": number; "0000010": number; }'.
examples/jsm/libs/utif.module.js(1148,1): error TS7022: '_decodeLZW' implicitly has type 'any' because it does not have a type annotation and is referenced directly or indirectly in its own initializer.
examples/jsm/libs/utif.module.js(1190,131): error TS2740: Type 'Uint8Array<any>' is missing the following properties from type 'any[]': pop, push, concat, shift, and 6 more.
examples/jsm/libs/utif.module.js(1193,17): error TS2740: Type 'Uint8Array<any>' is missing the following properties from type 'any[]': pop, push, concat, shift, and 6 more.
examples/jsm/libs/utif.module.js(1206,53): error TS7053: Element implicitly has an 'any' type because expression of type 'any' can't be used to index type '{}'.
examples/jsm/libs/utif.module.js(1208,3): error TS7053: Element implicitly has an 'any' type because expression of type 'string' can't be used to index type '{ subIFD: any[]; exifIFD: any; gpsiIFD: any; dngPrvt: any; fujiIFD: any; makerNote: any; }'.
  No index signature with a parameter of type 'string' was found on type '{ subIFD: any[]; exifIFD: any; gpsiIFD: any; dngPrvt: any; fujiIFD: any; makerNote: any; }'.
examples/jsm/libs/utif.module.js(1210,18): error TS7053: Element implicitly has an 'any' type because expression of type '"t272"' can't be used to index type '{ subIFD: any[]; exifIFD: any; gpsiIFD: any; dngPrvt: any; fujiIFD: any; makerNote: any; }'.
  Property 't272' does not exist on type '{ subIFD: any[]; exifIFD: any; gpsiIFD: any; dngPrvt: any; fujiIFD: any; makerNote: any; }'.
examples/jsm/libs/utif.module.js(1210,33): error TS7053: Element implicitly has an 'any' type because expression of type '"t272"' can't be used to index type '{ subIFD: any[]; exifIFD: any; gpsiIFD: any; dngPrvt: any; fujiIFD: any; makerNote: any; }'.
  Property 't272' does not exist on type '{ subIFD: any[]; exifIFD: any; gpsiIFD: any; dngPrvt: any; fujiIFD: any; makerNote: any; }'.
examples/jsm/libs/utif.module.js(1224,84): error TS2339: Property 'buffer' does not exist on type 'any[]'.
examples/jsm/libs/utif.module.js(1326,60): error TS2403: Subsequent variable declarations must have the same type.  Variable 'px' must be of type 'number', but here has type 'any'.
examples/jsm/libs/utif.module.js(1339,60): error TS2403: Subsequent variable declarations must have the same type.  Variable 'px' must be of type 'number', but here has type 'any'.
examples/jsm/libs/utif.module.js(1341,78): error TS18047: 'f32' is possibly 'null'.
examples/jsm/libs/utif.module.js(1406,9): error TS2403: Subsequent variable declarations must have the same type.  Variable 'C' must be of type 'any', but here has type 'number'.
examples/jsm/libs/utif.module.js(1406,25): error TS2403: Subsequent variable declarations must have the same type.  Variable 'M' must be of type 'any', but here has type 'number'.
examples/jsm/libs/utif.module.js(1406,43): error TS2403: Subsequent variable declarations must have the same type.  Variable 'Y' must be of type 'any', but here has type 'number'.
examples/jsm/libs/utif.module.js(1406,61): error TS2403: Subsequent variable declarations must have the same type.  Variable 'K' must be of type 'any', but here has type 'number'.
examples/jsm/libs/utif.module.js(1450,25): error TS2403: Subsequent variable declarations must have the same type.  Variable 'Y' must be of type 'any', but here has type 'number'.
examples/jsm/libs/utif.module.js(1453,9): error TS2403: Subsequent variable declarations must have the same type.  Variable 'r' must be of type 'any', but here has type 'number'.
examples/jsm/libs/utif.module.js(1455,9): error TS2403: Subsequent variable declarations must have the same type.  Variable 'b' must be of type 'any', but here has type 'number'.
examples/jsm/libs/utif.module.js(1469,24): error TS2584: Cannot find name 'document'. Do you need to change your target library? Try changing the 'lib' compiler option to include 'dom'.
examples/jsm/libs/utif.module.js(1482,1): error TS7008: Member '_xhrs' implicitly has an 'any[]' type.
examples/jsm/libs/utif.module.js(1482,19): error TS7008: Member '_imgs' implicitly has an 'any[]' type.
examples/jsm/libs/utif.module.js(1502,12): error TS2584: Cannot find name 'document'. Do you need to change your target library? Try changing the 'lib' compiler option to include 'dom'.
examples/jsm/libs/utif.module.js(1514,2): error TS7023: 'readShort' implicitly has return type 'any' because it does not have a return type annotation and is referenced directly or indirectly in one of its return expressions.
examples/jsm/libs/utif.module.js(1514,54): error TS2339: Property 'ui8' does not exist on type '{ nextZero: (data: any, o: any) => any; readUshort: (buff: any, p: any) => number; readShort: (buff: any, p: any) => any; readInt: (buff: any, p: any) => any; readUint: (buff: any, p: any) => any; ... 7 more ...; writeDouble: (buff: any, p: any, n: any) => void; }'.
examples/jsm/libs/utif.module.js(1514,127): error TS2339: Property 'i16' does not exist on type '{ nextZero: (data: any, o: any) => any; readUshort: (buff: any, p: any) => number; readShort: (buff: any, p: any) => any; readInt: (buff: any, p: any) => any; readUint: (buff: any, p: any) => any; ... 7 more ...; writeDouble: (buff: any, p: any, n: any) => void; }'.
examples/jsm/libs/utif.module.js(1515,2): error TS7023: 'readInt' implicitly has return type 'any' because it does not have a return type annotation and is referenced directly or indirectly in one of its return expressions.
examples/jsm/libs/utif.module.js(1515,54): error TS2339: Property 'ui8' does not exist on type '{ nextZero: (data: any, o: any) => any; readUshort: (buff: any, p: any) => number; readShort: (buff: any, p: any) => any; readInt: (buff: any, p: any) => any; readUint: (buff: any, p: any) => any; ... 7 more ...; writeDouble: (buff: any, p: any, n: any) => void; }'.
examples/jsm/libs/utif.module.js(1515,148): error TS2339: Property 'i32' does not exist on type '{ nextZero: (data: any, o: any) => any; readUshort: (buff: any, p: any) => number; readShort: (buff: any, p: any) => any; readInt: (buff: any, p: any) => any; readUint: (buff: any, p: any) => any; ... 7 more ...; writeDouble: (buff: any, p: any, n: any) => void; }'.
examples/jsm/libs/utif.module.js(1516,2): error TS7023: 'readUint' implicitly has return type 'any' because it does not have a return type annotation and is referenced directly or indirectly in one of its return expressions.
examples/jsm/libs/utif.module.js(1516,54): error TS2339: Property 'ui8' does not exist on type '{ nextZero: (data: any, o: any) => any; readUshort: (buff: any, p: any) => number; readShort: (buff: any, p: any) => any; readInt: (buff: any, p: any) => any; readUint: (buff: any, p: any) => any; ... 7 more ...; writeDouble: (buff: any, p: any, n: any) => void; }'.
examples/jsm/libs/utif.module.js(1516,147): error TS2339: Property 'ui32' does not exist on type '{ nextZero: (data: any, o: any) => any; readUshort: (buff: any, p: any) => number; readShort: (buff: any, p: any) => any; readInt: (buff: any, p: any) => any; readUint: (buff: any, p: any) => any; ... 7 more ...; writeDouble: (buff: any, p: any, n: any) => void; }'.
examples/jsm/libs/utif.module.js(1518,54): error TS2339: Property 'ui8' does not exist on type '{ nextZero: (data: any, o: any) => any; readUshort: (buff: any, p: any) => number; readShort: (buff: any, p: any) => any; readInt: (buff: any, p: any) => any; readUint: (buff: any, p: any) => any; ... 7 more ...; writeDouble: (buff: any, p: any, n: any) => void; }'.
examples/jsm/libs/utif.module.js(1518,119): error TS2339: Property 'fl32' does not exist on type '{ nextZero: (data: any, o: any) => any; readUshort: (buff: any, p: any) => number; readShort: (buff: any, p: any) => any; readInt: (buff: any, p: any) => any; readUint: (buff: any, p: any) => any; ... 7 more ...; writeDouble: (buff: any, p: any, n: any) => void; }'.
examples/jsm/libs/utif.module.js(1519,54): error TS2339: Property 'ui8' does not exist on type '{ nextZero: (data: any, o: any) => any; readUshort: (buff: any, p: any) => number; readShort: (buff: any, p: any) => any; readInt: (buff: any, p: any) => any; readUint: (buff: any, p: any) => any; ... 7 more ...; writeDouble: (buff: any, p: any, n: any) => void; }'.
examples/jsm/libs/utif.module.js(1519,119): error TS2339: Property 'fl64' does not exist on type '{ nextZero: (data: any, o: any) => any; readUshort: (buff: any, p: any) => number; readShort: (buff: any, p: any) => any; readInt: (buff: any, p: any) => any; readUint: (buff: any, p: any) => any; ... 7 more ...; writeDouble: (buff: any, p: any, n: any) => void; }'.
examples/jsm/libs/utif.module.js(1522,57): error TS2339: Property 'ui8' does not exist on type '{ nextZero: (data: any, o: any) => any; readUshort: (buff: any, p: any) => number; readShort: (buff: any, p: any) => any; readInt: (buff: any, p: any) => any; readUint: (buff: any, p: any) => any; ... 7 more ...; writeDouble: (buff: any, p: any, n: any) => void; }'.
examples/jsm/libs/utif.module.js(1522,75): error TS2339: Property 'i32' does not exist on type '{ nextZero: (data: any, o: any) => any; readUshort: (buff: any, p: any) => number; readShort: (buff: any, p: any) => any; readInt: (buff: any, p: any) => any; readUint: (buff: any, p: any) => any; ... 7 more ...; writeDouble: (buff: any, p: any, n: any) => void; }'.
examples/jsm/libs/utif.module.js(1527,15): error TS2339: Property 'fl64' does not exist on type '{ nextZero: (data: any, o: any) => any; readUshort: (buff: any, p: any) => number; readShort: (buff: any, p: any) => any; readInt: (buff: any, p: any) => any; readUint: (buff: any, p: any) => any; ... 7 more ...; writeDouble: (buff: any, p: any, n: any) => void; }'.
examples/jsm/libs/utif.module.js(1528,57): error TS2339: Property 'ui8' does not exist on type '{ nextZero: (data: any, o: any) => any; readUshort: (buff: any, p: any) => number; readShort: (buff: any, p: any) => any; readInt: (buff: any, p: any) => any; readUint: (buff: any, p: any) => any; ... 7 more ...; writeDouble: (buff: any, p: any, n: any) => void; }'.
examples/jsm/libs/utif.module.js(1531,13): error TS2339: Property 'ui8' does not exist on type '{ nextZero: (data: any, o: any) => any; readUshort: (buff: any, p: any) => number; readShort: (buff: any, p: any) => any; readInt: (buff: any, p: any) => any; readUint: (buff: any, p: any) => any; ... 7 more ...; writeDouble: (buff: any, p: any, n: any) => void; }'.
examples/jsm/libs/utif.module.js(1532,13): error TS2339: Property 'i16' does not exist on type '{ nextZero: (data: any, o: any) => any; readUshort: (buff: any, p: any) => number; readShort: (buff: any, p: any) => any; readInt: (buff: any, p: any) => any; readUint: (buff: any, p: any) => any; ... 7 more ...; writeDouble: (buff: any, p: any, n: any) => void; }'.
examples/jsm/libs/utif.module.js(1532,49): error TS2339: Property 'ui8' does not exist on type '{ nextZero: (data: any, o: any) => any; readUshort: (buff: any, p: any) => number; readShort: (buff: any, p: any) => any; readInt: (buff: any, p: any) => any; readUint: (buff: any, p: any) => any; ... 7 more ...; writeDouble: (buff: any, p: any, n: any) => void; }'.
examples/jsm/libs/utif.module.js(1533,13): error TS2339: Property 'i32' does not exist on type '{ nextZero: (data: any, o: any) => any; readUshort: (buff: any, p: any) => number; readShort: (buff: any, p: any) => any; readInt: (buff: any, p: any) => any; readUint: (buff: any, p: any) => any; ... 7 more ...; writeDouble: (buff: any, p: any, n: any) => void; }'.
examples/jsm/libs/utif.module.js(1533,49): error TS2339: Property 'ui8' does not exist on type '{ nextZero: (data: any, o: any) => any; readUshort: (buff: any, p: any) => number; readShort: (buff: any, p: any) => any; readInt: (buff: any, p: any) => any; readUint: (buff: any, p: any) => any; ... 7 more ...; writeDouble: (buff: any, p: any, n: any) => void; }'.
examples/jsm/libs/utif.module.js(1534,13): error TS2339: Property 'ui32' does not exist on type '{ nextZero: (data: any, o: any) => any; readUshort: (buff: any, p: any) => number; readShort: (buff: any, p: any) => any; readInt: (buff: any, p: any) => any; readUint: (buff: any, p: any) => any; ... 7 more ...; writeDouble: (buff: any, p: any, n: any) => void; }'.
examples/jsm/libs/utif.module.js(1534,49): error TS2339: Property 'ui8' does not exist on type '{ nextZero: (data: any, o: any) => any; readUshort: (buff: any, p: any) => number; readShort: (buff: any, p: any) => any; readInt: (buff: any, p: any) => any; readUint: (buff: any, p: any) => any; ... 7 more ...; writeDouble: (buff: any, p: any, n: any) => void; }'.
examples/jsm/libs/utif.module.js(1535,13): error TS2339: Property 'fl32' does not exist on type '{ nextZero: (data: any, o: any) => any; readUshort: (buff: any, p: any) => number; readShort: (buff: any, p: any) => any; readInt: (buff: any, p: any) => any; readUint: (buff: any, p: any) => any; ... 7 more ...; writeDouble: (buff: any, p: any, n: any) => void; }'.
examples/jsm/libs/utif.module.js(1535,49): error TS2339: Property 'ui8' does not exist on type '{ nextZero: (data: any, o: any) => any; readUshort: (buff: any, p: any) => number; readShort: (buff: any, p: any) => any; readInt: (buff: any, p: any) => any; readUint: (buff: any, p: any) => any; ... 7 more ...; writeDouble: (buff: any, p: any, n: any) => void; }'.
examples/jsm/libs/utif.module.js(1536,13): error TS2339: Property 'fl64' does not exist on type '{ nextZero: (data: any, o: any) => any; readUshort: (buff: any, p: any) => number; readShort: (buff: any, p: any) => any; readInt: (buff: any, p: any) => any; readUint: (buff: any, p: any) => any; ... 7 more ...; writeDouble: (buff: any, p: any, n: any) => void; }'.
examples/jsm/libs/utif.module.js(1536,49): error TS2339: Property 'ui8' does not exist on type '{ nextZero: (data: any, o: any) => any; readUshort: (buff: any, p: any) => number; readShort: (buff: any, p: any) => any; readInt: (buff: any, p: any) => any; readUint: (buff: any, p: any) => any; ... 7 more ...; writeDouble: (buff: any, p: any, n: any) => void; }'.
examples/jsm/libs/utif.module.js(1542,54): error TS2339: Property 'ui8' does not exist on type '{ nextZero: (data: any, o: any) => any; readUshort: (buff: any, p: any) => number; readShort: (buff: any, p: any) => any; readInt: (buff: any, p: any) => any; readUint: (buff: any, p: any) => any; ... 7 more ...; writeDouble: (buff: any, p: any, n: any) => void; }'.
examples/jsm/libs/utif.module.js(1542,127): error TS2339: Property 'i16' does not exist on type '{ nextZero: (data: any, o: any) => any; readUshort: (buff: any, p: any) => number; readShort: (buff: any, p: any) => any; readInt: (buff: any, p: any) => any; readUint: (buff: any, p: any) => any; ... 7 more ...; writeDouble: (buff: any, p: any, n: any) => void; }'.
examples/jsm/libs/utif.module.js(1543,54): error TS2339: Property 'ui8' does not exist on type '{ nextZero: (data: any, o: any) => any; readUshort: (buff: any, p: any) => number; readShort: (buff: any, p: any) => any; readInt: (buff: any, p: any) => any; readUint: (buff: any, p: any) => any; ... 7 more ...; writeDouble: (buff: any, p: any, n: any) => void; }'.
examples/jsm/libs/utif.module.js(1543,148): error TS2339: Property 'i32' does not exist on type '{ nextZero: (data: any, o: any) => any; readUshort: (buff: any, p: any) => number; readShort: (buff: any, p: any) => any; readInt: (buff: any, p: any) => any; readUint: (buff: any, p: any) => any; ... 7 more ...; writeDouble: (buff: any, p: any, n: any) => void; }'.
examples/jsm/libs/utif.module.js(1544,54): error TS2339: Property 'ui8' does not exist on type '{ nextZero: (data: any, o: any) => any; readUshort: (buff: any, p: any) => number; readShort: (buff: any, p: any) => any; readInt: (buff: any, p: any) => any; readUint: (buff: any, p: any) => any; ... 7 more ...; writeDouble: (buff: any, p: any, n: any) => void; }'.
examples/jsm/libs/utif.module.js(1544,147): error TS2339: Property 'ui32' does not exist on type '{ nextZero: (data: any, o: any) => any; readUshort: (buff: any, p: any) => number; readShort: (buff: any, p: any) => any; readInt: (buff: any, p: any) => any; readUint: (buff: any, p: any) => any; ... 7 more ...; writeDouble: (buff: any, p: any, n: any) => void; }'.
examples/jsm/libs/utif.module.js(1546,54): error TS2339: Property 'ui8' does not exist on type '{ nextZero: (data: any, o: any) => any; readUshort: (buff: any, p: any) => number; readShort: (buff: any, p: any) => any; readInt: (buff: any, p: any) => any; readUint: (buff: any, p: any) => any; ... 7 more ...; writeDouble: (buff: any, p: any, n: any) => void; }'.
examples/jsm/libs/utif.module.js(1546,119): error TS2339: Property 'fl32' does not exist on type '{ nextZero: (data: any, o: any) => any; readUshort: (buff: any, p: any) => number; readShort: (buff: any, p: any) => any; readInt: (buff: any, p: any) => any; readUint: (buff: any, p: any) => any; ... 7 more ...; writeDouble: (buff: any, p: any, n: any) => void; }'.
examples/jsm/libs/utif.module.js(1547,54): error TS2339: Property 'ui8' does not exist on type '{ nextZero: (data: any, o: any) => any; readUshort: (buff: any, p: any) => number; readShort: (buff: any, p: any) => any; readInt: (buff: any, p: any) => any; readUint: (buff: any, p: any) => any; ... 7 more ...; writeDouble: (buff: any, p: any, n: any) => void; }'.
examples/jsm/libs/utif.module.js(1547,119): error TS2339: Property 'fl64' does not exist on type '{ nextZero: (data: any, o: any) => any; readUshort: (buff: any, p: any) => number; readShort: (buff: any, p: any) => any; readInt: (buff: any, p: any) => any; readUint: (buff: any, p: any) => any; ... 7 more ...; writeDouble: (buff: any, p: any, n: any) => void; }'.
examples/jsm/libs/utif.module.js(1550,57): error TS2339: Property 'ui8' does not exist on type '{ nextZero: (data: any, o: any) => any; readUshort: (buff: any, p: any) => number; readShort: (buff: any, p: any) => any; readInt: (buff: any, p: any) => any; readUint: (buff: any, p: any) => any; ... 7 more ...; writeDouble: (buff: any, p: any, n: any) => void; }'.
examples/jsm/libs/utif.module.js(1550,75): error TS2339: Property 'i32' does not exist on type '{ nextZero: (data: any, o: any) => any; readUshort: (buff: any, p: any) => number; readShort: (buff: any, p: any) => any; readInt: (buff: any, p: any) => any; readUint: (buff: any, p: any) => any; ... 7 more ...; writeDouble: (buff: any, p: any, n: any) => void; }'.
examples/jsm/libs/utif.module.js(1572,74): error TS2322: Type '0' is not assignable to type 'never'.
examples/jsm/libs/utif.module.js(1572,83): error TS2322: Type '0' is not assignable to type 'never'.
examples/jsm/libs/utif.module.js(1573,30): error TS2322: Type 'number' is not assignable to type 'never'.
examples/jsm/libs/utif.module.js(1575,49): error TS18048: 'v' is possibly 'undefined'.
examples/jsm/libs/utif.module.js(1576,65): error TS18048: 'C' is possibly 'undefined'.
examples/jsm/libs/utif.module.js(1583,69): error TS2403: Subsequent variable declarations must have the same type.  Variable 'M' must be of type 'any', but here has type 'number'.
examples/jsm/libs/utif.module.js(1604,27): error TS7023: 'z' implicitly has return type 'any' because it does not have a return type annotation and is referenced directly or indirectly in one of its return expressions.
examples/jsm/libs/utif.module.js(1605,23): error TS7022: 'x' implicitly has type 'any' because it does not have a type annotation and is referenced directly or indirectly in its own initializer.
examples/jsm/libs/utif.module.js(1638,275): error TS2339: Property 'h' does not exist on type '{ b: number; i: any; C: any; u: any; q: number; k: number; e: number; l: number; s: any; d: number; }'.
examples/jsm/libs/utif.module.js(1639,3): error TS2339: Property 'm' does not exist on type '{ b: number; i: any; C: any; u: any; q: number; k: number; e: number; l: number; s: any; d: number; }'.
examples/jsm/libs/utif.module.js(1639,8): error TS2339: Property 'h' does not exist on type '{ b: number; i: any; C: any; u: any; q: number; k: number; e: number; l: number; s: any; d: number; }'.
examples/jsm/libs/utif.module.js(1639,31): error TS2339: Property 'A' does not exist on type '{ b: number; i: any; C: any; u: any; q: number; k: number; e: number; l: number; s: any; d: number; }'.
examples/jsm/libs/utif.module.js(1639,35): error TS2339: Property 'm' does not exist on type '{ b: number; i: any; C: any; u: any; q: number; k: number; e: number; l: number; s: any; d: number; }'.
examples/jsm/libs/utif.module.js(1639,41): error TS2339: Property 'f' does not exist on type '{ b: number; i: any; C: any; u: any; q: number; k: number; e: number; l: number; s: any; d: number; }'.
examples/jsm/libs/utif.module.js(1639,48): error TS2339: Property 'g' does not exist on type '{ b: number; i: any; C: any; u: any; q: number; k: number; e: number; l: number; s: any; d: number; }'.
examples/jsm/libs/utif.module.js(1639,63): error TS2339: Property 'n' does not exist on type '{ b: number; i: any; C: any; u: any; q: number; k: number; e: number; l: number; s: any; d: number; }'.
examples/jsm/libs/utif.module.js(1644,11): error TS2322: Type 'number[]' is not assignable to type 'never'.
examples/jsm/libs/utif.module.js(1648,42): error TS18048: 'd' is possibly 'undefined'.
examples/jsm/libs/utif.module.js(1648,44): error TS18048: 'n' is possibly 'undefined'.
examples/jsm/libs/utif.module.js(1648,47): error TS18048: 'C' is possibly 'undefined'.
examples/jsm/libs/utif.module.js(1648,49): error TS18048: 'd' is possibly 'undefined'.
examples/jsm/libs/utif.module.js(1648,55): error TS18048: 'd' is possibly 'undefined'.
examples/jsm/libs/utif.module.js(1648,57): error TS18048: 'n' is possibly 'undefined'.
examples/jsm/libs/utif.module.js(1648,60): error TS18048: 'C' is possibly 'undefined'.
examples/jsm/libs/utif.module.js(1648,62): error TS18048: 'n' is possibly 'undefined'.
examples/jsm/libs/utif.module.js(1658,31): error TS2339: Property '_decompressRAF' does not exist on type 'typeof UTIF'.
examples/jsm/libs/utif.module.js(1659,17): error TS2339: Property 'h' does not exist on type '{ b: number; i: any; C: any; u: any; q: number; k: number; e: number; l: number; s: any; d: number; }'.
examples/jsm/libs/utif.module.js(1660,45): error TS2339: Property 'A' does not exist on type '{ b: number; i: any; C: any; u: any; q: number; k: number; e: number; l: number; s: any; d: number; }'.
examples/jsm/libs/utif.module.js(1661,26): error TS2339: Property 'A' does not exist on type '{ b: number; i: any; C: any; u: any; q: number; k: number; e: number; l: number; s: any; d: number; }'.
examples/jsm/libs/utif.module.js(1662,22): error TS2339: Property 'A' does not exist on type '{ b: number; i: any; C: any; u: any; q: number; k: number; e: number; l: number; s: any; d: number; }'.
examples/jsm/libs/utif.module.js(1663,5): error TS2339: Property 'A' does not exist on type '{ b: number; i: any; C: any; u: any; q: number; k: number; e: number; l: number; s: any; d: number; }'.
examples/jsm/lighting/TiledLighting.js(1,26): error TS2307: Cannot find module 'three/webgpu' or its corresponding type declarations.
examples/jsm/lights/LightProbeGenerator.js(12,8): error TS2307: Cannot find module 'three' or its corresponding type declarations.
examples/jsm/lights/LightProbeGenerator.js(39,19): error TS2584: Cannot find name 'document'. Do you need to change your target library? Try changing the 'lib' compiler option to include 'dom'.
examples/jsm/lights/RectAreaLightTexturesLib.js(11,8): error TS2307: Cannot find module 'three' or its corresponding type declarations.
examples/jsm/lights/RectAreaLightUniformsLib.js(1,29): error TS2307: Cannot find module 'three' or its corresponding type declarations.
examples/jsm/lines/LineMaterial.js(7,8): error TS2307: Cannot find module 'three' or its corresponding type declarations.
examples/jsm/lines/LineMaterial.js(424,8): error TS2339: Property 'setValues' does not exist on type 'LineMaterial'.
examples/jsm/lines/LineMaterial.js(430,15): error TS2339: Property 'uniforms' does not exist on type 'LineMaterial'.
examples/jsm/lines/LineMaterial.js(436,8): error TS2339: Property 'uniforms' does not exist on type 'LineMaterial'.
examples/jsm/lines/LineMaterial.js(442,32): error TS2339: Property 'defines' does not exist on type 'LineMaterial'.
examples/jsm/lines/LineMaterial.js(450,9): error TS2339: Property 'defines' does not exist on type 'LineMaterial'.
examples/jsm/lines/LineMaterial.js(454,16): error TS2339: Property 'defines' does not exist on type 'LineMaterial'.
examples/jsm/lines/LineMaterial.js(462,15): error TS2339: Property 'uniforms' does not exist on type 'LineMaterial'.
examples/jsm/lines/LineMaterial.js(468,15): error TS2339: Property 'uniforms' does not exist on type 'LineMaterial'.
examples/jsm/lines/LineMaterial.js(469,8): error TS2339: Property 'uniforms' does not exist on type 'LineMaterial'.
examples/jsm/lines/LineMaterial.js(475,29): error TS2339: Property 'defines' does not exist on type 'LineMaterial'.
examples/jsm/lines/LineMaterial.js(489,9): error TS2339: Property 'defines' does not exist on type 'LineMaterial'.
examples/jsm/lines/LineMaterial.js(493,16): error TS2339: Property 'defines' does not exist on type 'LineMaterial'.
examples/jsm/lines/LineMaterial.js(501,15): error TS2339: Property 'uniforms' does not exist on type 'LineMaterial'.
examples/jsm/lines/LineMaterial.js(507,8): error TS2339: Property 'uniforms' does not exist on type 'LineMaterial'.
examples/jsm/lines/LineMaterial.js(513,15): error TS2339: Property 'uniforms' does not exist on type 'LineMaterial'.
examples/jsm/lines/LineMaterial.js(519,8): error TS2339: Property 'uniforms' does not exist on type 'LineMaterial'.
examples/jsm/lines/LineMaterial.js(525,15): error TS2339: Property 'uniforms' does not exist on type 'LineMaterial'.
examples/jsm/lines/LineMaterial.js(531,8): error TS2339: Property 'uniforms' does not exist on type 'LineMaterial'.
examples/jsm/lines/LineMaterial.js(537,15): error TS2339: Property 'uniforms' does not exist on type 'LineMaterial'.
examples/jsm/lines/LineMaterial.js(543,8): error TS2339: Property 'uniforms' does not exist on type 'LineMaterial'.
examples/jsm/lines/LineMaterial.js(549,15): error TS2339: Property 'uniforms' does not exist on type 'LineMaterial'.
examples/jsm/lines/LineMaterial.js(555,15): error TS2339: Property 'uniforms' does not exist on type 'LineMaterial'.
examples/jsm/lines/LineMaterial.js(556,8): error TS2339: Property 'uniforms' does not exist on type 'LineMaterial'.
examples/jsm/lines/LineMaterial.js(562,15): error TS2339: Property 'uniforms' does not exist on type 'LineMaterial'.
examples/jsm/lines/LineMaterial.js(568,8): error TS2339: Property 'uniforms' does not exist on type 'LineMaterial'.
examples/jsm/lines/LineMaterial.js(574,42): error TS2339: Property 'defines' does not exist on type 'LineMaterial'.
examples/jsm/lines/LineMaterial.js(580,15): error TS2339: Property 'defines' does not exist on type 'LineMaterial'.
examples/jsm/lines/LineMaterial.js(590,9): error TS2339: Property 'defines' does not exist on type 'LineMaterial'.
examples/jsm/lines/LineMaterial.js(594,16): error TS2339: Property 'defines' does not exist on type 'LineMaterial'.
examples/jsm/lines/LineSegments2.js(12,8): error TS2307: Cannot find module 'three' or its corresponding type declarations.
examples/jsm/lines/LineSegments2.js(243,25): error TS2339: Property 'geometry' does not exist on type 'LineSegments2'.
examples/jsm/lines/LineSegments2.js(270,27): error TS2339: Property 'material' does not exist on type 'LineSegments2'.
examples/jsm/lines/LineSegments2.js(283,28): error TS2339: Property 'matrixWorld' does not exist on type 'LineSegments2'.
examples/jsm/lines/LineSegments2.js(284,25): error TS2339: Property 'geometry' does not exist on type 'LineSegments2'.
examples/jsm/lines/LineSegments2.js(285,25): error TS2339: Property 'material' does not exist on type 'LineSegments2'.
examples/jsm/lines/LineSegments2.js(363,25): error TS2339: Property 'material' does not exist on type 'LineSegments2'.
examples/jsm/lines/LineSegments2.js(368,9): error TS2339: Property 'material' does not exist on type 'LineSegments2'.
examples/jsm/lines/LineSegmentsGeometry.js(10,8): error TS2307: Cannot find module 'three' or its corresponding type declarations.
examples/jsm/lines/LineSegmentsGeometry.js(29,8): error TS2339: Property 'setIndex' does not exist on type 'LineSegmentsGeometry'.
examples/jsm/lines/LineSegmentsGeometry.js(30,8): error TS2339: Property 'setAttribute' does not exist on type 'LineSegmentsGeometry'.
examples/jsm/lines/LineSegmentsGeometry.js(31,8): error TS2339: Property 'setAttribute' does not exist on type 'LineSegmentsGeometry'.
examples/jsm/lines/LineSegmentsGeometry.js(37,22): error TS2339: Property 'attributes' does not exist on type 'LineSegmentsGeometry'.
examples/jsm/lines/LineSegmentsGeometry.js(38,20): error TS2339: Property 'attributes' does not exist on type 'LineSegmentsGeometry'.
examples/jsm/lines/LineSegmentsGeometry.js(82,8): error TS2339: Property 'setAttribute' does not exist on type 'LineSegmentsGeometry'.
examples/jsm/lines/LineSegmentsGeometry.js(83,8): error TS2339: Property 'setAttribute' does not exist on type 'LineSegmentsGeometry'.
examples/jsm/lines/LineSegmentsGeometry.js(85,29): error TS2339: Property 'attributes' does not exist on type 'LineSegmentsGeometry'.
examples/jsm/lines/LineSegmentsGeometry.js(112,8): error TS2339: Property 'setAttribute' does not exist on type 'LineSegmentsGeometry'.
examples/jsm/lines/LineSegmentsGeometry.js(113,8): error TS2339: Property 'setAttribute' does not exist on type 'LineSegmentsGeometry'.
examples/jsm/lines/LineSegmentsGeometry.js(165,22): error TS2339: Property 'attributes' does not exist on type 'LineSegmentsGeometry'.
examples/jsm/lines/LineSegmentsGeometry.js(166,20): error TS2339: Property 'attributes' does not exist on type 'LineSegmentsGeometry'.
examples/jsm/lines/LineSegmentsGeometry.js(194,22): error TS2339: Property 'attributes' does not exist on type 'LineSegmentsGeometry'.
examples/jsm/lines/LineSegmentsGeometry.js(195,20): error TS2339: Property 'attributes' does not exist on type 'LineSegmentsGeometry'.
examples/jsm/lines/webgpu/Line2.js(1,35): error TS2307: Cannot find module 'three/webgpu' or its corresponding type declarations.
examples/jsm/lines/webgpu/LineSegments2.js(14,8): error TS2307: Cannot find module 'three/webgpu' or its corresponding type declarations.
examples/jsm/lines/webgpu/LineSegments2.js(244,25): error TS2339: Property 'geometry' does not exist on type 'LineSegments2'.
examples/jsm/lines/webgpu/LineSegments2.js(278,27): error TS2339: Property 'material' does not exist on type 'LineSegments2'.
examples/jsm/lines/webgpu/LineSegments2.js(291,28): error TS2339: Property 'matrixWorld' does not exist on type 'LineSegments2'.
examples/jsm/lines/webgpu/LineSegments2.js(292,25): error TS2339: Property 'geometry' does not exist on type 'LineSegments2'.
examples/jsm/lines/webgpu/LineSegments2.js(293,25): error TS2339: Property 'material' does not exist on type 'LineSegments2'.
examples/jsm/lines/webgpu/Wireframe.js(7,8): error TS2307: Cannot find module 'three/webgpu' or its corresponding type declarations.
examples/jsm/lines/webgpu/Wireframe.js(30,25): error TS2339: Property 'geometry' does not exist on type 'Wireframe'.
examples/jsm/lines/Wireframe.js(7,8): error TS2307: Cannot find module 'three' or its corresponding type declarations.
examples/jsm/lines/Wireframe.js(31,25): error TS2339: Property 'geometry' does not exist on type 'Wireframe'.
examples/jsm/lines/Wireframe.js(58,25): error TS2339: Property 'material' does not exist on type 'Wireframe'.
examples/jsm/lines/Wireframe.js(63,9): error TS2339: Property 'material' does not exist on type 'Wireframe'.
examples/jsm/lines/WireframeGeometry2.js(3,8): error TS2307: Cannot find module 'three' or its corresponding type declarations.
examples/jsm/loaders/3DMLoader.js(27,8): error TS2307: Cannot find module 'three' or its corresponding type declarations.
examples/jsm/loaders/3DMLoader.js(47,3): error TS7008: Member 'workerPool' implicitly has an 'any[]' type.
examples/jsm/loaders/3DMLoader.js(52,3): error TS7008: Member 'materials' implicitly has an 'any[]' type.
examples/jsm/loaders/3DMLoader.js(53,3): error TS7008: Member 'warnings' implicitly has an 'any[]' type.
examples/jsm/loaders/3DMLoader.js(75,39): error TS2339: Property 'manager' does not exist on type 'Rhino3dmLoader'.
examples/jsm/loaders/3DMLoader.js(77,24): error TS2339: Property 'path' does not exist on type 'Rhino3dmLoader'.
examples/jsm/loaders/3DMLoader.js(79,33): error TS2339: Property 'requestHeader' does not exist on type 'Rhino3dmLoader'.
examples/jsm/loaders/3DMLoader.js(205,15): error TS2339: Property 'r' does not exist on type '{}'.
examples/jsm/loaders/3DMLoader.js(206,15): error TS2339: Property 'g' does not exist on type '{}'.
examples/jsm/loaders/3DMLoader.js(207,15): error TS2339: Property 'b' does not exist on type '{}'.
examples/jsm/loaders/3DMLoader.js(723,17): error TS2584: Cannot find name 'document'. Do you need to change your target library? Try changing the 'lib' compiler option to include 'dom'.
examples/jsm/loaders/3DMLoader.js(849,42): error TS2339: Property 'manager' does not exist on type 'Rhino3dmLoader'.
examples/jsm/loaders/3DMLoader.js(858,46): error TS2339: Property 'manager' does not exist on type 'Rhino3dmLoader'.
examples/jsm/loaders/3DMLoader.js(871,25): error TS2339: Property 'wasmBinary' does not exist on type '{}'.
examples/jsm/loaders/3DMLoader.js(882,54): error TS2693: 'Blob' only refers to a type, but is being used as a value here.
examples/jsm/loaders/3DMLoader.js(1025,12): error TS2551: Property 'postMessage' does not exist on type 'typeof self'. Did you mean 'onmessage'?
examples/jsm/loaders/3DMLoader.js(1029,12): error TS2551: Property 'postMessage' does not exist on type 'typeof self'. Did you mean 'onmessage'?
examples/jsm/loaders/3DMLoader.js(1082,19): error TS2339: Property 'objectIds' does not exist on type '{}'.
examples/jsm/loaders/3DMLoader.js(1132,13): error TS2339: Property 'pbrSupported' does not exist on type '{}'.
examples/jsm/loaders/3DMLoader.js(1134,18): error TS2339: Property 'pbrSupported' does not exist on type '{}'.
examples/jsm/loaders/3DMLoader.js(1137,14): error TS2339: Property 'pbr' does not exist on type '{}'.
examples/jsm/loaders/3DMLoader.js(1141,13): error TS2339: Property 'textures' does not exist on type '{}'.
examples/jsm/loaders/3DMLoader.js(1341,11): error TS2339: Property 'wrapU' does not exist on type '{ type: any; }'.
examples/jsm/loaders/3DMLoader.js(1342,11): error TS2339: Property 'wrapV' does not exist on type '{ type: any; }'.
examples/jsm/loaders/3DMLoader.js(1343,11): error TS2339: Property 'wrapW' does not exist on type '{ type: any; }'.
examples/jsm/loaders/3DMLoader.js(1346,11): error TS2339: Property 'repeat' does not exist on type '{ type: any; }'.
examples/jsm/loaders/3DMLoader.js(1350,12): error TS2339: Property 'image' does not exist on type '{ type: any; }'.
examples/jsm/loaders/3DMLoader.js(1354,9): error TS2551: Property 'postMessage' does not exist on type 'typeof self'. Did you mean 'onmessage'?
examples/jsm/loaders/3DMLoader.js(1361,12): error TS2339: Property 'image' does not exist on type '{ type: any; }'.
examples/jsm/loaders/3DMLoader.js(1390,14): error TS2339: Property 'itemSize' does not exist on type '{}'.
examples/jsm/loaders/3DMLoader.js(1391,14): error TS2339: Property 'type' does not exist on type '{}'.
examples/jsm/loaders/3DMLoader.js(1392,14): error TS2339: Property 'array' does not exist on type '{}'.
examples/jsm/loaders/3DMLoader.js(1396,15): error TS2339: Property 'array' does not exist on type '{}'.
examples/jsm/loaders/3DMLoader.js(1397,15): error TS2339: Property 'array' does not exist on type '{}'.
examples/jsm/loaders/3DMLoader.js(1398,15): error TS2339: Property 'array' does not exist on type '{}'.
examples/jsm/loaders/3DMLoader.js(1402,16): error TS2339: Property 'position' does not exist on type '{}'.
examples/jsm/loaders/3DMLoader.js(1403,10): error TS2339: Property 'attributes' does not exist on type '{}'.
examples/jsm/loaders/3DMLoader.js(1418,14): error TS2339: Property 'itemSize' does not exist on type '{}'.
examples/jsm/loaders/3DMLoader.js(1419,14): error TS2339: Property 'type' does not exist on type '{}'.
examples/jsm/loaders/3DMLoader.js(1420,14): error TS2339: Property 'array' does not exist on type '{}'.
examples/jsm/loaders/3DMLoader.js(1428,16): error TS2339: Property 'position' does not exist on type '{}'.
examples/jsm/loaders/3DMLoader.js(1429,16): error TS2339: Property 'color' does not exist on type '{}'.
examples/jsm/loaders/3DMLoader.js(1430,10): error TS2339: Property 'attributes' does not exist on type '{}'.
examples/jsm/loaders/3DMLoader.js(1499,19): error TS2339: Property 'lightStyle' does not exist on type '{}'.
examples/jsm/loaders/3DMLoader.js(1501,11): error TS2551: Property 'postMessage' does not exist on type 'typeof self'. Did you mean 'onmessage'?
examples/jsm/loaders/3DMLoader.js(1502,101): error TS2339: Property 'lightStyle' does not exist on type '{}'.
examples/jsm/loaders/3DMLoader.js(1516,14): error TS2339: Property 'xform' does not exist on type '{}'.
examples/jsm/loaders/3DMLoader.js(1517,14): error TS2339: Property 'xform' does not exist on type '{}'.
examples/jsm/loaders/3DMLoader.js(1543,10): error TS2551: Property 'postMessage' does not exist on type 'typeof self'. Did you mean 'onmessage'?
examples/jsm/loaders/3DMLoader.js(1558,15): error TS2339: Property 'geometry' does not exist on type '{}'.
examples/jsm/loaders/3DMLoader.js(1562,16): error TS2339: Property 'groupIds' does not exist on type '{}'.
examples/jsm/loaders/3DMLoader.js(1568,16): error TS2339: Property 'userStrings' does not exist on type '{}'.
examples/jsm/loaders/3DMLoader.js(1574,16): error TS2339: Property 'geometry' does not exist on type '{}'.
examples/jsm/loaders/3DMLoader.js(1580,10): error TS2551: Property 'postMessage' does not exist on type 'typeof self'. Did you mean 'onmessage'?
examples/jsm/loaders/3DMLoader.js(1590,15): error TS2339: Property 'drawColor' does not exist on type '{}'.
examples/jsm/loaders/3DMLoader.js(1599,9): error TS2551: Property 'postMessage' does not exist on type 'typeof self'. Did you mean 'onmessage'?
examples/jsm/loaders/3DMLoader.js(1623,6): error TS7053: Element implicitly has an 'any' type because expression of type 'string' can't be used to index type '{}'.
  No index signature with a parameter of type 'string' was found on type '{}'.
examples/jsm/loaders/3DMLoader.js(1627,6): error TS7053: Element implicitly has an 'any' type because expression of type 'string' can't be used to index type '{}'.
  No index signature with a parameter of type 'string' was found on type '{}'.
examples/jsm/loaders/3DMLoader.js(1631,6): error TS7053: Element implicitly has an 'any' type because expression of type 'string' can't be used to index type '{}'.
  No index signature with a parameter of type 'string' was found on type '{}'.
examples/jsm/loaders/3DMLoader.js(1648,11): error TS7023: 'curveToPoints' implicitly has return type 'any' because it does not have a return type annotation and is referenced directly or indirectly in one of its return expressions.
examples/jsm/loaders/3DMLoader.js(1680,11): error TS7022: 'segmentArray' implicitly has type 'any' because it does not have a type annotation and is referenced directly or indirectly in its own initializer.
examples/jsm/loaders/3MFLoader.js(21,8): error TS2307: Cannot find module 'three' or its corresponding type declarations.
examples/jsm/loaders/3MFLoader.js(50,3): error TS7008: Member 'availableExtensions' implicitly has an 'any[]' type.
examples/jsm/loaders/3MFLoader.js(57,40): error TS2339: Property 'manager' does not exist on type 'ThreeMFLoader'.
examples/jsm/loaders/3MFLoader.js(58,25): error TS2339: Property 'path' does not exist on type 'ThreeMFLoader'.
examples/jsm/loaders/3MFLoader.js(60,34): error TS2339: Property 'requestHeader' does not exist on type 'ThreeMFLoader'.
examples/jsm/loaders/3MFLoader.js(61,36): error TS2339: Property 'withCredentials' does not exist on type 'ThreeMFLoader'.
examples/jsm/loaders/3MFLoader.js(80,11): error TS2339: Property 'manager' does not exist on type 'ThreeMFLoader'.
examples/jsm/loaders/3MFLoader.js(91,49): error TS2339: Property 'manager' does not exist on type 'ThreeMFLoader'.
examples/jsm/loaders/3MFLoader.js(112,18): error TS2554: Expected 2 arguments, but got 1.
examples/jsm/loaders/3MFLoader.js(151,21): error TS18047: 'zip' is possibly 'null'.
examples/jsm/loaders/3MFLoader.js(151,21): error TS7053: Element implicitly has an 'any' type because expression of type 'string' can't be used to index type '{}'.
  No index signature with a parameter of type 'string' was found on type '{}'.
examples/jsm/loaders/3MFLoader.js(159,22): error TS18047: 'zip' is possibly 'null'.
examples/jsm/loaders/3MFLoader.js(159,22): error TS7053: Element implicitly has an 'any' type because expression of type 'string' can't be used to index type '{}'.
  No index signature with a parameter of type 'string' was found on type '{}'.
examples/jsm/loaders/3MFLoader.js(170,18): error TS18047: 'zip' is possibly 'null'.
examples/jsm/loaders/3MFLoader.js(170,18): error TS7053: Element implicitly has an 'any' type because expression of type 'string' can't be used to index type '{}'.
  No index signature with a parameter of type 'string' was found on type '{}'.
examples/jsm/loaders/3MFLoader.js(189,7): error TS7053: Element implicitly has an 'any' type because expression of type 'any' can't be used to index type '{}'.
examples/jsm/loaders/3MFLoader.js(196,5): error TS7053: Element implicitly has an 'any' type because expression of type '"xml"' can't be used to index type '{ unit: any; }'.
  Property 'xml' does not exist on type '{ unit: any; }'.
examples/jsm/loaders/3MFLoader.js(200,6): error TS7053: Element implicitly has an 'any' type because expression of type '"extensions"' can't be used to index type '{ unit: any; }'.
  Property 'extensions' does not exist on type '{ unit: any; }'.
examples/jsm/loaders/3MFLoader.js(204,5): error TS7053: Element implicitly has an 'any' type because expression of type 'string' can't be used to index type '{}'.
  No index signature with a parameter of type 'string' was found on type '{}'.
examples/jsm/loaders/3MFLoader.js(213,5): error TS7053: Element implicitly has an 'any' type because expression of type 'string' can't be used to index type '{}'.
  No index signature with a parameter of type 'string' was found on type '{}'.
examples/jsm/loaders/3MFLoader.js(213,41): error TS18047: 'zip' is possibly 'null'.
examples/jsm/loaders/3MFLoader.js(213,41): error TS7053: Element implicitly has an 'any' type because expression of type 'string' can't be used to index type '{}'.
  No index signature with a parameter of type 'string' was found on type '{}'.
examples/jsm/loaders/3MFLoader.js(274,6): error TS7053: Element implicitly has an 'any' type because expression of type 'any' can't be used to index type '{}'.
examples/jsm/loaders/3MFLoader.js(297,22): error TS2339: Property 'index' does not exist on type '{ name: any; displaycolor: any; displaypropertiesid: any; }'.
examples/jsm/loaders/3MFLoader.js(298,43): error TS2345: Argument of type '{ name: any; displaycolor: any; displaypropertiesid: any; }' is not assignable to parameter of type 'never'.
examples/jsm/loaders/3MFLoader.js(343,4): error TS7053: Element implicitly has an 'any' type because expression of type '"uvs"' can't be used to index type '{ id: any; texid: any; displaypropertiesid: any; }'.
  Property 'uvs' does not exist on type '{ id: any; texid: any; displaypropertiesid: any; }'.
examples/jsm/loaders/3MFLoader.js(372,4): error TS7053: Element implicitly has an 'any' type because expression of type '"colors"' can't be used to index type '{ id: any; displaypropertiesid: any; }'.
  Property 'colors' does not exist on type '{ id: any; displaypropertiesid: any; }'.
examples/jsm/loaders/3MFLoader.js(390,8): error TS7053: Element implicitly has an 'any' type because expression of type 'any' can't be used to index type '{ type: any; }'.
examples/jsm/loaders/3MFLoader.js(396,5): error TS7053: Element implicitly has an 'any' type because expression of type 'any' can't be used to index type '{}'.
examples/jsm/loaders/3MFLoader.js(421,6): error TS7053: Element implicitly has an 'any' type because expression of type '"inputs" | "outputs"' can't be used to index type '{}'.
  Property 'inputs' does not exist on type '{}'.
examples/jsm/loaders/3MFLoader.js(429,7): error TS7053: Element implicitly has an 'any' type because expression of type 'any' can't be used to index type '{ op: any; identifier: any; }'.
examples/jsm/loaders/3MFLoader.js(433,6): error TS7053: Element implicitly has an 'any' type because expression of type 'any' can't be used to index type '{}'.
examples/jsm/loaders/3MFLoader.js(439,4): error TS7053: Element implicitly has an 'any' type because expression of type '"operations"' can't be used to index type '{ id: any; displayname: any; }'.
  Property 'operations' does not exist on type '{ id: any; displayname: any; }'.
examples/jsm/loaders/3MFLoader.js(467,34): error TS2339: Property 'data' does not exist on type '{ id: any; }'.
examples/jsm/loaders/3MFLoader.js(532,6): error TS7053: Element implicitly has an 'any' type because expression of type '"p1"' can't be used to index type '{ v1: number; v2: number; v3: number; }'.
  Property 'p1' does not exist on type '{ v1: number; v2: number; v3: number; }'.
examples/jsm/loaders/3MFLoader.js(538,6): error TS7053: Element implicitly has an 'any' type because expression of type '"p2"' can't be used to index type '{ v1: number; v2: number; v3: number; }'.
  Property 'p2' does not exist on type '{ v1: number; v2: number; v3: number; }'.
examples/jsm/loaders/3MFLoader.js(544,6): error TS7053: Element implicitly has an 'any' type because expression of type '"p3"' can't be used to index type '{ v1: number; v2: number; v3: number; }'.
  Property 'p3' does not exist on type '{ v1: number; v2: number; v3: number; }'.
examples/jsm/loaders/3MFLoader.js(550,6): error TS7053: Element implicitly has an 'any' type because expression of type '"pid"' can't be used to index type '{ v1: number; v2: number; v3: number; }'.
  Property 'pid' does not exist on type '{ v1: number; v2: number; v3: number; }'.
examples/jsm/loaders/3MFLoader.js(636,5): error TS7053: Element implicitly has an 'any' type because expression of type '"id"' can't be used to index type '{ type: any; }'.
  Property 'id' does not exist on type '{ type: any; }'.
examples/jsm/loaders/3MFLoader.js(644,5): error TS7053: Element implicitly has an 'any' type because expression of type '"pid"' can't be used to index type '{ type: any; }'.
  Property 'pid' does not exist on type '{ type: any; }'.
examples/jsm/loaders/3MFLoader.js(652,5): error TS7053: Element implicitly has an 'any' type because expression of type '"pindex"' can't be used to index type '{ type: any; }'.
  Property 'pindex' does not exist on type '{ type: any; }'.
examples/jsm/loaders/3MFLoader.js(660,5): error TS7053: Element implicitly has an 'any' type because expression of type '"thumbnail"' can't be used to index type '{ type: any; }'.
  Property 'thumbnail' does not exist on type '{ type: any; }'.
examples/jsm/loaders/3MFLoader.js(668,5): error TS7053: Element implicitly has an 'any' type because expression of type '"partnumber"' can't be used to index type '{ type: any; }'.
  Property 'partnumber' does not exist on type '{ type: any; }'.
examples/jsm/loaders/3MFLoader.js(676,5): error TS7053: Element implicitly has an 'any' type because expression of type '"name"' can't be used to index type '{ type: any; }'.
  Property 'name' does not exist on type '{ type: any; }'.
examples/jsm/loaders/3MFLoader.js(684,5): error TS7053: Element implicitly has an 'any' type because expression of type '"mesh"' can't be used to index type '{ type: any; }'.
  Property 'mesh' does not exist on type '{ type: any; }'.
examples/jsm/loaders/3MFLoader.js(692,5): error TS7053: Element implicitly has an 'any' type because expression of type '"components"' can't be used to index type '{ type: any; }'.
  Property 'components' does not exist on type '{ type: any; }'.
examples/jsm/loaders/3MFLoader.js(711,5): error TS7053: Element implicitly has an 'any' type because expression of type 'any' can't be used to index type '{}'.
examples/jsm/loaders/3MFLoader.js(724,5): error TS7053: Element implicitly has an 'any' type because expression of type 'any' can't be used to index type '{}'.
examples/jsm/loaders/3MFLoader.js(737,5): error TS7053: Element implicitly has an 'any' type because expression of type 'any' can't be used to index type '{}'.
examples/jsm/loaders/3MFLoader.js(756,5): error TS7053: Element implicitly has an 'any' type because expression of type 'any' can't be used to index type '{}'.
examples/jsm/loaders/3MFLoader.js(769,5): error TS7053: Element implicitly has an 'any' type because expression of type 'any' can't be used to index type '{}'.
examples/jsm/loaders/3MFLoader.js(782,5): error TS7053: Element implicitly has an 'any' type because expression of type 'any' can't be used to index type '{}'.
examples/jsm/loaders/3MFLoader.js(795,5): error TS7053: Element implicitly has an 'any' type because expression of type 'any' can't be used to index type '{}'.
examples/jsm/loaders/3MFLoader.js(795,32): error TS7053: Element implicitly has an 'any' type because expression of type '"id"' can't be used to index type '{ type: any; }'.
  Property 'id' does not exist on type '{ type: any; }'.
examples/jsm/loaders/3MFLoader.js(818,6): error TS7053: Element implicitly has an 'any' type because expression of type '"transform"' can't be used to index type '{ objectId: any; }'.
  Property 'transform' does not exist on type '{ objectId: any; }'.
examples/jsm/loaders/3MFLoader.js(837,5): error TS7053: Element implicitly has an 'any' type because expression of type '"metadata"' can't be used to index type '{ unit: any; }'.
  Property 'metadata' does not exist on type '{ unit: any; }'.
examples/jsm/loaders/3MFLoader.js(845,5): error TS7053: Element implicitly has an 'any' type because expression of type '"resources"' can't be used to index type '{ unit: any; }'.
  Property 'resources' does not exist on type '{ unit: any; }'.
examples/jsm/loaders/3MFLoader.js(853,5): error TS7053: Element implicitly has an 'any' type because expression of type '"build"' can't be used to index type '{ unit: any; }'.
  Property 'build' does not exist on type '{ unit: any; }'.
examples/jsm/loaders/3MFLoader.js(872,22): error TS2693: 'Blob' only refers to a type, but is being used as a value here.
examples/jsm/loaders/3MFLoader.js(971,10): error TS7053: Element implicitly has an 'any' type because expression of type 'any' can't be used to index type '{}'.
examples/jsm/loaders/3MFLoader.js(971,48): error TS7053: Element implicitly has an 'any' type because expression of type 'any' can't be used to index type '{}'.
examples/jsm/loaders/3MFLoader.js(973,5): error TS7053: Element implicitly has an 'any' type because expression of type 'any' can't be used to index type '{}'.
examples/jsm/loaders/3MFLoader.js(985,37): error TS7053: Element implicitly has an 'any' type because expression of type 'string' can't be used to index type '{}'.
  No index signature with a parameter of type 'string' was found on type '{}'.
examples/jsm/loaders/3MFLoader.js(1273,10): error TS7053: Element implicitly has an 'any' type because expression of type 'any' can't be used to index type '{}'.
examples/jsm/loaders/3MFLoader.js(1273,45): error TS7053: Element implicitly has an 'any' type because expression of type 'any' can't be used to index type '{}'.
examples/jsm/loaders/3MFLoader.js(1275,5): error TS7053: Element implicitly has an 'any' type because expression of type 'any' can't be used to index type '{}'.
examples/jsm/loaders/3MFLoader.js(1485,7): error TS7053: Element implicitly has an 'any' type because expression of type 'any' can't be used to index type '{}'.
examples/jsm/loaders/AMFLoader.js(10,8): error TS2307: Cannot find module 'three' or its corresponding type declarations.
examples/jsm/loaders/AMFLoader.js(41,40): error TS2339: Property 'manager' does not exist on type 'AMFLoader'.
examples/jsm/loaders/AMFLoader.js(42,25): error TS2339: Property 'path' does not exist on type 'AMFLoader'.
examples/jsm/loaders/AMFLoader.js(44,34): error TS2339: Property 'requestHeader' does not exist on type 'AMFLoader'.
examples/jsm/loaders/AMFLoader.js(45,36): error TS2339: Property 'withCredentials' does not exist on type 'AMFLoader'.
examples/jsm/loaders/AMFLoader.js(64,11): error TS2339: Property 'manager' does not exist on type 'AMFLoader'.
examples/jsm/loaders/AMFLoader.js(88,19): error TS2554: Expected 2 arguments, but got 1.
examples/jsm/loaders/AMFLoader.js(112,26): error TS18047: 'zip' is possibly 'null'.
examples/jsm/loaders/AMFLoader.js(112,31): error TS2538: Type 'null' cannot be used as an index type.
examples/jsm/loaders/AMFLoader.js(149,9): error TS7053: Element implicitly has an 'any' type because expression of type 'string' can't be used to index type '{ millimeter: number; inch: number; feet: number; meter: number; micron: number; }'.
  No index signature with a parameter of type 'string' was found on type '{ millimeter: number; inch: number; feet: number; meter: number; micron: number; }'.
examples/jsm/loaders/AMFLoader.js(151,13): error TS7053: Element implicitly has an 'any' type because expression of type 'string' can't be used to index type '{ millimeter: number; inch: number; feet: number; meter: number; micron: number; }'.
  No index signature with a parameter of type 'string' was found on type '{ millimeter: number; inch: number; feet: number; meter: number; micron: number; }'.
examples/jsm/loaders/AMFLoader.js(245,12): error TS2551: Property 'materialId' does not exist on type '{ name: string; triangles: never[]; materialid: null; }'. Did you mean 'materialid'?
examples/jsm/loaders/AMFLoader.js(269,29): error TS2345: Argument of type 'any' is not assignable to parameter of type 'never'.
examples/jsm/loaders/AMFLoader.js(363,44): error TS2769: No overload matches this call.
  Overload 1 of 2, '(...items: ConcatArray<never>[]): never[]', gave the following error.
    Argument of type 'any[]' is not assignable to parameter of type 'ConcatArray<never>'.
      The types returned by 'slice(...)' are incompatible between these types.
        Type 'any[]' is not assignable to type 'never[]'.
          Type 'any' is not assignable to type 'never'.
  Overload 2 of 2, '(...items: ConcatArray<never>[]): never[]', gave the following error.
    Argument of type 'any[]' is not assignable to parameter of type 'ConcatArray<never>'.
      The types returned by 'slice(...)' are incompatible between these types.
        Type 'any[]' is not assignable to type 'never[]'.
          Type 'any' is not assignable to type 'never'.
examples/jsm/loaders/AMFLoader.js(364,46): error TS2769: No overload matches this call.
  Overload 1 of 2, '(...items: ConcatArray<never>[]): never[]', gave the following error.
    Argument of type 'any[]' is not assignable to parameter of type 'ConcatArray<never>'.
      The types returned by 'slice(...)' are incompatible between these types.
        Type 'any[]' is not assignable to type 'never[]'.
          Type 'any' is not assignable to type 'never'.
  Overload 2 of 2, '(...items: ConcatArray<never>[]): never[]', gave the following error.
    Argument of type 'any[]' is not assignable to parameter of type 'ConcatArray<never>'.
      The types returned by 'slice(...)' are incompatible between these types.
        Type 'any[]' is not assignable to type 'never[]'.
          Type 'any' is not assignable to type 'never'.
examples/jsm/loaders/AMFLoader.js(368,27): error TS2345: Argument of type '{ name: string; triangles: never[]; materialid: null; }' is not assignable to parameter of type 'never'.
examples/jsm/loaders/AMFLoader.js(376,32): error TS2345: Argument of type '{ vertices: never[]; normals: never[]; volumes: never[]; color: { r: number; g: number; b: number; a: number; } | null; }' is not assignable to parameter of type 'never'.
examples/jsm/loaders/AMFLoader.js(422,5): error TS7053: Element implicitly has an 'any' type because expression of type 'any' can't be used to index type '{}'.
examples/jsm/loaders/AMFLoader.js(428,5): error TS7053: Element implicitly has an 'any' type because expression of type 'any' can't be used to index type '{}'.
examples/jsm/loaders/AMFLoader.js(447,17): error TS7053: Element implicitly has an 'any' type because expression of type 'string' can't be used to index type '{}'.
  No index signature with a parameter of type 'string' was found on type '{}'.
examples/jsm/loaders/AMFLoader.js(498,11): error TS7053: Element implicitly has an 'any' type because expression of type 'any' can't be used to index type '{}'.
examples/jsm/loaders/AMFLoader.js(500,18): error TS7053: Element implicitly has an 'any' type because expression of type 'any' can't be used to index type '{}'.
examples/jsm/loaders/BVHLoader.js(11,8): error TS2307: Cannot find module 'three' or its corresponding type declarations.
examples/jsm/loaders/BVHLoader.js(35,40): error TS2339: Property 'manager' does not exist on type 'BVHLoader'.
examples/jsm/loaders/BVHLoader.js(36,25): error TS2339: Property 'path' does not exist on type 'BVHLoader'.
examples/jsm/loaders/BVHLoader.js(37,34): error TS2339: Property 'requestHeader' does not exist on type 'BVHLoader'.
examples/jsm/loaders/BVHLoader.js(38,36): error TS2339: Property 'withCredentials' does not exist on type 'BVHLoader'.
examples/jsm/loaders/BVHLoader.js(57,11): error TS2339: Property 'manager' does not exist on type 'BVHLoader'.
examples/jsm/loaders/BVHLoader.js(270,9): error TS2339: Property 'offset' does not exist on type '{ name: string; type: string; frames: never[]; }'.
examples/jsm/loaders/BVHLoader.js(285,10): error TS2339: Property 'channels' does not exist on type '{ name: string; type: string; frames: never[]; }'.
examples/jsm/loaders/BVHLoader.js(286,10): error TS2339: Property 'children' does not exist on type '{ name: string; type: string; frames: never[]; }'.
examples/jsm/loaders/BVHLoader.js(302,11): error TS2339: Property 'children' does not exist on type '{ name: string; type: string; frames: never[]; }'.
examples/jsm/loaders/ColladaLoader.js(41,8): error TS2307: Cannot find module 'three' or its corresponding type declarations.
examples/jsm/loaders/ColladaLoader.js(50,24): error TS2339: Property 'path' does not exist on type 'ColladaLoader'.
examples/jsm/loaders/ColladaLoader.js(50,82): error TS2339: Property 'path' does not exist on type 'ColladaLoader'.
examples/jsm/loaders/ColladaLoader.js(52,40): error TS2339: Property 'manager' does not exist on type 'ColladaLoader'.
examples/jsm/loaders/ColladaLoader.js(53,25): error TS2339: Property 'path' does not exist on type 'ColladaLoader'.
examples/jsm/loaders/ColladaLoader.js(54,34): error TS2339: Property 'requestHeader' does not exist on type 'ColladaLoader'.
examples/jsm/loaders/ColladaLoader.js(55,36): error TS2339: Property 'withCredentials' does not exist on type 'ColladaLoader'.
examples/jsm/loaders/ColladaLoader.js(74,11): error TS2339: Property 'manager' does not exist on type 'ColladaLoader'.
examples/jsm/loaders/ColladaLoader.js(274,7): error TS7053: Element implicitly has an 'any' type because expression of type 'any' can't be used to index type '{}'.
examples/jsm/loaders/ColladaLoader.js(279,7): error TS7053: Element implicitly has an 'any' type because expression of type 'any' can't be used to index type '{}'.
examples/jsm/loaders/ColladaLoader.js(284,7): error TS7053: Element implicitly has an 'any' type because expression of type 'any' can't be used to index type '{}'.
examples/jsm/loaders/ColladaLoader.js(304,5): error TS7053: Element implicitly has an 'any' type because expression of type 'any' can't be used to index type '{}'.
examples/jsm/loaders/ColladaLoader.js(327,7): error TS7053: Element implicitly has an 'any' type because expression of type 'any' can't be used to index type '{}'.
examples/jsm/loaders/ColladaLoader.js(428,21): error TS7053: Element implicitly has an 'any' type because expression of type 'any' can't be used to index type '{}'.
examples/jsm/loaders/ColladaLoader.js(434,17): error TS7053: Element implicitly has an 'any' type because expression of type 'any' can't be used to index type '{}'.
examples/jsm/loaders/ColladaLoader.js(457,12): error TS7053: Element implicitly has an 'any' type because expression of type 'any' can't be used to index type '{}'.
examples/jsm/loaders/ColladaLoader.js(457,41): error TS7053: Element implicitly has an 'any' type because expression of type 'any' can't be used to index type '{}'.
examples/jsm/loaders/ColladaLoader.js(464,8): error TS7053: Element implicitly has an 'any' type because expression of type 'any' can't be used to index type '{}'.
examples/jsm/loaders/ColladaLoader.js(470,9): error TS7053: Element implicitly has an 'any' type because expression of type 'any' can't be used to index type '{}'.
examples/jsm/loaders/ColladaLoader.js(727,29): error TS2345: Argument of type 'any' is not assignable to parameter of type 'never'.
examples/jsm/loaders/ColladaLoader.js(734,4): error TS7053: Element implicitly has an 'any' type because expression of type 'any' can't be used to index type '{}'.
examples/jsm/loaders/ColladaLoader.js(764,21): error TS7053: Element implicitly has an 'any' type because expression of type 'any' can't be used to index type '{}'.
examples/jsm/loaders/ColladaLoader.js(797,4): error TS7053: Element implicitly has an 'any' type because expression of type 'any' can't be used to index type '{}'.
examples/jsm/loaders/ColladaLoader.js(816,12): error TS2339: Property 'bindShapeMatrix' does not exist on type '{ sources: {}; }'.
examples/jsm/loaders/ColladaLoader.js(821,7): error TS7053: Element implicitly has an 'any' type because expression of type 'any' can't be used to index type '{}'.
examples/jsm/loaders/ColladaLoader.js(825,12): error TS2339: Property 'joints' does not exist on type '{ sources: {}; }'.
examples/jsm/loaders/ColladaLoader.js(829,12): error TS2339: Property 'vertexWeights' does not exist on type '{ sources: {}; }'.
examples/jsm/loaders/ColladaLoader.js(857,7): error TS7053: Element implicitly has an 'any' type because expression of type 'any' can't be used to index type '{}'.
examples/jsm/loaders/ColladaLoader.js(886,7): error TS7053: Element implicitly has an 'any' type because expression of type 'any' can't be used to index type '{}'.
examples/jsm/loaders/ColladaLoader.js(890,12): error TS2339: Property 'vcount' does not exist on type '{ inputs: {}; }'.
examples/jsm/loaders/ColladaLoader.js(894,12): error TS2339: Property 'v' does not exist on type '{ inputs: {}; }'.
examples/jsm/loaders/ColladaLoader.js(911,21): error TS7053: Element implicitly has an 'any' type because expression of type 'any' can't be used to index type '{}'.
examples/jsm/loaders/ColladaLoader.js(915,11): error TS2339: Property 'skin' does not exist on type '{ id: any; }'.
examples/jsm/loaders/ColladaLoader.js(919,42): error TS2339: Property 'skin' does not exist on type '{ id: any; }'.
examples/jsm/loaders/ColladaLoader.js(920,42): error TS2339: Property 'skin' does not exist on type '{ id: any; }'.
examples/jsm/loaders/ColladaLoader.js(993,33): error TS2345: Argument of type 'any' is not assignable to parameter of type 'never'.
examples/jsm/loaders/ColladaLoader.js(994,33): error TS2345: Argument of type 'any' is not assignable to parameter of type 'never'.
examples/jsm/loaders/ColladaLoader.js(998,33): error TS2345: Argument of type '0' is not assignable to parameter of type 'never'.
examples/jsm/loaders/ColladaLoader.js(999,33): error TS2345: Argument of type '0' is not assignable to parameter of type 'never'.
examples/jsm/loaders/ColladaLoader.js(1011,11): error TS2339: Property 'bindMatrix' does not exist on type '{ joints: never[]; indices: { array: never[]; stride: number; }; weights: { array: never[]; stride: number; }; }'.
examples/jsm/loaders/ColladaLoader.js(1015,11): error TS2339: Property 'bindMatrix' does not exist on type '{ joints: never[]; indices: { array: never[]; stride: number; }; weights: { array: never[]; stride: number; }; }'.
examples/jsm/loaders/ColladaLoader.js(1026,24): error TS2345: Argument of type '{ name: any; boneInverse: any; }' is not assignable to parameter of type 'never'.
examples/jsm/loaders/ColladaLoader.js(1044,21): error TS7053: Element implicitly has an 'any' type because expression of type 'any' can't be used to index type '{}'.
examples/jsm/loaders/ColladaLoader.js(1056,4): error TS7053: Element implicitly has an 'any' type because expression of type 'any' can't be used to index type '{}'.
examples/jsm/loaders/ColladaLoader.js(1070,17): error TS7053: Element implicitly has an 'any' type because expression of type 'any' can't be used to index type '{}'.
examples/jsm/loaders/ColladaLoader.js(1106,4): error TS7053: Element implicitly has an 'any' type because expression of type 'any' can't be used to index type '{}'.
examples/jsm/loaders/ColladaLoader.js(1130,12): error TS2339: Property 'technique' does not exist on type '{ surfaces: {}; samplers: {}; }'.
examples/jsm/loaders/ColladaLoader.js(1134,12): error TS2339: Property 'extra' does not exist on type '{ surfaces: {}; samplers: {}; }'.
examples/jsm/loaders/ColladaLoader.js(1270,7): error TS7053: Element implicitly has an 'any' type because expression of type 'any' can't be used to index type '{}'.
examples/jsm/loaders/ColladaLoader.js(1273,7): error TS7053: Element implicitly has an 'any' type because expression of type 'any' can't be used to index type '{}'.
examples/jsm/loaders/ColladaLoader.js(1300,7): error TS7053: Element implicitly has an 'any' type because expression of type 'any' can't be used to index type '{}'.
examples/jsm/loaders/ColladaLoader.js(1304,7): error TS7053: Element implicitly has an 'any' type because expression of type 'any' can't be used to index type '{}'.
examples/jsm/loaders/ColladaLoader.js(1308,7): error TS7053: Element implicitly has an 'any' type because expression of type 'any' can't be used to index type '{}'.
examples/jsm/loaders/ColladaLoader.js(1450,7): error TS7053: Element implicitly has an 'any' type because expression of type 'any' can't be used to index type '{}'.
examples/jsm/loaders/ColladaLoader.js(1454,7): error TS7053: Element implicitly has an 'any' type because expression of type 'any' can't be used to index type '{}'.
examples/jsm/loaders/ColladaLoader.js(1478,7): error TS7053: Element implicitly has an 'any' type because expression of type 'any' can't be used to index type '{}'.
examples/jsm/loaders/ColladaLoader.js(1497,21): error TS7053: Element implicitly has an 'any' type because expression of type 'any' can't be used to index type '{}'.
examples/jsm/loaders/ColladaLoader.js(1518,12): error TS2339: Property 'url' does not exist on type '{ name: any; }'.
examples/jsm/loaders/ColladaLoader.js(1525,4): error TS7053: Element implicitly has an 'any' type because expression of type 'any' can't be used to index type '{}'.
examples/jsm/loaders/ColladaLoader.js(1789,21): error TS7053: Element implicitly has an 'any' type because expression of type 'any' can't be used to index type '{}'.
examples/jsm/loaders/ColladaLoader.js(1810,12): error TS2339: Property 'optics' does not exist on type '{ name: any; }'.
examples/jsm/loaders/ColladaLoader.js(1817,4): error TS7053: Element implicitly has an 'any' type because expression of type 'any' can't be used to index type '{}'.
examples/jsm/loaders/ColladaLoader.js(1883,7): error TS7053: Element implicitly has an 'any' type because expression of type 'any' can't be used to index type '{}'.
examples/jsm/loaders/ColladaLoader.js(1941,17): error TS7053: Element implicitly has an 'any' type because expression of type 'any' can't be used to index type '{}'.
examples/jsm/loaders/ColladaLoader.js(1977,4): error TS7053: Element implicitly has an 'any' type because expression of type 'any' can't be used to index type '{}'.
examples/jsm/loaders/ColladaLoader.js(2077,17): error TS7053: Element implicitly has an 'any' type because expression of type 'any' can't be used to index type '{}'.
examples/jsm/loaders/ColladaLoader.js(2118,7): error TS7053: Element implicitly has an 'any' type because expression of type 'any' can't be used to index type '{}'.
examples/jsm/loaders/ColladaLoader.js(2134,29): error TS2345: Argument of type '{ type: any; material: any; count: number; inputs: {}; stride: number; hasUV: boolean; }' is not assignable to parameter of type 'never'.
examples/jsm/loaders/ColladaLoader.js(2144,4): error TS7053: Element implicitly has an 'any' type because expression of type 'any' can't be used to index type '{}'.
examples/jsm/loaders/ColladaLoader.js(2164,7): error TS2322: Type 'any[]' is not assignable to type 'never[]'.
  Type 'any' is not assignable to type 'never'.
examples/jsm/loaders/ColladaLoader.js(2168,7): error TS2322: Type 'any[]' is not assignable to type 'never[]'.
  Type 'any' is not assignable to type 'never'.
examples/jsm/loaders/ColladaLoader.js(2200,5): error TS7053: Element implicitly has an 'any' type because expression of type 'any' can't be used to index type '{}'.
examples/jsm/loaders/ColladaLoader.js(2233,7): error TS7053: Element implicitly has an 'any' type because expression of type 'any' can't be used to index type '{}'.
examples/jsm/loaders/ColladaLoader.js(2239,17): error TS2551: Property 'vcount' does not exist on type '{ type: any; material: any; count: number; inputs: {}; stride: number; hasUV: boolean; }'. Did you mean 'count'?
examples/jsm/loaders/ColladaLoader.js(2243,17): error TS2339: Property 'p' does not exist on type '{ type: any; material: any; count: number; inputs: {}; stride: number; hasUV: boolean; }'.
examples/jsm/loaders/ColladaLoader.js(2262,10): error TS7053: Element implicitly has an 'any' type because expression of type 'any' can't be used to index type '{}'.
examples/jsm/loaders/ColladaLoader.js(2262,50): error TS7053: Element implicitly has an 'any' type because expression of type 'any' can't be used to index type '{}'.
examples/jsm/loaders/ColladaLoader.js(2264,5): error TS7053: Element implicitly has an 'any' type because expression of type 'any' can't be used to index type '{}'.
examples/jsm/loaders/ColladaLoader.js(2313,27): error TS7053: Element implicitly has an 'any' type because expression of type 'string' can't be used to index type '{}'.
  No index signature with a parameter of type 'string' was found on type '{}'.
examples/jsm/loaders/ColladaLoader.js(2321,5): error TS7053: Element implicitly has an 'any' type because expression of type 'string' can't be used to index type '{}'.
  No index signature with a parameter of type 'string' was found on type '{}'.
examples/jsm/loaders/ColladaLoader.js(2447,28): error TS2345: Argument of type '0' is not assignable to parameter of type 'never'.
examples/jsm/loaders/ColladaLoader.js(2626,21): error TS7053: Element implicitly has an 'any' type because expression of type 'any' can't be used to index type '{}'.
examples/jsm/loaders/ColladaLoader.js(2656,4): error TS7053: Element implicitly has an 'any' type because expression of type 'any' can't be used to index type '{}'.
examples/jsm/loaders/ColladaLoader.js(2670,21): error TS7053: Element implicitly has an 'any' type because expression of type 'any' can't be used to index type '{}'.
examples/jsm/loaders/ColladaLoader.js(2797,30): error TS2345: Argument of type '{ joint: any; transforms: never[]; links: never[]; }' is not assignable to parameter of type 'never'.
examples/jsm/loaders/ColladaLoader.js(2803,29): error TS2345: Argument of type '{ type: any; }' is not assignable to parameter of type 'never'.
examples/jsm/loaders/ColladaLoader.js(2831,24): error TS2345: Argument of type '{ sid: any; name: any; attachments: never[]; transforms: never[]; }' is not assignable to parameter of type 'never'.
examples/jsm/loaders/ColladaLoader.js(2837,29): error TS2345: Argument of type '{ type: any; }' is not assignable to parameter of type 'never'.
examples/jsm/loaders/ColladaLoader.js(2859,11): error TS2339: Property 'obj' does not exist on type '{ type: any; }'.
examples/jsm/loaders/ColladaLoader.js(2860,11): error TS2339: Property 'obj' does not exist on type '{ type: any; }'.
examples/jsm/loaders/ColladaLoader.js(2864,11): error TS2339: Property 'obj' does not exist on type '{ type: any; }'.
examples/jsm/loaders/ColladaLoader.js(2865,11): error TS2339: Property 'obj' does not exist on type '{ type: any; }'.
examples/jsm/loaders/ColladaLoader.js(2869,11): error TS2339: Property 'obj' does not exist on type '{ type: any; }'.
examples/jsm/loaders/ColladaLoader.js(2870,11): error TS2339: Property 'obj' does not exist on type '{ type: any; }'.
examples/jsm/loaders/ColladaLoader.js(2871,11): error TS2339: Property 'angle' does not exist on type '{ type: any; }'.
examples/jsm/loaders/ColladaLoader.js(2898,7): error TS7053: Element implicitly has an 'any' type because expression of type 'any' can't be used to index type '{}'.
examples/jsm/loaders/ColladaLoader.js(2899,37): error TS7053: Element implicitly has an 'any' type because expression of type 'any' can't be used to index type '{}'.
examples/jsm/loaders/ColladaLoader.js(2906,4): error TS7053: Element implicitly has an 'any' type because expression of type 'any' can't be used to index type '{}'.
examples/jsm/loaders/ColladaLoader.js(2971,32): error TS2345: Argument of type '{ target: any; }' is not assignable to parameter of type 'never'.
examples/jsm/loaders/ColladaLoader.js(2978,4): error TS7053: Element implicitly has an 'any' type because expression of type 'any' can't be used to index type '{}'.
examples/jsm/loaders/ColladaLoader.js(2998,12): error TS2339: Property 'axis' does not exist on type '{ target: any; }'.
examples/jsm/loaders/ColladaLoader.js(2999,34): error TS2339: Property 'axis' does not exist on type '{ target: any; }'.
examples/jsm/loaders/ColladaLoader.js(3000,12): error TS2339: Property 'jointIndex' does not exist on type '{ target: any; }'.
examples/jsm/loaders/ColladaLoader.js(3021,21): error TS7053: Element implicitly has an 'any' type because expression of type 'any' can't be used to index type '{}'.
examples/jsm/loaders/ColladaLoader.js(3071,7): error TS7053: Element implicitly has an 'any' type because expression of type 'any' can't be used to index type '{}'.
examples/jsm/loaders/ColladaLoader.js(3092,24): error TS7053: Element implicitly has an 'any' type because expression of type 'any' can't be used to index type '{}'.
examples/jsm/loaders/ColladaLoader.js(3108,24): error TS7053: Element implicitly has an 'any' type because expression of type 'any' can't be used to index type '{}'.
examples/jsm/loaders/ColladaLoader.js(3185,8): error TS7053: Element implicitly has an 'any' type because expression of type 'any' can't be used to index type '{}'.
examples/jsm/loaders/ColladaLoader.js(3311,24): error TS2345: Argument of type 'any' is not assignable to parameter of type 'never'.
examples/jsm/loaders/ColladaLoader.js(3316,34): error TS2345: Argument of type 'any' is not assignable to parameter of type 'never'.
examples/jsm/loaders/ColladaLoader.js(3320,38): error TS2345: Argument of type '{ id: any; materials: {}; skeletons: never[]; }' is not assignable to parameter of type 'never'.
examples/jsm/loaders/ColladaLoader.js(3324,33): error TS2345: Argument of type 'any' is not assignable to parameter of type 'never'.
examples/jsm/loaders/ColladaLoader.js(3328,37): error TS2345: Argument of type '{ id: any; materials: {}; skeletons: never[]; }' is not assignable to parameter of type 'never'.
examples/jsm/loaders/ColladaLoader.js(3332,32): error TS2345: Argument of type 'any' is not assignable to parameter of type 'never'.
examples/jsm/loaders/ColladaLoader.js(3338,7): error TS7053: Element implicitly has an 'any' type because expression of type 'any' can't be used to index type '{}'.
examples/jsm/loaders/ColladaLoader.js(3345,7): error TS7053: Element implicitly has an 'any' type because expression of type 'any' can't be used to index type '{}'.
examples/jsm/loaders/ColladaLoader.js(3352,7): error TS7053: Element implicitly has an 'any' type because expression of type 'any' can't be used to index type '{}'.
examples/jsm/loaders/ColladaLoader.js(3358,7): error TS7053: Element implicitly has an 'any' type because expression of type 'any' can't be used to index type '{}'.
examples/jsm/loaders/ColladaLoader.js(3377,5): error TS7053: Element implicitly has an 'any' type because expression of type 'any' can't be used to index type '{}'.
examples/jsm/loaders/ColladaLoader.js(3408,8): error TS7053: Element implicitly has an 'any' type because expression of type 'any' can't be used to index type '{}'.
examples/jsm/loaders/ColladaLoader.js(3415,28): error TS2345: Argument of type 'any' is not assignable to parameter of type 'never'.
examples/jsm/loaders/ColladaLoader.js(3454,26): error TS7053: Element implicitly has an 'any' type because expression of type 'any' can't be used to index type '{}'.
examples/jsm/loaders/ColladaLoader.js(3842,11): error TS7053: Element implicitly has an 'any' type because expression of type 'any' can't be used to index type '{}'.
examples/jsm/loaders/ColladaLoader.js(3848,21): error TS7053: Element implicitly has an 'any' type because expression of type 'any' can't be used to index type '{}'.
examples/jsm/loaders/ColladaLoader.js(3867,25): error TS2345: Argument of type '{ name: any; type: any; id: any; sid: any; matrix: any; nodes: never[]; instanceCameras: never[]; instanceControllers: never[]; instanceLights: never[]; instanceGeometries: never[]; instanceNodes: never[]; transforms: {}; }' is not assignable to parameter of type 'never'.
examples/jsm/loaders/ColladaLoader.js(3871,4): error TS7053: Element implicitly has an 'any' type because expression of type 'any' can't be used to index type '{}'.
examples/jsm/loaders/ColladaLoader.js(3896,11): error TS7053: Element implicitly has an 'any' type because expression of type 'any' can't be used to index type '{}'.
examples/jsm/loaders/ColladaLoader.js(3902,21): error TS7053: Element implicitly has an 'any' type because expression of type 'any' can't be used to index type '{}'.
examples/jsm/loaders/ColladaLoader.js(4024,49): error TS2339: Property 'manager' does not exist on type 'ColladaLoader'.
examples/jsm/loaders/ColladaLoader.js(4025,31): error TS2339: Property 'resourcePath' does not exist on type 'ColladaLoader'.
examples/jsm/loaders/ColladaLoader.js(4025,75): error TS2339: Property 'crossOrigin' does not exist on type 'ColladaLoader'.
examples/jsm/loaders/ColladaLoader.js(4031,36): error TS2339: Property 'manager' does not exist on type 'ColladaLoader'.
examples/jsm/loaders/ColladaLoader.js(4032,14): error TS2339: Property 'setPath' does not exist on type 'TGALoader'.
examples/jsm/loaders/ColladaLoader.js(4032,28): error TS2339: Property 'resourcePath' does not exist on type 'ColladaLoader'.
examples/jsm/loaders/DDSLoader.js(10,8): error TS2307: Cannot find module 'three' or its corresponding type declarations.
examples/jsm/loaders/DDSLoader.js(294,7): error TS2339: Property 'isCubemap' does not exist on type '{ mipmaps: never[]; width: number; height: number; format: null; mipmapCount: number; }'.
examples/jsm/loaders/DDSLoader.js(295,12): error TS2339: Property 'isCubemap' does not exist on type '{ mipmaps: never[]; width: number; height: number; format: null; mipmapCount: number; }'.
examples/jsm/loaders/DDSLoader.js(314,21): error TS2339: Property 'isCubemap' does not exist on type '{ mipmaps: never[]; width: number; height: number; format: null; mipmapCount: number; }'.
examples/jsm/loaders/DDSLoader.js(343,23): error TS2345: Argument of type '{ data: Uint8Array<any>; width: number; height: number; }' is not assignable to parameter of type 'never'.
examples/jsm/loaders/DRACOLoader.js(10,8): error TS2307: Cannot find module 'three' or its corresponding type declarations.
examples/jsm/loaders/DRACOLoader.js(26,3): error TS7008: Member 'workerPool' implicitly has an 'any[]' type.
examples/jsm/loaders/DRACOLoader.js(71,39): error TS2339: Property 'manager' does not exist on type 'DRACOLoader'.
examples/jsm/loaders/DRACOLoader.js(73,24): error TS2339: Property 'path' does not exist on type 'DRACOLoader'.
examples/jsm/loaders/DRACOLoader.js(75,33): error TS2339: Property 'requestHeader' does not exist on type 'DRACOLoader'.
examples/jsm/loaders/DRACOLoader.js(76,35): error TS2339: Property 'withCredentials' does not exist on type 'DRACOLoader'.
examples/jsm/loaders/DRACOLoader.js(249,39): error TS2339: Property 'manager' does not exist on type 'DRACOLoader'.
examples/jsm/loaders/DRACOLoader.js(252,35): error TS2339: Property 'withCredentials' does not exist on type 'DRACOLoader'.
examples/jsm/loaders/DRACOLoader.js(274,71): error TS2339: Property 'type' does not exist on type '{}'.
examples/jsm/loaders/DRACOLoader.js(295,25): error TS2339: Property 'wasmBinary' does not exist on type '{}'.
examples/jsm/loaders/DRACOLoader.js(309,53): error TS2693: 'Blob' only refers to a type, but is being used as a value here.
examples/jsm/loaders/DRACOLoader.js(450,65): error TS2339: Property 'array' does not exist on type 'never'.
examples/jsm/loaders/DRACOLoader.js(452,58): error TS2339: Property 'array' does not exist on type 'never'.
examples/jsm/loaders/DRACOLoader.js(454,12): error TS2551: Property 'postMessage' does not exist on type 'typeof self'. Did you mean 'onmessage'?
examples/jsm/loaders/DRACOLoader.js(460,12): error TS2551: Property 'postMessage' does not exist on type 'typeof self'. Did you mean 'onmessage'?
examples/jsm/loaders/DRACOLoader.js(460,65): error TS18046: 'error' is of type 'unknown'.
examples/jsm/loaders/DRACOLoader.js(512,26): error TS7053: Element implicitly has an 'any' type because expression of type 'any' can't be used to index type 'typeof self'.
examples/jsm/loaders/DRACOLoader.js(540,21): error TS2339: Property 'vertexColorSpace' does not exist on type '{ name: any; array: any; itemSize: any; }'.
examples/jsm/loaders/DRACOLoader.js(544,30): error TS2345: Argument of type '{ name: any; array: any; itemSize: any; }' is not assignable to parameter of type 'never'.
examples/jsm/loaders/DRACOLoader.js(551,4): error TS2322: Type '{ array: Uint32Array<ArrayBuffer>; itemSize: number; }' is not assignable to type 'null'.
examples/jsm/loaders/EXRLoader.js(11,8): error TS2307: Cannot find module 'three' or its corresponding type declarations.
examples/jsm/loaders/EXRLoader.js(1256,29): error TS2554: Expected 2 arguments, but got 1.
examples/jsm/loaders/EXRLoader.js(1373,29): error TS2554: Expected 2 arguments, but got 1.
examples/jsm/loaders/EXRLoader.js(1465,54): error TS2339: Property 'compression' does not exist on type '{ version: any; spec: { singleTile: boolean; longName: boolean; deepFormat: boolean; multiPart: boolean; }; }'.
examples/jsm/loaders/EXRLoader.js(1492,31): error TS2339: Property 'channels' does not exist on type '{ version: any; spec: { singleTile: boolean; longName: boolean; deepFormat: boolean; multiPart: boolean; }; }'.
examples/jsm/loaders/EXRLoader.js(1500,8): error TS2339: Property 'name' does not exist on type '{}'.
examples/jsm/loaders/EXRLoader.js(1501,8): error TS2339: Property 'compression' does not exist on type '{}'.
examples/jsm/loaders/EXRLoader.js(1502,8): error TS2339: Property 'decoded' does not exist on type '{}'.
examples/jsm/loaders/EXRLoader.js(1503,8): error TS2339: Property 'type' does not exist on type '{}'.
examples/jsm/loaders/EXRLoader.js(1504,8): error TS2339: Property 'pLinear' does not exist on type '{}'.
examples/jsm/loaders/EXRLoader.js(1505,8): error TS2339: Property 'width' does not exist on type '{}'.
examples/jsm/loaders/EXRLoader.js(1506,8): error TS2339: Property 'height' does not exist on type '{}'.
examples/jsm/loaders/EXRLoader.js(1556,27): error TS2554: Expected 2 arguments, but got 1.
examples/jsm/loaders/EXRLoader.js(1583,25): error TS2554: Expected 2 arguments, but got 1.
examples/jsm/loaders/EXRLoader.js(1635,43): error TS18048: 'rleBuffer' is possibly 'undefined'.
examples/jsm/loaders/EXRLoader.js(2097,23): error TS2683: 'this' implicitly has type 'any' because it does not have a type annotation.
examples/jsm/loaders/EXRLoader.js(2125,30): error TS2339: Property 'channels' does not exist on type '{ version: any; spec: { singleTile: boolean; longName: boolean; deepFormat: boolean; multiPart: boolean; }; }'.
examples/jsm/loaders/EXRLoader.js(2151,23): error TS2683: 'this' implicitly has type 'any' because it does not have a type annotation.
examples/jsm/loaders/EXRLoader.js(2157,70): error TS2339: Property 'dataWindow' does not exist on type '{ version: any; spec: { singleTile: boolean; longName: boolean; deepFormat: boolean; multiPart: boolean; }; }'.
examples/jsm/loaders/EXRLoader.js(2178,30): error TS2339: Property 'channels' does not exist on type '{ version: any; spec: { singleTile: boolean; longName: boolean; deepFormat: boolean; multiPart: boolean; }; }'.
examples/jsm/loaders/EXRLoader.js(2248,7): error TS7053: Element implicitly has an 'any' type because expression of type 'any' can't be used to index type '{ version: any; spec: { singleTile: boolean; longName: boolean; deepFormat: boolean; multiPart: boolean; }; }'.
examples/jsm/loaders/EXRLoader.js(2292,17): error TS2339: Property 'blockHeight' does not exist on type '{ size: number; viewer: any; array: any; offset: any; width: number; height: number; inputChannels: any; channelByteOffsets: {}; scanOrder: null; totalBytes: null; columns: null; lines: null; type: null; uncompress: null; getter: null; format: null; colorSpace: any; }'.
examples/jsm/loaders/EXRLoader.js(2293,6): error TS2322: Type '(info: any) => DataView<any>' is not assignable to type 'null'.
examples/jsm/loaders/EXRLoader.js(2297,17): error TS2339: Property 'blockHeight' does not exist on type '{ size: number; viewer: any; array: any; offset: any; width: number; height: number; inputChannels: any; channelByteOffsets: {}; scanOrder: null; totalBytes: null; columns: null; lines: null; type: null; uncompress: null; getter: null; format: null; colorSpace: any; }'.
examples/jsm/loaders/EXRLoader.js(2298,6): error TS2322: Type '(info: any) => DataView<ArrayBuffer>' is not assignable to type 'null'.
examples/jsm/loaders/EXRLoader.js(2302,17): error TS2339: Property 'blockHeight' does not exist on type '{ size: number; viewer: any; array: any; offset: any; width: number; height: number; inputChannels: any; channelByteOffsets: {}; scanOrder: null; totalBytes: null; columns: null; lines: null; type: null; uncompress: null; getter: null; format: null; colorSpace: any; }'.
examples/jsm/loaders/EXRLoader.js(2303,6): error TS2322: Type '(info: any) => DataView<any>' is not assignable to type 'null'.
examples/jsm/loaders/EXRLoader.js(2307,17): error TS2339: Property 'blockHeight' does not exist on type '{ size: number; viewer: any; array: any; offset: any; width: number; height: number; inputChannels: any; channelByteOffsets: {}; scanOrder: null; totalBytes: null; columns: null; lines: null; type: null; uncompress: null; getter: null; format: null; colorSpace: any; }'.
examples/jsm/loaders/EXRLoader.js(2308,6): error TS2322: Type '(info: any) => DataView<any>' is not assignable to type 'null'.
examples/jsm/loaders/EXRLoader.js(2312,17): error TS2339: Property 'blockHeight' does not exist on type '{ size: number; viewer: any; array: any; offset: any; width: number; height: number; inputChannels: any; channelByteOffsets: {}; scanOrder: null; totalBytes: null; columns: null; lines: null; type: null; uncompress: null; getter: null; format: null; colorSpace: any; }'.
examples/jsm/loaders/EXRLoader.js(2313,6): error TS2322: Type '(info: any) => DataView<ArrayBuffer>' is not assignable to type 'null'.
examples/jsm/loaders/EXRLoader.js(2317,17): error TS2339: Property 'blockHeight' does not exist on type '{ size: number; viewer: any; array: any; offset: any; width: number; height: number; inputChannels: any; channelByteOffsets: {}; scanOrder: null; totalBytes: null; columns: null; lines: null; type: null; uncompress: null; getter: null; format: null; colorSpace: any; }'.
examples/jsm/loaders/EXRLoader.js(2318,6): error TS2322: Type '(info: any) => DataView<ArrayBuffer>' is not assignable to type 'null'.
examples/jsm/loaders/EXRLoader.js(2322,17): error TS2339: Property 'blockHeight' does not exist on type '{ size: number; viewer: any; array: any; offset: any; width: number; height: number; inputChannels: any; channelByteOffsets: {}; scanOrder: null; totalBytes: null; columns: null; lines: null; type: null; uncompress: null; getter: null; format: null; colorSpace: any; }'.
examples/jsm/loaders/EXRLoader.js(2323,6): error TS2322: Type '(info: any) => DataView<ArrayBuffer>' is not assignable to type 'null'.
examples/jsm/loaders/EXRLoader.js(2327,17): error TS2339: Property 'blockHeight' does not exist on type '{ size: number; viewer: any; array: any; offset: any; width: number; height: number; inputChannels: any; channelByteOffsets: {}; scanOrder: null; totalBytes: null; columns: null; lines: null; type: null; uncompress: null; getter: null; format: null; colorSpace: any; }'.
examples/jsm/loaders/EXRLoader.js(2328,6): error TS2322: Type '(info: any) => DataView<ArrayBuffer>' is not assignable to type 'null'.
examples/jsm/loaders/EXRLoader.js(2346,7): error TS7053: Element implicitly has an 'any' type because expression of type 'any' can't be used to index type '{}'.
examples/jsm/loaders/EXRLoader.js(2356,18): error TS2339: Property 'R' does not exist on type '{}'.
examples/jsm/loaders/EXRLoader.js(2356,32): error TS2339: Property 'G' does not exist on type '{}'.
examples/jsm/loaders/EXRLoader.js(2356,46): error TS2339: Property 'B' does not exist on type '{}'.
examples/jsm/loaders/EXRLoader.js(2358,28): error TS2339: Property 'A' does not exist on type '{}'.
examples/jsm/loaders/EXRLoader.js(2359,16): error TS2551: Property 'outputChannels' does not exist on type '{ size: number; viewer: any; array: any; offset: any; width: number; height: number; inputChannels: any; channelByteOffsets: {}; scanOrder: null; totalBytes: null; columns: null; lines: null; type: null; uncompress: null; getter: null; format: null; colorSpace: any; }'. Did you mean 'inputChannels'?
examples/jsm/loaders/EXRLoader.js(2360,16): error TS2339: Property 'decodeChannels' does not exist on type '{ size: number; viewer: any; array: any; offset: any; width: number; height: number; inputChannels: any; channelByteOffsets: {}; scanOrder: null; totalBytes: null; columns: null; lines: null; type: null; uncompress: null; getter: null; format: null; colorSpace: any; }'.
examples/jsm/loaders/EXRLoader.js(2362,25): error TS2339: Property 'Y' does not exist on type '{}'.
examples/jsm/loaders/EXRLoader.js(2364,16): error TS2551: Property 'outputChannels' does not exist on type '{ size: number; viewer: any; array: any; offset: any; width: number; height: number; inputChannels: any; channelByteOffsets: {}; scanOrder: null; totalBytes: null; columns: null; lines: null; type: null; uncompress: null; getter: null; format: null; colorSpace: any; }'. Did you mean 'inputChannels'?
examples/jsm/loaders/EXRLoader.js(2365,16): error TS2339: Property 'decodeChannels' does not exist on type '{ size: number; viewer: any; array: any; offset: any; width: number; height: number; inputChannels: any; channelByteOffsets: {}; scanOrder: null; totalBytes: null; columns: null; lines: null; type: null; uncompress: null; getter: null; format: null; colorSpace: any; }'.
examples/jsm/loaders/EXRLoader.js(2379,7): error TS2322: Type '(buffer: any, offset: any) => number' is not assignable to type 'null'.
examples/jsm/loaders/EXRLoader.js(2383,7): error TS2322: Type '(dataView: any, offset: any) => any' is not assignable to type 'null'.
examples/jsm/loaders/EXRLoader.js(2394,7): error TS2322: Type '(dataView: any, offset: any) => any' is not assignable to type 'null'.
examples/jsm/loaders/EXRLoader.js(2398,7): error TS2322: Type '(dataView: any, offset: any) => any' is not assignable to type 'null'.
examples/jsm/loaders/EXRLoader.js(2408,4): error TS2322: Type 'number' is not assignable to type 'null'.
examples/jsm/loaders/EXRLoader.js(2409,67): error TS2551: Property 'outputChannels' does not exist on type '{ size: number; viewer: any; array: any; offset: any; width: number; height: number; inputChannels: any; channelByteOffsets: {}; scanOrder: null; totalBytes: null; columns: null; lines: null; type: null; uncompress: null; getter: null; format: null; colorSpace: any; }'. Did you mean 'inputChannels'?
examples/jsm/loaders/EXRLoader.js(2414,17): error TS2339: Property 'byteArray' does not exist on type '{ size: number; viewer: any; array: any; offset: any; width: number; height: number; inputChannels: any; channelByteOffsets: {}; scanOrder: null; totalBytes: null; columns: null; lines: null; type: null; uncompress: null; getter: null; format: null; colorSpace: any; }'.
examples/jsm/loaders/EXRLoader.js(2418,18): error TS2339: Property 'byteArray' does not exist on type '{ size: number; viewer: any; array: any; offset: any; width: number; height: number; inputChannels: any; channelByteOffsets: {}; scanOrder: null; totalBytes: null; columns: null; lines: null; type: null; uncompress: null; getter: null; format: null; colorSpace: any; }'.
examples/jsm/loaders/EXRLoader.js(2423,17): error TS2339: Property 'byteArray' does not exist on type '{ size: number; viewer: any; array: any; offset: any; width: number; height: number; inputChannels: any; channelByteOffsets: {}; scanOrder: null; totalBytes: null; columns: null; lines: null; type: null; uncompress: null; getter: null; format: null; colorSpace: any; }'.
examples/jsm/loaders/EXRLoader.js(2426,18): error TS2339: Property 'byteArray' does not exist on type '{ size: number; viewer: any; array: any; offset: any; width: number; height: number; inputChannels: any; channelByteOffsets: {}; scanOrder: null; totalBytes: null; columns: null; lines: null; type: null; uncompress: null; getter: null; format: null; colorSpace: any; }'.
examples/jsm/loaders/EXRLoader.js(2439,21): error TS2339: Property 'decodeChannels' does not exist on type '{ size: number; viewer: any; array: any; offset: any; width: number; height: number; inputChannels: any; channelByteOffsets: {}; scanOrder: null; totalBytes: null; columns: null; lines: null; type: null; uncompress: null; getter: null; format: null; colorSpace: any; }'.
examples/jsm/loaders/EXRLoader.js(2441,6): error TS7053: Element implicitly has an 'any' type because expression of type 'any' can't be used to index type '{}'.
examples/jsm/loaders/EXRLoader.js(2449,4): error TS2322: Type 'number' is not assignable to type 'null'.
examples/jsm/loaders/EXRLoader.js(2450,15): error TS2339: Property 'outLineWidth' does not exist on type '{ size: number; viewer: any; array: any; offset: any; width: number; height: number; inputChannels: any; channelByteOffsets: {}; scanOrder: null; totalBytes: null; columns: null; lines: null; type: null; uncompress: null; getter: null; format: null; colorSpace: any; }'.
examples/jsm/loaders/EXRLoader.js(2450,60): error TS2551: Property 'outputChannels' does not exist on type '{ size: number; viewer: any; array: any; offset: any; width: number; height: number; inputChannels: any; channelByteOffsets: {}; scanOrder: null; totalBytes: null; columns: null; lines: null; type: null; uncompress: null; getter: null; format: null; colorSpace: any; }'. Did you mean 'inputChannels'?
examples/jsm/loaders/EXRLoader.js(2454,5): error TS2322: Type '(y: any) => any' is not assignable to type 'null'.
examples/jsm/loaders/EXRLoader.js(2458,5): error TS2322: Type '(y: any) => number' is not assignable to type 'null'.
examples/jsm/loaders/EXRLoader.js(2462,20): error TS2551: Property 'outputChannels' does not exist on type '{ size: number; viewer: any; array: any; offset: any; width: number; height: number; inputChannels: any; channelByteOffsets: {}; scanOrder: null; totalBytes: null; columns: null; lines: null; type: null; uncompress: null; getter: null; format: null; colorSpace: any; }'. Did you mean 'inputChannels'?
examples/jsm/loaders/EXRLoader.js(2476,16): error TS2339: Property 'blockHeight' does not exist on type '{ size: number; viewer: any; array: any; offset: any; width: number; height: number; inputChannels: any; channelByteOffsets: {}; scanOrder: null; totalBytes: null; columns: null; lines: null; type: null; uncompress: null; getter: null; format: null; colorSpace: any; }'.
examples/jsm/loaders/EXRLoader.js(2477,16): error TS2339: Property 'blockWidth' does not exist on type '{ size: number; viewer: any; array: any; offset: any; width: number; height: number; inputChannels: any; channelByteOffsets: {}; scanOrder: null; totalBytes: null; columns: null; lines: null; type: null; uncompress: null; getter: null; format: null; colorSpace: any; }'.
examples/jsm/loaders/EXRLoader.js(2485,16): error TS2339: Property 'tileCount' does not exist on type '{ size: number; viewer: any; array: any; offset: any; width: number; height: number; inputChannels: any; channelByteOffsets: {}; scanOrder: null; totalBytes: null; columns: null; lines: null; type: null; uncompress: null; getter: null; format: null; colorSpace: any; }'.
examples/jsm/loaders/EXRLoader.js(2492,16): error TS2339: Property 'decode' does not exist on type '{ size: number; viewer: any; array: any; offset: any; width: number; height: number; inputChannels: any; channelByteOffsets: {}; scanOrder: null; totalBytes: null; columns: null; lines: null; type: null; uncompress: null; getter: null; format: null; colorSpace: any; }'.
examples/jsm/loaders/EXRLoader.js(2496,16): error TS2339: Property 'blockWidth' does not exist on type '{ size: number; viewer: any; array: any; offset: any; width: number; height: number; inputChannels: any; channelByteOffsets: {}; scanOrder: null; totalBytes: null; columns: null; lines: null; type: null; uncompress: null; getter: null; format: null; colorSpace: any; }'.
examples/jsm/loaders/EXRLoader.js(2497,66): error TS2339: Property 'blockHeight' does not exist on type '{ size: number; viewer: any; array: any; offset: any; width: number; height: number; inputChannels: any; channelByteOffsets: {}; scanOrder: null; totalBytes: null; columns: null; lines: null; type: null; uncompress: null; getter: null; format: null; colorSpace: any; }'.
examples/jsm/loaders/EXRLoader.js(2502,16): error TS2339: Property 'decode' does not exist on type '{ size: number; viewer: any; array: any; offset: any; width: number; height: number; inputChannels: any; channelByteOffsets: {}; scanOrder: null; totalBytes: null; columns: null; lines: null; type: null; uncompress: null; getter: null; format: null; colorSpace: any; }'.
examples/jsm/loaders/EXRLoader.js(2522,14): error TS2339: Property 'decode' does not exist on type '{ size: number; viewer: any; array: any; offset: any; width: number; height: number; inputChannels: any; channelByteOffsets: {}; scanOrder: null; totalBytes: null; columns: null; lines: null; type: null; uncompress: null; getter: null; format: null; colorSpace: any; }'.
examples/jsm/loaders/EXRLoader.js(2528,21): error TS2339: Property 'byteArray' does not exist on type '{ size: number; viewer: any; array: any; offset: any; width: number; height: number; inputChannels: any; channelByteOffsets: {}; scanOrder: null; totalBytes: null; columns: null; lines: null; type: null; uncompress: null; getter: null; format: null; colorSpace: any; }'.
examples/jsm/loaders/FBXLoader.js(45,8): error TS2307: Cannot find module 'three' or its corresponding type declarations.
examples/jsm/loaders/FBXLoader.js(82,24): error TS2339: Property 'path' does not exist on type 'FBXLoader'.
examples/jsm/loaders/FBXLoader.js(82,82): error TS2339: Property 'path' does not exist on type 'FBXLoader'.
examples/jsm/loaders/FBXLoader.js(84,39): error TS2339: Property 'manager' does not exist on type 'FBXLoader'.
examples/jsm/loaders/FBXLoader.js(85,25): error TS2339: Property 'path' does not exist on type 'FBXLoader'.
examples/jsm/loaders/FBXLoader.js(87,34): error TS2339: Property 'requestHeader' does not exist on type 'FBXLoader'.
examples/jsm/loaders/FBXLoader.js(88,36): error TS2339: Property 'withCredentials' does not exist on type 'FBXLoader'.
examples/jsm/loaders/FBXLoader.js(108,11): error TS2339: Property 'manager' does not exist on type 'FBXLoader'.
examples/jsm/loaders/FBXLoader.js(144,49): error TS2339: Property 'manager' does not exist on type 'FBXLoader'.
examples/jsm/loaders/FBXLoader.js(144,73): error TS2339: Property 'resourcePath' does not exist on type 'FBXLoader'.
examples/jsm/loaders/FBXLoader.js(144,117): error TS2339: Property 'crossOrigin' does not exist on type 'FBXLoader'.
examples/jsm/loaders/FBXLoader.js(146,49): error TS2339: Property 'manager' does not exist on type 'FBXLoader'.
examples/jsm/loaders/FBXLoader.js(146,66): error TS2554: Expected 0 arguments, but got 1.
examples/jsm/loaders/FBXLoader.js(244,5): error TS7053: Element implicitly has an 'any' type because expression of type 'number' can't be used to index type '{}'.
  No index signature with a parameter of type 'number' was found on type '{}'.
examples/jsm/loaders/FBXLoader.js(256,7): error TS7053: Element implicitly has an 'any' type because expression of type 'any' can't be used to index type '{}'.
examples/jsm/loaders/FBXLoader.js(268,21): error TS7053: Element implicitly has an 'any' type because expression of type 'string' can't be used to index type '{}'.
  No index signature with a parameter of type 'string' was found on type '{}'.
examples/jsm/loaders/FBXLoader.js(270,9): error TS7053: Element implicitly has an 'any' type because expression of type 'any' can't be used to index type '{}'.
examples/jsm/loaders/FBXLoader.js(270,43): error TS7053: Element implicitly has an 'any' type because expression of type 'string' can't be used to index type '{}'.
  No index signature with a parameter of type 'string' was found on type '{}'.
examples/jsm/loaders/FBXLoader.js(270,58): error TS7053: Element implicitly has an 'any' type because expression of type 'any' can't be used to index type '{}'.
examples/jsm/loaders/FBXLoader.js(271,9): error TS7053: Element implicitly has an 'any' type because expression of type 'string' can't be used to index type '{}'.
  No index signature with a parameter of type 'string' was found on type '{}'.
examples/jsm/loaders/FBXLoader.js(271,24): error TS7053: Element implicitly has an 'any' type because expression of type 'string' can't be used to index type '{}'.
  No index signature with a parameter of type 'string' was found on type '{}'.
examples/jsm/loaders/FBXLoader.js(336,43): error TS2693: 'Blob' only refers to a type, but is being used as a value here.
examples/jsm/loaders/FBXLoader.js(627,17): error TS2339: Property 'bumpMap' does not exist on type '{ bumpScale: any; color: any; displacementScale: any; emissive: any; emissiveIntensity: number; opacity: number | null; transparent: boolean; reflectivity: any; shininess: any; specular: any; }'.
examples/jsm/loaders/FBXLoader.js(631,17): error TS2339: Property 'aoMap' does not exist on type '{ bumpScale: any; color: any; displacementScale: any; emissive: any; emissiveIntensity: number; opacity: number | null; transparent: boolean; reflectivity: any; shininess: any; specular: any; }'.
examples/jsm/loaders/FBXLoader.js(636,17): error TS2339: Property 'map' does not exist on type '{ bumpScale: any; color: any; displacementScale: any; emissive: any; emissiveIntensity: number; opacity: number | null; transparent: boolean; reflectivity: any; shininess: any; specular: any; }'.
examples/jsm/loaders/FBXLoader.js(637,22): error TS2339: Property 'map' does not exist on type '{ bumpScale: any; color: any; displacementScale: any; emissive: any; emissiveIntensity: number; opacity: number | null; transparent: boolean; reflectivity: any; shininess: any; specular: any; }'.
examples/jsm/loaders/FBXLoader.js(639,18): error TS2339: Property 'map' does not exist on type '{ bumpScale: any; color: any; displacementScale: any; emissive: any; emissiveIntensity: number; opacity: number | null; transparent: boolean; reflectivity: any; shininess: any; specular: any; }'.
examples/jsm/loaders/FBXLoader.js(646,17): error TS2551: Property 'displacementMap' does not exist on type '{ bumpScale: any; color: any; displacementScale: any; emissive: any; emissiveIntensity: number; opacity: number | null; transparent: boolean; reflectivity: any; shininess: any; specular: any; }'. Did you mean 'displacementScale'?
examples/jsm/loaders/FBXLoader.js(650,17): error TS2551: Property 'emissiveMap' does not exist on type '{ bumpScale: any; color: any; displacementScale: any; emissive: any; emissiveIntensity: number; opacity: number | null; transparent: boolean; reflectivity: any; shininess: any; specular: any; }'. Did you mean 'emissive'?
examples/jsm/loaders/FBXLoader.js(651,22): error TS2551: Property 'emissiveMap' does not exist on type '{ bumpScale: any; color: any; displacementScale: any; emissive: any; emissiveIntensity: number; opacity: number | null; transparent: boolean; reflectivity: any; shininess: any; specular: any; }'. Did you mean 'emissive'?
examples/jsm/loaders/FBXLoader.js(653,18): error TS2551: Property 'emissiveMap' does not exist on type '{ bumpScale: any; color: any; displacementScale: any; emissive: any; emissiveIntensity: number; opacity: number | null; transparent: boolean; reflectivity: any; shininess: any; specular: any; }'. Did you mean 'emissive'?
examples/jsm/loaders/FBXLoader.js(661,17): error TS2339: Property 'normalMap' does not exist on type '{ bumpScale: any; color: any; displacementScale: any; emissive: any; emissiveIntensity: number; opacity: number | null; transparent: boolean; reflectivity: any; shininess: any; specular: any; }'.
examples/jsm/loaders/FBXLoader.js(665,17): error TS2339: Property 'envMap' does not exist on type '{ bumpScale: any; color: any; displacementScale: any; emissive: any; emissiveIntensity: number; opacity: number | null; transparent: boolean; reflectivity: any; shininess: any; specular: any; }'.
examples/jsm/loaders/FBXLoader.js(666,22): error TS2339: Property 'envMap' does not exist on type '{ bumpScale: any; color: any; displacementScale: any; emissive: any; emissiveIntensity: number; opacity: number | null; transparent: boolean; reflectivity: any; shininess: any; specular: any; }'.
examples/jsm/loaders/FBXLoader.js(668,18): error TS2339: Property 'envMap' does not exist on type '{ bumpScale: any; color: any; displacementScale: any; emissive: any; emissiveIntensity: number; opacity: number | null; transparent: boolean; reflectivity: any; shininess: any; specular: any; }'.
examples/jsm/loaders/FBXLoader.js(669,18): error TS2339: Property 'envMap' does not exist on type '{ bumpScale: any; color: any; displacementScale: any; emissive: any; emissiveIntensity: number; opacity: number | null; transparent: boolean; reflectivity: any; shininess: any; specular: any; }'.
examples/jsm/loaders/FBXLoader.js(676,17): error TS2551: Property 'specularMap' does not exist on type '{ bumpScale: any; color: any; displacementScale: any; emissive: any; emissiveIntensity: number; opacity: number | null; transparent: boolean; reflectivity: any; shininess: any; specular: any; }'. Did you mean 'specular'?
examples/jsm/loaders/FBXLoader.js(677,22): error TS2551: Property 'specularMap' does not exist on type '{ bumpScale: any; color: any; displacementScale: any; emissive: any; emissiveIntensity: number; opacity: number | null; transparent: boolean; reflectivity: any; shininess: any; specular: any; }'. Did you mean 'specular'?
examples/jsm/loaders/FBXLoader.js(679,18): error TS2551: Property 'specularMap' does not exist on type '{ bumpScale: any; color: any; displacementScale: any; emissive: any; emissiveIntensity: number; opacity: number | null; transparent: boolean; reflectivity: any; shininess: any; specular: any; }'. Did you mean 'specular'?
examples/jsm/loaders/FBXLoader.js(687,17): error TS2339: Property 'alphaMap' does not exist on type '{ bumpScale: any; color: any; displacementScale: any; emissive: any; emissiveIntensity: number; opacity: number | null; transparent: boolean; reflectivity: any; shininess: any; specular: any; }'.
examples/jsm/loaders/FBXLoader.js(743,15): error TS2339: Property 'ID' does not exist on type '{ rawBones: any[]; bones: never[]; }'.
examples/jsm/loaders/FBXLoader.js(746,15): error TS2339: Property 'geometryID' does not exist on type '{ rawBones: any[]; bones: never[]; }'.
examples/jsm/loaders/FBXLoader.js(748,6): error TS7053: Element implicitly has an 'any' type because expression of type 'string' can't be used to index type '{}'.
  No index signature with a parameter of type 'string' was found on type '{}'.
examples/jsm/loaders/FBXLoader.js(756,18): error TS2339: Property 'rawTargets' does not exist on type '{ id: string; }'.
examples/jsm/loaders/FBXLoader.js(761,6): error TS7053: Element implicitly has an 'any' type because expression of type 'string' can't be used to index type '{}'.
  No index signature with a parameter of type 'string' was found on type '{}'.
examples/jsm/loaders/FBXLoader.js(844,19): error TS2339: Property 'geoID' does not exist on type '{ name: any; initialWeight: any; id: any; fullWeights: any; }'.
examples/jsm/loaders/FBXLoader.js(970,5): error TS18047: 'model' is possibly 'null'.
examples/jsm/loaders/FBXLoader.js(971,5): error TS18047: 'model' is possibly 'null'.
examples/jsm/loaders/FBXLoader.js(973,5): error TS18047: 'model' is possibly 'null'.
examples/jsm/loaders/FBXLoader.js(1058,25): error TS2339: Property 'CameraProjectionType' does not exist on type 'never'.
examples/jsm/loaders/FBXLoader.js(1058,79): error TS2339: Property 'CameraProjectionType' does not exist on type 'never'.
examples/jsm/loaders/FBXLoader.js(1065,25): error TS2339: Property 'NearPlane' does not exist on type 'never'.
examples/jsm/loaders/FBXLoader.js(1067,41): error TS2339: Property 'NearPlane' does not exist on type 'never'.
examples/jsm/loaders/FBXLoader.js(1072,25): error TS2339: Property 'FarPlane' does not exist on type 'never'.
examples/jsm/loaders/FBXLoader.js(1074,40): error TS2339: Property 'FarPlane' does not exist on type 'never'.
examples/jsm/loaders/FBXLoader.js(1082,25): error TS2339: Property 'AspectWidth' does not exist on type 'never'.
examples/jsm/loaders/FBXLoader.js(1082,70): error TS2339: Property 'AspectHeight' does not exist on type 'never'.
examples/jsm/loaders/FBXLoader.js(1084,29): error TS2339: Property 'AspectWidth' does not exist on type 'never'.
examples/jsm/loaders/FBXLoader.js(1085,30): error TS2339: Property 'AspectHeight' does not exist on type 'never'.
examples/jsm/loaders/FBXLoader.js(1092,25): error TS2339: Property 'FieldOfView' does not exist on type 'never'.
examples/jsm/loaders/FBXLoader.js(1094,27): error TS2339: Property 'FieldOfView' does not exist on type 'never'.
examples/jsm/loaders/FBXLoader.js(1098,40): error TS2339: Property 'FocalLength' does not exist on type 'never'.
examples/jsm/loaders/FBXLoader.js(1098,70): error TS2339: Property 'FocalLength' does not exist on type 'never'.
examples/jsm/loaders/FBXLoader.js(1152,24): error TS2339: Property 'LightType' does not exist on type 'never'.
examples/jsm/loaders/FBXLoader.js(1158,27): error TS2339: Property 'LightType' does not exist on type 'never'.
examples/jsm/loaders/FBXLoader.js(1164,24): error TS2339: Property 'Color' does not exist on type 'never'.
examples/jsm/loaders/FBXLoader.js(1166,88): error TS2339: Property 'Color' does not exist on type 'never'.
examples/jsm/loaders/FBXLoader.js(1170,37): error TS2339: Property 'Intensity' does not exist on type 'never'.
examples/jsm/loaders/FBXLoader.js(1170,84): error TS2339: Property 'Intensity' does not exist on type 'never'.
examples/jsm/loaders/FBXLoader.js(1173,24): error TS2339: Property 'CastLightOnObject' does not exist on type 'never'.
examples/jsm/loaders/FBXLoader.js(1173,74): error TS2339: Property 'CastLightOnObject' does not exist on type 'never'.
examples/jsm/loaders/FBXLoader.js(1180,24): error TS2339: Property 'FarAttenuationEnd' does not exist on type 'never'.
examples/jsm/loaders/FBXLoader.js(1182,25): error TS2339: Property 'EnableFarAttenuation' does not exist on type 'never'.
examples/jsm/loaders/FBXLoader.js(1182,78): error TS2339: Property 'EnableFarAttenuation' does not exist on type 'never'.
examples/jsm/loaders/FBXLoader.js(1188,32): error TS2339: Property 'FarAttenuationEnd' does not exist on type 'never'.
examples/jsm/loaders/FBXLoader.js(1210,26): error TS2339: Property 'InnerAngle' does not exist on type 'never'.
examples/jsm/loaders/FBXLoader.js(1212,50): error TS2339: Property 'InnerAngle' does not exist on type 'never'.
examples/jsm/loaders/FBXLoader.js(1217,26): error TS2339: Property 'OuterAngle' does not exist on type 'never'.
examples/jsm/loaders/FBXLoader.js(1222,53): error TS2339: Property 'OuterAngle' does not exist on type 'never'.
examples/jsm/loaders/FBXLoader.js(1231,76): error TS2339: Property 'LightType' does not exist on type 'never'.
examples/jsm/loaders/FBXLoader.js(1237,24): error TS2339: Property 'CastShadows' does not exist on type 'never'.
examples/jsm/loaders/FBXLoader.js(1237,68): error TS2339: Property 'CastShadows' does not exist on type 'never'.
examples/jsm/loaders/FBXLoader.js(1291,19): error TS18047: 'geometry' is possibly 'null'.
examples/jsm/loaders/FBXLoader.js(1301,8): error TS18047: 'geometry' is possibly 'null'.
examples/jsm/loaders/FBXLoader.js(1425,52): error TS7053: Element implicitly has an 'any' type because expression of type 'any' can't be used to index type '{}'.
examples/jsm/loaders/FBXLoader.js(1457,8): error TS7053: Element implicitly has an 'any' type because expression of type 'any' can't be used to index type '{}'.
examples/jsm/loaders/FBXLoader.js(1463,7): error TS7053: Element implicitly has an 'any' type because expression of type 'any' can't be used to index type '{}'.
examples/jsm/loaders/FBXLoader.js(1748,4): error TS7008: Member 'uv' implicitly has an 'any[]' type.
examples/jsm/loaders/FBXLoader.js(1776,11): error TS7053: Element implicitly has an 'any' type because expression of type 'any' can't be used to index type '{}'.
examples/jsm/loaders/FBXLoader.js(1776,56): error TS7053: Element implicitly has an 'any' type because expression of type 'any' can't be used to index type '{}'.
examples/jsm/loaders/FBXLoader.js(1778,6): error TS7053: Element implicitly has an 'any' type because expression of type 'any' can't be used to index type '{}'.
examples/jsm/loaders/FBXLoader.js(2435,24): error TS2551: Property 'getPoints' does not exist on type 'NURBSCurve'. Did you mean 'getPoint'?
examples/jsm/loaders/FBXLoader.js(2457,21): error TS7053: Element implicitly has an 'any' type because expression of type 'string' can't be used to index type '{}'.
  No index signature with a parameter of type 'string' was found on type '{}'.
examples/jsm/loaders/FBXLoader.js(2638,17): error TS2339: Property 'transform' does not exist on type '{ modelName: any; ID: any; initialPosition: number[]; initialRotation: number[]; initialScale: number[]; }'.
examples/jsm/loaders/FBXLoader.js(2640,53): error TS2339: Property 'eulerOrder' does not exist on type '{ modelName: any; ID: any; initialPosition: number[]; initialRotation: number[]; initialScale: number[]; }'.
examples/jsm/loaders/FBXLoader.js(2646,22): error TS2339: Property 'transform' does not exist on type '{ modelName: any; ID: any; initialPosition: number[]; initialRotation: number[]; initialScale: number[]; }'.
examples/jsm/loaders/FBXLoader.js(2646,39): error TS2339: Property 'transform' does not exist on type '{ modelName: any; ID: any; initialPosition: number[]; initialRotation: number[]; initialScale: number[]; }'.
examples/jsm/loaders/FBXLoader.js(2650,48): error TS2339: Property 'preRotation' does not exist on type '{ modelName: any; ID: any; initialPosition: number[]; initialRotation: number[]; initialScale: number[]; }'.
examples/jsm/loaders/FBXLoader.js(2651,49): error TS2339: Property 'postRotation' does not exist on type '{ modelName: any; ID: any; initialPosition: number[]; initialRotation: number[]; initialScale: number[]; }'.
examples/jsm/loaders/FBXLoader.js(2731,4): error TS7053: Element implicitly has an 'any' type because expression of type 'string' can't be used to index type '{}'.
  No index signature with a parameter of type 'string' was found on type '{}'.
examples/jsm/loaders/FBXLoader.js(3123,10): error TS2532: Object is possibly 'undefined'.
examples/jsm/loaders/FBXLoader.js(3123,26): error TS2532: Object is possibly 'undefined'.
examples/jsm/loaders/FBXLoader.js(3129,10): error TS2532: Object is possibly 'undefined'.
examples/jsm/loaders/FBXLoader.js(3129,26): error TS2532: Object is possibly 'undefined'.
examples/jsm/loaders/FBXLoader.js(3141,3): error TS2532: Object is possibly 'undefined'.
examples/jsm/loaders/FBXLoader.js(3142,3): error TS2532: Object is possibly 'undefined'.
examples/jsm/loaders/FBXLoader.js(3148,3): error TS2532: Object is possibly 'undefined'.
examples/jsm/loaders/FBXLoader.js(3149,3): error TS2532: Object is possibly 'undefined'.
examples/jsm/loaders/FBXLoader.js(3165,3): error TS7008: Member 'nodeStack' implicitly has an 'any[]' type.
examples/jsm/loaders/FBXLoader.js(3166,3): error TS7008: Member 'currentProp' implicitly has an 'any[]' type.
examples/jsm/loaders/FBXLoader.js(3182,45): error TS18048: 'scope.currentIndent' is possibly 'undefined'.
examples/jsm/loaders/FBXLoader.js(3228,4): error TS2532: Object is possibly 'undefined'.
examples/jsm/loaders/FBXLoader.js(3263,44): error TS2339: Property 'id' does not exist on type '{ name: any; }'.
examples/jsm/loaders/FBXLoader.js(3264,33): error TS2339: Property 'attrName' does not exist on type '{ name: any; }'.
examples/jsm/loaders/FBXLoader.js(3265,33): error TS2339: Property 'attrType' does not exist on type '{ name: any; }'.
examples/jsm/loaders/FBXLoader.js(3743,25): error TS2554: Expected 2 arguments, but got 1.
examples/jsm/loaders/FBXLoader.js(4023,3): error TS7053: Element implicitly has an 'any' type because expression of type 'any' can't be used to index type 'FBXTree'.
examples/jsm/loaders/FontLoader.js(5,8): error TS2307: Cannot find module 'three' or its corresponding type declarations.
examples/jsm/loaders/FontLoader.js(19,39): error TS2339: Property 'manager' does not exist on type 'FontLoader'.
examples/jsm/loaders/FontLoader.js(20,24): error TS2339: Property 'path' does not exist on type 'FontLoader'.
examples/jsm/loaders/FontLoader.js(21,33): error TS2339: Property 'requestHeader' does not exist on type 'FontLoader'.
examples/jsm/loaders/FontLoader.js(22,35): error TS2339: Property 'withCredentials' does not exist on type 'FontLoader'.
examples/jsm/loaders/FontLoader.js(94,15): error TS18048: 'ret' is possibly 'undefined'.
examples/jsm/loaders/FontLoader.js(95,16): error TS18048: 'ret' is possibly 'undefined'.
examples/jsm/loaders/GCodeLoader.js(9,8): error TS2307: Cannot find module 'three' or its corresponding type declarations.
examples/jsm/loaders/GCodeLoader.js(34,40): error TS2339: Property 'manager' does not exist on type 'GCodeLoader'.
examples/jsm/loaders/GCodeLoader.js(35,25): error TS2339: Property 'path' does not exist on type 'GCodeLoader'.
examples/jsm/loaders/GCodeLoader.js(36,34): error TS2339: Property 'requestHeader' does not exist on type 'GCodeLoader'.
examples/jsm/loaders/GCodeLoader.js(37,36): error TS2339: Property 'withCredentials' does not exist on type 'GCodeLoader'.
examples/jsm/loaders/GCodeLoader.js(56,11): error TS2339: Property 'manager' does not exist on type 'GCodeLoader'.
examples/jsm/loaders/GCodeLoader.js(134,6): error TS7053: Element implicitly has an 'any' type because expression of type 'any' can't be used to index type '{}'.
examples/jsm/loaders/GCodeLoader.js(145,14): error TS2339: Property 'x' does not exist on type '{}'.
examples/jsm/loaders/GCodeLoader.js(145,56): error TS2339: Property 'x' does not exist on type '{}'.
examples/jsm/loaders/GCodeLoader.js(146,14): error TS2339: Property 'y' does not exist on type '{}'.
examples/jsm/loaders/GCodeLoader.js(146,56): error TS2339: Property 'y' does not exist on type '{}'.
examples/jsm/loaders/GCodeLoader.js(147,14): error TS2339: Property 'z' does not exist on type '{}'.
examples/jsm/loaders/GCodeLoader.js(147,56): error TS2339: Property 'z' does not exist on type '{}'.
examples/jsm/loaders/GCodeLoader.js(148,14): error TS2339: Property 'e' does not exist on type '{}'.
examples/jsm/loaders/GCodeLoader.js(148,56): error TS2339: Property 'e' does not exist on type '{}'.
examples/jsm/loaders/GCodeLoader.js(149,14): error TS2339: Property 'f' does not exist on type '{}'.
examples/jsm/loaders/GCodeLoader.js(149,56): error TS2339: Property 'f' does not exist on type '{}'.
examples/jsm/loaders/GCodeLoader.js(157,63): error TS2339: Property 'z' does not exist on type 'never'.
examples/jsm/loaders/GCodeLoader.js(166,5): error TS2739: Type '{ x: any; y: any; z: any; e: any; f: any; }' is missing the following properties from type '{ x: number; y: number; z: number; e: number; f: number; extruding: boolean; relative: boolean; }': extruding, relative
examples/jsm/loaders/GCodeLoader.js(187,19): error TS2339: Property 'x' does not exist on type '{}'.
examples/jsm/loaders/GCodeLoader.js(187,42): error TS2339: Property 'x' does not exist on type '{}'.
examples/jsm/loaders/GCodeLoader.js(188,19): error TS2339: Property 'y' does not exist on type '{}'.
examples/jsm/loaders/GCodeLoader.js(188,42): error TS2339: Property 'y' does not exist on type '{}'.
examples/jsm/loaders/GCodeLoader.js(189,19): error TS2339: Property 'z' does not exist on type '{}'.
examples/jsm/loaders/GCodeLoader.js(189,42): error TS2339: Property 'z' does not exist on type '{}'.
examples/jsm/loaders/GCodeLoader.js(190,19): error TS2339: Property 'e' does not exist on type '{}'.
examples/jsm/loaders/GCodeLoader.js(190,42): error TS2339: Property 'e' does not exist on type '{}'.
examples/jsm/loaders/GLTFLoader.js(67,8): error TS2307: Cannot find module 'three' or its corresponding type declarations.
examples/jsm/loaders/GLTFLoader.js(80,3): error TS7008: Member 'pluginCallbacks' implicitly has an 'any[]' type.
examples/jsm/loaders/GLTFLoader.js(192,13): error TS2339: Property 'resourcePath' does not exist on type 'GLTFLoader'.
examples/jsm/loaders/GLTFLoader.js(194,24): error TS2339: Property 'resourcePath' does not exist on type 'GLTFLoader'.
examples/jsm/loaders/GLTFLoader.js(196,20): error TS2339: Property 'path' does not exist on type 'GLTFLoader'.
examples/jsm/loaders/GLTFLoader.js(204,61): error TS2339: Property 'path' does not exist on type 'GLTFLoader'.
examples/jsm/loaders/GLTFLoader.js(215,8): error TS2339: Property 'manager' does not exist on type 'GLTFLoader'.
examples/jsm/loaders/GLTFLoader.js(229,10): error TS2339: Property 'manager' does not exist on type 'GLTFLoader'.
examples/jsm/loaders/GLTFLoader.js(230,10): error TS2339: Property 'manager' does not exist on type 'GLTFLoader'.
examples/jsm/loaders/GLTFLoader.js(234,39): error TS2339: Property 'manager' does not exist on type 'GLTFLoader'.
examples/jsm/loaders/GLTFLoader.js(236,24): error TS2339: Property 'path' does not exist on type 'GLTFLoader'.
examples/jsm/loaders/GLTFLoader.js(238,33): error TS2339: Property 'requestHeader' does not exist on type 'GLTFLoader'.
examples/jsm/loaders/GLTFLoader.js(239,35): error TS2339: Property 'withCredentials' does not exist on type 'GLTFLoader'.
examples/jsm/loaders/GLTFLoader.js(249,12): error TS2339: Property 'manager' does not exist on type 'GLTFLoader'.
examples/jsm/loaders/GLTFLoader.js(327,6): error TS7053: Element implicitly has an 'any' type because expression of type 'string' can't be used to index type '{}'.
  No index signature with a parameter of type 'string' was found on type '{}'.
examples/jsm/loaders/GLTFLoader.js(336,24): error TS7053: Element implicitly has an 'any' type because expression of type 'string' can't be used to index type '{}'.
  No index signature with a parameter of type 'string' was found on type '{}'.
examples/jsm/loaders/GLTFLoader.js(359,23): error TS2339: Property 'resourcePath' does not exist on type 'GLTFLoader'.
examples/jsm/loaders/GLTFLoader.js(360,22): error TS2339: Property 'crossOrigin' does not exist on type 'GLTFLoader'.
examples/jsm/loaders/GLTFLoader.js(361,24): error TS2339: Property 'requestHeader' does not exist on type 'GLTFLoader'.
examples/jsm/loaders/GLTFLoader.js(362,18): error TS2339: Property 'manager' does not exist on type 'GLTFLoader'.
examples/jsm/loaders/GLTFLoader.js(368,44): error TS2339: Property 'requestHeader' does not exist on type 'GLTFLoader'.
examples/jsm/loaders/GLTFLoader.js(376,4): error TS7053: Element implicitly has an 'any' type because expression of type 'any' can't be used to index type '{}'.
examples/jsm/loaders/GLTFLoader.js(382,4): error TS7053: Element implicitly has an 'any' type because expression of type 'any' can't be used to index type '{}'.
examples/jsm/loaders/GLTFLoader.js(396,7): error TS7053: Element implicitly has an 'any' type because expression of type 'any' can't be used to index type '{}'.
examples/jsm/loaders/GLTFLoader.js(400,7): error TS7053: Element implicitly has an 'any' type because expression of type 'any' can't be used to index type '{}'.
examples/jsm/loaders/GLTFLoader.js(404,7): error TS7053: Element implicitly has an 'any' type because expression of type 'any' can't be used to index type '{}'.
examples/jsm/loaders/GLTFLoader.js(408,7): error TS7053: Element implicitly has an 'any' type because expression of type 'any' can't be used to index type '{}'.
examples/jsm/loaders/GLTFLoader.js(413,64): error TS7053: Element implicitly has an 'any' type because expression of type 'any' can't be used to index type '{}'.
examples/jsm/loaders/GLTFLoader.js(455,11): error TS7053: Element implicitly has an 'any' type because expression of type 'any' can't be used to index type '{}'.
examples/jsm/loaders/GLTFLoader.js(461,4): error TS7053: Element implicitly has an 'any' type because expression of type 'any' can't be used to index type '{}'.
examples/jsm/loaders/GLTFLoader.js(467,11): error TS7053: Element implicitly has an 'any' type because expression of type 'any' can't be used to index type '{}'.
examples/jsm/loaders/GLTFLoader.js(1738,5): error TS7053: Element implicitly has an 'any' type because expression of type 'string' can't be used to index type '{}'.
  No index signature with a parameter of type 'string' was found on type '{}'.
examples/jsm/loaders/GLTFLoader.js(1739,12): error TS7053: Element implicitly has an 'any' type because expression of type 'string' can't be used to index type '{}'.
  No index signature with a parameter of type 'string' was found on type '{}'.
examples/jsm/loaders/GLTFLoader.js(1772,22): error TS2339: Property 'TRANSLATION' does not exist on type '{}'.
examples/jsm/loaders/GLTFLoader.js(1774,41): error TS2339: Property 'TRANSLATION' does not exist on type '{}'.
examples/jsm/loaders/GLTFLoader.js(1778,22): error TS2339: Property 'ROTATION' does not exist on type '{}'.
examples/jsm/loaders/GLTFLoader.js(1780,41): error TS2339: Property 'ROTATION' does not exist on type '{}'.
examples/jsm/loaders/GLTFLoader.js(1784,22): error TS2339: Property 'SCALE' does not exist on type '{}'.
examples/jsm/loaders/GLTFLoader.js(1786,41): error TS2339: Property 'SCALE' does not exist on type '{}'.
examples/jsm/loaders/GLTFLoader.js(1799,20): error TS7053: Element implicitly has an 'any' type because expression of type '"_COLOR_0"' can't be used to index type '{}'.
  Property '_COLOR_0' does not exist on type '{}'.
examples/jsm/loaders/GLTFLoader.js(1806,50): error TS7053: Element implicitly has an 'any' type because expression of type 'string' can't be used to index type '{}'.
  No index signature with a parameter of type 'string' was found on type '{}'.
examples/jsm/loaders/GLTFLoader.js(1945,31): error TS7053: Element implicitly has an 'any' type because expression of type 'string' can't be used to index type '{ POSITION: string; NORMAL: string; TANGENT: string; TEXCOORD_0: string; TEXCOORD_1: string; TEXCOORD_2: string; TEXCOORD_3: string; COLOR_0: string; WEIGHTS_0: string; JOINTS_0: string; }'.
  No index signature with a parameter of type 'string' was found on type '{ POSITION: string; NORMAL: string; TANGENT: string; TEXCOORD_0: string; TEXCOORD_1: string; TEXCOORD_2: string; TEXCOORD_3: string; COLOR_0: string; WEIGHTS_0: string; JOINTS_0: string; }'.
examples/jsm/loaders/GLTFLoader.js(1947,4): error TS7053: Element implicitly has an 'any' type because expression of type 'any' can't be used to index type '{}'.
examples/jsm/loaders/GLTFLoader.js(1953,31): error TS7053: Element implicitly has an 'any' type because expression of type 'string' can't be used to index type '{ POSITION: string; NORMAL: string; TANGENT: string; TEXCOORD_0: string; TEXCOORD_1: string; TEXCOORD_2: string; TEXCOORD_3: string; COLOR_0: string; WEIGHTS_0: string; JOINTS_0: string; }'.
  No index signature with a parameter of type 'string' was found on type '{ POSITION: string; NORMAL: string; TANGENT: string; TEXCOORD_0: string; TEXCOORD_1: string; TEXCOORD_2: string; TEXCOORD_3: string; COLOR_0: string; WEIGHTS_0: string; JOINTS_0: string; }'.
examples/jsm/loaders/GLTFLoader.js(1958,27): error TS7053: Element implicitly has an 'any' type because expression of type 'any' can't be used to index type '{ 5120: Int8ArrayConstructor; 5121: Uint8ArrayConstructor; 5122: Int16ArrayConstructor; 5123: Uint16ArrayConstructor; 5125: Uint32ArrayConstructor; 5126: Float32ArrayConstructor; }'.
examples/jsm/loaders/GLTFLoader.js(1960,5): error TS7053: Element implicitly has an 'any' type because expression of type 'any' can't be used to index type '{}'.
examples/jsm/loaders/GLTFLoader.js(1961,5): error TS7053: Element implicitly has an 'any' type because expression of type 'any' can't be used to index type '{}'.
examples/jsm/loaders/GLTFLoader.js(1976,26): error TS7053: Element implicitly has an 'any' type because expression of type 'string' can't be used to index type '{}'.
  No index signature with a parameter of type 'string' was found on type '{}'.
examples/jsm/loaders/GLTFLoader.js(2087,23): error TS2339: Property 'resultBuffer' does not exist on type 'GLTFCubicSplineInterpolant'.
examples/jsm/loaders/GLTFLoader.js(2088,18): error TS2339: Property 'sampleValues' does not exist on type 'GLTFCubicSplineInterpolant'.
examples/jsm/loaders/GLTFLoader.js(2089,21): error TS2339: Property 'valueSize' does not exist on type 'GLTFCubicSplineInterpolant'.
examples/jsm/loaders/GLTFLoader.js(2104,23): error TS2339: Property 'resultBuffer' does not exist on type 'GLTFCubicSplineInterpolant'.
examples/jsm/loaders/GLTFLoader.js(2105,23): error TS2339: Property 'sampleValues' does not exist on type 'GLTFCubicSplineInterpolant'.
examples/jsm/loaders/GLTFLoader.js(2106,23): error TS2339: Property 'valueSize' does not exist on type 'GLTFCubicSplineInterpolant'.
examples/jsm/loaders/GLTFLoader.js(2301,12): error TS2503: Cannot find namespace 'GLTF'.
examples/jsm/loaders/GLTFLoader.js(2325,18): error TS2503: Cannot find namespace 'GLTF'.
examples/jsm/loaders/GLTFLoader.js(2412,12): error TS2503: Cannot find namespace 'GLTF'.
examples/jsm/loaders/GLTFLoader.js(2551,16): error TS7009: 'new' expression, whose target lacks a construct signature, implicitly has an 'any' type.
examples/jsm/loaders/GLTFLoader.js(2596,57): error TS2339: Property 'manager' does not exist on type '{}'.
examples/jsm/loaders/GLTFLoader.js(2600,61): error TS2339: Property 'manager' does not exist on type '{}'.
examples/jsm/loaders/GLTFLoader.js(2604,51): error TS2339: Property 'crossOrigin' does not exist on type '{}'.
examples/jsm/loaders/GLTFLoader.js(2605,53): error TS2339: Property 'requestHeader' does not exist on type '{}'.
examples/jsm/loaders/GLTFLoader.js(2607,50): error TS2339: Property 'manager' does not exist on type '{}'.
examples/jsm/loaders/GLTFLoader.js(2610,21): error TS2339: Property 'crossOrigin' does not exist on type '{}'.
examples/jsm/loaders/GLTFLoader.js(2664,36): error TS2339: Property 'scene' does not exist on type '{}'.
examples/jsm/loaders/GLTFLoader.js(2668,17): error TS2339: Property 'asset' does not exist on type '{}'.
examples/jsm/loaders/GLTFLoader.js(2685,12): error TS2339: Property 'updateMatrixWorld' does not exist on type 'Object'.
examples/jsm/loaders/GLTFLoader.js(2702,30): error TS2339: Property 'nodes' does not exist on type '{}'.
examples/jsm/loaders/GLTFLoader.js(2703,30): error TS2339: Property 'skins' does not exist on type '{}'.
examples/jsm/loaders/GLTFLoader.js(2704,30): error TS2339: Property 'meshes' does not exist on type '{}'.
examples/jsm/loaders/GLTFLoader.js(2767,14): error TS2339: Property 'refs' does not exist on type 'Object'.
examples/jsm/loaders/GLTFLoader.js(2769,10): error TS2339: Property 'refs' does not exist on type 'Object'.
examples/jsm/loaders/GLTFLoader.js(2769,32): error TS2339: Property 'uses' does not exist on type 'Object'.
examples/jsm/loaders/GLTFLoader.js(2773,9): error TS2339: Property 'refs' does not exist on type 'Object'.
examples/jsm/loaders/GLTFLoader.js(2787,14): error TS2339: Property 'refs' does not exist on type 'Object'.
examples/jsm/loaders/GLTFLoader.js(2789,22): error TS2339: Property 'clone' does not exist on type 'Object'.
examples/jsm/loaders/GLTFLoader.js(2812,38): error TS2339: Property 'uses' does not exist on type 'Object'.
examples/jsm/loaders/GLTFLoader.js(2858,40): error TS2503: Cannot find namespace 'THREE'.
examples/jsm/loaders/GLTFLoader.js(2940,21): error TS2683: 'this' implicitly has type 'any' because it does not have a type annotation.
examples/jsm/loaders/GLTFLoader.js(2974,17): error TS7053: Element implicitly has an 'any' type because expression of type 'string' can't be used to index type '{}'.
  No index signature with a parameter of type 'string' was found on type '{}'.
examples/jsm/loaders/GLTFLoader.js(2997,31): error TS2339: Property 'buffers' does not exist on type '{}'.
examples/jsm/loaders/GLTFLoader.js(3009,28): error TS7053: Element implicitly has an 'any' type because expression of type 'string' can't be used to index type '{}'.
  No index signature with a parameter of type 'string' was found on type '{}'.
examples/jsm/loaders/GLTFLoader.js(3017,64): error TS2339: Property 'path' does not exist on type '{}'.
examples/jsm/loaders/GLTFLoader.js(3034,35): error TS2339: Property 'bufferViews' does not exist on type '{}'.
examples/jsm/loaders/GLTFLoader.js(3056,33): error TS2339: Property 'accessors' does not exist on type '{}'.
examples/jsm/loaders/GLTFLoader.js(3060,21): error TS7053: Element implicitly has an 'any' type because expression of type 'any' can't be used to index type '{ SCALAR: number; VEC2: number; VEC3: number; VEC4: number; MAT2: number; MAT3: number; MAT4: number; }'.
examples/jsm/loaders/GLTFLoader.js(3061,23): error TS7053: Element implicitly has an 'any' type because expression of type 'any' can't be used to index type '{ 5120: Int8ArrayConstructor; 5121: Uint8ArrayConstructor; 5122: Int16ArrayConstructor; 5123: Uint16ArrayConstructor; 5125: Uint32ArrayConstructor; 5126: Float32ArrayConstructor; }'.
examples/jsm/loaders/GLTFLoader.js(3092,21): error TS7053: Element implicitly has an 'any' type because expression of type 'any' can't be used to index type '{ SCALAR: number; VEC2: number; VEC3: number; VEC4: number; MAT2: number; MAT3: number; MAT4: number; }'.
examples/jsm/loaders/GLTFLoader.js(3093,23): error TS7053: Element implicitly has an 'any' type because expression of type 'any' can't be used to index type '{ 5120: Int8ArrayConstructor; 5121: Uint8ArrayConstructor; 5122: Int16ArrayConstructor; 5123: Uint16ArrayConstructor; 5125: Uint32ArrayConstructor; 5126: Float32ArrayConstructor; }'.
examples/jsm/loaders/GLTFLoader.js(3099,67): error TS2339: Property 'bufferViews' does not exist on type '{}'.
examples/jsm/loaders/GLTFLoader.js(3145,31): error TS7053: Element implicitly has an 'any' type because expression of type 'any' can't be used to index type '{ 5120: Int8ArrayConstructor; 5121: Uint8ArrayConstructor; 5122: Int16ArrayConstructor; 5123: Uint16ArrayConstructor; 5125: Uint32ArrayConstructor; 5126: Float32ArrayConstructor; }'.
examples/jsm/loaders/GLTFLoader.js(3188,22): error TS2503: Cannot find namespace 'THREE'.
examples/jsm/loaders/GLTFLoader.js(3194,27): error TS2339: Property 'textures' does not exist on type '{}'.
examples/jsm/loaders/GLTFLoader.js(3196,26): error TS2339: Property 'images' does not exist on type '{}'.
examples/jsm/loaders/GLTFLoader.js(3202,28): error TS2339: Property 'manager' does not exist on type '{}'.
examples/jsm/loaders/GLTFLoader.js(3216,27): error TS2339: Property 'textures' does not exist on type '{}'.
examples/jsm/loaders/GLTFLoader.js(3217,26): error TS2339: Property 'images' does not exist on type '{}'.
examples/jsm/loaders/GLTFLoader.js(3221,8): error TS7053: Element implicitly has an 'any' type because expression of type 'string' can't be used to index type '{}'.
  No index signature with a parameter of type 'string' was found on type '{}'.
examples/jsm/loaders/GLTFLoader.js(3224,11): error TS7053: Element implicitly has an 'any' type because expression of type 'string' can't be used to index type '{}'.
  No index signature with a parameter of type 'string' was found on type '{}'.
examples/jsm/loaders/GLTFLoader.js(3240,26): error TS2339: Property 'samplers' does not exist on type '{}'.
examples/jsm/loaders/GLTFLoader.js(3243,24): error TS7053: Element implicitly has an 'any' type because expression of type 'any' can't be used to index type '{ 9728: any; 9729: any; 9984: any; 9985: any; 9986: any; 9987: any; }'.
examples/jsm/loaders/GLTFLoader.js(3244,24): error TS7053: Element implicitly has an 'any' type because expression of type 'any' can't be used to index type '{ 9728: any; 9729: any; 9984: any; 9985: any; 9986: any; 9987: any; }'.
examples/jsm/loaders/GLTFLoader.js(3245,20): error TS7053: Element implicitly has an 'any' type because expression of type 'any' can't be used to index type '{ 33071: any; 33648: any; 10497: any; }'.
examples/jsm/loaders/GLTFLoader.js(3246,20): error TS7053: Element implicitly has an 'any' type because expression of type 'any' can't be used to index type '{ 33071: any; 33648: any; 10497: any; }'.
examples/jsm/loaders/GLTFLoader.js(3259,3): error TS7053: Element implicitly has an 'any' type because expression of type 'string' can't be used to index type '{}'.
  No index signature with a parameter of type 'string' was found on type '{}'.
examples/jsm/loaders/GLTFLoader.js(3271,8): error TS7053: Element implicitly has an 'any' type because expression of type 'any' can't be used to index type '{}'.
examples/jsm/loaders/GLTFLoader.js(3273,11): error TS7053: Element implicitly has an 'any' type because expression of type 'any' can't be used to index type '{}'.
examples/jsm/loaders/GLTFLoader.js(3277,26): error TS2339: Property 'images' does not exist on type '{}'.
examples/jsm/loaders/GLTFLoader.js(3279,32): error TS2339: Property 'webkitURL' does not exist on type 'typeof self'.
examples/jsm/loaders/GLTFLoader.js(3291,22): error TS2693: 'Blob' only refers to a type, but is being used as a value here.
examples/jsm/loaders/GLTFLoader.js(3322,61): error TS2339: Property 'path' does not exist on type '{}'.
examples/jsm/loaders/GLTFLoader.js(3349,3): error TS7053: Element implicitly has an 'any' type because expression of type 'any' can't be used to index type '{}'.
examples/jsm/loaders/GLTFLoader.js(3367,48): error TS2339: Property 'index' does not exist on type 'Object'.
examples/jsm/loaders/GLTFLoader.js(3371,16): error TS2339: Property 'texCoord' does not exist on type 'Object'.
examples/jsm/loaders/GLTFLoader.js(3371,49): error TS2339: Property 'texCoord' does not exist on type 'Object'.
examples/jsm/loaders/GLTFLoader.js(3374,30): error TS2339: Property 'texCoord' does not exist on type 'Object'.
examples/jsm/loaders/GLTFLoader.js(3378,9): error TS7053: Element implicitly has an 'any' type because expression of type 'string' can't be used to index type '{}'.
  No index signature with a parameter of type 'string' was found on type '{}'.
examples/jsm/loaders/GLTFLoader.js(3380,30): error TS2339: Property 'extensions' does not exist on type 'Object'.
examples/jsm/loaders/GLTFLoader.js(3380,64): error TS2339: Property 'extensions' does not exist on type 'Object'.
examples/jsm/loaders/GLTFLoader.js(3385,16): error TS7053: Element implicitly has an 'any' type because expression of type 'string' can't be used to index type '{}'.
  No index signature with a parameter of type 'string' was found on type '{}'.
examples/jsm/loaders/GLTFLoader.js(3398,4): error TS7053: Element implicitly has an 'any' type because expression of type 'string' can't be used to index type 'Object'.
  No index signature with a parameter of type 'string' was found on type 'Object'.
examples/jsm/loaders/GLTFLoader.js(3520,28): error TS2339: Property 'materials' does not exist on type '{}'.
examples/jsm/loaders/GLTFLoader.js(3530,25): error TS7053: Element implicitly has an 'any' type because expression of type 'string' can't be used to index type '{}'.
  No index signature with a parameter of type 'string' was found on type '{}'.
examples/jsm/loaders/GLTFLoader.js(3564,26): error TS2554: Expected 4 arguments, but got 3.
examples/jsm/loaders/GLTFLoader.js(3565,26): error TS2554: Expected 4 arguments, but got 3.
examples/jsm/loaders/GLTFLoader.js(3612,25): error TS2554: Expected 4 arguments, but got 3.
examples/jsm/loaders/GLTFLoader.js(3628,25): error TS2554: Expected 4 arguments, but got 3.
examples/jsm/loaders/GLTFLoader.js(3681,38): error TS7053: Element implicitly has an 'any' type because expression of type 'any' can't be used to index type '{}'.
examples/jsm/loaders/GLTFLoader.js(3685,4): error TS7053: Element implicitly has an 'any' type because expression of type 'any' can't be used to index type '{}'.
examples/jsm/loaders/GLTFLoader.js(3698,19): error TS2503: Cannot find namespace 'GLTF'.
examples/jsm/loaders/GLTFLoader.js(3709,11): error TS7053: Element implicitly has an 'any' type because expression of type 'string' can't be used to index type '{}'.
  No index signature with a parameter of type 'string' was found on type '{}'.
examples/jsm/loaders/GLTFLoader.js(3727,19): error TS7053: Element implicitly has an 'any' type because expression of type 'string' can't be used to index type '{}'.
  No index signature with a parameter of type 'string' was found on type '{}'.
examples/jsm/loaders/GLTFLoader.js(3751,5): error TS7053: Element implicitly has an 'any' type because expression of type 'string' can't be used to index type '{}'.
  No index signature with a parameter of type 'string' was found on type '{}'.
examples/jsm/loaders/GLTFLoader.js(3774,24): error TS2339: Property 'meshes' does not exist on type '{}'.
examples/jsm/loaders/GLTFLoader.js(3914,22): error TS2503: Cannot find namespace 'THREE'.
examples/jsm/loaders/GLTFLoader.js(3919,31): error TS2339: Property 'cameras' does not exist on type '{}'.
examples/jsm/loaders/GLTFLoader.js(3925,4): error TS2322: Type 'undefined' is not assignable to type 'Promise<THREE.Camera>'.
examples/jsm/loaders/GLTFLoader.js(3954,29): error TS2339: Property 'skins' does not exist on type '{}'.
examples/jsm/loaders/GLTFLoader.js(4027,29): error TS2339: Property 'animations' does not exist on type '{}'.
examples/jsm/loaders/GLTFLoader.js(4113,24): error TS2339: Property 'nodes' does not exist on type '{}'.
examples/jsm/loaders/GLTFLoader.js(4124,10): error TS2339: Property 'traverse' does not exist on type 'Object'.
examples/jsm/loaders/GLTFLoader.js(4154,24): error TS2339: Property 'nodes' does not exist on type '{}'.
examples/jsm/loaders/GLTFLoader.js(4218,8): error TS7053: Element implicitly has an 'any' type because expression of type 'any' can't be used to index type '{}'.
examples/jsm/loaders/GLTFLoader.js(4220,11): error TS7053: Element implicitly has an 'any' type because expression of type 'any' can't be used to index type '{}'.
examples/jsm/loaders/GLTFLoader.js(4224,24): error TS2339: Property 'nodes' does not exist on type '{}'.
examples/jsm/loaders/GLTFLoader.js(4263,3): error TS7053: Element implicitly has an 'any' type because expression of type 'any' can't be used to index type '{}'.
examples/jsm/loaders/GLTFLoader.js(4347,10): error TS7053: Element implicitly has an 'any' type because expression of type 'any' can't be used to index type '{}'.
examples/jsm/loaders/GLTFLoader.js(4359,30): error TS2339: Property 'scenes' does not exist on type '{}'.
examples/jsm/loaders/GLTFLoader.js(4436,8): error TS7053: Element implicitly has an 'any' type because expression of type 'any' can't be used to index type '{ scale: string; translation: string; rotation: string; weights: string; }'.
examples/jsm/loaders/GLTFLoader.js(4456,12): error TS7053: Element implicitly has an 'any' type because expression of type 'any' can't be used to index type '{ scale: string; translation: string; rotation: string; weights: string; }'.
examples/jsm/loaders/GLTFLoader.js(4468,25): error TS2339: Property 'position' does not exist on type '{ scale: string; translation: string; rotation: string; weights: string; }'.
examples/jsm/loaders/GLTFLoader.js(4493,63): error TS7053: Element implicitly has an 'any' type because expression of type 'any' can't be used to index type '{ CUBICSPLINE: undefined; LINEAR: any; STEP: any; }'.
examples/jsm/loaders/GLTFLoader.js(4501,30): error TS7053: Element implicitly has an 'any' type because expression of type 'any' can't be used to index type '{ scale: string; translation: string; rotation: string; weights: string; }'.
examples/jsm/loaders/GLTFLoader.js(4568,12): error TS2503: Cannot find namespace 'GLTF'.
examples/jsm/loaders/GLTFLoader.js(4579,32): error TS2339: Property 'accessors' does not exist on type '{}'.
examples/jsm/loaders/GLTFLoader.js(4595,51): error TS7053: Element implicitly has an 'any' type because expression of type 'any' can't be used to index type '{ 5120: Int8ArrayConstructor; 5121: Uint8ArrayConstructor; 5122: Int16ArrayConstructor; 5123: Uint16ArrayConstructor; 5125: Uint32ArrayConstructor; 5126: Float32ArrayConstructor; }'.
examples/jsm/loaders/GLTFLoader.js(4628,34): error TS2339: Property 'accessors' does not exist on type '{}'.
examples/jsm/loaders/GLTFLoader.js(4644,53): error TS7053: Element implicitly has an 'any' type because expression of type 'any' can't be used to index type '{ 5120: Int8ArrayConstructor; 5121: Uint8ArrayConstructor; 5122: Int16ArrayConstructor; 5123: Uint16ArrayConstructor; 5125: Uint32ArrayConstructor; 5126: Float32ArrayConstructor; }'.
examples/jsm/loaders/GLTFLoader.js(4683,12): error TS2503: Cannot find namespace 'GLTF'.
examples/jsm/loaders/GLTFLoader.js(4706,30): error TS7053: Element implicitly has an 'any' type because expression of type 'string' can't be used to index type '{ POSITION: string; NORMAL: string; TANGENT: string; TEXCOORD_0: string; TEXCOORD_1: string; TEXCOORD_2: string; TEXCOORD_3: string; COLOR_0: string; WEIGHTS_0: string; JOINTS_0: string; }'.
  No index signature with a parameter of type 'string' was found on type '{ POSITION: string; NORMAL: string; TANGENT: string; TEXCOORD_0: string; TEXCOORD_1: string; TEXCOORD_2: string; TEXCOORD_3: string; COLOR_0: string; WEIGHTS_0: string; JOINTS_0: string; }'.
examples/jsm/loaders/HDRCubeTextureLoader.js(10,8): error TS2307: Cannot find module 'three' or its corresponding type declarations.
examples/jsm/loaders/HDRCubeTextureLoader.js(56,26): error TS2339: Property 'manager' does not exist on type 'HDRCubeTextureLoader'.
examples/jsm/loaders/HDRCubeTextureLoader.js(57,21): error TS2339: Property 'path' does not exist on type 'HDRCubeTextureLoader'.
examples/jsm/loaders/HDRCubeTextureLoader.js(59,32): error TS2339: Property 'withCredentials' does not exist on type 'HDRCubeTextureLoader'.
examples/jsm/loaders/IESLoader.js(12,8): error TS2307: Cannot find module 'three' or its corresponding type declarations.
examples/jsm/loaders/IESLoader.js(117,39): error TS2339: Property 'manager' does not exist on type 'IESLoader'.
examples/jsm/loaders/IESLoader.js(119,31): error TS2339: Property 'crossOrigin' does not exist on type 'IESLoader'.
examples/jsm/loaders/IESLoader.js(120,35): error TS2339: Property 'withCredentials' does not exist on type 'IESLoader'.
examples/jsm/loaders/IESLoader.js(121,24): error TS2339: Property 'path' does not exist on type 'IESLoader'.
examples/jsm/loaders/IESLoader.js(122,33): error TS2339: Property 'requestHeader' does not exist on type 'IESLoader'.
examples/jsm/loaders/IESLoader.js(166,17): error TS2339: Property 'angles' does not exist on type '{}'.
examples/jsm/loaders/IESLoader.js(167,17): error TS2339: Property 'mulFactors' does not exist on type '{}'.
examples/jsm/loaders/IESLoader.js(206,18): error TS2339: Property 'lampToLumGeometry' does not exist on type '{}'.
examples/jsm/loaders/IESLoader.js(211,18): error TS2339: Property 'numAngles' does not exist on type '{}'.
examples/jsm/loaders/IESLoader.js(213,29): error TS2339: Property 'numAngles' does not exist on type '{}'.
examples/jsm/loaders/IESLoader.js(213,55): error TS2339: Property 'angles' does not exist on type '{}'.
examples/jsm/loaders/IESLoader.js(214,29): error TS2339: Property 'numAngles' does not exist on type '{}'.
examples/jsm/loaders/IESLoader.js(214,55): error TS2339: Property 'mulFactors' does not exist on type '{}'.
examples/jsm/loaders/IESLoader.js(223,9): error TS2339: Property 'count' does not exist on type 'IESLamp'.
examples/jsm/loaders/IESLoader.js(224,9): error TS2339: Property 'lumens' does not exist on type 'IESLamp'.
examples/jsm/loaders/IESLoader.js(225,9): error TS2339: Property 'multiplier' does not exist on type 'IESLamp'.
examples/jsm/loaders/IESLoader.js(226,9): error TS2551: Property 'numVerAngles' does not exist on type 'IESLamp'. Did you mean 'verAngles'?
examples/jsm/loaders/IESLoader.js(227,9): error TS2551: Property 'numHorAngles' does not exist on type 'IESLamp'. Did you mean 'horAngles'?
examples/jsm/loaders/IESLoader.js(228,9): error TS2339: Property 'gonioType' does not exist on type 'IESLamp'.
examples/jsm/loaders/IESLoader.js(229,9): error TS2339: Property 'units' does not exist on type 'IESLamp'.
examples/jsm/loaders/IESLoader.js(230,9): error TS2339: Property 'width' does not exist on type 'IESLamp'.
examples/jsm/loaders/IESLoader.js(231,9): error TS2339: Property 'length' does not exist on type 'IESLamp'.
examples/jsm/loaders/IESLoader.js(232,9): error TS2339: Property 'height' does not exist on type 'IESLamp'.
examples/jsm/loaders/IESLoader.js(241,9): error TS2339: Property 'ballFactor' does not exist on type 'IESLamp'.
examples/jsm/loaders/IESLoader.js(242,9): error TS2339: Property 'blpFactor' does not exist on type 'IESLamp'.
examples/jsm/loaders/IESLoader.js(243,9): error TS2339: Property 'inputWatts' does not exist on type 'IESLamp'.
examples/jsm/loaders/IESLoader.js(278,29): error TS2551: Property 'numHorAngles' does not exist on type 'IESLamp'. Did you mean 'horAngles'?
examples/jsm/loaders/IESLoader.js(285,19): error TS2551: Property 'numVerAngles' does not exist on type 'IESLamp'. Did you mean 'verAngles'?
examples/jsm/loaders/IESLoader.js(286,19): error TS2551: Property 'numHorAngles' does not exist on type 'IESLamp'. Did you mean 'horAngles'?
examples/jsm/loaders/IESLoader.js(289,29): error TS2551: Property 'numHorAngles' does not exist on type 'IESLamp'. Did you mean 'horAngles'?
examples/jsm/loaders/IESLoader.js(291,20): error TS2551: Property 'numVerAngles' does not exist on type 'IESLamp'. Did you mean 'verAngles'?
examples/jsm/loaders/IESLoader.js(296,29): error TS2551: Property 'numHorAngles' does not exist on type 'IESLamp'. Did you mean 'horAngles'?
examples/jsm/loaders/IESLoader.js(298,30): error TS2551: Property 'numVerAngles' does not exist on type 'IESLamp'. Did you mean 'verAngles'?
examples/jsm/loaders/IESLoader.js(300,4): error TS2322: Type 'number' is not assignable to type 'never'.
examples/jsm/loaders/IESLoader.js(300,75): error TS2339: Property 'multiplier' does not exist on type 'IESLamp'.
examples/jsm/loaders/IESLoader.js(301,13): error TS2339: Property 'ballFactor' does not exist on type 'IESLamp'.
examples/jsm/loaders/IESLoader.js(301,32): error TS2339: Property 'blpFactor' does not exist on type 'IESLamp'.
examples/jsm/loaders/IESLoader.js(308,29): error TS2551: Property 'numHorAngles' does not exist on type 'IESLamp'. Did you mean 'horAngles'?
examples/jsm/loaders/IESLoader.js(310,30): error TS2551: Property 'numVerAngles' does not exist on type 'IESLamp'. Did you mean 'verAngles'?
examples/jsm/loaders/IESLoader.js(322,30): error TS2551: Property 'numHorAngles' does not exist on type 'IESLamp'. Did you mean 'horAngles'?
examples/jsm/loaders/IESLoader.js(324,31): error TS2551: Property 'numVerAngles' does not exist on type 'IESLamp'. Did you mean 'verAngles'?
examples/jsm/loaders/IESLoader.js(326,5): error TS2322: Type 'number' is not assignable to type 'never'.
examples/jsm/loaders/KMZLoader.js(6,8): error TS2307: Cannot find module 'three' or its corresponding type declarations.
examples/jsm/loaders/KMZLoader.js(22,40): error TS2339: Property 'manager' does not exist on type 'KMZLoader'.
examples/jsm/loaders/KMZLoader.js(23,25): error TS2339: Property 'path' does not exist on type 'KMZLoader'.
examples/jsm/loaders/KMZLoader.js(25,34): error TS2339: Property 'requestHeader' does not exist on type 'KMZLoader'.
examples/jsm/loaders/KMZLoader.js(26,36): error TS2339: Property 'withCredentials' does not exist on type 'KMZLoader'.
examples/jsm/loaders/KMZLoader.js(45,11): error TS2339: Property 'manager' does not exist on type 'KMZLoader'.
examples/jsm/loaders/KMZLoader.js(61,13): error TS7053: Element implicitly has an 'any' type because expression of type 'string' can't be used to index type '{}'.
  No index signature with a parameter of type 'string' was found on type '{}'.
examples/jsm/loaders/KMZLoader.js(78,22): error TS2693: 'Blob' only refers to a type, but is being used as a value here.
examples/jsm/loaders/KMZLoader.js(89,22): error TS2554: Expected 2 arguments, but got 1.
examples/jsm/loaders/KMZLoader.js(91,8): error TS7053: Element implicitly has an 'any' type because expression of type '"doc.kml"' can't be used to index type '{}'.
  Property 'doc.kml' does not exist on type '{}'.
examples/jsm/loaders/KMZLoader.js(93,56): error TS2554: Expected 2 arguments, but got 1.
examples/jsm/loaders/KMZLoader.js(93,67): error TS7053: Element implicitly has an 'any' type because expression of type '"doc.kml"' can't be used to index type '{}'.
  Property 'doc.kml' does not exist on type '{}'.
examples/jsm/loaders/KMZLoader.js(99,39): error TS2554: Expected 0 arguments, but got 1.
examples/jsm/loaders/KMZLoader.js(100,33): error TS2554: Expected 2 arguments, but got 1.
examples/jsm/loaders/KMZLoader.js(100,44): error TS7053: Element implicitly has an 'any' type because expression of type 'any' can't be used to index type '{}'.
examples/jsm/loaders/KMZLoader.js(110,23): error TS2532: Object is possibly 'undefined'.
examples/jsm/loaders/KMZLoader.js(114,40): error TS2554: Expected 0 arguments, but got 1.
examples/jsm/loaders/KMZLoader.js(115,34): error TS2554: Expected 2 arguments, but got 1.
examples/jsm/loaders/KMZLoader.js(115,45): error TS7053: Element implicitly has an 'any' type because expression of type 'string' can't be used to index type '{}'.
  No index signature with a parameter of type 'string' was found on type '{}'.
examples/jsm/loaders/KTX2Loader.js(45,8): error TS2307: Cannot find module 'three' or its corresponding type declarations.
examples/jsm/loaders/KTX2Loader.js(73,29): error TS6307: File 'C:/Users/srigaud/Desktop/three.js/examples/jsm/libs/zstddec.module.js' is not listed within the file list of project 'C:/Users/srigaud/Desktop/three.js/tsconfig.json'. Projects must list all files or use an 'include' pattern.
examples/jsm/loaders/KTX2Loader.js(180,42): error TS2339: Property 'manager' does not exist on type 'KTX2Loader'.
examples/jsm/loaders/KTX2Loader.js(182,38): error TS2339: Property 'withCredentials' does not exist on type 'KTX2Loader'.
examples/jsm/loaders/KTX2Loader.js(186,46): error TS2339: Property 'manager' does not exist on type 'KTX2Loader'.
examples/jsm/loaders/KTX2Loader.js(189,42): error TS2339: Property 'withCredentials' does not exist on type 'KTX2Loader'.
examples/jsm/loaders/KTX2Loader.js(209,54): error TS2693: 'Blob' only refers to a type, but is being used as a value here.
examples/jsm/loaders/KTX2Loader.js(254,39): error TS2339: Property 'manager' does not exist on type 'KTX2Loader'.
examples/jsm/loaders/KTX2Loader.js(257,35): error TS2339: Property 'withCredentials' does not exist on type 'KTX2Loader'.
examples/jsm/loaders/KTX2Loader.js(344,23): error TS2531: Object is possibly 'null'.
examples/jsm/loaders/KTX2Loader.js(446,7): error TS2339: Property 'addEventListener' does not exist on type 'typeof self'.
examples/jsm/loaders/KTX2Loader.js(464,12): error TS2551: Property 'postMessage' does not exist on type 'typeof self'. Did you mean 'onmessage'?
examples/jsm/loaders/KTX2Loader.js(470,12): error TS2551: Property 'postMessage' does not exist on type 'typeof self'. Did you mean 'onmessage'?
examples/jsm/loaders/KTX2Loader.js(470,65): error TS18046: 'error' is of type 'unknown'.
examples/jsm/loaders/KTX2Loader.js(607,7): error TS2322: Type 'Uint16Array<any>' is not assignable to type 'Uint8Array<any>'.
  The types of 'filter(...).findLast' are incompatible between these types.
    Type '{ <S extends number>(predicate: (value: number, index: number, array: Uint16Array<ArrayBuffer>) => value is S, thisArg?: any): S | undefined; (predicate: (value: number, index: number, array: Uint16Array<...>) => unknown, thisArg?: any): number | undefined; }' is not assignable to type '{ <S extends number>(predicate: (value: number, index: number, array: Uint8Array<ArrayBuffer>) => value is S, thisArg?: any): S | undefined; (predicate: (value: number, index: number, array: Uint8Array<...>) => unknown, thisArg?: any): number | undefined; }'.
      Types of parameters 'predicate' and 'predicate' are incompatible.
        Type '(value: number, index: number, array: Uint8Array<ArrayBuffer>) => unknown' is not assignable to type '(value: number, index: number, array: Uint16Array<ArrayBuffer>) => value is any'.
          Signature '(value: number, index: number, array: Uint8Array<ArrayBuffer>): unknown' must be a type predicate.
examples/jsm/loaders/KTX2Loader.js(749,23): error TS18048: 'a.priorityUASTC' is possibly 'undefined'.
examples/jsm/loaders/KTX2Loader.js(749,41): error TS18048: 'b.priorityUASTC' is possibly 'undefined'.
examples/jsm/loaders/KTX2Loader.js(753,23): error TS18048: 'a.priorityUASTC' is possibly 'undefined'.
examples/jsm/loaders/KTX2Loader.js(753,41): error TS18048: 'b.priorityUASTC' is possibly 'undefined'.
examples/jsm/loaders/KTX2Loader.js(757,23): error TS18048: 'a.priorityHDR' is possibly 'undefined'.
examples/jsm/loaders/KTX2Loader.js(757,39): error TS18048: 'b.priorityHDR' is possibly 'undefined'.
examples/jsm/loaders/KTX2Loader.js(886,7): error TS7053: Element implicitly has an 'any' type because expression of type 'any' can't be used to index type '{ 109: any; 97: any; 37: any; 43: any; 103: any; 83: any; 16: any; 22: any; 100: any; 76: any; 15: any; 9: any; 1000066000: any; 166: any; 165: any; }'.
examples/jsm/loaders/KTX2Loader.js(945,8): error TS7053: Element implicitly has an 'any' type because expression of type 'any' can't be used to index type '{ 109: any; 97: any; 37: any; 43: any; 103: any; 83: any; 16: any; 22: any; 100: any; 76: any; 15: any; 9: any; 1000066000: any; 166: any; 165: any; }'.
examples/jsm/loaders/KTX2Loader.js(955,15): error TS7053: Element implicitly has an 'any' type because expression of type 'any' can't be used to index type '{ 109: any; 97: any; 37: any; 43: any; 103: any; 83: any; 16: any; 22: any; 100: any; 76: any; 15: any; 9: any; 1000066000: any; 166: any; 165: any; }'.
examples/jsm/loaders/KTX2Loader.js(984,33): error TS7053: Element implicitly has an 'any' type because expression of type 'any' can't be used to index type '{ 109: any; 97: any; 37: any; 43: any; 103: any; 83: any; 16: any; 22: any; 100: any; 76: any; 15: any; 9: any; 1000066000: any; 166: any; 165: any; }'.
examples/jsm/loaders/KTX2Loader.js(1003,17): error TS7053: Element implicitly has an 'any' type because expression of type 'any' can't be used to index type '{ 109: any; 97: any; 37: any; 43: any; 103: any; 83: any; 16: any; 22: any; 100: any; 76: any; 15: any; 9: any; 1000066000: any; 166: any; 165: any; }'.
examples/jsm/loaders/KTX2Loader.js(1004,19): error TS7053: Element implicitly has an 'any' type because expression of type 'any' can't be used to index type '{ 109: any; 97: any; 37: any; 43: any; 103: any; 83: any; 16: any; 22: any; 100: any; 76: any; 15: any; 9: any; 1000066000: any; 166: any; 165: any; }'.
examples/jsm/loaders/KTXLoader.js(3,8): error TS2307: Cannot find module 'three' or its corresponding type declarations.
examples/jsm/loaders/KTXLoader.js(51,22): error TS8024: JSDoc '@param' tag has name 'threeDExpected', but there is no parameter with that name.
examples/jsm/loaders/KTXLoader.js(52,22): error TS8024: JSDoc '@param' tag has name 'textureArrayExpected', but there is no parameter with that name.
examples/jsm/loaders/KTXLoader.js(144,33): error TS2532: Object is possibly 'undefined'.
examples/jsm/loaders/KTXLoader.js(149,32): error TS18048: 'mipmapCount' is possibly 'undefined'.
examples/jsm/loaders/KTXLoader.js(154,31): error TS2532: Object is possibly 'undefined'.
examples/jsm/loaders/KTXLoader.js(165,27): error TS18048: 'width' is possibly 'undefined'.
examples/jsm/loaders/KTXLoader.js(166,28): error TS18048: 'height' is possibly 'undefined'.
examples/jsm/loaders/LDrawLoader.js(16,8): error TS2307: Cannot find module 'three' or its corresponding type declarations.
examples/jsm/loaders/LDrawLoader.js(246,4): error TS7053: Element implicitly has an 'any' type because expression of type 'string' can't be used to index type '{}'.
  No index signature with a parameter of type 'string' was found on type '{}'.
examples/jsm/loaders/LDrawLoader.js(259,15): error TS7053: Element implicitly has an 'any' type because expression of type 'string' can't be used to index type '{}'.
  No index signature with a parameter of type 'string' was found on type '{}'.
examples/jsm/loaders/LDrawLoader.js(291,12): error TS7053: Element implicitly has an 'any' type because expression of type 'string' can't be used to index type '{}'.
  No index signature with a parameter of type 'string' was found on type '{}'.
examples/jsm/loaders/LDrawLoader.js(294,23): error TS7053: Element implicitly has an 'any' type because expression of type 'string' can't be used to index type '{}'.
  No index signature with a parameter of type 'string' was found on type '{}'.
examples/jsm/loaders/LDrawLoader.js(318,14): error TS7053: Element implicitly has an 'any' type because expression of type 'string' can't be used to index type '{}'.
  No index signature with a parameter of type 'string' was found on type '{}'.
examples/jsm/loaders/LDrawLoader.js(664,11): error TS7053: Element implicitly has an 'any' type because expression of type 'any' can't be used to index type '{}'.
examples/jsm/loaders/LDrawLoader.js(766,10): error TS7053: Element implicitly has an 'any' type because expression of type 'any' can't be used to index type '{}'.
examples/jsm/loaders/LDrawLoader.js(1121,18): error TS7053: Element implicitly has an 'any' type because expression of type 'any' can't be used to index type '{}'.
examples/jsm/loaders/LDrawLoader.js(1148,4): error TS7053: Element implicitly has an 'any' type because expression of type 'any' can't be used to index type '{}'.
examples/jsm/loaders/LDrawLoader.js(1151,5): error TS7053: Element implicitly has an 'any' type because expression of type 'any' can't be used to index type '{}'.
examples/jsm/loaders/LDrawLoader.js(1158,9): error TS7053: Element implicitly has an 'any' type because expression of type 'any' can't be used to index type '{}'.
examples/jsm/loaders/LDrawLoader.js(1166,3): error TS7053: Element implicitly has an 'any' type because expression of type 'any' can't be used to index type '{}'.
examples/jsm/loaders/LDrawLoader.js(1362,51): error TS2339: Property 'colorCode' does not exist on type 'never'.
examples/jsm/loaders/LDrawLoader.js(1363,42): error TS2339: Property 'colorCode' does not exist on type 'never'.
examples/jsm/loaders/LDrawLoader.js(1423,24): error TS7053: Element implicitly has an 'any' type because expression of type 'any' can't be used to index type '{}'.
examples/jsm/loaders/LDrawLoader.js(1465,5): error TS7053: Element implicitly has an 'any' type because expression of type 'any' can't be used to index type '{}'.
examples/jsm/loaders/LDrawLoader.js(1526,52): error TS18047: 'totalElements' is possibly 'null'.
examples/jsm/loaders/LDrawLoader.js(1527,70): error TS18047: 'totalElements' is possibly 'null'.
examples/jsm/loaders/LDrawLoader.js(1603,5): error TS18047: 'normals' is possibly 'null'.
examples/jsm/loaders/LDrawLoader.js(1604,5): error TS18047: 'normals' is possibly 'null'.
examples/jsm/loaders/LDrawLoader.js(1605,5): error TS18047: 'normals' is possibly 'null'.
examples/jsm/loaders/LDrawLoader.js(1758,3): error TS7008: Member 'materials' implicitly has an 'any[]' type.
examples/jsm/loaders/LDrawLoader.js(1804,43): error TS2339: Property 'manager' does not exist on type 'LDrawLoader'.
examples/jsm/loaders/LDrawLoader.js(1805,28): error TS2339: Property 'path' does not exist on type 'LDrawLoader'.
examples/jsm/loaders/LDrawLoader.js(1806,37): error TS2339: Property 'requestHeader' does not exist on type 'LDrawLoader'.
examples/jsm/loaders/LDrawLoader.js(1807,39): error TS2339: Property 'withCredentials' does not exist on type 'LDrawLoader'.
examples/jsm/loaders/LDrawLoader.js(1832,43): error TS2339: Property 'manager' does not exist on type 'LDrawLoader'.
examples/jsm/loaders/LDrawLoader.js(1833,28): error TS2339: Property 'path' does not exist on type 'LDrawLoader'.
examples/jsm/loaders/LDrawLoader.js(1834,37): error TS2339: Property 'requestHeader' does not exist on type 'LDrawLoader'.
examples/jsm/loaders/LDrawLoader.js(1835,39): error TS2339: Property 'withCredentials' does not exist on type 'LDrawLoader'.
examples/jsm/loaders/LDrawLoader.js(1842,24): error TS2554: Expected 0-1 arguments, but got 2.
examples/jsm/loaders/LDrawLoader.js(1860,23): error TS2554: Expected 0-1 arguments, but got 2.
examples/jsm/loaders/LDrawLoader.js(1904,10): error TS7053: Element implicitly has an 'any' type because expression of type 'any' can't be used to index type '{}'.
examples/jsm/loaders/LDrawLoader.js(1907,4): error TS7053: Element implicitly has an 'any' type because expression of type 'any' can't be used to index type '{}'.
examples/jsm/loaders/LDrawLoader.js(1926,10): error TS7053: Element implicitly has an 'any' type because expression of type 'any' can't be used to index type '{}'.
examples/jsm/loaders/LDrawLoader.js(2154,100): error TS2339: Property 'getLineNumberString' does not exist on type 'typeof LineParser'.
examples/jsm/loaders/LottieLoader.js(7,8): error TS2307: Cannot find module 'three' or its corresponding type declarations.
examples/jsm/loaders/LottieLoader.js(9,20): error TS6307: File 'C:/Users/srigaud/Desktop/three.js/examples/jsm/libs/lottie_canvas.module.js' is not listed within the file list of project 'C:/Users/srigaud/Desktop/three.js/tsconfig.json'. Projects must list all files or use an 'include' pattern.
examples/jsm/loaders/LottieLoader.js(28,39): error TS2339: Property 'manager' does not exist on type 'LottieLoader'.
examples/jsm/loaders/LottieLoader.js(29,24): error TS2339: Property 'path' does not exist on type 'LottieLoader'.
examples/jsm/loaders/LottieLoader.js(30,35): error TS2339: Property 'withCredentials' does not exist on type 'LottieLoader'.
examples/jsm/loaders/LottieLoader.js(39,22): error TS2584: Cannot find name 'document'. Do you need to change your target library? Try changing the 'lib' compiler option to include 'dom'.
examples/jsm/loaders/LottieLoader.js(42,4): error TS2584: Cannot find name 'document'. Do you need to change your target library? Try changing the 'lib' compiler option to include 'dom'.
examples/jsm/loaders/LottieLoader.js(54,30): error TS2339: Property 'container' does not exist on type 'AnimationItem'.
examples/jsm/loaders/LottieLoader.js(56,14): error TS2339: Property 'addEventListener' does not exist on type 'AnimationItem'.
examples/jsm/loaders/LUT3dlLoader.js(13,8): error TS2307: Cannot find module 'three' or its corresponding type declarations.
examples/jsm/loaders/LUT3dlLoader.js(41,39): error TS2339: Property 'manager' does not exist on type 'LUT3dlLoader'.
examples/jsm/loaders/LUT3dlLoader.js(42,24): error TS2339: Property 'path' does not exist on type 'LUT3dlLoader'.
examples/jsm/loaders/LUT3dlLoader.js(62,10): error TS2339: Property 'manager' does not exist on type 'LUT3dlLoader'.
examples/jsm/loaders/LUTCubeLoader.js(12,8): error TS2307: Cannot find module 'three' or its corresponding type declarations.
examples/jsm/loaders/LUTCubeLoader.js(40,39): error TS2339: Property 'manager' does not exist on type 'LUTCubeLoader'.
examples/jsm/loaders/LUTCubeLoader.js(41,24): error TS2339: Property 'path' does not exist on type 'LUTCubeLoader'.
examples/jsm/loaders/LUTCubeLoader.js(61,10): error TS2339: Property 'manager' does not exist on type 'LUTCubeLoader'.
examples/jsm/loaders/LUTImageLoader.js(9,8): error TS2307: Cannot find module 'three' or its corresponding type declarations.
examples/jsm/loaders/LUTImageLoader.js(26,42): error TS2339: Property 'manager' does not exist on type 'LUTImageLoader'.
examples/jsm/loaders/LUTImageLoader.js(28,31): error TS2339: Property 'crossOrigin' does not exist on type 'LUTImageLoader'.
examples/jsm/loaders/LUTImageLoader.js(30,24): error TS2339: Property 'path' does not exist on type 'LUTImageLoader'.
examples/jsm/loaders/LUTImageLoader.js(61,10): error TS2339: Property 'manager' does not exist on type 'LUTImageLoader'.
examples/jsm/loaders/LUTImageLoader.js(74,18): error TS2584: Cannot find name 'document'. Do you need to change your target library? Try changing the 'lib' compiler option to include 'dom'.
examples/jsm/loaders/LUTImageLoader.js(98,18): error TS2584: Cannot find name 'document'. Do you need to change your target library? Try changing the 'lib' compiler option to include 'dom'.
examples/jsm/loaders/lwo/IFFParser.js(64,18): error TS2339: Property 'format' does not exist on type '{ materials: {}; layers: never[]; tags: never[]; textures: never[]; }'.
examples/jsm/loaders/lwo/IFFParser.js(66,18): error TS2339: Property 'format' does not exist on type '{ materials: {}; layers: never[]; tags: never[]; textures: never[]; }'.
examples/jsm/loaders/lwo/IFFParser.js(71,25): error TS2339: Property 'format' does not exist on type '{ materials: {}; layers: never[]; tags: never[]; textures: never[]; }'.
examples/jsm/loaders/lwo/IFFParser.js(78,17): error TS2339: Property 'offset' does not exist on type 'Debugger'.
examples/jsm/loaders/lwo/IFFParser.js(87,17): error TS2339: Property 'offset' does not exist on type 'Debugger'.
examples/jsm/loaders/lwo/IFFParser.js(87,26): error TS2532: Object is possibly 'undefined'.
examples/jsm/loaders/lwo/IFFParser.js(89,17): error TS2532: Object is possibly 'undefined'.
examples/jsm/loaders/lwo/IFFParser.js(98,16): error TS2532: Object is possibly 'undefined'.
examples/jsm/loaders/lwo/IFFParser.js(100,17): error TS2339: Property 'dataOffset' does not exist on type 'Debugger'.
examples/jsm/loaders/lwo/IFFParser.js(100,30): error TS2532: Object is possibly 'undefined'.
examples/jsm/loaders/lwo/IFFParser.js(101,17): error TS2339: Property 'length' does not exist on type 'Debugger'.
examples/jsm/loaders/lwo/IFFParser.js(103,14): error TS2532: Object is possibly 'undefined'.
examples/jsm/loaders/lwo/IFFParser.js(107,4): error TS2532: Object is possibly 'undefined'.
examples/jsm/loaders/lwo/IFFParser.js(107,14): error TS2339: Property 'format' does not exist on type '{ materials: {}; layers: never[]; tags: never[]; textures: never[]; }'.
examples/jsm/loaders/lwo/IFFParser.js(111,4): error TS2532: Object is possibly 'undefined'.
examples/jsm/loaders/lwo/IFFParser.js(111,14): error TS2339: Property 'format' does not exist on type '{ materials: {}; layers: never[]; tags: never[]; textures: never[]; }'.
examples/jsm/loaders/lwo/IFFParser.js(115,17): error TS2339: Property 'node' does not exist on type 'Debugger'.
examples/jsm/loaders/lwo/IFFParser.js(116,17): error TS2339: Property 'nodeID' does not exist on type 'Debugger'.
examples/jsm/loaders/lwo/IFFParser.js(132,14): error TS2532: Object is possibly 'undefined'.
examples/jsm/loaders/lwo/IFFParser.js(182,19): error TS2339: Property 'length' does not exist on type 'Debugger'.
examples/jsm/loaders/lwo/IFFParser.js(203,10): error TS2532: Object is possibly 'undefined'.
examples/jsm/loaders/lwo/IFFParser.js(203,20): error TS2339: Property 'format' does not exist on type '{ materials: {}; layers: never[]; tags: never[]; textures: never[]; }'.
examples/jsm/loaders/lwo/IFFParser.js(220,5): error TS2532: Object is possibly 'undefined'.
examples/jsm/loaders/lwo/IFFParser.js(222,13): error TS2532: Object is possibly 'undefined'.
examples/jsm/loaders/lwo/IFFParser.js(223,15): error TS2532: Object is possibly 'undefined'.
examples/jsm/loaders/lwo/IFFParser.js(230,31): error TS2554: Expected 0 arguments, but got 1.
examples/jsm/loaders/lwo/IFFParser.js(240,26): error TS2554: Expected 0 arguments, but got 1.
examples/jsm/loaders/lwo/IFFParser.js(303,17): error TS2339: Property 'node' does not exist on type 'Debugger'.
examples/jsm/loaders/lwo/IFFParser.js(304,17): error TS2339: Property 'nodeID' does not exist on type 'Debugger'.
examples/jsm/loaders/lwo/IFFParser.js(313,25): error TS2532: Object is possibly 'undefined'.
examples/jsm/loaders/lwo/IFFParser.js(336,3): error TS2532: Object is possibly 'undefined'.
examples/jsm/loaders/lwo/IFFParser.js(344,16): error TS2532: Object is possibly 'undefined'.
examples/jsm/loaders/lwo/IFFParser.js(344,39): error TS2532: Object is possibly 'undefined'.
examples/jsm/loaders/lwo/IFFParser.js(345,3): error TS2532: Object is possibly 'undefined'.
examples/jsm/loaders/lwo/IFFParser.js(351,3): error TS2532: Object is possibly 'undefined'.
examples/jsm/loaders/lwo/IFFParser.js(353,14): error TS2532: Object is possibly 'undefined'.
examples/jsm/loaders/lwo/IFFParser.js(361,12): error TS2532: Object is possibly 'undefined'.
examples/jsm/loaders/lwo/IFFParser.js(364,3): error TS2532: Object is possibly 'undefined'.
examples/jsm/loaders/lwo/IFFParser.js(364,3): error TS7053: Element implicitly has an 'any' type because expression of type 'any' can't be used to index type '{}'.
examples/jsm/loaders/lwo/IFFParser.js(367,21): error TS2532: Object is possibly 'undefined'.
examples/jsm/loaders/lwo/IFFParser.js(369,25): error TS2532: Object is possibly 'undefined'.
examples/jsm/loaders/lwo/IFFParser.js(375,14): error TS2532: Object is possibly 'undefined'.
examples/jsm/loaders/lwo/IFFParser.js(382,12): error TS2532: Object is possibly 'undefined'.
examples/jsm/loaders/lwo/IFFParser.js(385,3): error TS2532: Object is possibly 'undefined'.
examples/jsm/loaders/lwo/IFFParser.js(385,3): error TS7053: Element implicitly has an 'any' type because expression of type 'any' can't be used to index type '{}'.
examples/jsm/loaders/lwo/IFFParser.js(388,21): error TS2532: Object is possibly 'undefined'.
examples/jsm/loaders/lwo/IFFParser.js(390,25): error TS2532: Object is possibly 'undefined'.
examples/jsm/loaders/lwo/IFFParser.js(400,3): error TS2532: Object is possibly 'undefined'.
examples/jsm/loaders/lwo/IFFParser.js(401,14): error TS2532: Object is possibly 'undefined'.
examples/jsm/loaders/lwo/IFFParser.js(409,25): error TS2532: Object is possibly 'undefined'.
examples/jsm/loaders/lwo/IFFParser.js(417,25): error TS2532: Object is possibly 'undefined'.
examples/jsm/loaders/lwo/IFFParser.js(420,22): error TS2532: Object is possibly 'undefined'.
examples/jsm/loaders/lwo/IFFParser.js(427,3): error TS2532: Object is possibly 'undefined'.
examples/jsm/loaders/lwo/IFFParser.js(428,14): error TS2532: Object is possibly 'undefined'.
examples/jsm/loaders/lwo/IFFParser.js(429,22): error TS2532: Object is possibly 'undefined'.
examples/jsm/loaders/lwo/IFFParser.js(429,39): error TS2339: Property 'attributes' does not exist on type '{ name: any; }'.
examples/jsm/loaders/lwo/IFFParser.js(439,3): error TS2532: Object is possibly 'undefined'.
examples/jsm/loaders/lwo/IFFParser.js(441,19): error TS2532: Object is possibly 'undefined'.
examples/jsm/loaders/lwo/IFFParser.js(445,29): error TS2532: Object is possibly 'undefined'.
examples/jsm/loaders/lwo/IFFParser.js(449,29): error TS2532: Object is possibly 'undefined'.
examples/jsm/loaders/lwo/IFFParser.js(453,4): error TS2532: Object is possibly 'undefined'.
examples/jsm/loaders/lwo/IFFParser.js(454,29): error TS2532: Object is possibly 'undefined'.
examples/jsm/loaders/lwo/IFFParser.js(458,4): error TS2532: Object is possibly 'undefined'.
examples/jsm/loaders/lwo/IFFParser.js(459,29): error TS2532: Object is possibly 'undefined'.
examples/jsm/loaders/lwo/IFFParser.js(469,3): error TS2532: Object is possibly 'undefined'.
examples/jsm/loaders/lwo/IFFParser.js(471,34): error TS2532: Object is possibly 'undefined'.
examples/jsm/loaders/lwo/IFFParser.js(478,25): error TS2532: Object is possibly 'undefined'.
examples/jsm/loaders/lwo/IFFParser.js(487,3): error TS2532: Object is possibly 'undefined'.
examples/jsm/loaders/lwo/IFFParser.js(493,3): error TS2532: Object is possibly 'undefined'.
examples/jsm/loaders/lwo/IFFParser.js(495,3): error TS2532: Object is possibly 'undefined'.
examples/jsm/loaders/lwo/IFFParser.js(500,5): error TS2532: Object is possibly 'undefined'.
examples/jsm/loaders/lwo/IFFParser.js(500,22): error TS2339: Property 'scale' does not exist on type '{ name: any; }'.
examples/jsm/loaders/lwo/IFFParser.js(500,30): error TS2532: Object is possibly 'undefined'.
examples/jsm/loaders/lwo/IFFParser.js(503,5): error TS2532: Object is possibly 'undefined'.
examples/jsm/loaders/lwo/IFFParser.js(503,22): error TS2339: Property 'position' does not exist on type '{ name: any; }'.
examples/jsm/loaders/lwo/IFFParser.js(503,33): error TS2532: Object is possibly 'undefined'.
examples/jsm/loaders/lwo/IFFParser.js(506,5): error TS2532: Object is possibly 'undefined'.
examples/jsm/loaders/lwo/IFFParser.js(506,22): error TS2339: Property 'rotation' does not exist on type '{ name: any; }'.
examples/jsm/loaders/lwo/IFFParser.js(506,33): error TS2532: Object is possibly 'undefined'.
examples/jsm/loaders/lwo/IFFParser.js(509,5): error TS2532: Object is possibly 'undefined'.
examples/jsm/loaders/lwo/IFFParser.js(509,22): error TS2339: Property 'falloff' does not exist on type '{ name: any; }'.
examples/jsm/loaders/lwo/IFFParser.js(509,32): error TS2532: Object is possibly 'undefined'.
examples/jsm/loaders/lwo/IFFParser.js(513,5): error TS2532: Object is possibly 'undefined'.
examples/jsm/loaders/lwo/IFFParser.js(513,22): error TS2339: Property 'amplitude' does not exist on type '{ name: any; }'.
examples/jsm/loaders/lwo/IFFParser.js(513,34): error TS2532: Object is possibly 'undefined'.
examples/jsm/loaders/lwo/IFFParser.js(516,5): error TS2532: Object is possibly 'undefined'.
examples/jsm/loaders/lwo/IFFParser.js(516,22): error TS2339: Property 'uTiles' does not exist on type '{ name: any; }'.
examples/jsm/loaders/lwo/IFFParser.js(516,31): error TS2532: Object is possibly 'undefined'.
examples/jsm/loaders/lwo/IFFParser.js(519,5): error TS2532: Object is possibly 'undefined'.
examples/jsm/loaders/lwo/IFFParser.js(519,22): error TS2339: Property 'vTiles' does not exist on type '{ name: any; }'.
examples/jsm/loaders/lwo/IFFParser.js(519,31): error TS2532: Object is possibly 'undefined'.
examples/jsm/loaders/lwo/IFFParser.js(524,3): error TS2532: Object is possibly 'undefined'.
examples/jsm/loaders/lwo/IFFParser.js(532,3): error TS2532: Object is possibly 'undefined'.
examples/jsm/loaders/lwo/IFFParser.js(544,13): error TS2532: Object is possibly 'undefined'.
examples/jsm/loaders/lwo/IFFParser.js(549,4): error TS2532: Object is possibly 'undefined'.
examples/jsm/loaders/lwo/IFFParser.js(551,4): error TS2532: Object is possibly 'undefined'.
examples/jsm/loaders/lwo/IFFParser.js(551,21): error TS2339: Property 'fileName' does not exist on type '{ name: any; }'.
examples/jsm/loaders/lwo/IFFParser.js(551,32): error TS2532: Object is possibly 'undefined'.
examples/jsm/loaders/lwo/IFFParser.js(558,3): error TS2532: Object is possibly 'undefined'.
examples/jsm/loaders/lwo/IFFParser.js(558,26): error TS2532: Object is possibly 'undefined'.
examples/jsm/loaders/lwo/IFFParser.js(560,25): error TS2532: Object is possibly 'undefined'.
examples/jsm/loaders/lwo/IFFParser.js(563,3): error TS2532: Object is possibly 'undefined'.
examples/jsm/loaders/lwo/IFFParser.js(566,11): error TS2532: Object is possibly 'undefined'.
examples/jsm/loaders/lwo/IFFParser.js(568,3): error TS2532: Object is possibly 'undefined'.
examples/jsm/loaders/lwo/IFFParser.js(568,28): error TS2345: Argument of type '{ index: number; }' is not assignable to parameter of type 'never'.
examples/jsm/loaders/lwo/IFFParser.js(576,11): error TS2532: Object is possibly 'undefined'.
examples/jsm/loaders/lwo/IFFParser.js(583,14): error TS2532: Object is possibly 'undefined'.
examples/jsm/loaders/lwo/IFFParser.js(584,19): error TS2532: Object is possibly 'undefined'.
examples/jsm/loaders/lwo/IFFParser.js(587,24): error TS2532: Object is possibly 'undefined'.
examples/jsm/loaders/lwo/IFFParser.js(600,3): error TS2532: Object is possibly 'undefined'.
examples/jsm/loaders/lwo/IFFParser.js(600,28): error TS2345: Argument of type '{ index: number; fileName: string; }' is not assignable to parameter of type 'never'.
examples/jsm/loaders/lwo/IFFParser.js(607,3): error TS2532: Object is possibly 'undefined'.
examples/jsm/loaders/lwo/IFFParser.js(608,31): error TS2532: Object is possibly 'undefined'.
examples/jsm/loaders/lwo/IFFParser.js(614,19): error TS2532: Object is possibly 'undefined'.
examples/jsm/loaders/lwo/IFFParser.js(615,3): error TS2532: Object is possibly 'undefined'.
examples/jsm/loaders/lwo/IFFParser.js(617,30): error TS2532: Object is possibly 'undefined'.
examples/jsm/loaders/lwo/IFFParser.js(619,3): error TS2532: Object is possibly 'undefined'.
examples/jsm/loaders/lwo/IFFParser.js(625,19): error TS2532: Object is possibly 'undefined'.
examples/jsm/loaders/lwo/IFFParser.js(626,3): error TS2532: Object is possibly 'undefined'.
examples/jsm/loaders/lwo/IFFParser.js(629,7): error TS2532: Object is possibly 'undefined'.
examples/jsm/loaders/lwo/IFFParser.js(630,7): error TS2532: Object is possibly 'undefined'.
examples/jsm/loaders/lwo/IFFParser.js(631,7): error TS2532: Object is possibly 'undefined'.
examples/jsm/loaders/lwo/IFFParser.js(634,3): error TS2532: Object is possibly 'undefined'.
examples/jsm/loaders/lwo/IFFParser.js(642,10): error TS2532: Object is possibly 'undefined'.
examples/jsm/loaders/lwo/IFFParser.js(642,20): error TS2339: Property 'objectTags' does not exist on type '{ materials: {}; layers: never[]; tags: never[]; textures: never[]; }'.
examples/jsm/loaders/lwo/IFFParser.js(642,33): error TS2532: Object is possibly 'undefined'.
examples/jsm/loaders/lwo/IFFParser.js(642,43): error TS2339: Property 'objectTags' does not exist on type '{ materials: {}; layers: never[]; tags: never[]; textures: never[]; }'.
examples/jsm/loaders/lwo/IFFParser.js(644,3): error TS2532: Object is possibly 'undefined'.
examples/jsm/loaders/lwo/IFFParser.js(644,13): error TS2339: Property 'objectTags' does not exist on type '{ materials: {}; layers: never[]; tags: never[]; textures: never[]; }'.
examples/jsm/loaders/lwo/IFFParser.js(644,25): error TS2532: Object is possibly 'undefined'.
examples/jsm/loaders/lwo/IFFParser.js(645,15): error TS2532: Object is possibly 'undefined'.
examples/jsm/loaders/lwo/IFFParser.js(654,16): error TS2532: Object is possibly 'undefined'.
examples/jsm/loaders/lwo/IFFParser.js(655,15): error TS2532: Object is possibly 'undefined'.
examples/jsm/loaders/lwo/IFFParser.js(656,15): error TS2532: Object is possibly 'undefined'.
examples/jsm/loaders/lwo/IFFParser.js(661,10): error TS2532: Object is possibly 'undefined'.
examples/jsm/loaders/lwo/IFFParser.js(664,3): error TS2532: Object is possibly 'undefined'.
examples/jsm/loaders/lwo/IFFParser.js(664,26): error TS2345: Argument of type '{ number: number; flags: number; pivot: number[]; name: any; }' is not assignable to parameter of type 'never'.
examples/jsm/loaders/lwo/IFFParser.js(670,21): error TS2339: Property 'parent' does not exist on type '{ number: number; flags: number; pivot: number[]; name: any; }'.
examples/jsm/loaders/lwo/IFFParser.js(670,58): error TS2532: Object is possibly 'undefined'.
examples/jsm/loaders/lwo/IFFParser.js(679,3): error TS7008: Member 'currentPoints' implicitly has an 'any[]' type.
examples/jsm/loaders/lwo/IFFParser.js(683,31): error TS2532: Object is possibly 'undefined'.
examples/jsm/loaders/lwo/IFFParser.js(683,57): error TS2532: Object is possibly 'undefined'.
examples/jsm/loaders/lwo/IFFParser.js(683,83): error TS2532: Object is possibly 'undefined'.
examples/jsm/loaders/lwo/IFFParser.js(701,21): error TS2532: Object is possibly 'undefined'.
examples/jsm/loaders/lwo/IFFParser.js(703,21): error TS2532: Object is possibly 'undefined'.
examples/jsm/loaders/lwo/IFFParser.js(705,8): error TS2532: Object is possibly 'undefined'.
examples/jsm/loaders/lwo/IFFParser.js(714,3): error TS2532: Object is possibly 'undefined'.
examples/jsm/loaders/lwo/IFFParser.js(714,26): error TS2532: Object is possibly 'undefined'.
examples/jsm/loaders/lwo/IFFParser.js(716,14): error TS2532: Object is possibly 'undefined'.
examples/jsm/loaders/lwo/IFFParser.js(718,3): error TS2532: Object is possibly 'undefined'.
examples/jsm/loaders/lwo/IFFParser.js(719,14): error TS2532: Object is possibly 'undefined'.
examples/jsm/loaders/lwo/IFFParser.js(740,5): error TS2532: Object is possibly 'undefined'.
examples/jsm/loaders/lwo/IFFParser.js(744,5): error TS2532: Object is possibly 'undefined'.
examples/jsm/loaders/lwo/IFFParser.js(756,11): error TS2532: Object is possibly 'undefined'.
examples/jsm/loaders/lwo/IFFParser.js(758,20): error TS2532: Object is possibly 'undefined'.
examples/jsm/loaders/lwo/IFFParser.js(760,43): error TS2532: Object is possibly 'undefined'.
examples/jsm/loaders/lwo/IFFParser.js(762,14): error TS2532: Object is possibly 'undefined'.
examples/jsm/loaders/lwo/IFFParser.js(762,40): error TS2532: Object is possibly 'undefined'.
examples/jsm/loaders/lwo/IFFParser.js(768,11): error TS2532: Object is possibly 'undefined'.
examples/jsm/loaders/lwo/IFFParser.js(768,29): error TS2339: Property 'discontinuousUVs' does not exist on type '{ materials: {}; layers: never[]; tags: never[]; textures: never[]; } | { number: number; flags: number; pivot: number[]; name: any; }'.
  Property 'discontinuousUVs' does not exist on type '{ materials: {}; layers: never[]; tags: never[]; textures: never[]; }'.
examples/jsm/loaders/lwo/IFFParser.js(768,48): error TS2532: Object is possibly 'undefined'.
examples/jsm/loaders/lwo/IFFParser.js(768,66): error TS2339: Property 'discontinuousUVs' does not exist on type '{ materials: {}; layers: never[]; tags: never[]; textures: never[]; } | { number: number; flags: number; pivot: number[]; name: any; }'.
  Property 'discontinuousUVs' does not exist on type '{ materials: {}; layers: never[]; tags: never[]; textures: never[]; }'.
examples/jsm/loaders/lwo/IFFParser.js(770,4): error TS2532: Object is possibly 'undefined'.
examples/jsm/loaders/lwo/IFFParser.js(770,22): error TS2339: Property 'discontinuousUVs' does not exist on type '{ materials: {}; layers: never[]; tags: never[]; textures: never[]; } | { number: number; flags: number; pivot: number[]; name: any; }'.
  Property 'discontinuousUVs' does not exist on type '{ materials: {}; layers: never[]; tags: never[]; textures: never[]; }'.
examples/jsm/loaders/lwo/IFFParser.js(778,11): error TS2532: Object is possibly 'undefined'.
examples/jsm/loaders/lwo/IFFParser.js(778,29): error TS2339: Property 'uvs' does not exist on type '{ materials: {}; layers: never[]; tags: never[]; textures: never[]; } | { number: number; flags: number; pivot: number[]; name: any; }'.
  Property 'uvs' does not exist on type '{ materials: {}; layers: never[]; tags: never[]; textures: never[]; }'.
examples/jsm/loaders/lwo/IFFParser.js(778,35): error TS2532: Object is possibly 'undefined'.
examples/jsm/loaders/lwo/IFFParser.js(778,53): error TS2339: Property 'uvs' does not exist on type '{ materials: {}; layers: never[]; tags: never[]; textures: never[]; } | { number: number; flags: number; pivot: number[]; name: any; }'.
  Property 'uvs' does not exist on type '{ materials: {}; layers: never[]; tags: never[]; textures: never[]; }'.
examples/jsm/loaders/lwo/IFFParser.js(780,4): error TS2532: Object is possibly 'undefined'.
examples/jsm/loaders/lwo/IFFParser.js(780,22): error TS2339: Property 'uvs' does not exist on type '{ materials: {}; layers: never[]; tags: never[]; textures: never[]; } | { number: number; flags: number; pivot: number[]; name: any; }'.
  Property 'uvs' does not exist on type '{ materials: {}; layers: never[]; tags: never[]; textures: never[]; }'.
examples/jsm/loaders/lwo/IFFParser.js(796,11): error TS2532: Object is possibly 'undefined'.
examples/jsm/loaders/lwo/IFFParser.js(798,18): error TS2532: Object is possibly 'undefined'.
examples/jsm/loaders/lwo/IFFParser.js(800,17): error TS2532: Object is possibly 'undefined'.
examples/jsm/loaders/lwo/IFFParser.js(800,43): error TS2532: Object is possibly 'undefined'.
examples/jsm/loaders/lwo/IFFParser.js(800,71): error TS2532: Object is possibly 'undefined'.
examples/jsm/loaders/lwo/IFFParser.js(804,10): error TS2532: Object is possibly 'undefined'.
examples/jsm/loaders/lwo/IFFParser.js(804,28): error TS2339: Property 'morphTargets' does not exist on type '{ materials: {}; layers: never[]; tags: never[]; textures: never[]; } | { number: number; flags: number; pivot: number[]; name: any; }'.
  Property 'morphTargets' does not exist on type '{ materials: {}; layers: never[]; tags: never[]; textures: never[]; }'.
examples/jsm/loaders/lwo/IFFParser.js(804,43): error TS2532: Object is possibly 'undefined'.
examples/jsm/loaders/lwo/IFFParser.js(804,61): error TS2339: Property 'morphTargets' does not exist on type '{ materials: {}; layers: never[]; tags: never[]; textures: never[]; } | { number: number; flags: number; pivot: number[]; name: any; }'.
  Property 'morphTargets' does not exist on type '{ materials: {}; layers: never[]; tags: never[]; textures: never[]; }'.
examples/jsm/loaders/lwo/IFFParser.js(806,3): error TS2532: Object is possibly 'undefined'.
examples/jsm/loaders/lwo/IFFParser.js(806,21): error TS2339: Property 'morphTargets' does not exist on type '{ materials: {}; layers: never[]; tags: never[]; textures: never[]; } | { number: number; flags: number; pivot: number[]; name: any; }'.
  Property 'morphTargets' does not exist on type '{ materials: {}; layers: never[]; tags: never[]; textures: never[]; }'.
examples/jsm/loaders/lwo/IFFParser.js(818,21): error TS2532: Object is possibly 'undefined'.
examples/jsm/loaders/lwo/IFFParser.js(819,14): error TS2532: Object is possibly 'undefined'.
examples/jsm/loaders/lwo/IFFParser.js(826,11): error TS2532: Object is possibly 'undefined'.
examples/jsm/loaders/lwo/IFFParser.js(828,19): error TS2532: Object is possibly 'undefined'.
examples/jsm/loaders/lwo/IFFParser.js(834,56): error TS2532: Object is possibly 'undefined'.
examples/jsm/loaders/lwo/IFFParser.js(849,3): error TS2532: Object is possibly 'undefined'.
examples/jsm/loaders/lwo/IFFParser.js(849,21): error TS2339: Property 'geometry' does not exist on type '{ materials: {}; layers: never[]; tags: never[]; textures: never[]; } | { number: number; flags: number; pivot: number[]; name: any; }'.
  Property 'geometry' does not exist on type '{ materials: {}; layers: never[]; tags: never[]; textures: never[]; }'.
examples/jsm/loaders/lwo/IFFParser.js(857,3): error TS2532: Object is possibly 'undefined'.
examples/jsm/loaders/lwo/IFFParser.js(857,20): error TS2532: Object is possibly 'undefined'.
examples/jsm/loaders/lwo/IFFParser.js(865,21): error TS2532: Object is possibly 'undefined'.
examples/jsm/loaders/lwo/IFFParser.js(866,14): error TS2532: Object is possibly 'undefined'.
examples/jsm/loaders/lwo/IFFParser.js(870,4): error TS2532: Object is possibly 'undefined'.
examples/jsm/loaders/lwo/IFFParser.js(879,3): error TS2532: Object is possibly 'undefined'.
examples/jsm/loaders/lwo/IFFParser.js(879,21): error TS2339: Property 'geometry' does not exist on type '{ materials: {}; layers: never[]; tags: never[]; textures: never[]; } | { number: number; flags: number; pivot: number[]; name: any; }'.
  Property 'geometry' does not exist on type '{ materials: {}; layers: never[]; tags: never[]; textures: never[]; }'.
examples/jsm/loaders/lwo/IFFParser.js(881,11): error TS2532: Object is possibly 'undefined'.
examples/jsm/loaders/lwo/IFFParser.js(883,23): error TS2532: Object is possibly 'undefined'.
examples/jsm/loaders/lwo/IFFParser.js(884,24): error TS2532: Object is possibly 'undefined'.
examples/jsm/loaders/lwo/IFFParser.js(886,4): error TS2532: Object is possibly 'undefined'.
examples/jsm/loaders/lwo/IFFParser.js(886,22): error TS2339: Property 'geometry' does not exist on type '{ materials: {}; layers: never[]; tags: never[]; textures: never[]; } | { number: number; flags: number; pivot: number[]; name: any; }'.
  Property 'geometry' does not exist on type '{ materials: {}; layers: never[]; tags: never[]; textures: never[]; }'.
examples/jsm/loaders/lwo/IFFParser.js(899,14): error TS2532: Object is possibly 'undefined'.
examples/jsm/loaders/lwo/IFFParser.js(1018,53): error TS2339: Property 'littleEndian' does not exist on type 'DataViewReader'.
examples/jsm/loaders/lwo/IFFParser.js(1120,3): error TS7008: Member 'formList' implicitly has an 'any[]' type.
examples/jsm/loaders/lwo/IFFParser.js(1136,17): error TS2339: Property 'node' does not exist on type 'Debugger'.
examples/jsm/loaders/lwo/IFFParser.js(1155,9): error TS2339: Property 'nodeID' does not exist on type 'Debugger'.
examples/jsm/loaders/lwo/IFFParser.js(1156,14): error TS2339: Property 'offset' does not exist on type 'Debugger'.
examples/jsm/loaders/lwo/IFFParser.js(1156,36): error TS2339: Property 'dataOffset' does not exist on type 'Debugger'.
examples/jsm/loaders/lwo/IFFParser.js(1156,54): error TS2339: Property 'length' does not exist on type 'Debugger'.
examples/jsm/loaders/lwo/IFFParser.js(1157,13): error TS2339: Property 'node' does not exist on type 'Debugger'.
examples/jsm/loaders/lwo/IFFParser.js(1159,13): error TS2339: Property 'node' does not exist on type 'Debugger'.
examples/jsm/loaders/lwo/IFFParser.js(1162,13): error TS2339: Property 'node' does not exist on type 'Debugger'.
examples/jsm/loaders/lwo/IFFParser.js(1165,29): error TS2339: Property 'dataOffset' does not exist on type 'Debugger'.
examples/jsm/loaders/lwo/IFFParser.js(1165,47): error TS2339: Property 'length' does not exist on type 'Debugger'.
examples/jsm/loaders/lwo/IFFParser.js(1179,14): error TS2339: Property 'offset' does not exist on type 'Debugger'.
examples/jsm/loaders/LWOLoader.js(40,8): error TS2307: Cannot find module 'three' or its corresponding type declarations.
examples/jsm/loaders/LWOLoader.js(52,36): error TS2339: Property 'resourcePath' does not exist on type '{}'.
examples/jsm/loaders/LWOLoader.js(52,78): error TS2339: Property 'resourcePath' does not exist on type '{}'.
examples/jsm/loaders/LWOLoader.js(60,24): error TS2339: Property 'path' does not exist on type 'LWOLoader'.
examples/jsm/loaders/LWOLoader.js(60,83): error TS2339: Property 'path' does not exist on type 'LWOLoader'.
examples/jsm/loaders/LWOLoader.js(65,39): error TS2339: Property 'manager' does not exist on type 'LWOLoader'.
examples/jsm/loaders/LWOLoader.js(66,25): error TS2339: Property 'path' does not exist on type 'LWOLoader'.
examples/jsm/loaders/LWOLoader.js(89,11): error TS2339: Property 'manager' does not exist on type 'LWOLoader'.
examples/jsm/loaders/LWOLoader.js(105,49): error TS2339: Property 'manager' does not exist on type 'LWOLoader'.
examples/jsm/loaders/LWOLoader.js(105,117): error TS2339: Property 'crossOrigin' does not exist on type 'LWOLoader'.
examples/jsm/loaders/LWOLoader.js(238,11): error TS2339: Property 'size' does not exist on type '{ color: any; }'.
examples/jsm/loaders/LWOLoader.js(239,11): error TS2339: Property 'map' does not exist on type '{ color: any; }'.
examples/jsm/loaders/LWOLoader.js(262,10): error TS2532: Object is possibly 'undefined'.
examples/jsm/loaders/LWOLoader.js(293,79): error TS2554: Expected 0-2 arguments, but got 3.
examples/jsm/loaders/LWOLoader.js(315,45): error TS2339: Property 'attributes' does not exist on type '{ maps: {}; }'.
examples/jsm/loaders/LWOLoader.js(315,73): error TS2554: Expected 0-3 arguments, but got 4.
examples/jsm/loaders/LWOLoader.js(317,56): error TS2339: Property 'attributes' does not exist on type '{ maps: {}; }'.
examples/jsm/loaders/LWOLoader.js(321,27): error TS2769: No overload matches this call.
  Overload 1 of 4, '(target: {}, source: { name: any; side: any; flatShading: boolean; }): { name: any; side: any; flatShading: boolean; }', gave the following error.
    Argument of type '{ map: any; roughnessMap: any; roughness: number; specularMap: any; specular: number; emissiveMap: any; emissive: number; metalnessMap: any; metalness: number; alphaMap: any; transparent: boolean; normalMap: any; normalScale: any; bumpMap: any; } | undefined' is not assignable to parameter of type '{}'.
      Type 'undefined' is not assignable to type '{}'.
  Overload 2 of 4, '(target: object, ...sources: any[]): any', gave the following error.
    Argument of type '{ map: any; roughnessMap: any; roughness: number; specularMap: any; specular: number; emissiveMap: any; emissive: number; metalnessMap: any; metalness: number; alphaMap: any; transparent: boolean; normalMap: any; normalScale: any; bumpMap: any; } | undefined' is not assignable to parameter of type 'object'.
      Type 'undefined' is not assignable to type 'object'.
examples/jsm/loaders/LWOLoader.js(324,58): error TS2339: Property 'attributes' does not exist on type '{ maps: {}; }'.
examples/jsm/loaders/LWOLoader.js(326,59): error TS2339: Property 'refractionRatio' does not exist on type '{ name: any; side: any; flatShading: boolean; }'.
examples/jsm/loaders/LWOLoader.js(388,25): error TS2339: Property 'attributes' does not exist on type '{ maps: {}; }'.
examples/jsm/loaders/LWOLoader.js(389,25): error TS2339: Property 'envMap' does not exist on type '{ maps: {}; }'.
examples/jsm/loaders/LWOLoader.js(390,25): error TS2339: Property 'name' does not exist on type '{ maps: {}; }'.
examples/jsm/loaders/LWOLoader.js(398,38): error TS2339: Property 'name' does not exist on type '{ maps: {}; }'.
examples/jsm/loaders/LWOLoader.js(400,5): error TS7053: Element implicitly has an 'any' type because expression of type 'any' can't be used to index type '{}'.
examples/jsm/loaders/LWOLoader.js(499,66): error TS2554: Expected 0-1 arguments, but got 2.
examples/jsm/loaders/LWOLoader.js(579,53): error TS2554: Expected 0-2 arguments, but got 3.
examples/jsm/loaders/LWOLoader.js(786,35): error TS2554: Expected 0-2 arguments, but got 3.
examples/jsm/loaders/LWOLoader.js(787,44): error TS2554: Expected 0-2 arguments, but got 3.
examples/jsm/loaders/LWOLoader.js(877,10): error TS7053: Element implicitly has an 'any' type because expression of type 'any' can't be used to index type '{}'.
examples/jsm/loaders/LWOLoader.js(879,21): error TS7053: Element implicitly has an 'any' type because expression of type 'any' can't be used to index type '{}'.
examples/jsm/loaders/LWOLoader.js(884,6): error TS7053: Element implicitly has an 'any' type because expression of type 'any' can't be used to index type '{}'.
examples/jsm/loaders/LWOLoader.js(907,9): error TS7053: Element implicitly has an 'any' type because expression of type 'any' can't be used to index type '{}'.
examples/jsm/loaders/LWOLoader.js(909,20): error TS7053: Element implicitly has an 'any' type because expression of type 'any' can't be used to index type '{}'.
examples/jsm/loaders/LWOLoader.js(914,5): error TS7053: Element implicitly has an 'any' type because expression of type 'any' can't be used to index type '{}'.
examples/jsm/loaders/MaterialXLoader.js(1,116): error TS2307: Cannot find module 'three/webgpu' or its corresponding type declarations.
examples/jsm/loaders/MaterialXLoader.js(18,8): error TS2307: Cannot find module 'three/tsl' or its corresponding type declarations.
examples/jsm/loaders/MaterialXLoader.js(146,32): error TS7053: Element implicitly has an 'any' type because expression of type 'any' can't be used to index type '{}'.
examples/jsm/loaders/MaterialXLoader.js(172,24): error TS2339: Property 'manager' does not exist on type 'MaterialXLoader'.
examples/jsm/loaders/MaterialXLoader.js(173,19): error TS2339: Property 'path' does not exist on type 'MaterialXLoader'.
examples/jsm/loaders/MaterialXLoader.js(194,30): error TS2339: Property 'manager' does not exist on type 'MaterialXLoader'.
examples/jsm/loaders/MaterialXLoader.js(194,44): error TS2339: Property 'path' does not exist on type 'MaterialXLoader'.
examples/jsm/loaders/MaterialXLoader.js(208,3): error TS7008: Member 'parent' implicitly has an 'any' type.
examples/jsm/loaders/MaterialXLoader.js(210,3): error TS7022: 'node' implicitly has type 'any' because it does not have a type annotation and is referenced directly or indirectly in its own initializer.
examples/jsm/loaders/MaterialXLoader.js(212,3): error TS7008: Member 'children' implicitly has an 'any[]' type.
examples/jsm/loaders/MaterialXLoader.js(335,10): error TS7053: Element implicitly has an 'any' type because expression of type 'string' can't be used to index type '{ mx_srgb_texture_to_lin_rec709: any; }'.
  No index signature with a parameter of type 'string' was found on type '{ mx_srgb_texture_to_lin_rec709: any; }'.
examples/jsm/loaders/MaterialXLoader.js(379,7): error TS7022: 'node' implicitly has type 'any' because it does not have a type annotation and is referenced directly or indirectly in its own initializer.
examples/jsm/loaders/MaterialXLoader.js(484,16): error TS7053: Element implicitly has an 'any' type because expression of type 'any' can't be used to index type '{}'.
examples/jsm/loaders/MaterialXLoader.js(486,25): error TS7053: Element implicitly has an 'any' type because expression of type 'any' can't be used to index type '{}'.
examples/jsm/loaders/MaterialXLoader.js(552,4): error TS7053: Element implicitly has an 'any' type because expression of type 'any' can't be used to index type '{}'.
examples/jsm/loaders/MaterialXLoader.js(568,19): error TS7019: Rest parameter 'names' implicitly has an 'any[]' type.
examples/jsm/loaders/MaterialXLoader.js(636,15): error TS2339: Property 'base' does not exist on type '{}'.
examples/jsm/loaders/MaterialXLoader.js(636,30): error TS2339: Property 'base_color' does not exist on type '{}'.
examples/jsm/loaders/MaterialXLoader.js(636,67): error TS2339: Property 'base' does not exist on type '{}'.
examples/jsm/loaders/MaterialXLoader.js(636,80): error TS2339: Property 'base_color' does not exist on type '{}'.
examples/jsm/loaders/MaterialXLoader.js(637,20): error TS2339: Property 'base' does not exist on type '{}'.
examples/jsm/loaders/MaterialXLoader.js(637,46): error TS2339: Property 'base' does not exist on type '{}'.
examples/jsm/loaders/MaterialXLoader.js(638,20): error TS2339: Property 'base_color' does not exist on type '{}'.
examples/jsm/loaders/MaterialXLoader.js(638,52): error TS2339: Property 'base_color' does not exist on type '{}'.
examples/jsm/loaders/MaterialXLoader.js(644,15): error TS2339: Property 'specular_roughness' does not exist on type '{}'.
examples/jsm/loaders/MaterialXLoader.js(644,59): error TS2339: Property 'specular_roughness' does not exist on type '{}'.
examples/jsm/loaders/MaterialXLoader.js(650,15): error TS2339: Property 'metalness' does not exist on type '{}'.
examples/jsm/loaders/MaterialXLoader.js(650,50): error TS2339: Property 'metalness' does not exist on type '{}'.
examples/jsm/loaders/MaterialXLoader.js(657,15): error TS2339: Property 'coat' does not exist on type '{}'.
examples/jsm/loaders/MaterialXLoader.js(657,45): error TS2339: Property 'coat' does not exist on type '{}'.
examples/jsm/loaders/MaterialXLoader.js(658,15): error TS2339: Property 'coat_roughness' does not exist on type '{}'.
examples/jsm/loaders/MaterialXLoader.js(658,64): error TS2339: Property 'coat_roughness' does not exist on type '{}'.
examples/jsm/loaders/MaterialXLoader.js(660,15): error TS2339: Property 'coat_color' does not exist on type '{}'.
examples/jsm/loaders/MaterialXLoader.js(662,51): error TS2339: Property 'coat_color' does not exist on type '{}'.
examples/jsm/loaders/MaterialXLoader.js(670,15): error TS2339: Property 'normal' does not exist on type '{}'.
examples/jsm/loaders/MaterialXLoader.js(670,44): error TS2339: Property 'normal' does not exist on type '{}'.
examples/jsm/loaders/MaterialXLoader.js(676,15): error TS2339: Property 'emission' does not exist on type '{}'.
examples/jsm/loaders/MaterialXLoader.js(676,48): error TS2339: Property 'emission' does not exist on type '{}'.
examples/jsm/loaders/MaterialXLoader.js(677,15): error TS2339: Property 'emissionColor' does not exist on type '{}'.
examples/jsm/loaders/MaterialXLoader.js(679,60): error TS2339: Property 'emissionColor' does not exist on type '{}'.
examples/jsm/loaders/MaterialXLoader.js(768,5): error TS7053: Element implicitly has an 'any' type because expression of type 'any' can't be used to index type '{}'.
examples/jsm/loaders/MaterialXLoader.js(784,6): error TS7053: Element implicitly has an 'any' type because expression of type 'any' can't be used to index type '{}'.
examples/jsm/loaders/MaterialXLoader.js(833,20): error TS7019: Rest parameter 'names' implicitly has an 'any[]' type.
examples/jsm/loaders/MD2Loader.js(8,8): error TS2307: Cannot find module 'three' or its corresponding type declarations.
examples/jsm/loaders/MD2Loader.js(106,40): error TS2339: Property 'manager' does not exist on type 'MD2Loader'.
examples/jsm/loaders/MD2Loader.js(107,25): error TS2339: Property 'path' does not exist on type 'MD2Loader'.
examples/jsm/loaders/MD2Loader.js(109,34): error TS2339: Property 'requestHeader' does not exist on type 'MD2Loader'.
examples/jsm/loaders/MD2Loader.js(110,36): error TS2339: Property 'withCredentials' does not exist on type 'MD2Loader'.
examples/jsm/loaders/MD2Loader.js(129,11): error TS2339: Property 'manager' does not exist on type 'MD2Loader'.
examples/jsm/loaders/MD2Loader.js(154,4): error TS7053: Element implicitly has an 'any' type because expression of type 'string' can't be used to index type '{}'.
  No index signature with a parameter of type 'string' was found on type '{}'.
examples/jsm/loaders/MD2Loader.js(158,15): error TS2339: Property 'ident' does not exist on type '{}'.
examples/jsm/loaders/MD2Loader.js(158,45): error TS2339: Property 'version' does not exist on type '{}'.
examples/jsm/loaders/MD2Loader.js(165,15): error TS2339: Property 'offset_end' does not exist on type '{}'.
examples/jsm/loaders/MD2Loader.js(179,23): error TS2339: Property 'offset_st' does not exist on type '{}'.
examples/jsm/loaders/MD2Loader.js(181,31): error TS2339: Property 'num_st' does not exist on type '{}'.
examples/jsm/loaders/MD2Loader.js(186,29): error TS2339: Property 'skinwidth' does not exist on type '{}'.
examples/jsm/loaders/MD2Loader.js(186,57): error TS2339: Property 'skinheight' does not exist on type '{}'.
examples/jsm/loaders/MD2Loader.js(194,19): error TS2339: Property 'offset_tris' does not exist on type '{}'.
examples/jsm/loaders/MD2Loader.js(199,31): error TS2339: Property 'num_tris' does not exist on type '{}'.
examples/jsm/loaders/MD2Loader.js(224,19): error TS2339: Property 'offset_frames' does not exist on type '{}'.
examples/jsm/loaders/MD2Loader.js(226,31): error TS2339: Property 'num_frames' does not exist on type '{}'.
examples/jsm/loaders/MD2Loader.js(261,32): error TS2339: Property 'num_vertices' does not exist on type '{}'.
examples/jsm/loaders/MD2Loader.js(272,26): error TS2345: Argument of type 'number' is not assignable to parameter of type 'never'.
examples/jsm/loaders/MD2Loader.js(273,25): error TS2345: Argument of type 'number' is not assignable to parameter of type 'never'.
examples/jsm/loaders/MDDLoader.js(19,8): error TS2307: Cannot find module 'three' or its corresponding type declarations.
examples/jsm/loaders/MDDLoader.js(33,39): error TS2339: Property 'manager' does not exist on type 'MDDLoader'.
examples/jsm/loaders/MDDLoader.js(34,24): error TS2339: Property 'path' does not exist on type 'MDDLoader'.
examples/jsm/loaders/MTLLoader.js(14,8): error TS2307: Cannot find module 'three' or its corresponding type declarations.
examples/jsm/loaders/MTLLoader.js(45,23): error TS2339: Property 'path' does not exist on type 'MTLLoader'.
examples/jsm/loaders/MTLLoader.js(45,80): error TS2339: Property 'path' does not exist on type 'MTLLoader'.
examples/jsm/loaders/MTLLoader.js(47,39): error TS2339: Property 'manager' does not exist on type 'MTLLoader'.
examples/jsm/loaders/MTLLoader.js(48,24): error TS2339: Property 'path' does not exist on type 'MTLLoader'.
examples/jsm/loaders/MTLLoader.js(49,33): error TS2339: Property 'requestHeader' does not exist on type 'MTLLoader'.
examples/jsm/loaders/MTLLoader.js(50,35): error TS2339: Property 'withCredentials' does not exist on type 'MTLLoader'.
examples/jsm/loaders/MTLLoader.js(55,5): error TS2722: Cannot invoke an object which is possibly 'undefined'.
examples/jsm/loaders/MTLLoader.js(69,11): error TS2339: Property 'manager' does not exist on type 'MTLLoader'.
examples/jsm/loaders/MTLLoader.js(128,5): error TS7053: Element implicitly has an 'any' type because expression of type 'string' can't be used to index type '{}'.
  No index signature with a parameter of type 'string' was found on type '{}'.
examples/jsm/loaders/MTLLoader.js(135,6): error TS7053: Element implicitly has an 'any' type because expression of type '"ks" | "ka" | "kd" | "ke"' can't be used to index type '{}'.
  Property 'ks' does not exist on type '{}'.
examples/jsm/loaders/MTLLoader.js(139,6): error TS7053: Element implicitly has an 'any' type because expression of type 'string' can't be used to index type '{}'.
  No index signature with a parameter of type 'string' was found on type '{}'.
examples/jsm/loaders/MTLLoader.js(147,53): error TS2339: Property 'resourcePath' does not exist on type 'MTLLoader'.
examples/jsm/loaders/MTLLoader.js(148,40): error TS2339: Property 'crossOrigin' does not exist on type 'MTLLoader'.
examples/jsm/loaders/MTLLoader.js(149,36): error TS2339: Property 'manager' does not exist on type 'MTLLoader'.
examples/jsm/loaders/MTLLoader.js(180,3): error TS7008: Member 'materialsArray' implicitly has an 'any[]' type.
examples/jsm/loaders/MTLLoader.js(185,30): error TS2339: Property 'side' does not exist on type '{}'.
examples/jsm/loaders/MTLLoader.js(185,66): error TS2339: Property 'side' does not exist on type '{}'.
examples/jsm/loaders/MTLLoader.js(186,30): error TS2339: Property 'wrap' does not exist on type '{}'.
examples/jsm/loaders/MTLLoader.js(186,66): error TS2339: Property 'wrap' does not exist on type '{}'.
examples/jsm/loaders/MTLLoader.js(226,4): error TS7053: Element implicitly has an 'any' type because expression of type 'string' can't be used to index type '{}'.
  No index signature with a parameter of type 'string' was found on type '{}'.
examples/jsm/loaders/MTLLoader.js(242,41): error TS2339: Property 'normalizeRGB' does not exist on type '{}'.
examples/jsm/loaders/MTLLoader.js(248,41): error TS2339: Property 'ignoreZeroRGBs' does not exist on type '{}'.
examples/jsm/loaders/MTLLoader.js(270,6): error TS7053: Element implicitly has an 'any' type because expression of type 'string' can't be used to index type '{}'.
  No index signature with a parameter of type 'string' was found on type '{}'.
examples/jsm/loaders/MTLLoader.js(294,10): error TS7053: Element implicitly has an 'any' type because expression of type 'any' can't be used to index type '{}'.
examples/jsm/loaders/MTLLoader.js(305,4): error TS7053: Element implicitly has an 'any' type because expression of type 'string' can't be used to index type '{}'.
  No index signature with a parameter of type 'string' was found on type '{}'.
examples/jsm/loaders/MTLLoader.js(316,8): error TS7053: Element implicitly has an 'any' type because expression of type 'any' can't be used to index type '{}'.
examples/jsm/loaders/MTLLoader.js(322,10): error TS7053: Element implicitly has an 'any' type because expression of type 'any' can't be used to index type '{}'.
examples/jsm/loaders/MTLLoader.js(331,15): error TS7053: Element implicitly has an 'any' type because expression of type 'any' can't be used to index type '{}'.
examples/jsm/loaders/MTLLoader.js(353,9): error TS7053: Element implicitly has an 'any' type because expression of type 'any' can't be used to index type '{ name: any; side: any; }'.
examples/jsm/loaders/MTLLoader.js(356,72): error TS2339: Property 'url' does not exist on type '{ scale: any; offset: any; }'.
examples/jsm/loaders/MTLLoader.js(370,4): error TS7053: Element implicitly has an 'any' type because expression of type 'any' can't be used to index type '{ name: any; side: any; }'.
examples/jsm/loaders/MTLLoader.js(389,13): error TS2339: Property 'color' does not exist on type '{ name: any; side: any; }'.
examples/jsm/loaders/MTLLoader.js(396,13): error TS2339: Property 'specular' does not exist on type '{ name: any; side: any; }'.
examples/jsm/loaders/MTLLoader.js(403,13): error TS2339: Property 'emissive' does not exist on type '{ name: any; side: any; }'.
examples/jsm/loaders/MTLLoader.js(451,13): error TS2339: Property 'transparent' does not exist on type '{ name: any; side: any; }'.
examples/jsm/loaders/MTLLoader.js(460,13): error TS2339: Property 'shininess' does not exist on type '{ name: any; side: any; }'.
examples/jsm/loaders/MTLLoader.js(469,14): error TS2339: Property 'opacity' does not exist on type '{ name: any; side: any; }'.
examples/jsm/loaders/MTLLoader.js(470,14): error TS2339: Property 'transparent' does not exist on type '{ name: any; side: any; }'.
examples/jsm/loaders/MTLLoader.js(479,40): error TS2339: Property 'invertTrProperty' does not exist on type '{}'.
examples/jsm/loaders/MTLLoader.js(483,14): error TS2339: Property 'opacity' does not exist on type '{ name: any; side: any; }'.
examples/jsm/loaders/MTLLoader.js(484,14): error TS2339: Property 'transparent' does not exist on type '{ name: any; side: any; }'.
examples/jsm/loaders/MTLLoader.js(497,3): error TS7053: Element implicitly has an 'any' type because expression of type 'any' can't be used to index type '{}'.
examples/jsm/loaders/MTLLoader.js(498,10): error TS7053: Element implicitly has an 'any' type because expression of type 'any' can't be used to index type '{}'.
examples/jsm/loaders/MTLLoader.js(541,13): error TS2339: Property 'url' does not exist on type '{ scale: any; offset: any; }'.
examples/jsm/loaders/NRRDLoader.js(6,8): error TS2307: Cannot find module 'three' or its corresponding type declarations.
examples/jsm/loaders/NRRDLoader.js(22,40): error TS2339: Property 'manager' does not exist on type 'NRRDLoader'.
examples/jsm/loaders/NRRDLoader.js(23,25): error TS2339: Property 'path' does not exist on type 'NRRDLoader'.
examples/jsm/loaders/NRRDLoader.js(25,34): error TS2339: Property 'requestHeader' does not exist on type 'NRRDLoader'.
examples/jsm/loaders/NRRDLoader.js(26,36): error TS2339: Property 'withCredentials' does not exist on type 'NRRDLoader'.
examples/jsm/loaders/NRRDLoader.js(45,11): error TS2339: Property 'manager' does not exist on type 'NRRDLoader'.
examples/jsm/loaders/NRRDLoader.js(88,6): error TS2322: Type 'Int8ArrayConstructor' is not assignable to type 'Uint8ArrayConstructor'.
  The types of 'prototype.filter(...).findLast' are incompatible between these types.
    Type '{ <S extends number>(predicate: (value: number, index: number, array: Int8Array<ArrayBuffer>) => value is S, thisArg?: any): S | undefined; (predicate: (value: number, index: number, array: Int8Array<...>) => unknown, thisArg?: any): number | undefined; }' is not assignable to type '{ <S extends number>(predicate: (value: number, index: number, array: Uint8Array<ArrayBuffer>) => value is S, thisArg?: any): S | undefined; (predicate: (value: number, index: number, array: Uint8Array<...>) => unknown, thisArg?: any): number | undefined; }'.
      Types of parameters 'predicate' and 'predicate' are incompatible.
        Type '(value: number, index: number, array: Uint8Array<ArrayBuffer>) => unknown' is not assignable to type '(value: number, index: number, array: Int8Array<ArrayBuffer>) => value is any'.
          Signature '(value: number, index: number, array: Uint8Array<ArrayBuffer>): unknown' must be a type predicate.
examples/jsm/loaders/NRRDLoader.js(92,6): error TS2322: Type 'Uint16ArrayConstructor' is not assignable to type 'Uint8ArrayConstructor'.
  The types of 'prototype.filter(...).findLast' are incompatible between these types.
    Type '{ <S extends number>(predicate: (value: number, index: number, array: Uint16Array<ArrayBuffer>) => value is S, thisArg?: any): S | undefined; (predicate: (value: number, index: number, array: Uint16Array<...>) => unknown, thisArg?: any): number | undefined; }' is not assignable to type '{ <S extends number>(predicate: (value: number, index: number, array: Uint8Array<ArrayBuffer>) => value is S, thisArg?: any): S | undefined; (predicate: (value: number, index: number, array: Uint8Array<...>) => unknown, thisArg?: any): number | undefined; }'.
      Types of parameters 'predicate' and 'predicate' are incompatible.
        Type '(value: number, index: number, array: Uint8Array<ArrayBuffer>) => unknown' is not assignable to type '(value: number, index: number, array: Uint16Array<ArrayBuffer>) => value is any'.
          Signature '(value: number, index: number, array: Uint8Array<ArrayBuffer>): unknown' must be a type predicate.
examples/jsm/loaders/NRRDLoader.js(96,6): error TS2322: Type 'Int16ArrayConstructor' is not assignable to type 'Uint8ArrayConstructor'.
  The types of 'prototype.filter(...).findLast' are incompatible between these types.
    Type '{ <S extends number>(predicate: (value: number, index: number, array: Int16Array<ArrayBuffer>) => value is S, thisArg?: any): S | undefined; (predicate: (value: number, index: number, array: Int16Array<...>) => unknown, thisArg?: any): number | undefined; }' is not assignable to type '{ <S extends number>(predicate: (value: number, index: number, array: Uint8Array<ArrayBuffer>) => value is S, thisArg?: any): S | undefined; (predicate: (value: number, index: number, array: Uint8Array<...>) => unknown, thisArg?: any): number | undefined; }'.
      Types of parameters 'predicate' and 'predicate' are incompatible.
        Type '(value: number, index: number, array: Uint8Array<ArrayBuffer>) => unknown' is not assignable to type '(value: number, index: number, array: Int16Array<ArrayBuffer>) => value is any'.
          Signature '(value: number, index: number, array: Uint8Array<ArrayBuffer>): unknown' must be a type predicate.
examples/jsm/loaders/NRRDLoader.js(101,6): error TS2322: Type 'Uint32ArrayConstructor' is not assignable to type 'Uint8ArrayConstructor'.
  The types of 'prototype.filter(...).findLast' are incompatible between these types.
    Type '{ <S extends number>(predicate: (value: number, index: number, array: Uint32Array<ArrayBuffer>) => value is S, thisArg?: any): S | undefined; (predicate: (value: number, index: number, array: Uint32Array<...>) => unknown, thisArg?: any): number | undefined; }' is not assignable to type '{ <S extends number>(predicate: (value: number, index: number, array: Uint8Array<ArrayBuffer>) => value is S, thisArg?: any): S | undefined; (predicate: (value: number, index: number, array: Uint8Array<...>) => unknown, thisArg?: any): number | undefined; }'.
      Types of parameters 'predicate' and 'predicate' are incompatible.
        Type '(value: number, index: number, array: Uint8Array<ArrayBuffer>) => unknown' is not assignable to type '(value: number, index: number, array: Uint32Array<ArrayBuffer>) => value is any'.
          Signature '(value: number, index: number, array: Uint8Array<ArrayBuffer>): unknown' must be a type predicate.
examples/jsm/loaders/NRRDLoader.js(105,6): error TS2322: Type 'Int32ArrayConstructor' is not assignable to type 'Uint8ArrayConstructor'.
  The types of 'prototype.filter(...).findLast' are incompatible between these types.
    Type '{ <S extends number>(predicate: (value: number, index: number, array: Int32Array<ArrayBuffer>) => value is S, thisArg?: any): S | undefined; (predicate: (value: number, index: number, array: Int32Array<...>) => unknown, thisArg?: any): number | undefined; }' is not assignable to type '{ <S extends number>(predicate: (value: number, index: number, array: Uint8Array<ArrayBuffer>) => value is S, thisArg?: any): S | undefined; (predicate: (value: number, index: number, array: Uint8Array<...>) => unknown, thisArg?: any): number | undefined; }'.
      Types of parameters 'predicate' and 'predicate' are incompatible.
        Type '(value: number, index: number, array: Uint8Array<ArrayBuffer>) => unknown' is not assignable to type '(value: number, index: number, array: Int32Array<ArrayBuffer>) => value is any'.
          Signature '(value: number, index: number, array: Uint8Array<ArrayBuffer>): unknown' must be a type predicate.
examples/jsm/loaders/NRRDLoader.js(109,6): error TS2322: Type 'Float32ArrayConstructor' is not assignable to type 'Uint8ArrayConstructor'.
  The types of 'prototype.filter(...).findLast' are incompatible between these types.
    Type '{ <S extends number>(predicate: (value: number, index: number, array: Float32Array<ArrayBuffer>) => value is S, thisArg?: any): S | undefined; (predicate: (value: number, index: number, array: Float32Array<...>) => unknown, thisArg?: any): number | undefined; }' is not assignable to type '{ <S extends number>(predicate: (value: number, index: number, array: Uint8Array<ArrayBuffer>) => value is S, thisArg?: any): S | undefined; (predicate: (value: number, index: number, array: Uint8Array<...>) => unknown, thisArg?: any): number | undefined; }'.
      Types of parameters 'predicate' and 'predicate' are incompatible.
        Type '(value: number, index: number, array: Uint8Array<ArrayBuffer>) => unknown' is not assignable to type '(value: number, index: number, array: Float32Array<ArrayBuffer>) => value is any'.
          Signature '(value: number, index: number, array: Uint8Array<ArrayBuffer>): unknown' must be a type predicate.
examples/jsm/loaders/NRRDLoader.js(113,6): error TS2322: Type 'Float64ArrayConstructor' is not assignable to type 'Uint8ArrayConstructor'.
  The types of 'prototype.filter(...).findLast' are incompatible between these types.
    Type '{ <S extends number>(predicate: (value: number, index: number, array: Float64Array<ArrayBuffer>) => value is S, thisArg?: any): S | undefined; (predicate: (value: number, index: number, array: Float64Array<...>) => unknown, thisArg?: any): number | undefined; }' is not assignable to type '{ <S extends number>(predicate: (value: number, index: number, array: Uint8Array<ArrayBuffer>) => value is S, thisArg?: any): S | undefined; (predicate: (value: number, index: number, array: Uint8Array<...>) => unknown, thisArg?: any): number | undefined; }'.
      Types of parameters 'predicate' and 'predicate' are incompatible.
        Type '(value: number, index: number, array: Uint8Array<ArrayBuffer>) => unknown' is not assignable to type '(value: number, index: number, array: Float64Array<ArrayBuffer>) => value is any'.
          Signature '(value: number, index: number, array: Uint8Array<ArrayBuffer>): unknown' must be a type predicate.
examples/jsm/loaders/NRRDLoader.js(117,6): error TS2322: Type 'Float64ArrayConstructor' is not assignable to type 'Uint8ArrayConstructor'.
  The types of 'prototype.filter(...).findLast' are incompatible between these types.
    Type '{ <S extends number>(predicate: (value: number, index: number, array: Float64Array<ArrayBuffer>) => value is S, thisArg?: any): S | undefined; (predicate: (value: number, index: number, array: Float64Array<...>) => unknown, thisArg?: any): number | undefined; }' is not assignable to type '{ <S extends number>(predicate: (value: number, index: number, array: Uint8Array<ArrayBuffer>) => value is S, thisArg?: any): S | undefined; (predicate: (value: number, index: number, array: Uint8Array<...>) => unknown, thisArg?: any): number | undefined; }'.
      Types of parameters 'predicate' and 'predicate' are incompatible.
        Type '(value: number, index: number, array: Uint8Array<ArrayBuffer>) => unknown' is not assignable to type '(value: number, index: number, array: Float64Array<ArrayBuffer>) => value is any'.
          Signature '(value: number, index: number, array: Uint8Array<ArrayBuffer>): unknown' must be a type predicate.
examples/jsm/loaders/NRRDLoader.js(171,19): error TS2339: Property 'isNrrd' does not exist on type '{}'.
examples/jsm/loaders/NRRDLoader.js(177,11): error TS7053: Element implicitly has an 'any' type because expression of type 'any' can't be used to index type '{ type: typeof type; endian: typeof endian; encoding: typeof encoding; dimension: typeof dimension; sizes: typeof sizes; space: typeof space; 'space origin': typeof 'space origin'; 'space directions': typeof 'space directions'; spacings: typeof spacings; }'.
examples/jsm/loaders/NRRDLoader.js(184,7): error TS7053: Element implicitly has an 'any' type because expression of type 'any' can't be used to index type '{}'.
examples/jsm/loaders/NRRDLoader.js(192,24): error TS2339: Property 'isNrrd' does not exist on type '{}'.
examples/jsm/loaders/NRRDLoader.js(198,22): error TS2339: Property 'encoding' does not exist on type '{}'.
examples/jsm/loaders/NRRDLoader.js(198,57): error TS2339: Property 'encoding' does not exist on type '{}'.
examples/jsm/loaders/NRRDLoader.js(204,24): error TS2339: Property 'vectors' does not exist on type '{}'.
examples/jsm/loaders/NRRDLoader.js(207,18): error TS2339: Property 'vectors' does not exist on type '{}'.
examples/jsm/loaders/NRRDLoader.js(208,18): error TS2339: Property 'vectors' does not exist on type '{}'.
examples/jsm/loaders/NRRDLoader.js(209,18): error TS2339: Property 'vectors' does not exist on type '{}'.
examples/jsm/loaders/NRRDLoader.js(210,18): error TS2339: Property 'vectors' does not exist on type '{}'.
examples/jsm/loaders/NRRDLoader.js(213,23): error TS2339: Property 'spacings' does not exist on type '{}'.
examples/jsm/loaders/NRRDLoader.js(217,34): error TS2339: Property 'spacings' does not exist on type '{}'.
examples/jsm/loaders/NRRDLoader.js(221,22): error TS2339: Property 'vectors' does not exist on type '{}'.
examples/jsm/loaders/NRRDLoader.js(221,56): error TS2339: Property 'spacings' does not exist on type '{}'.
examples/jsm/loaders/NRRDLoader.js(243,43): error TS2339: Property 'sizes' does not exist on type '{}'.
examples/jsm/loaders/NRRDLoader.js(250,22): error TS2339: Property 'encoding' does not exist on type '{}'.
examples/jsm/loaders/NRRDLoader.js(256,36): error TS2339: Property '__array' does not exist on type '{}'.
examples/jsm/loaders/NRRDLoader.js(259,22): error TS2339: Property '__array' does not exist on type '{}'.
examples/jsm/loaders/NRRDLoader.js(259,63): error TS2339: Property '__array' does not exist on type '{}'.
examples/jsm/loaders/NRRDLoader.js(323,21): error TS2339: Property 'encoding' does not exist on type '{}'.
examples/jsm/loaders/NRRDLoader.js(327,19): error TS2554: Expected 2 arguments, but got 1.
examples/jsm/loaders/NRRDLoader.js(329,28): error TS2339: Property 'encoding' does not exist on type '{}'.
examples/jsm/loaders/NRRDLoader.js(329,65): error TS2339: Property 'encoding' does not exist on type '{}'.
examples/jsm/loaders/NRRDLoader.js(329,101): error TS2339: Property 'encoding' does not exist on type '{}'.
examples/jsm/loaders/NRRDLoader.js(329,136): error TS2339: Property 'encoding' does not exist on type '{}'.
examples/jsm/loaders/NRRDLoader.js(333,28): error TS2339: Property 'encoding' does not exist on type '{}'.
examples/jsm/loaders/NRRDLoader.js(352,10): error TS2339: Property 'header' does not exist on type 'Volume'.
examples/jsm/loaders/NRRDLoader.js(353,3): error TS2322: Type 'boolean | undefined' is not assignable to type 'boolean'.
  Type 'undefined' is not assignable to type 'boolean'.
examples/jsm/loaders/NRRDLoader.js(357,34): error TS2339: Property '__array' does not exist on type '{}'.
examples/jsm/loaders/NRRDLoader.js(363,10): error TS2339: Property 'windowLow' does not exist on type 'Volume'.
examples/jsm/loaders/NRRDLoader.js(364,10): error TS2339: Property 'windowHigh' does not exist on type 'Volume'.
examples/jsm/loaders/NRRDLoader.js(367,10): error TS2339: Property 'dimensions' does not exist on type 'Volume'.
examples/jsm/loaders/NRRDLoader.js(367,38): error TS2339: Property 'sizes' does not exist on type '{}'.
examples/jsm/loaders/NRRDLoader.js(367,63): error TS2339: Property 'sizes' does not exist on type '{}'.
examples/jsm/loaders/NRRDLoader.js(367,88): error TS2339: Property 'sizes' does not exist on type '{}'.
examples/jsm/loaders/NRRDLoader.js(368,27): error TS2339: Property 'dimensions' does not exist on type 'Volume'.
examples/jsm/loaders/NRRDLoader.js(369,27): error TS2339: Property 'dimensions' does not exist on type 'Volume'.
examples/jsm/loaders/NRRDLoader.js(370,27): error TS2339: Property 'dimensions' does not exist on type 'Volume'.
examples/jsm/loaders/NRRDLoader.js(373,21): error TS2339: Property 'vectors' does not exist on type '{}'.
examples/jsm/loaders/NRRDLoader.js(375,32): error TS2339: Property 'vectors' does not exist on type '{}'.
examples/jsm/loaders/NRRDLoader.js(376,32): error TS2339: Property 'vectors' does not exist on type '{}'.
examples/jsm/loaders/NRRDLoader.js(377,32): error TS2339: Property 'vectors' does not exist on type '{}'.
examples/jsm/loaders/NRRDLoader.js(404,58): error TS2339: Property 'vectors' does not exist on type '{}'.
examples/jsm/loaders/NRRDLoader.js(405,58): error TS2339: Property 'vectors' does not exist on type '{}'.
examples/jsm/loaders/NRRDLoader.js(406,58): error TS2339: Property 'vectors' does not exist on type '{}'.
examples/jsm/loaders/NRRDLoader.js(415,21): error TS2339: Property 'space' does not exist on type '{}'.
examples/jsm/loaders/NRRDLoader.js(424,28): error TS2339: Property 'space' does not exist on type '{}'.
examples/jsm/loaders/NRRDLoader.js(436,23): error TS2339: Property 'vectors' does not exist on type '{}'.
examples/jsm/loaders/NRRDLoader.js(446,27): error TS2339: Property 'vectors' does not exist on type '{}'.
examples/jsm/loaders/NRRDLoader.js(461,10): error TS2339: Property 'inverseMatrix' does not exist on type 'Volume'.
examples/jsm/loaders/NRRDLoader.js(462,10): error TS2339: Property 'inverseMatrix' does not exist on type 'Volume'.
examples/jsm/loaders/NRRDLoader.js(464,10): error TS2339: Property 'RASDimensions' does not exist on type 'Volume'.
examples/jsm/loaders/NRRDLoader.js(465,16): error TS18048: 'volume.xLength' is possibly 'undefined'.
examples/jsm/loaders/NRRDLoader.js(466,16): error TS18048: 'volume.yLength' is possibly 'undefined'.
examples/jsm/loaders/NRRDLoader.js(467,16): error TS18048: 'volume.zLength' is possibly 'undefined'.
examples/jsm/loaders/NRRDLoader.js(472,15): error TS2339: Property 'lowerThreshold' does not exist on type 'Volume'.
examples/jsm/loaders/NRRDLoader.js(474,11): error TS2339: Property 'lowerThreshold' does not exist on type 'Volume'.
examples/jsm/loaders/NRRDLoader.js(478,15): error TS2339: Property 'upperThreshold' does not exist on type 'Volume'.
examples/jsm/loaders/NRRDLoader.js(480,11): error TS2339: Property 'upperThreshold' does not exist on type 'Volume'.
examples/jsm/loaders/NRRDLoader.js(528,10): error TS2339: Property '__array' does not exist on type '{ type: typeof type; endian: typeof endian; encoding: typeof encoding; dimension: typeof dimension; sizes: typeof sizes; space: typeof space; 'space origin': typeof 'space origin'; 'space directions': typeof 'space directions'; spacings: typeof spacings; }'.
examples/jsm/loaders/NRRDLoader.js(533,10): error TS2339: Property '__array' does not exist on type '{ type: typeof type; endian: typeof endian; encoding: typeof encoding; dimension: typeof dimension; sizes: typeof sizes; space: typeof space; 'space origin': typeof 'space origin'; 'space directions': typeof 'space directions'; spacings: typeof spacings; }'.
examples/jsm/loaders/NRRDLoader.js(541,10): error TS2339: Property '__array' does not exist on type '{ type: typeof type; endian: typeof endian; encoding: typeof encoding; dimension: typeof dimension; sizes: typeof sizes; space: typeof space; 'space origin': typeof 'space origin'; 'space directions': typeof 'space directions'; spacings: typeof spacings; }'.
examples/jsm/loaders/NRRDLoader.js(548,10): error TS2339: Property '__array' does not exist on type '{ type: typeof type; endian: typeof endian; encoding: typeof encoding; dimension: typeof dimension; sizes: typeof sizes; space: typeof space; 'space origin': typeof 'space origin'; 'space directions': typeof 'space directions'; spacings: typeof spacings; }'.
examples/jsm/loaders/NRRDLoader.js(554,10): error TS2339: Property '__array' does not exist on type '{ type: typeof type; endian: typeof endian; encoding: typeof encoding; dimension: typeof dimension; sizes: typeof sizes; space: typeof space; 'space origin': typeof 'space origin'; 'space directions': typeof 'space directions'; spacings: typeof spacings; }'.
examples/jsm/loaders/NRRDLoader.js(560,10): error TS2339: Property '__array' does not exist on type '{ type: typeof type; endian: typeof endian; encoding: typeof encoding; dimension: typeof dimension; sizes: typeof sizes; space: typeof space; 'space origin': typeof 'space origin'; 'space directions': typeof 'space directions'; spacings: typeof spacings; }'.
examples/jsm/loaders/NRRDLoader.js(563,10): error TS2339: Property '__array' does not exist on type '{ type: typeof type; endian: typeof endian; encoding: typeof encoding; dimension: typeof dimension; sizes: typeof sizes; space: typeof space; 'space origin': typeof 'space origin'; 'space directions': typeof 'space directions'; spacings: typeof spacings; }'.
examples/jsm/loaders/NRRDLoader.js(566,10): error TS2339: Property '__array' does not exist on type '{ type: typeof type; endian: typeof endian; encoding: typeof encoding; dimension: typeof dimension; sizes: typeof sizes; space: typeof space; 'space origin': typeof 'space origin'; 'space directions': typeof 'space directions'; spacings: typeof spacings; }'.
examples/jsm/loaders/NRRDLoader.js(591,15): error TS2339: Property 'dim' does not exist on type '{ type: typeof type; endian: typeof endian; encoding: typeof encoding; dimension: typeof dimension; sizes: typeof sizes; space: typeof space; 'space origin': typeof 'space origin'; 'space directions': typeof 'space directions'; spacings: typeof spacings; }'.
examples/jsm/loaders/NRRDLoader.js(595,2): error TS7023: 'sizes' implicitly has return type 'any' because it does not have a return type annotation and is referenced directly or indirectly in one of its return expressions.
examples/jsm/loaders/NRRDLoader.js(598,10): error TS2322: Type 'number[]' is not assignable to type 'typeof sizes'.
  Type 'number[]' provides no match for the signature '(data: any): any'.
examples/jsm/loaders/NRRDLoader.js(624,15): error TS2551: Property 'space_origin' does not exist on type '{ type: typeof type; endian: typeof endian; encoding: typeof encoding; dimension: typeof dimension; sizes: typeof sizes; space: typeof space; 'space origin': typeof 'space origin'; 'space directions': typeof 'space directions'; spacings: typeof spacings; }'. Did you mean 'space origin'?
examples/jsm/loaders/NRRDLoader.js(632,15): error TS2339: Property 'vectors' does not exist on type '{ type: typeof type; endian: typeof endian; encoding: typeof encoding; dimension: typeof dimension; sizes: typeof sizes; space: typeof space; 'space origin': typeof 'space origin'; 'space directions': typeof 'space directions'; spacings: typeof spacings; }'.
examples/jsm/loaders/NRRDLoader.js(663,2): error TS7023: 'spacings' implicitly has return type 'any' because it does not have a return type annotation and is referenced directly or indirectly in one of its return expressions.
examples/jsm/loaders/NRRDLoader.js(667,10): error TS2322: Type 'number[]' is not assignable to type 'typeof spacings'.
  Type 'number[]' provides no match for the signature '(data: any): any'.
examples/jsm/loaders/OBJLoader.js(17,8): error TS2307: Cannot find module 'three' or its corresponding type declarations.
examples/jsm/loaders/OBJLoader.js(56,36): error TS2339: Property 'fromDeclaration' does not exist on type '{}'.
examples/jsm/loaders/OBJLoader.js(58,17): error TS2339: Property 'name' does not exist on type '{}'.
examples/jsm/loaders/OBJLoader.js(59,17): error TS2339: Property 'fromDeclaration' does not exist on type '{}'.
examples/jsm/loaders/OBJLoader.js(64,65): error TS2339: Property 'currentMaterial' does not exist on type '{}'.
examples/jsm/loaders/OBJLoader.js(64,110): error TS2339: Property 'currentMaterial' does not exist on type '{}'.
examples/jsm/loaders/OBJLoader.js(66,43): error TS2339: Property '_finalize' does not exist on type '{}'.
examples/jsm/loaders/OBJLoader.js(68,17): error TS2339: Property '_finalize' does not exist on type '{}'.
examples/jsm/loaders/OBJLoader.js(92,34): error TS2339: Property 'inherited' does not exist on type 'never'.
examples/jsm/loaders/OBJLoader.js(92,56): error TS2339: Property 'groupCount' does not exist on type 'never'.
examples/jsm/loaders/OBJLoader.js(94,39): error TS2339: Property 'index' does not exist on type 'never'.
examples/jsm/loaders/OBJLoader.js(102,51): error TS2339: Property 'smooth' does not exist on type 'never'.
examples/jsm/loaders/OBJLoader.js(103,55): error TS2339: Property 'groupEnd' does not exist on type 'never'.
examples/jsm/loaders/OBJLoader.js(120,15): error TS2339: Property 'clone' does not exist on type '{ index: number; name: any; mtllib: any; smooth: any; groupStart: number; groupEnd: number; groupCount: number; inherited: boolean; }'.
examples/jsm/loaders/OBJLoader.js(126,27): error TS2345: Argument of type '{ index: number; name: any; mtllib: any; smooth: any; groupStart: any; groupEnd: number; groupCount: number; inherited: boolean; clone: (index: any) => { index: number; name: any; mtllib: any; smooth: any; groupStart: number; groupEnd: number; groupCount: number; inherited: boolean; }; }' is not assignable to parameter of type 'never'.
examples/jsm/loaders/OBJLoader.js(147,50): error TS2339: Property 'groupEnd' does not exist on type 'never'.
examples/jsm/loaders/OBJLoader.js(149,25): error TS2339: Property 'groupEnd' does not exist on type 'never'.
examples/jsm/loaders/OBJLoader.js(150,25): error TS2339: Property 'groupCount' does not exist on type 'never'.
examples/jsm/loaders/OBJLoader.js(150,56): error TS2339: Property 'groupEnd' does not exist on type 'never'.
examples/jsm/loaders/OBJLoader.js(150,85): error TS2339: Property 'groupStart' does not exist on type 'never'.
examples/jsm/loaders/OBJLoader.js(151,25): error TS2339: Property 'inherited' does not exist on type 'never'.
examples/jsm/loaders/OBJLoader.js(160,34): error TS2339: Property 'groupCount' does not exist on type 'never'.
examples/jsm/loaders/OBJLoader.js(173,28): error TS2345: Argument of type '{ name: string; smooth: boolean; }' is not assignable to parameter of type 'never'.
examples/jsm/loaders/OBJLoader.js(195,17): error TS2339: Property 'materials' does not exist on type '{}'.
examples/jsm/loaders/OBJLoader.js(199,23): error TS2345: Argument of type '{}' is not assignable to parameter of type 'never'.
examples/jsm/loaders/OBJLoader.js(205,43): error TS2339: Property '_finalize' does not exist on type '{}'.
examples/jsm/loaders/OBJLoader.js(207,17): error TS2339: Property '_finalize' does not exist on type '{}'.
examples/jsm/loaders/OBJLoader.js(237,28): error TS2339: Property 'geometry' does not exist on type '{}'.
examples/jsm/loaders/OBJLoader.js(248,28): error TS2339: Property 'geometry' does not exist on type '{}'.
examples/jsm/loaders/OBJLoader.js(257,28): error TS2339: Property 'geometry' does not exist on type '{}'.
examples/jsm/loaders/OBJLoader.js(266,28): error TS2339: Property 'geometry' does not exist on type '{}'.
examples/jsm/loaders/OBJLoader.js(277,28): error TS2339: Property 'geometry' does not exist on type '{}'.
examples/jsm/loaders/OBJLoader.js(298,28): error TS2339: Property 'geometry' does not exist on type '{}'.
examples/jsm/loaders/OBJLoader.js(309,28): error TS2339: Property 'geometry' does not exist on type '{}'.
examples/jsm/loaders/OBJLoader.js(319,28): error TS2339: Property 'geometry' does not exist on type '{}'.
examples/jsm/loaders/OBJLoader.js(330,28): error TS2339: Property 'geometry' does not exist on type '{}'.
examples/jsm/loaders/OBJLoader.js(377,17): error TS2339: Property 'geometry' does not exist on type '{}'.
examples/jsm/loaders/OBJLoader.js(391,16): error TS2339: Property 'geometry' does not exist on type '{}'.
examples/jsm/loaders/OBJLoader.js(408,16): error TS2339: Property 'geometry' does not exist on type '{}'.
examples/jsm/loaders/OBJLoader.js(451,39): error TS2339: Property 'manager' does not exist on type 'OBJLoader'.
examples/jsm/loaders/OBJLoader.js(452,24): error TS2339: Property 'path' does not exist on type 'OBJLoader'.
examples/jsm/loaders/OBJLoader.js(453,33): error TS2339: Property 'requestHeader' does not exist on type 'OBJLoader'.
examples/jsm/loaders/OBJLoader.js(454,35): error TS2339: Property 'withCredentials' does not exist on type 'OBJLoader'.
examples/jsm/loaders/OBJLoader.js(473,11): error TS2339: Property 'manager' does not exist on type 'OBJLoader'.
examples/jsm/loaders/OBJLoader.js(491,17): error TS7009: 'new' expression, whose target lacks a construct signature, implicitly has an 'any' type.
examples/jsm/loaders/OBJLoader.js(639,18): error TS2322: Type 'RegExpExecArray | null' is not assignable to type 'any[]'.
  Type 'null' is not assignable to type 'any[]'.
examples/jsm/loaders/PCDLoader.js(11,8): error TS2307: Cannot find module 'three' or its corresponding type declarations.
examples/jsm/loaders/PCDLoader.js(27,40): error TS2339: Property 'manager' does not exist on type 'PCDLoader'.
examples/jsm/loaders/PCDLoader.js(28,25): error TS2339: Property 'path' does not exist on type 'PCDLoader'.
examples/jsm/loaders/PCDLoader.js(30,34): error TS2339: Property 'requestHeader' does not exist on type 'PCDLoader'.
examples/jsm/loaders/PCDLoader.js(31,36): error TS2339: Property 'withCredentials' does not exist on type 'PCDLoader'.
examples/jsm/loaders/PCDLoader.js(50,11): error TS2339: Property 'manager' does not exist on type 'PCDLoader'.
examples/jsm/loaders/PCDLoader.js(121,21): error TS18047: 'result2' is possibly 'null'.
examples/jsm/loaders/PCDLoader.js(122,26): error TS18047: 'result2' is possibly 'null'.
examples/jsm/loaders/PCDLoader.js(123,4): error TS7022: 'str' implicitly has type 'any' because it does not have a type annotation and is referenced directly or indirectly in its own initializer.
examples/jsm/loaders/PCDLoader.js(131,4): error TS7022: 'version' implicitly has type 'any' because it does not have a type annotation and is referenced directly or indirectly in its own initializer.
examples/jsm/loaders/PCDLoader.js(132,4): error TS7022: 'fields' implicitly has type 'any' because it does not have a type annotation and is referenced directly or indirectly in its own initializer.
examples/jsm/loaders/PCDLoader.js(133,4): error TS7022: 'size' implicitly has type 'any' because it does not have a type annotation and is referenced directly or indirectly in its own initializer.
examples/jsm/loaders/PCDLoader.js(134,4): error TS7022: 'type' implicitly has type 'any' because it does not have a type annotation and is referenced directly or indirectly in its own initializer.
examples/jsm/loaders/PCDLoader.js(135,4): error TS7022: 'count' implicitly has type 'any' because it does not have a type annotation and is referenced directly or indirectly in its own initializer.
examples/jsm/loaders/PCDLoader.js(136,4): error TS7022: 'width' implicitly has type 'any' because it does not have a type annotation and is referenced directly or indirectly in its own initializer.
examples/jsm/loaders/PCDLoader.js(137,4): error TS7022: 'height' implicitly has type 'any' because it does not have a type annotation and is referenced directly or indirectly in its own initializer.
examples/jsm/loaders/PCDLoader.js(138,4): error TS7022: 'viewpoint' implicitly has type 'any' because it does not have a type annotation and is referenced directly or indirectly in its own initializer.
examples/jsm/loaders/PCDLoader.js(139,4): error TS7022: 'points' implicitly has type 'any' because it does not have a type annotation and is referenced directly or indirectly in its own initializer.
examples/jsm/loaders/PCDLoader.js(186,5): error TS7008: Member 'count' implicitly has an 'any[]' type.
examples/jsm/loaders/PCDLoader.js(204,6): error TS7053: Element implicitly has an 'any' type because expression of type 'any' can't be used to index type '{}'.
examples/jsm/loaders/PCDLoader.js(208,6): error TS7053: Element implicitly has an 'any' type because expression of type 'any' can't be used to index type '{}'.
examples/jsm/loaders/PCDLoader.js(253,17): error TS2339: Property 'x' does not exist on type '{}'.
examples/jsm/loaders/PCDLoader.js(255,46): error TS2339: Property 'x' does not exist on type '{}'.
examples/jsm/loaders/PCDLoader.js(256,46): error TS2339: Property 'y' does not exist on type '{}'.
examples/jsm/loaders/PCDLoader.js(257,46): error TS2339: Property 'z' does not exist on type '{}'.
examples/jsm/loaders/PCDLoader.js(261,17): error TS2339: Property 'rgb' does not exist on type '{}'.
examples/jsm/loaders/PCDLoader.js(266,45): error TS2339: Property 'rgb' does not exist on type '{}'.
examples/jsm/loaders/PCDLoader.js(289,17): error TS2339: Property 'normal_x' does not exist on type '{}'.
examples/jsm/loaders/PCDLoader.js(291,44): error TS2339: Property 'normal_x' does not exist on type '{}'.
examples/jsm/loaders/PCDLoader.js(292,44): error TS2339: Property 'normal_y' does not exist on type '{}'.
examples/jsm/loaders/PCDLoader.js(293,44): error TS2339: Property 'normal_z' does not exist on type '{}'.
examples/jsm/loaders/PCDLoader.js(297,17): error TS2339: Property 'intensity' does not exist on type '{}'.
examples/jsm/loaders/PCDLoader.js(299,47): error TS2339: Property 'intensity' does not exist on type '{}'.
examples/jsm/loaders/PCDLoader.js(303,17): error TS2339: Property 'label' does not exist on type '{}'.
examples/jsm/loaders/PCDLoader.js(305,41): error TS2339: Property 'label' does not exist on type '{}'.
examples/jsm/loaders/PCDLoader.js(331,17): error TS2339: Property 'x' does not exist on type '{}'.
examples/jsm/loaders/PCDLoader.js(336,70): error TS2339: Property 'x' does not exist on type '{}'.
examples/jsm/loaders/PCDLoader.js(337,70): error TS2339: Property 'y' does not exist on type '{}'.
examples/jsm/loaders/PCDLoader.js(338,70): error TS2339: Property 'z' does not exist on type '{}'.
examples/jsm/loaders/PCDLoader.js(342,17): error TS2339: Property 'rgb' does not exist on type '{}'.
examples/jsm/loaders/PCDLoader.js(346,63): error TS2339: Property 'rgb' does not exist on type '{}'.
examples/jsm/loaders/PCDLoader.js(347,63): error TS2339: Property 'rgb' does not exist on type '{}'.
examples/jsm/loaders/PCDLoader.js(348,63): error TS2339: Property 'rgb' does not exist on type '{}'.
examples/jsm/loaders/PCDLoader.js(356,17): error TS2339: Property 'normal_x' does not exist on type '{}'.
examples/jsm/loaders/PCDLoader.js(361,68): error TS2339: Property 'normal_x' does not exist on type '{}'.
examples/jsm/loaders/PCDLoader.js(362,68): error TS2339: Property 'normal_y' does not exist on type '{}'.
examples/jsm/loaders/PCDLoader.js(363,68): error TS2339: Property 'normal_z' does not exist on type '{}'.
examples/jsm/loaders/PCDLoader.js(367,17): error TS2339: Property 'intensity' does not exist on type '{}'.
examples/jsm/loaders/PCDLoader.js(370,71): error TS2339: Property 'intensity' does not exist on type '{}'.
examples/jsm/loaders/PCDLoader.js(374,17): error TS2339: Property 'label' does not exist on type '{}'.
examples/jsm/loaders/PCDLoader.js(377,65): error TS2339: Property 'label' does not exist on type '{}'.
examples/jsm/loaders/PCDLoader.js(394,17): error TS2339: Property 'x' does not exist on type '{}'.
examples/jsm/loaders/PCDLoader.js(396,55): error TS2339: Property 'x' does not exist on type '{}'.
examples/jsm/loaders/PCDLoader.js(397,55): error TS2339: Property 'y' does not exist on type '{}'.
examples/jsm/loaders/PCDLoader.js(398,55): error TS2339: Property 'z' does not exist on type '{}'.
examples/jsm/loaders/PCDLoader.js(402,17): error TS2339: Property 'rgb' does not exist on type '{}'.
examples/jsm/loaders/PCDLoader.js(404,48): error TS2339: Property 'rgb' does not exist on type '{}'.
examples/jsm/loaders/PCDLoader.js(405,48): error TS2339: Property 'rgb' does not exist on type '{}'.
examples/jsm/loaders/PCDLoader.js(406,48): error TS2339: Property 'rgb' does not exist on type '{}'.
examples/jsm/loaders/PCDLoader.js(414,17): error TS2339: Property 'normal_x' does not exist on type '{}'.
examples/jsm/loaders/PCDLoader.js(416,53): error TS2339: Property 'normal_x' does not exist on type '{}'.
examples/jsm/loaders/PCDLoader.js(417,53): error TS2339: Property 'normal_y' does not exist on type '{}'.
examples/jsm/loaders/PCDLoader.js(418,53): error TS2339: Property 'normal_z' does not exist on type '{}'.
examples/jsm/loaders/PCDLoader.js(422,17): error TS2339: Property 'intensity' does not exist on type '{}'.
examples/jsm/loaders/PCDLoader.js(424,56): error TS2339: Property 'intensity' does not exist on type '{}'.
examples/jsm/loaders/PCDLoader.js(428,17): error TS2339: Property 'label' does not exist on type '{}'.
examples/jsm/loaders/PCDLoader.js(430,50): error TS2339: Property 'label' does not exist on type '{}'.
examples/jsm/loaders/PDBLoader.js(8,8): error TS2307: Cannot find module 'three' or its corresponding type declarations.
examples/jsm/loaders/PDBLoader.js(22,40): error TS2339: Property 'manager' does not exist on type 'PDBLoader'.
examples/jsm/loaders/PDBLoader.js(23,25): error TS2339: Property 'path' does not exist on type 'PDBLoader'.
examples/jsm/loaders/PDBLoader.js(24,34): error TS2339: Property 'requestHeader' does not exist on type 'PDBLoader'.
examples/jsm/loaders/PDBLoader.js(25,36): error TS2339: Property 'withCredentials' does not exist on type 'PDBLoader'.
examples/jsm/loaders/PDBLoader.js(44,11): error TS2339: Property 'manager' does not exist on type 'PDBLoader'.
examples/jsm/loaders/PDBLoader.js(82,10): error TS7053: Element implicitly has an 'any' type because expression of type 'string' can't be used to index type '{}'.
  No index signature with a parameter of type 'string' was found on type '{}'.
examples/jsm/loaders/PDBLoader.js(85,6): error TS7053: Element implicitly has an 'any' type because expression of type 'string' can't be used to index type '{}'.
  No index signature with a parameter of type 'string' was found on type '{}'.
examples/jsm/loaders/PDBLoader.js(150,23): error TS7053: Element implicitly has an 'any' type because expression of type 'any' can't be used to index type '{}'.
examples/jsm/loaders/PDBLoader.js(151,21): error TS7053: Element implicitly has an 'any' type because expression of type 'any' can't be used to index type '{}'.
examples/jsm/loaders/PDBLoader.js(207,33): error TS7053: Element implicitly has an 'any' type because expression of type 'any' can't be used to index type '{ h: number[]; he: number[]; li: number[]; be: number[]; b: number[]; c: number[]; n: number[]; o: number[]; f: number[]; ne: number[]; na: number[]; mg: number[]; al: number[]; si: number[]; p: number[]; s: number[]; cl: number[]; ar: number[]; k: number[]; ... 98 more ...; uuo: number[]; }'.
examples/jsm/loaders/PDBLoader.js(210,5): error TS7053: Element implicitly has an 'any' type because expression of type 'number' can't be used to index type '{}'.
  No index signature with a parameter of type 'number' was found on type '{}'.
examples/jsm/loaders/PLYLoader.js(8,8): error TS2307: Cannot find module 'three' or its corresponding type declarations.
examples/jsm/loaders/PLYLoader.js(63,39): error TS2339: Property 'manager' does not exist on type 'PLYLoader'.
examples/jsm/loaders/PLYLoader.js(64,24): error TS2339: Property 'path' does not exist on type 'PLYLoader'.
examples/jsm/loaders/PLYLoader.js(66,33): error TS2339: Property 'requestHeader' does not exist on type 'PLYLoader'.
examples/jsm/loaders/PLYLoader.js(67,35): error TS2339: Property 'withCredentials' does not exist on type 'PLYLoader'.
examples/jsm/loaders/PLYLoader.js(86,11): error TS2339: Property 'manager' does not exist on type 'PLYLoader'.
examples/jsm/loaders/PLYLoader.js(136,15): error TS2339: Property 'name' does not exist on type '{ type: any; }'.
examples/jsm/loaders/PLYLoader.js(137,15): error TS2339: Property 'countType' does not exist on type '{ type: any; }'.
examples/jsm/loaders/PLYLoader.js(138,15): error TS2339: Property 'itemType' does not exist on type '{ type: any; }'.
examples/jsm/loaders/PLYLoader.js(142,15): error TS2339: Property 'name' does not exist on type '{ type: any; }'.
examples/jsm/loaders/PLYLoader.js(146,19): error TS2339: Property 'name' does not exist on type '{ type: any; }'.
examples/jsm/loaders/PLYLoader.js(148,15): error TS2339: Property 'name' does not exist on type '{ type: any; }'.
examples/jsm/loaders/PLYLoader.js(148,52): error TS2339: Property 'name' does not exist on type '{ type: any; }'.
examples/jsm/loaders/PLYLoader.js(171,14): error TS2339: Property 'format' does not exist on type '{ comments: never[]; elements: never[]; headerLength: number; objInfo: string; }'.
examples/jsm/loaders/PLYLoader.js(172,14): error TS2339: Property 'version' does not exist on type '{ comments: never[]; elements: never[]; headerLength: number; objInfo: string; }'.
examples/jsm/loaders/PLYLoader.js(178,29): error TS2345: Argument of type 'string' is not assignable to parameter of type 'never'.
examples/jsm/loaders/PLYLoader.js(186,30): error TS2345: Argument of type '{}' is not assignable to parameter of type 'never'.
examples/jsm/loaders/PLYLoader.js(191,22): error TS2339: Property 'name' does not exist on type '{}'.
examples/jsm/loaders/PLYLoader.js(192,22): error TS2339: Property 'count' does not exist on type '{}'.
examples/jsm/loaders/PLYLoader.js(193,22): error TS2339: Property 'properties' does not exist on type '{}'.
examples/jsm/loaders/PLYLoader.js(199,7): error TS18048: 'currentElement' is possibly 'undefined'.
examples/jsm/loaders/PLYLoader.js(199,22): error TS2339: Property 'properties' does not exist on type '{}'.
examples/jsm/loaders/PLYLoader.js(220,27): error TS2345: Argument of type '{}' is not assignable to parameter of type 'never'.
examples/jsm/loaders/PLYLoader.js(258,27): error TS18048: 'n' is possibly 'undefined'.
examples/jsm/loaders/PLYLoader.js(266,6): error TS7053: Element implicitly has an 'any' type because expression of type 'any' can't be used to index type '{}'.
examples/jsm/loaders/PLYLoader.js(270,6): error TS7053: Element implicitly has an 'any' type because expression of type 'any' can't be used to index type '{}'.
examples/jsm/loaders/PLYLoader.js(294,6): error TS7053: Element implicitly has an 'any' type because expression of type 'string' can't be used to index type '{ indices: never[]; vertices: never[]; normals: never[]; uvs: never[]; faceVertexUvs: never[]; colors: never[]; faceVertexColors: never[]; }'.
  No index signature with a parameter of type 'string' was found on type '{ indices: never[]; vertices: never[]; normals: never[]; uvs: never[]; faceVertexUvs: never[]; colors: never[]; faceVertexColors: never[]; }'.
examples/jsm/loaders/PLYLoader.js(435,10): error TS7053: Element implicitly has an 'any' type because expression of type 'string' can't be used to index type '{}'.
  No index signature with a parameter of type 'string' was found on type '{}'.
examples/jsm/loaders/PLYLoader.js(482,37): error TS7053: Element implicitly has an 'any' type because expression of type 'string' can't be used to index type '{}'.
  No index signature with a parameter of type 'string' was found on type '{}'.
examples/jsm/loaders/PLYLoader.js(558,6): error TS7053: Element implicitly has an 'any' type because expression of type 'any' can't be used to index type '{}'.
examples/jsm/loaders/PLYLoader.js(562,6): error TS7053: Element implicitly has an 'any' type because expression of type 'any' can't be used to index type '{}'.
examples/jsm/loaders/PLYLoader.js(663,6): error TS2365: Operator '+=' cannot be applied to types 'number' and '{}'.
examples/jsm/loaders/PLYLoader.js(727,16): error TS2339: Property 'format' does not exist on type '{ comments: never[]; elements: never[]; headerLength: number; objInfo: string; }'.
examples/jsm/loaders/PVRLoader.js(7,8): error TS2307: Cannot find module 'three' or its corresponding type declarations.
examples/jsm/loaders/PVRLoader.js(237,4): error TS2322: Type '{ data: Uint8Array<any>; width: number; height: number; }' is not assignable to type 'never'.
examples/jsm/loaders/RGBELoader.js(8,8): error TS2307: Cannot find module 'three' or its corresponding type declarations.
examples/jsm/loaders/RGBELoader.js(69,47): error TS2345: Argument of type 'Uint16Array<any>' is not assignable to parameter of type 'number[]'.
  Type 'Uint16Array<any>' is missing the following properties from type 'number[]': pop, push, concat, shift, and 6 more.
examples/jsm/loaders/RGBELoader.js(75,48): error TS2345: Argument of type 'Uint16Array<any>' is not assignable to parameter of type 'number[]'.
  Type 'Uint16Array<any>' is missing the following properties from type 'number[]': pop, push, concat, shift, and 6 more.
examples/jsm/loaders/RGBELoader.js(137,22): error TS18048: 'line' is possibly 'undefined'.
examples/jsm/loaders/RGBELoader.js(137,27): error TS2339: Property 'match' does not exist on type 'string | boolean'.
  Property 'match' does not exist on type 'false'.
examples/jsm/loaders/RGBELoader.js(153,24): error TS2339: Property 'charAt' does not exist on type 'string | true'.
  Property 'charAt' does not exist on type 'true'.
examples/jsm/loaders/RGBELoader.js(160,24): error TS2339: Property 'match' does not exist on type 'string | true'.
  Property 'match' does not exist on type 'true'.
examples/jsm/loaders/RGBELoader.js(166,24): error TS2339: Property 'match' does not exist on type 'string | true'.
  Property 'match' does not exist on type 'true'.
examples/jsm/loaders/RGBELoader.js(172,24): error TS2339: Property 'match' does not exist on type 'string | true'.
  Property 'match' does not exist on type 'true'.
examples/jsm/loaders/RGBELoader.js(179,24): error TS2339: Property 'match' does not exist on type 'string | true'.
  Property 'match' does not exist on type 'true'.
examples/jsm/loaders/RGBELoader.js(353,13): error TS2339: Property 'pos' does not exist on type 'Uint8Array<any>'.
examples/jsm/loaders/RGBELoader.js(358,73): error TS2339: Property 'pos' does not exist on type 'Uint8Array<any>'.
examples/jsm/loaders/RGBMLoader.js(8,8): error TS2307: Cannot find module 'three' or its corresponding type declarations.
examples/jsm/loaders/RGBMLoader.js(51,10): error TS2339: Property 'load' does not exist on type 'RGBMLoader'.
examples/jsm/loaders/RGBMLoader.js(100,20): error TS2339: Property 'width' does not exist on type '{ tabs: {}; frames: never[]; }'.
examples/jsm/loaders/RGBMLoader.js(100,32): error TS2339: Property 'height' does not exist on type '{ tabs: {}; frames: never[]; }'.
examples/jsm/loaders/RGBMLoader.js(132,15): error TS2339: Property 'width' does not exist on type '{ tabs: {}; frames: never[]; }'.
examples/jsm/loaders/RGBMLoader.js(133,16): error TS2339: Property 'height' does not exist on type '{ tabs: {}; frames: never[]; }'.
examples/jsm/loaders/RGBMLoader.js(278,21): error TS2403: Subsequent variable declarations must have the same type.  Variable 'j' must be of type 'number', but here has type 'any'.
examples/jsm/loaders/RGBMLoader.js(304,9): error TS2403: Subsequent variable declarations must have the same type.  Variable 'gr' must be of type 'any', but here has type 'number'.
examples/jsm/loaders/RGBMLoader.js(309,9): error TS2403: Subsequent variable declarations must have the same type.  Variable 'gr' must be of type 'any', but here has type 'number'.
examples/jsm/loaders/RGBMLoader.js(314,9): error TS2403: Subsequent variable declarations must have the same type.  Variable 'gr' must be of type 'any', but here has type 'number'.
examples/jsm/loaders/RGBMLoader.js(362,4): error TS7053: Element implicitly has an 'any' type because expression of type '"CgBI"' can't be used to index type '{}'.
  Property 'CgBI' does not exist on type '{}'.
examples/jsm/loaders/RGBMLoader.js(371,4): error TS7053: Element implicitly has an 'any' type because expression of type '"acTL"' can't be used to index type '{}'.
  Property 'acTL' does not exist on type '{}'.
examples/jsm/loaders/RGBMLoader.js(379,45): error TS18048: 'fd' is possibly 'undefined'.
examples/jsm/loaders/RGBMLoader.js(387,21): error TS2345: Argument of type '{ rect: { x: number; y: number; width: number; height: number; }; delay: number; dispose: number; blend: number; }' is not assignable to parameter of type 'never'.
examples/jsm/loaders/RGBMLoader.js(391,41): error TS2454: Variable 'fd' is used before being assigned.
examples/jsm/loaders/RGBMLoader.js(396,4): error TS7053: Element implicitly has an 'any' type because expression of type '"pHYs"' can't be used to index type '{}'.
  Property 'pHYs' does not exist on type '{}'.
examples/jsm/loaders/RGBMLoader.js(400,4): error TS7053: Element implicitly has an 'any' type because expression of type '"cHRM"' can't be used to index type '{}'.
  Property 'cHRM' does not exist on type '{}'.
examples/jsm/loaders/RGBMLoader.js(401,35): error TS7053: Element implicitly has an 'any' type because expression of type '"cHRM"' can't be used to index type '{}'.
  Property 'cHRM' does not exist on type '{}'.
examples/jsm/loaders/RGBMLoader.js(405,9): error TS7053: Element implicitly has an 'any' type because expression of type '"tEXt" | "zTXt"' can't be used to index type '{}'.
  Property 'tEXt' does not exist on type '{}'.
examples/jsm/loaders/RGBMLoader.js(405,36): error TS7053: Element implicitly has an 'any' type because expression of type '"tEXt" | "zTXt"' can't be used to index type '{}'.
  Property 'tEXt' does not exist on type '{}'.
examples/jsm/loaders/RGBMLoader.js(417,4): error TS7053: Element implicitly has an 'any' type because expression of type '"tEXt" | "zTXt"' can't be used to index type '{}'.
  Property 'tEXt' does not exist on type '{}'.
examples/jsm/loaders/RGBMLoader.js(421,9): error TS7053: Element implicitly has an 'any' type because expression of type '"iTXt"' can't be used to index type '{}'.
  Property 'iTXt' does not exist on type '{}'.
examples/jsm/loaders/RGBMLoader.js(421,36): error TS7053: Element implicitly has an 'any' type because expression of type '"iTXt"' can't be used to index type '{}'.
  Property 'iTXt' does not exist on type '{}'.
examples/jsm/loaders/RGBMLoader.js(422,8): error TS2403: Subsequent variable declarations must have the same type.  Variable 'nz' must be of type 'any', but here has type 'number'.
examples/jsm/loaders/RGBMLoader.js(439,4): error TS7053: Element implicitly has an 'any' type because expression of type '"iTXt"' can't be used to index type '{}'.
  Property 'iTXt' does not exist on type '{}'.
examples/jsm/loaders/RGBMLoader.js(443,4): error TS7053: Element implicitly has an 'any' type because expression of type '"PLTE"' can't be used to index type '{}'.
  Property 'PLTE' does not exist on type '{}'.
examples/jsm/loaders/RGBMLoader.js(447,13): error TS7053: Element implicitly has an 'any' type because expression of type '"PLTE"' can't be used to index type '{}'.
  Property 'PLTE' does not exist on type '{}'.
examples/jsm/loaders/RGBMLoader.js(448,4): error TS7053: Element implicitly has an 'any' type because expression of type '"hIST"' can't be used to index type '{}'.
  Property 'hIST' does not exist on type '{}'.
examples/jsm/loaders/RGBMLoader.js(448,59): error TS7053: Element implicitly has an 'any' type because expression of type '"hIST"' can't be used to index type '{}'.
  Property 'hIST' does not exist on type '{}'.
examples/jsm/loaders/RGBMLoader.js(452,13): error TS2339: Property 'ctype' does not exist on type '{ tabs: {}; frames: never[]; }'.
examples/jsm/loaders/RGBMLoader.js(452,26): error TS7053: Element implicitly has an 'any' type because expression of type '"tRNS"' can't be used to index type '{}'.
  Property 'tRNS' does not exist on type '{}'.
examples/jsm/loaders/RGBMLoader.js(453,18): error TS2339: Property 'ctype' does not exist on type '{ tabs: {}; frames: never[]; }'.
examples/jsm/loaders/RGBMLoader.js(453,31): error TS7053: Element implicitly has an 'any' type because expression of type '"tRNS"' can't be used to index type '{}'.
  Property 'tRNS' does not exist on type '{}'.
examples/jsm/loaders/RGBMLoader.js(454,18): error TS2339: Property 'ctype' does not exist on type '{ tabs: {}; frames: never[]; }'.
examples/jsm/loaders/RGBMLoader.js(454,31): error TS7053: Element implicitly has an 'any' type because expression of type '"tRNS"' can't be used to index type '{}'.
  Property 'tRNS' does not exist on type '{}'.
examples/jsm/loaders/RGBMLoader.js(457,32): error TS7053: Element implicitly has an 'any' type because expression of type '"gAMA"' can't be used to index type '{}'.
  Property 'gAMA' does not exist on type '{}'.
examples/jsm/loaders/RGBMLoader.js(458,30): error TS7053: Element implicitly has an 'any' type because expression of type '"sRGB"' can't be used to index type '{}'.
  Property 'sRGB' does not exist on type '{}'.
examples/jsm/loaders/RGBMLoader.js(461,13): error TS2339: Property 'ctype' does not exist on type '{ tabs: {}; frames: never[]; }'.
examples/jsm/loaders/RGBMLoader.js(461,31): error TS2339: Property 'ctype' does not exist on type '{ tabs: {}; frames: never[]; }'.
examples/jsm/loaders/RGBMLoader.js(461,44): error TS7053: Element implicitly has an 'any' type because expression of type '"bKGD"' can't be used to index type '{}'.
  Property 'bKGD' does not exist on type '{}'.
examples/jsm/loaders/RGBMLoader.js(462,18): error TS2339: Property 'ctype' does not exist on type '{ tabs: {}; frames: never[]; }'.
examples/jsm/loaders/RGBMLoader.js(462,36): error TS2339: Property 'ctype' does not exist on type '{ tabs: {}; frames: never[]; }'.
examples/jsm/loaders/RGBMLoader.js(462,49): error TS7053: Element implicitly has an 'any' type because expression of type '"bKGD"' can't be used to index type '{}'.
  Property 'bKGD' does not exist on type '{}'.
examples/jsm/loaders/RGBMLoader.js(463,18): error TS2339: Property 'ctype' does not exist on type '{ tabs: {}; frames: never[]; }'.
examples/jsm/loaders/RGBMLoader.js(463,31): error TS7053: Element implicitly has an 'any' type because expression of type '"bKGD"' can't be used to index type '{}'.
  Property 'bKGD' does not exist on type '{}'.
examples/jsm/loaders/RGBMLoader.js(480,43): error TS18048: 'fd' is possibly 'undefined'.
examples/jsm/loaders/RGBMLoader.js(484,6): error TS2339: Property 'data' does not exist on type '{ tabs: {}; frames: never[]; }'.
examples/jsm/loaders/RGBMLoader.js(484,51): error TS2339: Property 'width' does not exist on type '{ tabs: {}; frames: never[]; }'.
examples/jsm/loaders/RGBMLoader.js(484,62): error TS2339: Property 'height' does not exist on type '{ tabs: {}; frames: never[]; }'.
examples/jsm/loaders/RGBMLoader.js(486,13): error TS2339: Property 'compress' does not exist on type '{ tabs: {}; frames: never[]; }'.
examples/jsm/loaders/RGBMLoader.js(486,34): error TS2339: Property 'interlace' does not exist on type '{ tabs: {}; frames: never[]; }'.
examples/jsm/loaders/RGBMLoader.js(486,56): error TS2339: Property 'filter' does not exist on type '{ tabs: {}; frames: never[]; }'.
examples/jsm/loaders/RGBMLoader.js(538,6): error TS2322: Type '0' is not assignable to type 'never'.
examples/jsm/loaders/RGBMLoader.js(538,20): error TS2322: Type '0' is not assignable to type 'never'.
examples/jsm/loaders/RGBMLoader.js(545,36): error TS2322: Type 'number' is not assignable to type 'never'.
examples/jsm/loaders/RGBMLoader.js(559,13): error TS18048: 'v' is possibly 'undefined'.
examples/jsm/loaders/RGBMLoader.js(576,14): error TS18048: 'C' is possibly 'undefined'.
examples/jsm/loaders/RGBMLoader.js(667,66): error TS2403: Subsequent variable declarations must have the same type.  Variable 'M' must be of type 'any', but here has type 'number'.
examples/jsm/loaders/RGBMLoader.js(886,9): error TS18047: 'noc' is possibly 'null'.
examples/jsm/loaders/RGBMLoader.js(1053,9): error TS2403: Subsequent variable declarations must have the same type.  Variable 'fa' must be of type 'number', but here has type 'any'.
examples/jsm/loaders/RGBMLoader.js(1053,28): error TS2403: Subsequent variable declarations must have the same type.  Variable 'fr' must be of type 'number', but here has type 'any'.
examples/jsm/loaders/RGBMLoader.js(1053,43): error TS2403: Subsequent variable declarations must have the same type.  Variable 'fg' must be of type 'number', but here has type 'any'.
examples/jsm/loaders/RGBMLoader.js(1053,62): error TS2403: Subsequent variable declarations must have the same type.  Variable 'fb' must be of type 'number', but here has type 'any'.
examples/jsm/loaders/RGBMLoader.js(1054,9): error TS2403: Subsequent variable declarations must have the same type.  Variable 'ba' must be of type 'number', but here has type 'any'.
examples/jsm/loaders/RGBMLoader.js(1054,28): error TS2403: Subsequent variable declarations must have the same type.  Variable 'br' must be of type 'number', but here has type 'any'.
examples/jsm/loaders/RGBMLoader.js(1054,43): error TS2403: Subsequent variable declarations must have the same type.  Variable 'bg' must be of type 'number', but here has type 'any'.
examples/jsm/loaders/RGBMLoader.js(1054,62): error TS2403: Subsequent variable declarations must have the same type.  Variable 'bb' must be of type 'number', but here has type 'any'.
examples/jsm/loaders/RGBMLoader.js(1067,9): error TS2403: Subsequent variable declarations must have the same type.  Variable 'fa' must be of type 'number', but here has type 'any'.
examples/jsm/loaders/RGBMLoader.js(1067,28): error TS2403: Subsequent variable declarations must have the same type.  Variable 'fr' must be of type 'number', but here has type 'any'.
examples/jsm/loaders/RGBMLoader.js(1067,43): error TS2403: Subsequent variable declarations must have the same type.  Variable 'fg' must be of type 'number', but here has type 'any'.
examples/jsm/loaders/RGBMLoader.js(1067,62): error TS2403: Subsequent variable declarations must have the same type.  Variable 'fb' must be of type 'number', but here has type 'any'.
examples/jsm/loaders/RGBMLoader.js(1068,9): error TS2403: Subsequent variable declarations must have the same type.  Variable 'ba' must be of type 'number', but here has type 'any'.
examples/jsm/loaders/RGBMLoader.js(1068,28): error TS2403: Subsequent variable declarations must have the same type.  Variable 'br' must be of type 'number', but here has type 'any'.
examples/jsm/loaders/RGBMLoader.js(1068,43): error TS2403: Subsequent variable declarations must have the same type.  Variable 'bg' must be of type 'number', but here has type 'any'.
examples/jsm/loaders/RGBMLoader.js(1068,62): error TS2403: Subsequent variable declarations must have the same type.  Variable 'bb' must be of type 'number', but here has type 'any'.
examples/jsm/loaders/STLLoader.js(10,8): error TS2307: Cannot find module 'three' or its corresponding type declarations.
examples/jsm/loaders/STLLoader.js(76,39): error TS2339: Property 'manager' does not exist on type 'STLLoader'.
examples/jsm/loaders/STLLoader.js(77,24): error TS2339: Property 'path' does not exist on type 'STLLoader'.
examples/jsm/loaders/STLLoader.js(79,33): error TS2339: Property 'requestHeader' does not exist on type 'STLLoader'.
examples/jsm/loaders/STLLoader.js(80,35): error TS2339: Property 'withCredentials' does not exist on type 'STLLoader'.
examples/jsm/loaders/STLLoader.js(100,11): error TS2339: Property 'manager' does not exist on type 'STLLoader'.
examples/jsm/loaders/STLLoader.js(248,7): error TS2454: Variable 'colors' is used before being assigned.
examples/jsm/loaders/STLLoader.js(249,7): error TS2454: Variable 'colors' is used before being assigned.
examples/jsm/loaders/STLLoader.js(250,7): error TS2454: Variable 'colors' is used before being assigned.
examples/jsm/loaders/SVGLoader.js(15,8): error TS2307: Cannot find module 'three' or its corresponding type declarations.
examples/jsm/loaders/SVGLoader.js(37,40): error TS2339: Property 'manager' does not exist on type 'SVGLoader'.
examples/jsm/loaders/SVGLoader.js(38,25): error TS2339: Property 'path' does not exist on type 'SVGLoader'.
examples/jsm/loaders/SVGLoader.js(39,34): error TS2339: Property 'requestHeader' does not exist on type 'SVGLoader'.
examples/jsm/loaders/SVGLoader.js(40,36): error TS2339: Property 'withCredentials' does not exist on type 'SVGLoader'.
examples/jsm/loaders/SVGLoader.js(59,11): error TS2339: Property 'manager' does not exist on type 'SVGLoader'.
examples/jsm/loaders/SVGLoader.js(683,6): error TS7053: Element implicitly has an 'any' type because expression of type 'any' can't be used to index type '{}'.
examples/jsm/loaders/SVGLoader.js(684,7): error TS7053: Element implicitly has an 'any' type because expression of type 'any' can't be used to index type '{}'.
examples/jsm/loaders/SVGLoader.js(989,58): error TS7053: Element implicitly has an 'any' type because expression of type 'string' can't be used to index type '{}'.
  No index signature with a parameter of type 'string' was found on type '{}'.
examples/jsm/loaders/SVGLoader.js(997,57): error TS7053: Element implicitly has an 'any' type because expression of type 'string' can't be used to index type '{}'.
  No index signature with a parameter of type 'string' was found on type '{}'.
examples/jsm/loaders/SVGLoader.js(1012,10): error TS7053: Element implicitly has an 'any' type because expression of type 'any' can't be used to index type '{}'.
examples/jsm/loaders/SVGLoader.js(1012,74): error TS7053: Element implicitly has an 'any' type because expression of type 'any' can't be used to index type '{}'.
examples/jsm/loaders/SVGLoader.js(1089,11): error TS2339: Property 'partial' does not exist on type 'SyntaxError'.
examples/jsm/loaders/SVGLoader.js(1380,13): error TS7053: Element implicitly has an 'any' type because expression of type 'string' can't be used to index type '{ mm: number; cm: number; in: number; pt: number; pc: number; px: number; }'.
  No index signature with a parameter of type 'string' was found on type '{ mm: number; cm: number; in: number; pt: number; pc: number; px: number; }'.
examples/jsm/loaders/SVGLoader.js(1384,13): error TS7053: Element implicitly has an 'any' type because expression of type 'string' can't be used to index type '{ mm: { mm: number; cm: number; in: number; pt: number; pc: number; px: number; }; cm: { mm: number; cm: number; in: number; pt: number; pc: number; px: number; }; in: { mm: number; cm: number; in: number; pt: number; pc: number; px: number; }; pt: { ...; }; pc: { ...; }; px: { ...; }; }'.
  No index signature with a parameter of type 'string' was found on type '{ mm: { mm: number; cm: number; in: number; pt: number; pc: number; px: number; }; cm: { mm: number; cm: number; in: number; pt: number; pc: number; px: number; }; in: { mm: number; cm: number; in: number; pt: number; pc: number; px: number; }; pt: { ...; }; pc: { ...; }; px: { ...; }; }'.
examples/jsm/loaders/SVGLoader.js(1390,14): error TS7053: Element implicitly has an 'any' type because expression of type 'string' can't be used to index type '{ mm: { mm: number; cm: number; in: number; pt: number; pc: number; px: number; }; cm: { mm: number; cm: number; in: number; pt: number; pc: number; px: number; }; in: { mm: number; cm: number; in: number; pt: number; pc: number; px: number; }; pt: { ...; }; pc: { ...; }; px: { ...; }; }'.
  No index signature with a parameter of type 'string' was found on type '{ mm: { mm: number; cm: number; in: number; pt: number; pc: number; px: number; }; cm: { mm: number; cm: number; in: number; pt: number; pc: number; px: number; }; in: { mm: number; cm: number; in: number; pt: number; pc: number; px: number; }; pt: { ...; }; pc: { ...; }; px: { ...; }; }'.
examples/jsm/loaders/SVGLoader.js(1625,32): error TS2345: Argument of type 'number | undefined' is not assignable to parameter of type 'number'.
  Type 'undefined' is not assignable to type 'number'.
examples/jsm/loaders/TDSLoader.js(15,8): error TS2307: Cannot find module 'three' or its corresponding type declarations.
examples/jsm/loaders/TDSLoader.js(36,3): error TS7008: Member 'materials' implicitly has an 'any[]' type.
examples/jsm/loaders/TDSLoader.js(37,3): error TS7008: Member 'meshes' implicitly has an 'any[]' type.
examples/jsm/loaders/TDSLoader.js(54,23): error TS2339: Property 'path' does not exist on type 'TDSLoader'.
examples/jsm/loaders/TDSLoader.js(54,80): error TS2339: Property 'path' does not exist on type 'TDSLoader'.
examples/jsm/loaders/TDSLoader.js(56,39): error TS2339: Property 'manager' does not exist on type 'TDSLoader'.
examples/jsm/loaders/TDSLoader.js(57,24): error TS2339: Property 'path' does not exist on type 'TDSLoader'.
examples/jsm/loaders/TDSLoader.js(59,33): error TS2339: Property 'requestHeader' does not exist on type 'TDSLoader'.
examples/jsm/loaders/TDSLoader.js(60,35): error TS2339: Property 'withCredentials' does not exist on type 'TDSLoader'.
examples/jsm/loaders/TDSLoader.js(80,11): error TS2339: Property 'manager' does not exist on type 'TDSLoader'.
examples/jsm/loaders/TDSLoader.js(494,9): error TS18047: 'subchunk' is possibly 'null'.
examples/jsm/loaders/TDSLoader.js(498,43): error TS2345: Argument of type 'Chunk | null' is not assignable to parameter of type 'Chunk'.
  Type 'null' is not assignable to type 'Chunk'.
examples/jsm/loaders/TDSLoader.js(499,25): error TS2339: Property 'index' does not exist on type 'Object'.
examples/jsm/loaders/TDSLoader.js(506,44): error TS2339: Property 'name' does not exist on type 'Object'.
examples/jsm/loaders/TDSLoader.js(518,61): error TS18047: 'subchunk' is possibly 'null'.
examples/jsm/loaders/TDSLoader.js(541,42): error TS2339: Property 'manager' does not exist on type 'TDSLoader'.
examples/jsm/loaders/TDSLoader.js(542,24): error TS2339: Property 'resourcePath' does not exist on type 'TDSLoader'.
examples/jsm/loaders/TDSLoader.js(542,68): error TS2339: Property 'crossOrigin' does not exist on type 'TDSLoader'.
examples/jsm/loaders/TDSLoader.js(555,13): error TS2339: Property 'offset' does not exist on type '{}'.
examples/jsm/loaders/TDSLoader.js(556,52): error TS2339: Property 'offset' does not exist on type '{}'.
examples/jsm/loaders/TDSLoader.js(560,13): error TS2339: Property 'offset' does not exist on type '{}'.
examples/jsm/loaders/TDSLoader.js(561,52): error TS2339: Property 'offset' does not exist on type '{}'.
examples/jsm/loaders/TDSLoader.js(565,13): error TS2339: Property 'repeat' does not exist on type '{}'.
examples/jsm/loaders/TDSLoader.js(566,52): error TS2339: Property 'repeat' does not exist on type '{}'.
examples/jsm/loaders/TDSLoader.js(570,13): error TS2339: Property 'repeat' does not exist on type '{}'.
examples/jsm/loaders/TDSLoader.js(571,52): error TS2339: Property 'repeat' does not exist on type '{}'.
examples/jsm/loaders/TDSLoader.js(625,8): error TS18047: 'subChunk' is possibly 'null'.
examples/jsm/loaders/TDSLoader.js(625,36): error TS18047: 'subChunk' is possibly 'null'.
examples/jsm/loaders/TDSLoader.js(627,14): error TS18047: 'subChunk' is possibly 'null'.
examples/jsm/loaders/TDSLoader.js(628,14): error TS18047: 'subChunk' is possibly 'null'.
examples/jsm/loaders/TDSLoader.js(629,14): error TS18047: 'subChunk' is possibly 'null'.
examples/jsm/loaders/TDSLoader.js(635,15): error TS18047: 'subChunk' is possibly 'null'.
examples/jsm/loaders/TDSLoader.js(635,42): error TS18047: 'subChunk' is possibly 'null'.
examples/jsm/loaders/TDSLoader.js(637,14): error TS18047: 'subChunk' is possibly 'null'.
examples/jsm/loaders/TDSLoader.js(638,14): error TS18047: 'subChunk' is possibly 'null'.
examples/jsm/loaders/TDSLoader.js(639,14): error TS18047: 'subChunk' is possibly 'null'.
examples/jsm/loaders/TDSLoader.js(647,55): error TS18047: 'subChunk' is possibly 'null'.
examples/jsm/loaders/TDSLoader.js(666,12): error TS18047: 'subChunk' is possibly 'null'.
examples/jsm/loaders/TDSLoader.js(669,14): error TS18047: 'subChunk' is possibly 'null'.
examples/jsm/loaders/TDSLoader.js(673,12): error TS18047: 'subChunk' is possibly 'null'.
examples/jsm/loaders/TDSLoader.js(677,61): error TS18047: 'subChunk' is possibly 'null'.
examples/jsm/loaders/TDSLoader.js(737,23): error TS2554: Expected 0 arguments, but got 1.
examples/jsm/loaders/TDSLoader.js(765,23): error TS2554: Expected 0 arguments, but got 1.
examples/jsm/loaders/TDSLoader.js(798,48): error TS2554: Expected 1 arguments, but got 2.
examples/jsm/loaders/TDSLoader.js(820,23): error TS2554: Expected 0 arguments, but got 1.
examples/jsm/loaders/TGALoader.js(4,8): error TS2307: Cannot find module 'three' or its corresponding type declarations.
examples/jsm/loaders/TIFFLoader.js(5,8): error TS2307: Cannot find module 'three' or its corresponding type declarations.
examples/jsm/loaders/TIFFLoader.js(7,18): error TS6307: File 'C:/Users/srigaud/Desktop/three.js/examples/jsm/libs/utif.module.js' is not listed within the file list of project 'C:/Users/srigaud/Desktop/three.js/tsconfig.json'. Projects must list all files or use an 'include' pattern.
examples/jsm/loaders/TTFLoader.js(4,8): error TS2307: Cannot find module 'three' or its corresponding type declarations.
examples/jsm/loaders/TTFLoader.js(5,22): error TS6307: File 'C:/Users/srigaud/Desktop/three.js/examples/jsm/libs/opentype.module.js' is not listed within the file list of project 'C:/Users/srigaud/Desktop/three.js/tsconfig.json'. Projects must list all files or use an 'include' pattern.
examples/jsm/loaders/TTFLoader.js(27,39): error TS2339: Property 'manager' does not exist on type 'TTFLoader'.
examples/jsm/loaders/TTFLoader.js(28,24): error TS2339: Property 'path' does not exist on type 'TTFLoader'.
examples/jsm/loaders/TTFLoader.js(30,33): error TS2339: Property 'requestHeader' does not exist on type 'TTFLoader'.
examples/jsm/loaders/TTFLoader.js(31,35): error TS2339: Property 'withCredentials' does not exist on type 'TTFLoader'.
examples/jsm/loaders/TTFLoader.js(50,11): error TS2339: Property 'manager' does not exist on type 'TTFLoader'.
examples/jsm/loaders/TTFLoader.js(120,6): error TS7053: Element implicitly has an 'any' type because expression of type 'string' can't be used to index type '{}'.
  No index signature with a parameter of type 'string' was found on type '{}'.
examples/jsm/loaders/TTFLoader.js(184,14): error TS2339: Property 'x1' does not exist on type '{ type: any; }'.
examples/jsm/loaders/TTFLoader.js(185,14): error TS2339: Property 'y1' does not exist on type '{ type: any; }'.
examples/jsm/loaders/TTFLoader.js(186,14): error TS2339: Property 'x2' does not exist on type '{ type: any; }'.
examples/jsm/loaders/TTFLoader.js(187,14): error TS2339: Property 'y2' does not exist on type '{ type: any; }'.
examples/jsm/loaders/TTFLoader.js(191,14): error TS2339: Property 'x1' does not exist on type '{ type: any; }'.
examples/jsm/loaders/TTFLoader.js(192,14): error TS2339: Property 'y1' does not exist on type '{ type: any; }'.
examples/jsm/loaders/TTFLoader.js(196,13): error TS2339: Property 'x' does not exist on type '{ type: any; }'.
examples/jsm/loaders/TTFLoader.js(197,13): error TS2339: Property 'y' does not exist on type '{ type: any; }'.
examples/jsm/loaders/TTFLoader.js(208,28): error TS2554: Expected 2 arguments, but got 1.
examples/jsm/loaders/UltraHDRLoader.js(13,8): error TS2307: Cannot find module 'three' or its corresponding type declarations.
examples/jsm/loaders/UltraHDRLoader.js(284,39): error TS2339: Property 'manager' does not exist on type 'UltraHDRLoader'.
examples/jsm/loaders/UltraHDRLoader.js(286,33): error TS2339: Property 'requestHeader' does not exist on type 'UltraHDRLoader'.
examples/jsm/loaders/UltraHDRLoader.js(287,24): error TS2339: Property 'path' does not exist on type 'UltraHDRLoader'.
examples/jsm/loaders/UltraHDRLoader.js(288,35): error TS2339: Property 'withCredentials' does not exist on type 'UltraHDRLoader'.
examples/jsm/loaders/UltraHDRLoader.js(361,5): error TS2345: Argument of type 'number' is not assignable to parameter of type 'string'.
examples/jsm/loaders/UltraHDRLoader.js(364,5): error TS2345: Argument of type 'number' is not assignable to parameter of type 'string'.
examples/jsm/loaders/UltraHDRLoader.js(406,25): error TS2584: Cannot find name 'document'. Do you need to change your target library? Try changing the 'lib' compiler option to include 'dom'.
examples/jsm/loaders/UltraHDRLoader.js(431,10): error TS2693: 'Blob' only refers to a type, but is being used as a value here.
examples/jsm/loaders/UltraHDRLoader.js(455,20): error TS2584: Cannot find name 'document'. Do you need to change your target library? Try changing the 'lib' compiler option to include 'dom'.
examples/jsm/loaders/USDZLoader.js(17,8): error TS2307: Cannot find module 'three' or its corresponding type declarations.
examples/jsm/loaders/USDZLoader.js(52,6): error TS7053: Element implicitly has an 'any' type because expression of type 'any' can't be used to index type '{}'.
examples/jsm/loaders/USDZLoader.js(60,6): error TS7053: Element implicitly has an 'any' type because expression of type 'any' can't be used to index type '{}'.
examples/jsm/loaders/USDZLoader.js(69,6): error TS7053: Element implicitly has an 'any' type because expression of type 'any' can't be used to index type '{}'.
examples/jsm/loaders/USDZLoader.js(75,19): error TS7053: Element implicitly has an 'any' type because expression of type 'any' can't be used to index type '{}'.
examples/jsm/loaders/USDZLoader.js(78,5): error TS7053: Element implicitly has an 'any' type because expression of type 'any' can't be used to index type '{}'.
examples/jsm/loaders/USDZLoader.js(96,5): error TS7053: Element implicitly has an 'any' type because expression of type 'any' can't be used to index type '{}'.
examples/jsm/loaders/USDZLoader.js(131,40): error TS2339: Property 'manager' does not exist on type 'USDZLoader'.
examples/jsm/loaders/USDZLoader.js(132,25): error TS2339: Property 'path' does not exist on type 'USDZLoader'.
examples/jsm/loaders/USDZLoader.js(134,34): error TS2339: Property 'requestHeader' does not exist on type 'USDZLoader'.
examples/jsm/loaders/USDZLoader.js(135,36): error TS2339: Property 'withCredentials' does not exist on type 'USDZLoader'.
examples/jsm/loaders/USDZLoader.js(154,11): error TS2339: Property 'manager' does not exist on type 'USDZLoader'.
examples/jsm/loaders/USDZLoader.js(176,23): error TS2693: 'Blob' only refers to a type, but is being used as a value here.
examples/jsm/loaders/USDZLoader.js(177,6): error TS7053: Element implicitly has an 'any' type because expression of type 'string' can't be used to index type '{}'.
  No index signature with a parameter of type 'string' was found on type '{}'.
examples/jsm/loaders/USDZLoader.js(189,26): error TS2554: Expected 2 arguments, but got 1.
examples/jsm/loaders/USDZLoader.js(190,6): error TS7053: Element implicitly has an 'any' type because expression of type 'string' can't be used to index type '{}'.
  No index signature with a parameter of type 'string' was found on type '{}'.
examples/jsm/loaders/USDZLoader.js(250,22): error TS2554: Expected 2 arguments, but got 1.
examples/jsm/loaders/USDZLoader.js(262,23): error TS2554: Expected 2 arguments, but got 1.
examples/jsm/loaders/USDZLoader.js(278,26): error TS7053: Element implicitly has an 'any' type because expression of type 'any' can't be used to index type '{}'.
examples/jsm/loaders/USDZLoader.js(286,12): error TS7023: 'findGeometry' implicitly has return type 'any' because it does not have a return type annotation and is referenced directly or indirectly in one of its return expressions.
examples/jsm/loaders/USDZLoader.js(315,12): error TS7022: 'geometry' implicitly has type 'any' because it does not have a type annotation and is referenced directly or indirectly in its own initializer.
examples/jsm/loaders/USDZLoader.js(519,12): error TS7023: 'findMaterial' implicitly has return type 'any' because it does not have a return type annotation and is referenced directly or indirectly in one of its return expressions.
examples/jsm/loaders/USDZLoader.js(533,12): error TS7022: 'material' implicitly has type 'any' because it does not have a type annotation and is referenced directly or indirectly in its own initializer.
examples/jsm/loaders/USDZLoader.js(574,25): error TS2531: Object is possibly 'null'.
examples/jsm/loaders/USDZLoader.js(582,42): error TS2531: Object is possibly 'null'.
examples/jsm/loaders/USDZLoader.js(603,42): error TS2531: Object is possibly 'null'.
examples/jsm/loaders/USDZLoader.js(625,42): error TS2531: Object is possibly 'null'.
examples/jsm/loaders/USDZLoader.js(641,42): error TS2531: Object is possibly 'null'.
examples/jsm/loaders/USDZLoader.js(662,42): error TS2531: Object is possibly 'null'.
examples/jsm/loaders/USDZLoader.js(683,42): error TS2531: Object is possibly 'null'.
examples/jsm/loaders/USDZLoader.js(704,42): error TS2531: Object is possibly 'null'.
examples/jsm/loaders/USDZLoader.js(731,42): error TS2531: Object is possibly 'null'.
examples/jsm/loaders/USDZLoader.js(752,12): error TS7023: 'findTexture' implicitly has return type 'any' because it does not have a return type annotation and is referenced directly or indirectly in one of its return expressions.
examples/jsm/loaders/USDZLoader.js(766,12): error TS7022: 'texture' implicitly has type 'any' because it does not have a type annotation and is referenced directly or indirectly in its own initializer.
examples/jsm/loaders/USDZLoader.js(784,34): error TS7053: Element implicitly has an 'any' type because expression of type 'any' can't be used to index type '{}'.
examples/jsm/loaders/USDZLoader.js(794,22): error TS7053: Element implicitly has an 'any' type because expression of type 'any' can't be used to index type '{ '"clamp"': any; '"mirror"': any; '"repeat"': any; }'.
examples/jsm/loaders/USDZLoader.js(800,22): error TS7053: Element implicitly has an 'any' type because expression of type 'any' can't be used to index type '{ '"clamp"': any; '"mirror"': any; '"repeat"': any; }'.
examples/jsm/loaders/USDZLoader.js(846,19): error TS2531: Object is possibly 'null'.
examples/jsm/loaders/VOXLoader.js(14,8): error TS2307: Cannot find module 'three' or its corresponding type declarations.
examples/jsm/loaders/VOXLoader.js(22,40): error TS2339: Property 'manager' does not exist on type 'VOXLoader'.
examples/jsm/loaders/VOXLoader.js(23,25): error TS2339: Property 'path' does not exist on type 'VOXLoader'.
examples/jsm/loaders/VOXLoader.js(25,34): error TS2339: Property 'requestHeader' does not exist on type 'VOXLoader'.
examples/jsm/loaders/VOXLoader.js(44,11): error TS2339: Property 'manager' does not exist on type 'VOXLoader'.
examples/jsm/loaders/VOXLoader.js(144,5): error TS18048: 'chunk' is possibly 'undefined'.
examples/jsm/loaders/VOXLoader.js(144,11): error TS2339: Property 'data' does not exist on type '{ palette: number[]; size: { x: number; y: number; z: number; }; }'.
examples/jsm/loaders/VOXLoader.js(158,5): error TS18048: 'chunk' is possibly 'undefined'.
examples/jsm/loaders/VRMLLoader.js(36,8): error TS2307: Cannot find module 'three' or its corresponding type declarations.
examples/jsm/loaders/VRMLLoader.js(37,24): error TS6307: File 'C:/Users/srigaud/Desktop/three.js/examples/jsm/libs/chevrotain.module.min.js' is not listed within the file list of project 'C:/Users/srigaud/Desktop/three.js/tsconfig.json'. Projects must list all files or use an 'include' pattern.
examples/jsm/loaders/VRMLLoader.js(52,24): error TS2339: Property 'path' does not exist on type 'VRMLLoader'.
examples/jsm/loaders/VRMLLoader.js(52,82): error TS2339: Property 'path' does not exist on type 'VRMLLoader'.
examples/jsm/loaders/VRMLLoader.js(54,40): error TS2339: Property 'manager' does not exist on type 'VRMLLoader'.
examples/jsm/loaders/VRMLLoader.js(55,25): error TS2339: Property 'path' does not exist on type 'VRMLLoader'.
examples/jsm/loaders/VRMLLoader.js(56,34): error TS2339: Property 'requestHeader' does not exist on type 'VRMLLoader'.
examples/jsm/loaders/VRMLLoader.js(57,36): error TS2339: Property 'withCredentials' does not exist on type 'VRMLLoader'.
examples/jsm/loaders/VRMLLoader.js(76,11): error TS2339: Property 'manager' does not exist on type 'VRMLLoader'.
examples/jsm/loaders/VRMLLoader.js(242,5): error TS7053: Element implicitly has an 'any' type because expression of type 'any' can't be used to index type '{}'.
examples/jsm/loaders/VRMLLoader.js(277,24): error TS2345: Argument of type 'any' is not assignable to parameter of type 'never'.
examples/jsm/loaders/VRMLLoader.js(287,26): error TS2345: Argument of type 'any' is not assignable to parameter of type 'never'.
examples/jsm/loaders/VRMLLoader.js(316,26): error TS2345: Argument of type 'any' is not assignable to parameter of type 'never'.
examples/jsm/loaders/VRMLLoader.js(326,12): error TS2339: Property 'DEF' does not exist on type '{ name: any; fields: never[]; }'.
examples/jsm/loaders/VRMLLoader.js(413,6): error TS2322: Type '"node"' is not assignable to type 'null'.
examples/jsm/loaders/VRMLLoader.js(419,26): error TS2345: Argument of type 'any' is not assignable to parameter of type 'never'.
examples/jsm/loaders/VRMLLoader.js(427,6): error TS2322: Type '"use"' is not assignable to type 'null'.
examples/jsm/loaders/VRMLLoader.js(433,26): error TS2345: Argument of type 'any' is not assignable to parameter of type 'never'.
examples/jsm/loaders/VRMLLoader.js(441,6): error TS2322: Type '"string"' is not assignable to type 'null'.
examples/jsm/loaders/VRMLLoader.js(447,26): error TS2345: Argument of type 'any' is not assignable to parameter of type 'never'.
examples/jsm/loaders/VRMLLoader.js(455,6): error TS2322: Type '"number"' is not assignable to type 'null'.
examples/jsm/loaders/VRMLLoader.js(461,26): error TS2345: Argument of type 'number' is not assignable to parameter of type 'never'.
examples/jsm/loaders/VRMLLoader.js(469,6): error TS2322: Type '"hex"' is not assignable to type 'null'.
examples/jsm/loaders/VRMLLoader.js(475,26): error TS2345: Argument of type 'any' is not assignable to parameter of type 'never'.
examples/jsm/loaders/VRMLLoader.js(483,6): error TS2322: Type '"boolean"' is not assignable to type 'null'.
examples/jsm/loaders/VRMLLoader.js(489,62): error TS2345: Argument of type 'true' is not assignable to parameter of type 'never'.
examples/jsm/loaders/VRMLLoader.js(497,6): error TS2322: Type '"boolean"' is not assignable to type 'null'.
examples/jsm/loaders/VRMLLoader.js(503,64): error TS2345: Argument of type 'false' is not assignable to parameter of type 'never'.
examples/jsm/loaders/VRMLLoader.js(511,6): error TS2322: Type '"null"' is not assignable to type 'null'.
examples/jsm/loaders/VRMLLoader.js(515,26): error TS2345: Argument of type 'null' is not assignable to parameter of type 'never'.
examples/jsm/loaders/VRMLLoader.js(567,5): error TS7053: Element implicitly has an 'any' type because expression of type 'any' can't be used to index type '{}'.
examples/jsm/loaders/VRMLLoader.js(595,12): error TS7023: 'getNode' implicitly has return type 'any' because it does not have a return type annotation and is referenced directly or indirectly in one of its return expressions.
examples/jsm/loaders/VRMLLoader.js(2722,12): error TS7023: 'resolveUSE' implicitly has return type 'any' because it does not have a return type annotation and is referenced directly or indirectly in one of its return expressions.
examples/jsm/loaders/VRMLLoader.js(2724,17): error TS7053: Element implicitly has an 'any' type because expression of type 'any' can't be used to index type '{}'.
examples/jsm/loaders/VRMLLoader.js(2725,10): error TS7022: 'build' implicitly has type 'any' because it does not have a type annotation and is referenced directly or indirectly in its own initializer.
examples/jsm/loaders/VRMLLoader.js(3026,10): error TS7053: Element implicitly has an 'any' type because expression of type 'any' can't be used to index type '{}'.
examples/jsm/loaders/VRMLLoader.js(3026,45): error TS7053: Element implicitly has an 'any' type because expression of type 'any' can't be used to index type '{}'.
examples/jsm/loaders/VRMLLoader.js(3027,10): error TS7053: Element implicitly has an 'any' type because expression of type 'any' can't be used to index type '{}'.
examples/jsm/loaders/VRMLLoader.js(3027,45): error TS7053: Element implicitly has an 'any' type because expression of type 'any' can't be used to index type '{}'.
examples/jsm/loaders/VRMLLoader.js(3028,10): error TS7053: Element implicitly has an 'any' type because expression of type 'any' can't be used to index type '{}'.
examples/jsm/loaders/VRMLLoader.js(3028,45): error TS7053: Element implicitly has an 'any' type because expression of type 'any' can't be used to index type '{}'.
examples/jsm/loaders/VRMLLoader.js(3030,5): error TS7053: Element implicitly has an 'any' type because expression of type 'any' can't be used to index type '{}'.
examples/jsm/loaders/VRMLLoader.js(3031,5): error TS7053: Element implicitly has an 'any' type because expression of type 'any' can't be used to index type '{}'.
examples/jsm/loaders/VRMLLoader.js(3032,5): error TS7053: Element implicitly has an 'any' type because expression of type 'any' can't be used to index type '{}'.
examples/jsm/loaders/VRMLLoader.js(3046,32): error TS7053: Element implicitly has an 'any' type because expression of type 'any' can't be used to index type '{}'.
examples/jsm/loaders/VRMLLoader.js(3047,32): error TS7053: Element implicitly has an 'any' type because expression of type 'any' can't be used to index type '{}'.
examples/jsm/loaders/VRMLLoader.js(3048,32): error TS7053: Element implicitly has an 'any' type because expression of type 'any' can't be used to index type '{}'.
examples/jsm/loaders/VRMLLoader.js(3231,49): error TS2339: Property 'manager' does not exist on type 'VRMLLoader'.
examples/jsm/loaders/VRMLLoader.js(3232,31): error TS2339: Property 'resourcePath' does not exist on type 'VRMLLoader'.
examples/jsm/loaders/VRMLLoader.js(3232,75): error TS2339: Property 'crossOrigin' does not exist on type 'VRMLLoader'.
examples/jsm/loaders/VTKLoader.js(9,8): error TS2307: Cannot find module 'three' or its corresponding type declarations.
examples/jsm/loaders/VTKLoader.js(24,40): error TS2339: Property 'manager' does not exist on type 'VTKLoader'.
examples/jsm/loaders/VTKLoader.js(25,25): error TS2339: Property 'path' does not exist on type 'VTKLoader'.
examples/jsm/loaders/VTKLoader.js(27,34): error TS2339: Property 'requestHeader' does not exist on type 'VTKLoader'.
examples/jsm/loaders/VTKLoader.js(28,36): error TS2339: Property 'withCredentials' does not exist on type 'VTKLoader'.
examples/jsm/loaders/VTKLoader.js(47,11): error TS2339: Property 'manager' does not exist on type 'VTKLoader'.
examples/jsm/loaders/VTKLoader.js(401,6): error TS2740: Type 'Float32Array<ArrayBuffer>' is missing the following properties from type 'any[]': pop, push, concat, shift, and 6 more.
examples/jsm/loaders/VTKLoader.js(423,6): error TS2740: Type 'Uint32Array<ArrayBuffer>' is missing the following properties from type 'any[]': pop, push, concat, shift, and 6 more.
examples/jsm/loaders/VTKLoader.js(471,6): error TS2740: Type 'Uint32Array<ArrayBuffer>' is missing the following properties from type 'any[]': pop, push, concat, shift, and 6 more.
examples/jsm/loaders/VTKLoader.js(512,6): error TS2740: Type 'Float32Array<ArrayBuffer>' is missing the following properties from type 'any[]': pop, push, concat, shift, and 6 more.
examples/jsm/loaders/VTKLoader.js(597,9): error TS7053: Element implicitly has an 'any' type because expression of type 'any' can't be used to index type '{}'.
examples/jsm/loaders/VTKLoader.js(619,19): error TS7053: Element implicitly has an 'any' type because expression of type 'any' can't be used to index type '{ attributes: {}; }'.
examples/jsm/loaders/VTKLoader.js(623,13): error TS2367: This comparison appears to be unintentional because the types '{ attributes: {}; }' and 'string' have no overlap.
examples/jsm/loaders/VTKLoader.js(625,29): error TS7053: Element implicitly has an 'any' type because expression of type '"#text"' can't be used to index type '{ attributes: {}; }'.
  Property '#text' does not exist on type '{ attributes: {}; }'.
examples/jsm/loaders/VTKLoader.js(627,10): error TS7053: Element implicitly has an 'any' type because expression of type '"#text"' can't be used to index type '{ attributes: {}; }'.
  Property '#text' does not exist on type '{ attributes: {}; }'.
examples/jsm/loaders/VTKLoader.js(627,27): error TS7053: Element implicitly has an 'any' type because expression of type '"#text"' can't be used to index type '{ attributes: {}; }'.
  Property '#text' does not exist on type '{ attributes: {}; }'.
examples/jsm/loaders/VTKLoader.js(631,9): error TS7053: Element implicitly has an 'any' type because expression of type 'any' can't be used to index type '{ attributes: {}; }'.
examples/jsm/loaders/VTKLoader.js(637,20): error TS7053: Element implicitly has an 'any' type because expression of type 'any' can't be used to index type '{ attributes: {}; }'.
examples/jsm/loaders/VTKLoader.js(639,21): error TS7053: Element implicitly has an 'any' type because expression of type 'any' can't be used to index type '{ attributes: {}; }'.
examples/jsm/loaders/VTKLoader.js(640,9): error TS7053: Element implicitly has an 'any' type because expression of type 'any' can't be used to index type '{ attributes: {}; }'.
examples/jsm/loaders/VTKLoader.js(646,13): error TS2367: This comparison appears to be unintentional because the types '{ attributes: {}; }' and 'string' have no overlap.
examples/jsm/loaders/VTKLoader.js(648,29): error TS7053: Element implicitly has an 'any' type because expression of type '"#text"' can't be used to index type '{ attributes: {}; }'.
  Property '#text' does not exist on type '{ attributes: {}; }'.
examples/jsm/loaders/VTKLoader.js(650,10): error TS7053: Element implicitly has an 'any' type because expression of type '"#text"' can't be used to index type '{ attributes: {}; }'.
  Property '#text' does not exist on type '{ attributes: {}; }'.
examples/jsm/loaders/VTKLoader.js(650,27): error TS7053: Element implicitly has an 'any' type because expression of type '"#text"' can't be used to index type '{ attributes: {}; }'.
  Property '#text' does not exist on type '{ attributes: {}; }'.
examples/jsm/loaders/VTKLoader.js(654,9): error TS7053: Element implicitly has an 'any' type because expression of type 'any' can't be used to index type '{ attributes: {}; }'.
examples/jsm/loaders/VTKLoader.js(729,26): error TS2339: Property 'header_type' does not exist on type '{}'.
examples/jsm/loaders/VTKLoader.js(733,33): error TS2339: Property 'header_type' does not exist on type '{}'.
examples/jsm/loaders/VTKLoader.js(810,27): error TS2554: Expected 2 arguments, but got 1.
examples/jsm/loaders/VTKLoader.js(833,14): error TS18048: 'txt' is possibly 'undefined'.
examples/jsm/loaders/VTKLoader.js(852,43): error TS2339: Property 'buffer' does not exist on type 'any[] | Uint8Array<ArrayBuffer>'.
  Property 'buffer' does not exist on type 'any[]'.
examples/jsm/loaders/VTKLoader.js(917,14): error TS2339: Property 'AppendedData' does not exist on type '{ attributes: {}; }'.
examples/jsm/loaders/VTKLoader.js(919,31): error TS2339: Property 'AppendedData' does not exist on type '{ attributes: {}; }'.
examples/jsm/loaders/VTKLoader.js(920,24): error TS2339: Property 'PolyData' does not exist on type '{ attributes: {}; }'.
examples/jsm/loaders/VTKLoader.js(971,14): error TS2339: Property 'PolyData' does not exist on type '{ attributes: {}; }'.
examples/jsm/loaders/VTKLoader.js(973,24): error TS2339: Property 'PolyData' does not exist on type '{ attributes: {}; }'.
examples/jsm/loaders/VTKLoader.js(1037,13): error TS2740: Type 'Float32Array<ArrayBuffer>' is missing the following properties from type 'any[]': pop, push, concat, shift, and 6 more.
examples/jsm/loaders/VTKLoader.js(1038,21): error TS2339: Property 'set' does not exist on type 'any[]'.
examples/jsm/loaders/VTKLoader.js(1060,11): error TS2740: Type 'Float32Array<ArrayBuffer>' is missing the following properties from type 'any[]': pop, push, concat, shift, and 6 more.
examples/jsm/loaders/VTKLoader.js(1061,18): error TS2339: Property 'set' does not exist on type 'any[]'.
examples/jsm/loaders/VTKLoader.js(1084,11): error TS2740: Type 'Uint32Array<ArrayBuffer>' is missing the following properties from type 'any[]': pop, push, concat, shift, and 6 more.
examples/jsm/loaders/VTKLoader.js(1143,11): error TS2740: Type 'Uint32Array<ArrayBuffer>' is missing the following properties from type 'any[]': pop, push, concat, shift, and 6 more.
examples/jsm/loaders/XYZLoader.js(8,8): error TS2307: Cannot find module 'three' or its corresponding type declarations.
examples/jsm/loaders/XYZLoader.js(16,39): error TS2339: Property 'manager' does not exist on type 'XYZLoader'.
examples/jsm/loaders/XYZLoader.js(17,24): error TS2339: Property 'path' does not exist on type 'XYZLoader'.
examples/jsm/loaders/XYZLoader.js(18,33): error TS2339: Property 'requestHeader' does not exist on type 'XYZLoader'.
examples/jsm/loaders/XYZLoader.js(19,35): error TS2339: Property 'withCredentials' does not exist on type 'XYZLoader'.
examples/jsm/loaders/XYZLoader.js(38,11): error TS2339: Property 'manager' does not exist on type 'XYZLoader'.
examples/jsm/materials/LDrawConditionalLineMaterial.js(6,8): error TS2307: Cannot find module 'three' or its corresponding type declarations.
examples/jsm/materials/LDrawConditionalLineMaterial.js(136,8): error TS2339: Property 'setValues' does not exist on type 'LDrawConditionalLineMaterial'.
examples/jsm/materials/LDrawConditionalLineNodeMaterial.js(1,23): error TS2307: Cannot find module 'three' or its corresponding type declarations.
examples/jsm/materials/LDrawConditionalLineNodeMaterial.js(2,192): error TS2307: Cannot find module 'three/tsl' or its corresponding type declarations.
examples/jsm/materials/LDrawConditionalLineNodeMaterial.js(107,8): error TS2339: Property 'setValues' does not exist on type 'LDrawConditionalLineMaterial'.
examples/jsm/materials/MeshGouraudMaterial.js(8,86): error TS2307: Cannot find module 'three' or its corresponding type declarations.
examples/jsm/materials/MeshGouraudMaterial.js(357,44): error TS2339: Property 'defines' does not exist on type '{ name: string; uniforms: any; vertexShader: string; fragmentShader: string; }'.
examples/jsm/materials/MeshGouraudMaterial.js(388,41): error TS2345: Argument of type 'PropertyDescriptor | undefined' is not assignable to parameter of type 'PropertyDescriptor & ThisType<any>'.
  Type 'undefined' is not assignable to type 'PropertyDescriptor & ThisType<any>'.
    Type 'undefined' is not assignable to type 'PropertyDescriptor'.
examples/jsm/materials/MeshGouraudMaterial.js(390,8): error TS2339: Property 'setValues' does not exist on type 'MeshGouraudMaterial'.
examples/jsm/materials/MeshGouraudMaterial.js(398,8): error TS2339: Property 'color' does not exist on type 'MeshGouraudMaterial'.
examples/jsm/materials/MeshGouraudMaterial.js(408,8): error TS2339: Property 'emissive' does not exist on type 'MeshGouraudMaterial'.
examples/jsm/materials/MeshPostProcessingMaterial.js(1,38): error TS2307: Cannot find module 'three' or its corresponding type declarations.
examples/jsm/math/Capsule.js(3,8): error TS2307: Cannot find module 'three' or its corresponding type declarations.
examples/jsm/math/ColorConverter.js(1,27): error TS2307: Cannot find module 'three' or its corresponding type declarations.
examples/jsm/math/ColorConverter.js(24,8): error TS2339: Property 's' does not exist on type '{}'.
examples/jsm/math/ColorConverter.js(24,20): error TS2339: Property 'l' does not exist on type '{}'.
examples/jsm/math/ColorConverter.js(24,37): error TS2339: Property 'l' does not exist on type '{}'.
examples/jsm/math/ColorConverter.js(24,52): error TS2339: Property 'l' does not exist on type '{}'.
examples/jsm/math/ColorConverter.js(26,19): error TS2339: Property 'h' does not exist on type '{}'.
examples/jsm/math/ColorConverter.js(27,23): error TS2339: Property 's' does not exist on type '{}'.
examples/jsm/math/ColorConverter.js(27,34): error TS2339: Property 'l' does not exist on type '{}'.
examples/jsm/math/ColorConverter.js(27,43): error TS2339: Property 's' does not exist on type '{}'.
examples/jsm/math/ColorConverter.js(28,19): error TS2339: Property 'l' does not exist on type '{}'.
examples/jsm/math/ColorConverter.js(28,28): error TS2339: Property 's' does not exist on type '{}'.
examples/jsm/math/ColorSpaces.js(1,55): error TS2307: Cannot find module 'three' or its corresponding type declarations.
examples/jsm/math/ConvexHull.js(6,8): error TS2307: Cannot find module 'three' or its corresponding type declarations.
examples/jsm/math/ConvexHull.js(27,3): error TS7008: Member 'faces' implicitly has an 'any[]' type.
examples/jsm/math/ConvexHull.js(28,3): error TS7008: Member 'newFaces' implicitly has an 'any[]' type.
examples/jsm/math/ConvexHull.js(43,3): error TS7008: Member 'vertices' implicitly has an 'any[]' type.
examples/jsm/math/ConvexHull.js(920,3): error TS7008: Member 'edge' implicitly has an 'any' type.
examples/jsm/math/ConvexHull.js(1002,3): error TS7008: Member 'prev' implicitly has an 'any' type.
examples/jsm/math/ConvexHull.js(1003,3): error TS7008: Member 'next' implicitly has an 'any' type.
examples/jsm/math/Lut.js(5,8): error TS2307: Cannot find module 'three' or its corresponding type declarations.
examples/jsm/math/Lut.js(13,3): error TS7008: Member 'lut' implicitly has an 'any[]' type.
examples/jsm/math/Lut.js(14,3): error TS7008: Member 'map' implicitly has an 'any[]' type.
examples/jsm/math/Lut.js(53,14): error TS7053: Element implicitly has an 'any' type because expression of type 'any' can't be used to index type '{ rainbow: number[][]; cooltowarm: number[][]; blackbody: number[][]; grayscale: number[][]; }'.
examples/jsm/math/Lut.js(126,3): error TS7053: Element implicitly has an 'any' type because expression of type 'any' can't be used to index type '{ rainbow: number[][]; cooltowarm: number[][]; blackbody: number[][]; grayscale: number[][]; }'.
examples/jsm/math/Lut.js(134,18): error TS2584: Cannot find name 'document'. Do you need to change your target library? Try changing the 'lib' compiler option to include 'dom'.
examples/jsm/math/MeshSurfaceSampler.js(5,8): error TS2307: Cannot find module 'three' or its corresponding type declarations.
examples/jsm/math/MeshSurfaceSampler.js(126,27): error TS2531: Object is possibly 'null'.
examples/jsm/math/MeshSurfaceSampler.js(126,46): error TS2531: Object is possibly 'null'.
examples/jsm/math/MeshSurfaceSampler.js(135,13): error TS18047: 'dist' is possibly 'null'.
examples/jsm/math/MeshSurfaceSampler.js(143,22): error TS18047: 'dist' is possibly 'null'.
examples/jsm/math/MeshSurfaceSampler.js(143,46): error TS18047: 'dist' is possibly 'null'.
examples/jsm/math/MeshSurfaceSampler.js(149,20): error TS18047: 'dist' is possibly 'null'.
examples/jsm/math/OBB.js(8,8): error TS2307: Cannot find module 'three' or its corresponding type declarations.
examples/jsm/math/OBB.js(74,14): error TS2351: This expression is not constructable.
  Type 'Function' has no construct signatures.
examples/jsm/math/OBB.js(162,3): error TS2322: Type 'any' is not assignable to type 'never'.
examples/jsm/math/OBB.js(163,3): error TS2322: Type 'any' is not assignable to type 'never'.
examples/jsm/math/OBB.js(164,3): error TS2322: Type 'any' is not assignable to type 'never'.
examples/jsm/math/OBB.js(168,3): error TS2322: Type 'any' is not assignable to type 'never'.
examples/jsm/math/OBB.js(169,3): error TS2322: Type 'any' is not assignable to type 'never'.
examples/jsm/math/OBB.js(170,3): error TS2322: Type 'any' is not assignable to type 'never'.
examples/jsm/math/OBB.js(179,5): error TS2322: Type 'any' is not assignable to type 'never'.
examples/jsm/math/OBB.js(203,5): error TS2322: Type 'number' is not assignable to type 'never'.
examples/jsm/math/Octree.js(9,8): error TS2307: Cannot find module 'three' or its corresponding type declarations.
examples/jsm/math/Octree.js(72,11): error TS2339: Property 'copy' does not exist on type 'never'.
examples/jsm/math/Octree.js(78,11): error TS2339: Property 'copy' does not exist on type 'never'.
examples/jsm/math/Octree.js(91,3): error TS7008: Member 'subTrees' implicitly has an 'any[]' type.
examples/jsm/math/Octree.js(92,3): error TS7008: Member 'triangles' implicitly has an 'any[]' type.
examples/jsm/math/Octree.js(389,32): error TS2339: Property 'normal' does not exist on type 'true | { normal: any; point: any; depth: number; }'.
  Property 'normal' does not exist on type 'true'.
examples/jsm/math/Octree.js(389,62): error TS2339: Property 'depth' does not exist on type 'true | { normal: any; point: any; depth: number; }'.
  Property 'depth' does not exist on type 'true'.
examples/jsm/math/Octree.js(423,32): error TS2339: Property 'normal' does not exist on type 'true | { normal: any; point: any; depth: number; }'.
  Property 'normal' does not exist on type 'true'.
examples/jsm/math/Octree.js(423,62): error TS2339: Property 'depth' does not exist on type 'true | { normal: any; point: any; depth: number; }'.
  Property 'depth' does not exist on type 'true'.
examples/jsm/misc/ConvexObjectBreaker.js(6,8): error TS2307: Cannot find module 'three' or its corresponding type declarations.
examples/jsm/misc/GPUComputationRenderer.js(9,8): error TS2307: Cannot find module 'three' or its corresponding type declarations.
examples/jsm/misc/GPUComputationRenderer.js(114,3): error TS7008: Member 'variables' implicitly has an 'any[]' type.
examples/jsm/misc/GPUComputationRenderer.js(171,30): error TS2339: Property 'variables' does not exist on type 'init'.
examples/jsm/misc/GPUComputationRenderer.js(173,27): error TS2339: Property 'variables' does not exist on type 'init'.
examples/jsm/misc/GPUComputationRenderer.js(176,40): error TS2339: Property 'createRenderTarget' does not exist on type 'init'.
examples/jsm/misc/GPUComputationRenderer.js(177,40): error TS2339: Property 'createRenderTarget' does not exist on type 'init'.
examples/jsm/misc/GPUComputationRenderer.js(178,10): error TS2339: Property 'renderTexture' does not exist on type 'init'.
examples/jsm/misc/GPUComputationRenderer.js(179,10): error TS2339: Property 'renderTexture' does not exist on type 'init'.
examples/jsm/misc/GPUComputationRenderer.js(196,34): error TS2339: Property 'variables' does not exist on type 'init'.
examples/jsm/misc/GPUComputationRenderer.js(198,35): error TS2339: Property 'variables' does not exist on type 'init'.
examples/jsm/misc/GPUComputationRenderer.js(236,31): error TS2339: Property 'variables' does not exist on type 'compute'.
examples/jsm/misc/GPUComputationRenderer.js(238,27): error TS2339: Property 'variables' does not exist on type 'compute'.
examples/jsm/misc/GPUComputationRenderer.js(256,10): error TS2339: Property 'doRenderTarget' does not exist on type 'compute'.
examples/jsm/misc/Gyroscope.js(5,8): error TS2307: Cannot find module 'three' or its corresponding type declarations.
examples/jsm/misc/Gyroscope.js(25,8): error TS2339: Property 'matrixAutoUpdate' does not exist on type 'Gyroscope'.
examples/jsm/misc/Gyroscope.js(25,33): error TS2339: Property 'updateMatrix' does not exist on type 'Gyroscope'.
examples/jsm/misc/Gyroscope.js(31,14): error TS2339: Property 'parent' does not exist on type 'Gyroscope'.
examples/jsm/misc/Gyroscope.js(33,10): error TS2339: Property 'matrixWorld' does not exist on type 'Gyroscope'.
examples/jsm/misc/Gyroscope.js(33,45): error TS2339: Property 'parent' does not exist on type 'Gyroscope'.
examples/jsm/misc/Gyroscope.js(33,70): error TS2339: Property 'matrix' does not exist on type 'Gyroscope'.
examples/jsm/misc/Gyroscope.js(35,10): error TS2339: Property 'matrixWorld' does not exist on type 'Gyroscope'.
examples/jsm/misc/Gyroscope.js(36,10): error TS2339: Property 'matrix' does not exist on type 'Gyroscope'.
examples/jsm/misc/Gyroscope.js(38,10): error TS2339: Property 'matrixWorld' does not exist on type 'Gyroscope'.
examples/jsm/misc/Gyroscope.js(43,10): error TS2339: Property 'matrixWorld' does not exist on type 'Gyroscope'.
examples/jsm/misc/Gyroscope.js(43,33): error TS2339: Property 'matrix' does not exist on type 'Gyroscope'.
examples/jsm/misc/Gyroscope.js(56,29): error TS2339: Property 'children' does not exist on type 'Gyroscope'.
examples/jsm/misc/Gyroscope.js(58,9): error TS2339: Property 'children' does not exist on type 'Gyroscope'.
examples/jsm/misc/MD2Character.js(10,8): error TS2307: Cannot find module 'three' or its corresponding type declarations.
examples/jsm/misc/MD2Character.js(22,3): error TS7008: Member 'meshBody' implicitly has an 'any' type.
examples/jsm/misc/MD2Character.js(25,3): error TS7008: Member 'skinsBody' implicitly has an 'any[]' type.
examples/jsm/misc/MD2Character.js(26,3): error TS7008: Member 'skinsWeapon' implicitly has an 'any[]' type.
examples/jsm/misc/MD2Character.js(28,3): error TS7008: Member 'weapons' implicitly has an 'any[]' type.
examples/jsm/misc/MD2Character.js(32,3): error TS7008: Member 'mixer' implicitly has an 'any' type.
examples/jsm/misc/MD2Character.js(120,10): error TS2339: Property 'activeAnimationClipName' does not exist on type 'MD2Character'.
examples/jsm/misc/MD2CharacterComplex.js(9,8): error TS2307: Cannot find module 'three' or its corresponding type declarations.
examples/jsm/misc/MD2CharacterComplex.js(43,3): error TS7008: Member 'controls' implicitly has an 'any' type.
examples/jsm/misc/MD2CharacterComplex.js(47,3): error TS7008: Member 'skinsBody' implicitly has an 'any[]' type.
examples/jsm/misc/MD2CharacterComplex.js(48,3): error TS7008: Member 'skinsWeapon' implicitly has an 'any[]' type.
examples/jsm/misc/MD2CharacterComplex.js(50,3): error TS7008: Member 'weapons' implicitly has an 'any[]' type.
examples/jsm/misc/MD2CharacterComplex.js(60,3): error TS7008: Member 'meshes' implicitly has an 'any[]' type.
examples/jsm/misc/MD2CharacterComplex.js(116,8): error TS2339: Property 'scale' does not exist on type 'MorphBlendMesh'.
examples/jsm/misc/MD2CharacterComplex.js(130,15): error TS2339: Property 'scale' does not exist on type 'MorphBlendMesh'.
examples/jsm/misc/MD2CharacterComplex.js(131,15): error TS2339: Property 'visible' does not exist on type 'MorphBlendMesh'.
examples/jsm/misc/MD2CharacterComplex.js(133,15): error TS2339: Property 'name' does not exist on type 'MorphBlendMesh'.
examples/jsm/misc/MD2CharacterComplex.js(201,9): error TS2339: Property 'scale' does not exist on type 'MorphBlendMesh'.
examples/jsm/misc/MD2CharacterComplex.js(219,10): error TS2339: Property 'scale' does not exist on type 'MorphBlendMesh'.
examples/jsm/misc/MD2CharacterComplex.js(220,10): error TS2339: Property 'visible' does not exist on type 'MorphBlendMesh'.
examples/jsm/misc/MD2CharacterComplex.js(222,10): error TS2339: Property 'name' does not exist on type 'MorphBlendMesh'.
examples/jsm/misc/MD2CharacterComplex.js(246,38): error TS2339: Property 'duration' does not exist on type 'MorphBlendMesh'.
examples/jsm/misc/MD2CharacterComplex.js(246,63): error TS2339: Property 'baseDuration' does not exist on type 'MorphBlendMesh'.
examples/jsm/misc/MD2CharacterComplex.js(255,39): error TS2339: Property 'material' does not exist on type 'MorphBlendMesh'.
examples/jsm/misc/MD2CharacterComplex.js(255,64): error TS2339: Property 'materialWireframe' does not exist on type 'MorphBlendMesh'.
examples/jsm/misc/MD2CharacterComplex.js(260,39): error TS2339: Property 'material' does not exist on type 'MorphBlendMesh'.
examples/jsm/misc/MD2CharacterComplex.js(260,64): error TS2339: Property 'materialTexture' does not exist on type 'MorphBlendMesh'.
examples/jsm/misc/MD2CharacterComplex.js(269,39): error TS2339: Property 'material' does not exist on type 'MorphBlendMesh'.
examples/jsm/misc/MD2CharacterComplex.js(271,18): error TS2339: Property 'material' does not exist on type 'MorphBlendMesh'.
examples/jsm/misc/MD2CharacterComplex.js(292,61): error TS2531: Object is possibly 'null'.
examples/jsm/misc/MD2CharacterComplex.js(343,8): error TS2532: Object is possibly 'undefined'.
examples/jsm/misc/MD2CharacterComplex.js(345,36): error TS2532: Object is possibly 'undefined'.
examples/jsm/misc/MD2CharacterComplex.js(346,4): error TS2532: Object is possibly 'undefined'.
examples/jsm/misc/MD2CharacterComplex.js(381,20): error TS7053: Element implicitly has an 'any' type because expression of type '"crouchMove"' can't be used to index type '{}'.
  Property 'crouchMove' does not exist on type '{}'.
examples/jsm/misc/MD2CharacterComplex.js(382,20): error TS7053: Element implicitly has an 'any' type because expression of type '"crouchIdle"' can't be used to index type '{}'.
  Property 'crouchIdle' does not exist on type '{}'.
examples/jsm/misc/MD2CharacterComplex.js(386,20): error TS7053: Element implicitly has an 'any' type because expression of type '"move"' can't be used to index type '{}'.
  Property 'move' does not exist on type '{}'.
examples/jsm/misc/MD2CharacterComplex.js(387,20): error TS7053: Element implicitly has an 'any' type because expression of type '"idle"' can't be used to index type '{}'.
  Property 'idle' does not exist on type '{}'.
examples/jsm/misc/MD2CharacterComplex.js(395,20): error TS7053: Element implicitly has an 'any' type because expression of type '"jump"' can't be used to index type '{}'.
  Property 'jump' does not exist on type '{}'.
examples/jsm/misc/MD2CharacterComplex.js(396,20): error TS7053: Element implicitly has an 'any' type because expression of type '"jump"' can't be used to index type '{}'.
  Property 'jump' does not exist on type '{}'.
examples/jsm/misc/MD2CharacterComplex.js(404,21): error TS7053: Element implicitly has an 'any' type because expression of type '"crouchAttack"' can't be used to index type '{}'.
  Property 'crouchAttack' does not exist on type '{}'.
examples/jsm/misc/MD2CharacterComplex.js(405,21): error TS7053: Element implicitly has an 'any' type because expression of type '"crouchAttack"' can't be used to index type '{}'.
  Property 'crouchAttack' does not exist on type '{}'.
examples/jsm/misc/MD2CharacterComplex.js(409,21): error TS7053: Element implicitly has an 'any' type because expression of type '"attack"' can't be used to index type '{}'.
  Property 'attack' does not exist on type '{}'.
examples/jsm/misc/MD2CharacterComplex.js(410,21): error TS7053: Element implicitly has an 'any' type because expression of type '"attack"' can't be used to index type '{}'.
  Property 'attack' does not exist on type '{}'.
examples/jsm/misc/MD2CharacterComplex.js(559,8): error TS2339: Property 'rotation' does not exist on type 'MorphBlendMesh'.
examples/jsm/misc/MD2CharacterComplex.js(563,8): error TS2339: Property 'materialTexture' does not exist on type 'MorphBlendMesh'.
examples/jsm/misc/MD2CharacterComplex.js(564,8): error TS2339: Property 'materialWireframe' does not exist on type 'MorphBlendMesh'.
examples/jsm/misc/MorphAnimMesh.js(5,8): error TS2307: Cannot find module 'three' or its corresponding type declarations.
examples/jsm/misc/MorphBlendMesh.js(4,8): error TS2307: Cannot find module 'three' or its corresponding type declarations.
examples/jsm/misc/MorphBlendMesh.js(13,3): error TS7008: Member 'animationsList' implicitly has an 'any[]' type.
examples/jsm/misc/MorphBlendMesh.js(18,39): error TS2339: Property 'morphTargetDictionary' does not exist on type 'MorphBlendMesh'.
examples/jsm/misc/MorphBlendMesh.js(58,3): error TS7053: Element implicitly has an 'any' type because expression of type 'any' can't be used to index type '{}'.
examples/jsm/misc/MorphBlendMesh.js(73,27): error TS2339: Property 'morphTargetDictionary' does not exist on type 'MorphBlendMesh'.
examples/jsm/misc/MorphBlendMesh.js(81,12): error TS7053: Element implicitly has an 'any' type because expression of type 'string' can't be used to index type '{}'.
  No index signature with a parameter of type 'string' was found on type '{}'.
examples/jsm/misc/MorphBlendMesh.js(81,34): error TS7053: Element implicitly has an 'any' type because expression of type 'string' can't be used to index type '{}'.
  No index signature with a parameter of type 'string' was found on type '{}'.
examples/jsm/misc/MorphBlendMesh.js(83,19): error TS7053: Element implicitly has an 'any' type because expression of type 'string' can't be used to index type '{}'.
  No index signature with a parameter of type 'string' was found on type '{}'.
examples/jsm/misc/MorphBlendMesh.js(98,18): error TS7053: Element implicitly has an 'any' type because expression of type 'string' can't be used to index type '{}'.
  No index signature with a parameter of type 'string' was found on type '{}'.
examples/jsm/misc/MorphBlendMesh.js(109,21): error TS7053: Element implicitly has an 'any' type because expression of type 'any' can't be used to index type '{}'.
examples/jsm/misc/MorphBlendMesh.js(122,21): error TS7053: Element implicitly has an 'any' type because expression of type 'any' can't be used to index type '{}'.
examples/jsm/misc/MorphBlendMesh.js(135,21): error TS7053: Element implicitly has an 'any' type because expression of type 'any' can't be used to index type '{}'.
examples/jsm/misc/MorphBlendMesh.js(148,21): error TS7053: Element implicitly has an 'any' type because expression of type 'any' can't be used to index type '{}'.
examples/jsm/misc/MorphBlendMesh.js(161,21): error TS7053: Element implicitly has an 'any' type because expression of type 'any' can't be used to index type '{}'.
examples/jsm/misc/MorphBlendMesh.js(173,21): error TS7053: Element implicitly has an 'any' type because expression of type 'any' can't be used to index type '{}'.
examples/jsm/misc/MorphBlendMesh.js(187,21): error TS7053: Element implicitly has an 'any' type because expression of type 'any' can't be used to index type '{}'.
examples/jsm/misc/MorphBlendMesh.js(203,21): error TS7053: Element implicitly has an 'any' type because expression of type 'any' can't be used to index type '{}'.
examples/jsm/misc/MorphBlendMesh.js(217,21): error TS7053: Element implicitly has an 'any' type because expression of type 'any' can't be used to index type '{}'.
examples/jsm/misc/MorphBlendMesh.js(234,21): error TS7053: Element implicitly has an 'any' type because expression of type 'any' can't be used to index type '{}'.
examples/jsm/misc/MorphBlendMesh.js(291,10): error TS2339: Property 'morphTargetInfluences' does not exist on type 'MorphBlendMesh'.
examples/jsm/misc/MorphBlendMesh.js(292,10): error TS2339: Property 'morphTargetInfluences' does not exist on type 'MorphBlendMesh'.
examples/jsm/misc/MorphBlendMesh.js(294,10): error TS2339: Property 'morphTargetInfluences' does not exist on type 'MorphBlendMesh'.
examples/jsm/misc/MorphBlendMesh.js(307,10): error TS2339: Property 'morphTargetInfluences' does not exist on type 'MorphBlendMesh'.
examples/jsm/misc/MorphBlendMesh.js(308,10): error TS2339: Property 'morphTargetInfluences' does not exist on type 'MorphBlendMesh'.
examples/jsm/misc/MorphBlendMesh.js(312,10): error TS2339: Property 'morphTargetInfluences' does not exist on type 'MorphBlendMesh'.
examples/jsm/misc/ProgressiveLightMap.js(1,139): error TS2307: Cannot find module 'three' or its corresponding type declarations.
examples/jsm/misc/ProgressiveLightMap.js(2,25): error TS6307: File 'C:/Users/srigaud/Desktop/three.js/examples/jsm/libs/potpack.module.js' is not listed within the file list of project 'C:/Users/srigaud/Desktop/three.js/tsconfig.json'. Projects must list all files or use an 'include' pattern.
  The file is in the program because:
    Imported via '../libs/potpack.module.js' from file 'C:/Users/srigaud/Desktop/three.js/examples/jsm/misc/ProgressiveLightMap.js'
    Imported via '../libs/potpack.module.js' from file 'C:/Users/srigaud/Desktop/three.js/examples/jsm/misc/ProgressiveLightMapGPU.js'
examples/jsm/misc/ProgressiveLightMap.js(26,3): error TS7008: Member 'lightMapContainers' implicitly has an 'any[]' type.
examples/jsm/misc/ProgressiveLightMap.js(83,3): error TS7008: Member 'uv_boxes' implicitly has an 'any[]' type.
examples/jsm/misc/ProgressiveLightMapGPU.js(1,133): error TS2307: Cannot find module 'three/webgpu' or its corresponding type declarations.
examples/jsm/misc/ProgressiveLightMapGPU.js(2,80): error TS2307: Cannot find module 'three/tsl' or its corresponding type declarations.
examples/jsm/misc/ProgressiveLightMapGPU.js(29,3): error TS7008: Member '_lightMapContainers' implicitly has an 'any[]' type.
examples/jsm/misc/ProgressiveLightMapGPU.js(113,45): error TS2339: Property 'x' does not exist on type '{ w: number; h: number; index: number; }'.
examples/jsm/misc/ProgressiveLightMapGPU.js(114,59): error TS2339: Property 'y' does not exist on type '{ w: number; h: number; index: number; }'.
examples/jsm/misc/RollerCoaster.js(9,8): error TS2307: Cannot find module 'three' or its corresponding type declarations.
examples/jsm/misc/RollerCoaster.js(217,8): error TS2339: Property 'setAttribute' does not exist on type 'RollerCoasterGeometry'.
examples/jsm/misc/RollerCoaster.js(218,8): error TS2339: Property 'setAttribute' does not exist on type 'RollerCoasterGeometry'.
examples/jsm/misc/RollerCoaster.js(219,8): error TS2339: Property 'setAttribute' does not exist on type 'RollerCoasterGeometry'.
examples/jsm/misc/RollerCoaster.js(394,8): error TS2339: Property 'setAttribute' does not exist on type 'RollerCoasterLiftersGeometry'.
examples/jsm/misc/RollerCoaster.js(395,8): error TS2339: Property 'setAttribute' does not exist on type 'RollerCoasterLiftersGeometry'.
examples/jsm/misc/RollerCoaster.js(467,8): error TS2339: Property 'setAttribute' does not exist on type 'RollerCoasterShadowGeometry'.
examples/jsm/misc/RollerCoaster.js(500,8): error TS2339: Property 'setAttribute' does not exist on type 'SkyGeometry'.
examples/jsm/misc/RollerCoaster.js(559,8): error TS2339: Property 'setAttribute' does not exist on type 'TreesGeometry'.
examples/jsm/misc/RollerCoaster.js(560,8): error TS2339: Property 'setAttribute' does not exist on type 'TreesGeometry'.
examples/jsm/misc/Timer.js(16,41): error TS2584: Cannot find name 'document'. Do you need to change your target library? Try changing the 'lib' compiler option to include 'dom'.
examples/jsm/misc/Timer.js(16,69): error TS2584: Cannot find name 'document'. Do you need to change your target library? Try changing the 'lib' compiler option to include 'dom'.
examples/jsm/misc/Timer.js(22,4): error TS2584: Cannot find name 'document'. Do you need to change your target library? Try changing the 'lib' compiler option to include 'dom'.
examples/jsm/misc/Timer.js(66,4): error TS2584: Cannot find name 'document'. Do you need to change your target library? Try changing the 'lib' compiler option to include 'dom'.
examples/jsm/misc/Timer.js(77,47): error TS2584: Cannot find name 'document'. Do you need to change your target library? Try changing the 'lib' compiler option to include 'dom'.
examples/jsm/misc/Timer.js(124,7): error TS2584: Cannot find name 'document'. Do you need to change your target library? Try changing the 'lib' compiler option to include 'dom'.
examples/jsm/misc/Timer.js(124,35): error TS2683: 'this' implicitly has type 'any' because it does not have a type annotation.
examples/jsm/misc/TubePainter.js(10,8): error TS2307: Cannot find module 'three' or its corresponding type declarations.
examples/jsm/misc/Volume.js(5,8): error TS2307: Cannot find module 'three' or its corresponding type declarations.
examples/jsm/misc/Volume.js(194,3): error TS7008: Member 'sliceList' implicitly has an 'any[]' type.
examples/jsm/misc/Volume.js(222,10): error TS2532: Object is possibly 'undefined'.
examples/jsm/misc/Volume.js(222,25): error TS2532: Object is possibly 'undefined'.
examples/jsm/misc/Volume.js(222,40): error TS2532: Object is possibly 'undefined'.
examples/jsm/misc/Volume.js(222,59): error TS2532: Object is possibly 'undefined'.
examples/jsm/misc/Volume.js(237,14): error TS2532: Object is possibly 'undefined'.
examples/jsm/misc/Volume.js(237,29): error TS2532: Object is possibly 'undefined'.
examples/jsm/misc/Volume.js(237,48): error TS2532: Object is possibly 'undefined'.
examples/jsm/misc/Volume.js(246,15): error TS2314: Generic type 'Array<T>' requires 1 type argument(s).
examples/jsm/misc/Volume.js(250,35): error TS2532: Object is possibly 'undefined'.
examples/jsm/misc/Volume.js(250,50): error TS2532: Object is possibly 'undefined'.
examples/jsm/misc/Volume.js(251,39): error TS2532: Object is possibly 'undefined'.
examples/jsm/misc/Volume.js(251,54): error TS2532: Object is possibly 'undefined'.
examples/jsm/misc/Volume.js(251,71): error TS2532: Object is possibly 'undefined'.
examples/jsm/misc/Volume.js(252,25): error TS2532: Object is possibly 'undefined'.
examples/jsm/misc/Volume.js(252,40): error TS2532: Object is possibly 'undefined'.
examples/jsm/misc/Volume.js(252,59): error TS2532: Object is possibly 'undefined'.
examples/jsm/misc/Volume.js(270,18): error TS2532: Object is possibly 'undefined'.
examples/jsm/misc/Volume.js(275,4): error TS2532: Object is possibly 'undefined'.
examples/jsm/misc/Volume.js(275,50): error TS2532: Object is possibly 'undefined'.
examples/jsm/misc/Volume.js(313,34): error TS2532: Object is possibly 'undefined'.
examples/jsm/misc/Volume.js(314,35): error TS2532: Object is possibly 'undefined'.
examples/jsm/misc/Volume.js(318,31): error TS2339: Property 'RASDimensions' does not exist on type 'Volume'.
examples/jsm/misc/Volume.js(325,34): error TS2532: Object is possibly 'undefined'.
examples/jsm/misc/Volume.js(326,35): error TS2532: Object is possibly 'undefined'.
examples/jsm/misc/Volume.js(330,31): error TS2339: Property 'RASDimensions' does not exist on type 'Volume'.
examples/jsm/misc/Volume.js(338,34): error TS2532: Object is possibly 'undefined'.
examples/jsm/misc/Volume.js(339,35): error TS2532: Object is possibly 'undefined'.
examples/jsm/misc/Volume.js(342,31): error TS2339: Property 'RASDimensions' does not exist on type 'Volume'.
examples/jsm/misc/Volume.js(350,40): error TS2339: Property 'inverseMatrix' does not exist on type 'Volume'.
examples/jsm/misc/Volume.js(351,41): error TS2339: Property 'inverseMatrix' does not exist on type 'Volume'.
examples/jsm/misc/Volume.js(352,35): error TS2339: Property 'inverseMatrix' does not exist on type 'Volume'.
examples/jsm/misc/Volume.js(363,66): error TS2339: Property 'inverseMatrix' does not exist on type 'Volume'.
examples/jsm/misc/Volume.js(389,65): error TS18048: 'volume.xLength' is possibly 'undefined'.
examples/jsm/misc/Volume.js(390,65): error TS18048: 'volume.yLength' is possibly 'undefined'.
examples/jsm/misc/Volume.js(391,65): error TS18048: 'volume.zLength' is possibly 'undefined'.
examples/jsm/misc/Volume.js(448,15): error TS2314: Generic type 'Array<T>' requires 1 type argument(s).
examples/jsm/misc/Volume.js(456,20): error TS2532: Object is possibly 'undefined'.
examples/jsm/misc/Volume.js(462,18): error TS2532: Object is possibly 'undefined'.
examples/jsm/misc/Volume.js(464,19): error TS2532: Object is possibly 'undefined'.
examples/jsm/misc/VolumeSlice.js(10,8): error TS2307: Cannot find module 'three' or its corresponding type declarations.
examples/jsm/misc/VolumeSlice.js(58,17): error TS2584: Cannot find name 'document'. Do you need to change your target library? Try changing the 'lib' compiler option to include 'dom'.
examples/jsm/misc/VolumeSlice.js(65,23): error TS2584: Cannot find name 'document'. Do you need to change your target library? Try changing the 'lib' compiler option to include 'dom'.
examples/jsm/misc/VolumeSlice.js(145,28): error TS2339: Property 'colorMap' does not exist on type 'VolumeSlice'.
examples/jsm/misc/VolumeSlice.js(145,61): error TS2339: Property 'colorMap' does not exist on type 'VolumeSlice'.
examples/jsm/misc/VolumeSlice.js(146,25): error TS2339: Property 'colorMap' does not exist on type 'VolumeSlice'.
examples/jsm/misc/VolumeSlice.js(198,76): error TS2339: Property 'index' does not exist on type 'VolumeSlice'.
examples/jsm/modifiers/CurveModifier.js(17,8): error TS2307: Cannot find module 'three' or its corresponding type declarations.
examples/jsm/modifiers/CurveModifier.js(259,17): error TS2339: Property 'spineLength' does not exist on type 'Object'.
examples/jsm/modifiers/CurveModifier.js(268,17): error TS2339: Property 'pathOffset' does not exist on type 'Object'.
examples/jsm/modifiers/CurveModifierGPU.js(15,8): error TS2307: Cannot find module 'three' or its corresponding type declarations.
examples/jsm/modifiers/CurveModifierGPU.js(17,135): error TS2307: Cannot find module 'three/tsl' or its corresponding type declarations.
examples/jsm/modifiers/CurveModifierGPU.js(221,17): error TS2339: Property 'spineLength' does not exist on type 'Object'.
examples/jsm/modifiers/CurveModifierGPU.js(231,17): error TS2339: Property 'pathOffset' does not exist on type 'Object'.
examples/jsm/modifiers/EdgeSplitModifier.js(5,8): error TS2307: Cannot find module 'three' or its corresponding type declarations.
examples/jsm/modifiers/EdgeSplitModifier.js(97,31): error TS2345: Argument of type 'any' is not assignable to parameter of type 'never'.
examples/jsm/modifiers/EdgeSplitModifier.js(192,32): error TS18048: 'pointToIndexMap' is possibly 'undefined'.
examples/jsm/modifiers/EdgeSplitModifier.js(204,4): error TS7053: Element implicitly has an 'any' type because expression of type 'string' can't be used to index type '{}'.
  No index signature with a parameter of type 'string' was found on type '{}'.
examples/jsm/modifiers/EdgeSplitModifier.js(240,33): error TS7053: Element implicitly has an 'any' type because expression of type 'string' can't be used to index type '{}'.
  No index signature with a parameter of type 'string' was found on type '{}'.
examples/jsm/modifiers/SimplifyModifier.js(8,8): error TS2307: Cannot find module 'three' or its corresponding type declarations.
examples/jsm/modifiers/SimplifyModifier.js(582,3): error TS7008: Member 'faces' implicitly has an 'any[]' type.
examples/jsm/modifiers/SimplifyModifier.js(583,3): error TS7008: Member 'neighbors' implicitly has an 'any[]' type.
examples/jsm/modifiers/TessellateModifier.js(7,8): error TS2307: Cannot find module 'three' or its corresponding type declarations.
examples/jsm/objects/GroundedSkybox.js(1,66): error TS2307: Cannot find module 'three' or its corresponding type declarations.
examples/jsm/objects/Lensflare.js(16,8): error TS2307: Cannot find module 'three' or its corresponding type declarations.
examples/jsm/objects/Lensflare.js(195,45): error TS2339: Property 'matrixWorld' does not exist on type 'Lensflare'.
examples/jsm/objects/LensflareMesh.js(17,8): error TS2307: Cannot find module 'three/webgpu' or its corresponding type declarations.
examples/jsm/objects/LensflareMesh.js(19,130): error TS2307: Cannot find module 'three/tsl' or its corresponding type declarations.
examples/jsm/objects/LensflareMesh.js(104,34): error TS7031: Binding element 'material' implicitly has an 'any' type.
examples/jsm/objects/LensflareMesh.js(199,45): error TS2339: Property 'matrixWorld' does not exist on type 'LensflareMesh'.
examples/jsm/objects/MarchingCubes.js(9,8): error TS2307: Cannot find module 'three' or its corresponding type declarations.
examples/jsm/objects/MarchingCubes.js(81,14): error TS2339: Property 'enableUvs' does not exist on type 'init'.
examples/jsm/objects/MarchingCubes.js(90,14): error TS2339: Property 'enableColors' does not exist on type 'init'.
examples/jsm/objects/MarchingCubes.js(116,16): error TS2339: Property 'normal_cache' does not exist on type 'MarchingCubes'.
examples/jsm/objects/MarchingCubes.js(118,41): error TS2339: Property 'delta' does not exist on type 'MarchingCubes'.
examples/jsm/objects/MarchingCubes.js(126,38): error TS2339: Property 'palette' does not exist on type 'MarchingCubes'.
examples/jsm/objects/MarchingCubes.js(126,74): error TS2339: Property 'palette' does not exist on type 'MarchingCubes'.
examples/jsm/objects/MarchingCubes.js(127,38): error TS2339: Property 'palette' does not exist on type 'MarchingCubes'.
examples/jsm/objects/MarchingCubes.js(127,74): error TS2339: Property 'palette' does not exist on type 'MarchingCubes'.
examples/jsm/objects/MarchingCubes.js(128,38): error TS2339: Property 'palette' does not exist on type 'MarchingCubes'.
examples/jsm/objects/MarchingCubes.js(128,74): error TS2339: Property 'palette' does not exist on type 'MarchingCubes'.
examples/jsm/objects/MarchingCubes.js(135,16): error TS2339: Property 'normal_cache' does not exist on type 'MarchingCubes'.
examples/jsm/objects/MarchingCubes.js(138,41): error TS2339: Property 'delta' does not exist on type 'MarchingCubes'.
examples/jsm/objects/MarchingCubes.js(141,25): error TS2339: Property 'yd' does not exist on type 'MarchingCubes'.
examples/jsm/objects/MarchingCubes.js(147,38): error TS2339: Property 'palette' does not exist on type 'MarchingCubes'.
examples/jsm/objects/MarchingCubes.js(147,74): error TS2339: Property 'palette' does not exist on type 'MarchingCubes'.
examples/jsm/objects/MarchingCubes.js(148,38): error TS2339: Property 'palette' does not exist on type 'MarchingCubes'.
examples/jsm/objects/MarchingCubes.js(148,74): error TS2339: Property 'palette' does not exist on type 'MarchingCubes'.
examples/jsm/objects/MarchingCubes.js(149,38): error TS2339: Property 'palette' does not exist on type 'MarchingCubes'.
examples/jsm/objects/MarchingCubes.js(149,74): error TS2339: Property 'palette' does not exist on type 'MarchingCubes'.
examples/jsm/objects/MarchingCubes.js(156,16): error TS2339: Property 'normal_cache' does not exist on type 'MarchingCubes'.
examples/jsm/objects/MarchingCubes.js(160,41): error TS2339: Property 'delta' does not exist on type 'MarchingCubes'.
examples/jsm/objects/MarchingCubes.js(162,25): error TS2339: Property 'zd' does not exist on type 'MarchingCubes'.
examples/jsm/objects/MarchingCubes.js(168,38): error TS2339: Property 'palette' does not exist on type 'MarchingCubes'.
examples/jsm/objects/MarchingCubes.js(168,74): error TS2339: Property 'palette' does not exist on type 'MarchingCubes'.
examples/jsm/objects/MarchingCubes.js(169,38): error TS2339: Property 'palette' does not exist on type 'MarchingCubes'.
examples/jsm/objects/MarchingCubes.js(169,74): error TS2339: Property 'palette' does not exist on type 'MarchingCubes'.
examples/jsm/objects/MarchingCubes.js(170,38): error TS2339: Property 'palette' does not exist on type 'MarchingCubes'.
examples/jsm/objects/MarchingCubes.js(170,74): error TS2339: Property 'palette' does not exist on type 'MarchingCubes'.
examples/jsm/objects/MarchingCubes.js(178,15): error TS2339: Property 'normal_cache' does not exist on type 'MarchingCubes'.
examples/jsm/objects/MarchingCubes.js(180,11): error TS2339: Property 'normal_cache' does not exist on type 'MarchingCubes'.
examples/jsm/objects/MarchingCubes.js(180,42): error TS2339: Property 'field' does not exist on type 'MarchingCubes'.
examples/jsm/objects/MarchingCubes.js(180,65): error TS2339: Property 'field' does not exist on type 'MarchingCubes'.
examples/jsm/objects/MarchingCubes.js(181,11): error TS2339: Property 'normal_cache' does not exist on type 'MarchingCubes'.
examples/jsm/objects/MarchingCubes.js(182,12): error TS2339: Property 'field' does not exist on type 'MarchingCubes'.
examples/jsm/objects/MarchingCubes.js(182,29): error TS2339: Property 'yd' does not exist on type 'MarchingCubes'.
examples/jsm/objects/MarchingCubes.js(182,42): error TS2339: Property 'field' does not exist on type 'MarchingCubes'.
examples/jsm/objects/MarchingCubes.js(182,59): error TS2339: Property 'yd' does not exist on type 'MarchingCubes'.
examples/jsm/objects/MarchingCubes.js(183,11): error TS2339: Property 'normal_cache' does not exist on type 'MarchingCubes'.
examples/jsm/objects/MarchingCubes.js(184,12): error TS2339: Property 'field' does not exist on type 'MarchingCubes'.
examples/jsm/objects/MarchingCubes.js(184,29): error TS2339: Property 'zd' does not exist on type 'MarchingCubes'.
examples/jsm/objects/MarchingCubes.js(184,42): error TS2339: Property 'field' does not exist on type 'MarchingCubes'.
examples/jsm/objects/MarchingCubes.js(184,59): error TS2339: Property 'zd' does not exist on type 'MarchingCubes'.
examples/jsm/objects/MarchingCubes.js(197,20): error TS2339: Property 'yd' does not exist on type 'MarchingCubes'.
examples/jsm/objects/MarchingCubes.js(198,20): error TS2339: Property 'zd' does not exist on type 'MarchingCubes'.
examples/jsm/objects/MarchingCubes.js(199,22): error TS2339: Property 'yd' does not exist on type 'MarchingCubes'.
examples/jsm/objects/MarchingCubes.js(200,22): error TS2339: Property 'zd' does not exist on type 'MarchingCubes'.
examples/jsm/objects/MarchingCubes.js(201,21): error TS2339: Property 'yd' does not exist on type 'MarchingCubes'.
examples/jsm/objects/MarchingCubes.js(201,32): error TS2339: Property 'zd' does not exist on type 'MarchingCubes'.
examples/jsm/objects/MarchingCubes.js(202,23): error TS2339: Property 'yd' does not exist on type 'MarchingCubes'.
examples/jsm/objects/MarchingCubes.js(202,34): error TS2339: Property 'zd' does not exist on type 'MarchingCubes'.
examples/jsm/objects/MarchingCubes.js(205,25): error TS2339: Property 'field' does not exist on type 'MarchingCubes'.
examples/jsm/objects/MarchingCubes.js(206,20): error TS2339: Property 'field' does not exist on type 'MarchingCubes'.
examples/jsm/objects/MarchingCubes.js(207,20): error TS2339: Property 'field' does not exist on type 'MarchingCubes'.
examples/jsm/objects/MarchingCubes.js(208,20): error TS2339: Property 'field' does not exist on type 'MarchingCubes'.
examples/jsm/objects/MarchingCubes.js(209,20): error TS2339: Property 'field' does not exist on type 'MarchingCubes'.
examples/jsm/objects/MarchingCubes.js(210,20): error TS2339: Property 'field' does not exist on type 'MarchingCubes'.
examples/jsm/objects/MarchingCubes.js(211,20): error TS2339: Property 'field' does not exist on type 'MarchingCubes'.
examples/jsm/objects/MarchingCubes.js(212,20): error TS2339: Property 'field' does not exist on type 'MarchingCubes'.
examples/jsm/objects/MarchingCubes.js(228,20): error TS2339: Property 'delta' does not exist on type 'MarchingCubes'.
examples/jsm/objects/MarchingCubes.js(403,20): error TS2339: Property 'count' does not exist on type 'MarchingCubes'.
examples/jsm/objects/MarchingCubes.js(407,10): error TS2339: Property 'positionArray' does not exist on type 'MarchingCubes'.
examples/jsm/objects/MarchingCubes.js(408,10): error TS2339: Property 'positionArray' does not exist on type 'MarchingCubes'.
examples/jsm/objects/MarchingCubes.js(409,10): error TS2339: Property 'positionArray' does not exist on type 'MarchingCubes'.
examples/jsm/objects/MarchingCubes.js(411,10): error TS2339: Property 'positionArray' does not exist on type 'MarchingCubes'.
examples/jsm/objects/MarchingCubes.js(412,10): error TS2339: Property 'positionArray' does not exist on type 'MarchingCubes'.
examples/jsm/objects/MarchingCubes.js(413,10): error TS2339: Property 'positionArray' does not exist on type 'MarchingCubes'.
examples/jsm/objects/MarchingCubes.js(415,10): error TS2339: Property 'positionArray' does not exist on type 'MarchingCubes'.
examples/jsm/objects/MarchingCubes.js(416,10): error TS2339: Property 'positionArray' does not exist on type 'MarchingCubes'.
examples/jsm/objects/MarchingCubes.js(417,10): error TS2339: Property 'positionArray' does not exist on type 'MarchingCubes'.
examples/jsm/objects/MarchingCubes.js(421,15): error TS2339: Property 'material' does not exist on type 'MarchingCubes'.
examples/jsm/objects/MarchingCubes.js(427,11): error TS2339: Property 'normalArray' does not exist on type 'MarchingCubes'.
examples/jsm/objects/MarchingCubes.js(428,11): error TS2339: Property 'normalArray' does not exist on type 'MarchingCubes'.
examples/jsm/objects/MarchingCubes.js(429,11): error TS2339: Property 'normalArray' does not exist on type 'MarchingCubes'.
examples/jsm/objects/MarchingCubes.js(431,11): error TS2339: Property 'normalArray' does not exist on type 'MarchingCubes'.
examples/jsm/objects/MarchingCubes.js(432,11): error TS2339: Property 'normalArray' does not exist on type 'MarchingCubes'.
examples/jsm/objects/MarchingCubes.js(433,11): error TS2339: Property 'normalArray' does not exist on type 'MarchingCubes'.
examples/jsm/objects/MarchingCubes.js(435,11): error TS2339: Property 'normalArray' does not exist on type 'MarchingCubes'.
examples/jsm/objects/MarchingCubes.js(436,11): error TS2339: Property 'normalArray' does not exist on type 'MarchingCubes'.
examples/jsm/objects/MarchingCubes.js(437,11): error TS2339: Property 'normalArray' does not exist on type 'MarchingCubes'.
examples/jsm/objects/MarchingCubes.js(441,11): error TS2339: Property 'normalArray' does not exist on type 'MarchingCubes'.
examples/jsm/objects/MarchingCubes.js(442,11): error TS2339: Property 'normalArray' does not exist on type 'MarchingCubes'.
examples/jsm/objects/MarchingCubes.js(443,11): error TS2339: Property 'normalArray' does not exist on type 'MarchingCubes'.
examples/jsm/objects/MarchingCubes.js(445,11): error TS2339: Property 'normalArray' does not exist on type 'MarchingCubes'.
examples/jsm/objects/MarchingCubes.js(446,11): error TS2339: Property 'normalArray' does not exist on type 'MarchingCubes'.
examples/jsm/objects/MarchingCubes.js(447,11): error TS2339: Property 'normalArray' does not exist on type 'MarchingCubes'.
examples/jsm/objects/MarchingCubes.js(449,11): error TS2339: Property 'normalArray' does not exist on type 'MarchingCubes'.
examples/jsm/objects/MarchingCubes.js(450,11): error TS2339: Property 'normalArray' does not exist on type 'MarchingCubes'.
examples/jsm/objects/MarchingCubes.js(451,11): error TS2339: Property 'normalArray' does not exist on type 'MarchingCubes'.
examples/jsm/objects/MarchingCubes.js(459,21): error TS2339: Property 'count' does not exist on type 'MarchingCubes'.
examples/jsm/objects/MarchingCubes.js(461,11): error TS2339: Property 'uvArray' does not exist on type 'MarchingCubes'.
examples/jsm/objects/MarchingCubes.js(462,11): error TS2339: Property 'uvArray' does not exist on type 'MarchingCubes'.
examples/jsm/objects/MarchingCubes.js(464,11): error TS2339: Property 'uvArray' does not exist on type 'MarchingCubes'.
examples/jsm/objects/MarchingCubes.js(465,11): error TS2339: Property 'uvArray' does not exist on type 'MarchingCubes'.
examples/jsm/objects/MarchingCubes.js(467,11): error TS2339: Property 'uvArray' does not exist on type 'MarchingCubes'.
examples/jsm/objects/MarchingCubes.js(468,11): error TS2339: Property 'uvArray' does not exist on type 'MarchingCubes'.
examples/jsm/objects/MarchingCubes.js(476,11): error TS2339: Property 'colorArray' does not exist on type 'MarchingCubes'.
examples/jsm/objects/MarchingCubes.js(477,11): error TS2339: Property 'colorArray' does not exist on type 'MarchingCubes'.
examples/jsm/objects/MarchingCubes.js(478,11): error TS2339: Property 'colorArray' does not exist on type 'MarchingCubes'.
examples/jsm/objects/MarchingCubes.js(480,11): error TS2339: Property 'colorArray' does not exist on type 'MarchingCubes'.
examples/jsm/objects/MarchingCubes.js(481,11): error TS2339: Property 'colorArray' does not exist on type 'MarchingCubes'.
examples/jsm/objects/MarchingCubes.js(482,11): error TS2339: Property 'colorArray' does not exist on type 'MarchingCubes'.
examples/jsm/objects/MarchingCubes.js(484,11): error TS2339: Property 'colorArray' does not exist on type 'MarchingCubes'.
examples/jsm/objects/MarchingCubes.js(485,11): error TS2339: Property 'colorArray' does not exist on type 'MarchingCubes'.
examples/jsm/objects/MarchingCubes.js(486,11): error TS2339: Property 'colorArray' does not exist on type 'MarchingCubes'.
examples/jsm/objects/MarchingCubes.js(490,10): error TS2339: Property 'count' does not exist on type 'MarchingCubes'.
examples/jsm/objects/MarchingCubes.js(538,24): error TS2339: Property 'size' does not exist on type 'MarchingCubes'.
examples/jsm/objects/MarchingCubes.js(539,23): error TS2339: Property 'size' does not exist on type 'MarchingCubes'.
examples/jsm/objects/MarchingCubes.js(540,23): error TS2339: Property 'size' does not exist on type 'MarchingCubes'.
examples/jsm/objects/MarchingCubes.js(541,23): error TS2339: Property 'size' does not exist on type 'MarchingCubes'.
examples/jsm/objects/MarchingCubes.js(546,22): error TS2339: Property 'size' does not exist on type 'MarchingCubes'.
examples/jsm/objects/MarchingCubes.js(546,46): error TS2339: Property 'size' does not exist on type 'MarchingCubes'.
examples/jsm/objects/MarchingCubes.js(550,22): error TS2339: Property 'size' does not exist on type 'MarchingCubes'.
examples/jsm/objects/MarchingCubes.js(550,46): error TS2339: Property 'size' does not exist on type 'MarchingCubes'.
examples/jsm/objects/MarchingCubes.js(554,22): error TS2339: Property 'size' does not exist on type 'MarchingCubes'.
examples/jsm/objects/MarchingCubes.js(554,46): error TS2339: Property 'size' does not exist on type 'MarchingCubes'.
examples/jsm/objects/MarchingCubes.js(563,21): error TS2339: Property 'size2' does not exist on type 'MarchingCubes'.
examples/jsm/objects/MarchingCubes.js(564,19): error TS2339: Property 'size' does not exist on type 'MarchingCubes'.
examples/jsm/objects/MarchingCubes.js(569,33): error TS2339: Property 'size' does not exist on type 'MarchingCubes'.
examples/jsm/objects/MarchingCubes.js(570,20): error TS2339: Property 'size' does not exist on type 'MarchingCubes'.
examples/jsm/objects/MarchingCubes.js(575,21): error TS2339: Property 'size' does not exist on type 'MarchingCubes'.
examples/jsm/objects/MarchingCubes.js(579,13): error TS2339: Property 'field' does not exist on type 'MarchingCubes'.
examples/jsm/objects/MarchingCubes.js(587,13): error TS2339: Property 'palette' does not exist on type 'MarchingCubes'.
examples/jsm/objects/MarchingCubes.js(588,13): error TS2339: Property 'palette' does not exist on type 'MarchingCubes'.
examples/jsm/objects/MarchingCubes.js(589,13): error TS2339: Property 'palette' does not exist on type 'MarchingCubes'.
examples/jsm/objects/MarchingCubes.js(604,22): error TS2339: Property 'size' does not exist on type 'MarchingCubes'.
examples/jsm/objects/MarchingCubes.js(605,15): error TS2339: Property 'yd' does not exist on type 'MarchingCubes'.
examples/jsm/objects/MarchingCubes.js(606,15): error TS2339: Property 'zd' does not exist on type 'MarchingCubes'.
examples/jsm/objects/MarchingCubes.js(607,18): error TS2339: Property 'field' does not exist on type 'MarchingCubes'.
examples/jsm/objects/MarchingCubes.js(649,22): error TS2339: Property 'size' does not exist on type 'MarchingCubes'.
examples/jsm/objects/MarchingCubes.js(650,15): error TS2339: Property 'yd' does not exist on type 'MarchingCubes'.
examples/jsm/objects/MarchingCubes.js(651,15): error TS2339: Property 'zd' does not exist on type 'MarchingCubes'.
examples/jsm/objects/MarchingCubes.js(652,18): error TS2339: Property 'field' does not exist on type 'MarchingCubes'.
examples/jsm/objects/MarchingCubes.js(694,22): error TS2339: Property 'size' does not exist on type 'MarchingCubes'.
examples/jsm/objects/MarchingCubes.js(695,15): error TS2339: Property 'yd' does not exist on type 'MarchingCubes'.
examples/jsm/objects/MarchingCubes.js(696,15): error TS2339: Property 'zd' does not exist on type 'MarchingCubes'.
examples/jsm/objects/MarchingCubes.js(697,18): error TS2339: Property 'field' does not exist on type 'MarchingCubes'.
examples/jsm/objects/MarchingCubes.js(740,23): error TS2339: Property 'size2' does not exist on type 'MarchingCubes'.
examples/jsm/objects/MarchingCubes.js(740,40): error TS2339: Property 'size' does not exist on type 'MarchingCubes'.
examples/jsm/objects/MarchingCubes.js(741,9): error TS2339: Property 'field' does not exist on type 'MarchingCubes'.
examples/jsm/objects/MarchingCubes.js(747,23): error TS2339: Property 'size2' does not exist on type 'MarchingCubes'.
examples/jsm/objects/MarchingCubes.js(747,40): error TS2339: Property 'size' does not exist on type 'MarchingCubes'.
examples/jsm/objects/MarchingCubes.js(748,16): error TS2339: Property 'field' does not exist on type 'MarchingCubes'.
examples/jsm/objects/MarchingCubes.js(754,23): error TS2339: Property 'field' does not exist on type 'MarchingCubes'.
examples/jsm/objects/MarchingCubes.js(756,22): error TS2339: Property 'size' does not exist on type 'MarchingCubes'.
examples/jsm/objects/MarchingCubes.js(757,23): error TS2339: Property 'size2' does not exist on type 'MarchingCubes'.
examples/jsm/objects/MarchingCubes.js(809,30): error TS2339: Property 'size3' does not exist on type 'MarchingCubes'.
examples/jsm/objects/MarchingCubes.js(811,10): error TS2339: Property 'normal_cache' does not exist on type 'MarchingCubes'.
examples/jsm/objects/MarchingCubes.js(812,10): error TS2339: Property 'field' does not exist on type 'MarchingCubes'.
examples/jsm/objects/MarchingCubes.js(813,10): error TS2339: Property 'palette' does not exist on type 'MarchingCubes'.
examples/jsm/objects/MarchingCubes.js(813,34): error TS2339: Property 'palette' does not exist on type 'MarchingCubes'.
examples/jsm/objects/MarchingCubes.js(813,62): error TS2339: Property 'palette' does not exist on type 'MarchingCubes'.
examples/jsm/objects/MarchingCubes.js(827,23): error TS2339: Property 'size' does not exist on type 'update'.
examples/jsm/objects/MarchingCubes.js(831,27): error TS2339: Property 'size2' does not exist on type 'update'.
examples/jsm/objects/MarchingCubes.js(832,27): error TS2339: Property 'halfsize' does not exist on type 'update'.
examples/jsm/objects/MarchingCubes.js(832,45): error TS2339: Property 'halfsize' does not exist on type 'update'.
examples/jsm/objects/MarchingCubes.js(836,39): error TS2339: Property 'size' does not exist on type 'update'.
examples/jsm/objects/MarchingCubes.js(837,28): error TS2339: Property 'halfsize' does not exist on type 'update'.
examples/jsm/objects/MarchingCubes.js(837,46): error TS2339: Property 'halfsize' does not exist on type 'update'.
examples/jsm/objects/MarchingCubes.js(841,29): error TS2339: Property 'halfsize' does not exist on type 'update'.
examples/jsm/objects/MarchingCubes.js(841,47): error TS2339: Property 'halfsize' does not exist on type 'update'.
examples/jsm/objects/MarchingCubes.js(844,40): error TS2339: Property 'isolation' does not exist on type 'update'.
examples/jsm/objects/MarchingCubes.js(854,9): error TS2339: Property 'geometry' does not exist on type 'update'.
examples/jsm/objects/MarchingCubes.js(861,14): error TS2339: Property 'enableUvs' does not exist on type 'update'.
examples/jsm/objects/MarchingCubes.js(862,14): error TS2339: Property 'enableColors' does not exist on type 'update'.
examples/jsm/objects/Reflector.js(13,8): error TS2307: Cannot find module 'three' or its corresponding type declarations.
examples/jsm/objects/Reflector.js(28,27): error TS2339: Property 'color' does not exist on type '{}'.
examples/jsm/objects/Reflector.js(28,70): error TS2339: Property 'color' does not exist on type '{}'.
examples/jsm/objects/Reflector.js(29,32): error TS2339: Property 'textureWidth' does not exist on type '{}'.
examples/jsm/objects/Reflector.js(30,33): error TS2339: Property 'textureHeight' does not exist on type '{}'.
examples/jsm/objects/Reflector.js(31,28): error TS2339: Property 'clipBias' does not exist on type '{}'.
examples/jsm/objects/Reflector.js(32,26): error TS2339: Property 'shader' does not exist on type '{}'.
examples/jsm/objects/Reflector.js(33,33): error TS2339: Property 'multisample' does not exist on type '{}'.
examples/jsm/objects/Reflector.js(33,71): error TS2339: Property 'multisample' does not exist on type '{}'.
examples/jsm/objects/Reflector.js(69,56): error TS2339: Property 'matrixWorld' does not exist on type 'Reflector'.
examples/jsm/objects/Reflector.js(72,42): error TS2339: Property 'matrixWorld' does not exist on type 'Reflector'.
examples/jsm/objects/Reflector.js(116,34): error TS2339: Property 'matrixWorld' does not exist on type 'Reflector'.
examples/jsm/objects/Reflector.js(142,10): error TS2339: Property 'visible' does not exist on type 'Reflector'.
examples/jsm/objects/Reflector.js(174,10): error TS2339: Property 'visible' does not exist on type 'Reflector'.
examples/jsm/objects/ReflectorForSSRPass.js(16,8): error TS2307: Cannot find module 'three' or its corresponding type declarations.
examples/jsm/objects/ReflectorForSSRPass.js(30,27): error TS2339: Property 'color' does not exist on type '{}'.
examples/jsm/objects/ReflectorForSSRPass.js(30,70): error TS2339: Property 'color' does not exist on type '{}'.
examples/jsm/objects/ReflectorForSSRPass.js(31,32): error TS2339: Property 'textureWidth' does not exist on type '{}'.
examples/jsm/objects/ReflectorForSSRPass.js(32,33): error TS2339: Property 'textureHeight' does not exist on type '{}'.
examples/jsm/objects/ReflectorForSSRPass.js(33,28): error TS2339: Property 'clipBias' does not exist on type '{}'.
examples/jsm/objects/ReflectorForSSRPass.js(34,26): error TS2339: Property 'shader' does not exist on type '{}'.
examples/jsm/objects/ReflectorForSSRPass.js(35,35): error TS2339: Property 'useDepthTexture' does not exist on type '{}'.
examples/jsm/objects/ReflectorForSSRPass.js(46,30): error TS2339: Property 'resolution' does not exist on type '{}'.
examples/jsm/objects/ReflectorForSSRPass.js(148,56): error TS2339: Property 'matrixWorld' does not exist on type 'ReflectorForSSRPass'.
examples/jsm/objects/ReflectorForSSRPass.js(151,42): error TS2339: Property 'matrixWorld' does not exist on type 'ReflectorForSSRPass'.
examples/jsm/objects/ReflectorForSSRPass.js(202,34): error TS2339: Property 'matrixWorld' does not exist on type 'ReflectorForSSRPass'.
examples/jsm/objects/Refractor.js(14,8): error TS2307: Cannot find module 'three' or its corresponding type declarations.
examples/jsm/objects/Refractor.js(29,27): error TS2339: Property 'color' does not exist on type '{}'.
examples/jsm/objects/Refractor.js(29,70): error TS2339: Property 'color' does not exist on type '{}'.
examples/jsm/objects/Refractor.js(30,32): error TS2339: Property 'textureWidth' does not exist on type '{}'.
examples/jsm/objects/Refractor.js(31,33): error TS2339: Property 'textureHeight' does not exist on type '{}'.
examples/jsm/objects/Refractor.js(32,28): error TS2339: Property 'clipBias' does not exist on type '{}'.
examples/jsm/objects/Refractor.js(33,26): error TS2339: Property 'shader' does not exist on type '{}'.
examples/jsm/objects/Refractor.js(34,33): error TS2339: Property 'multisample' does not exist on type '{}'.
examples/jsm/objects/Refractor.js(34,71): error TS2339: Property 'multisample' does not exist on type '{}'.
examples/jsm/objects/Refractor.js(78,57): error TS2339: Property 'matrixWorld' does not exist on type 'Refractor'.
examples/jsm/objects/Refractor.js(83,43): error TS2339: Property 'matrixWorld' does not exist on type 'Refractor'.
examples/jsm/objects/Refractor.js(103,11): error TS2339: Property 'matrixWorld' does not exist on type 'Refractor'.
examples/jsm/objects/Refractor.js(183,34): error TS2339: Property 'matrixWorld' does not exist on type 'Refractor'.
examples/jsm/objects/Refractor.js(191,10): error TS2339: Property 'visible' does not exist on type 'Refractor'.
examples/jsm/objects/Refractor.js(218,10): error TS2339: Property 'visible' does not exist on type 'Refractor'.
examples/jsm/objects/ShadowMesh.js(7,8): error TS2307: Cannot find module 'three' or its corresponding type declarations.
examples/jsm/objects/ShadowMesh.js(74,8): error TS2339: Property 'matrix' does not exist on type 'ShadowMesh'.
examples/jsm/objects/Sky.js(8,8): error TS2307: Cannot find module 'three' or its corresponding type declarations.
examples/jsm/objects/SkyMesh.js(7,8): error TS2307: Cannot find module 'three/webgpu' or its corresponding type declarations.
examples/jsm/objects/SkyMesh.js(9,207): error TS2307: Cannot find module 'three/tsl' or its corresponding type declarations.
examples/jsm/objects/Water.js(14,8): error TS2307: Cannot find module 'three' or its corresponding type declarations.
examples/jsm/objects/Water.js(33,32): error TS2339: Property 'textureWidth' does not exist on type '{}'.
examples/jsm/objects/Water.js(33,69): error TS2339: Property 'textureWidth' does not exist on type '{}'.
examples/jsm/objects/Water.js(34,33): error TS2339: Property 'textureHeight' does not exist on type '{}'.
examples/jsm/objects/Water.js(34,71): error TS2339: Property 'textureHeight' does not exist on type '{}'.
examples/jsm/objects/Water.js(36,28): error TS2339: Property 'clipBias' does not exist on type '{}'.
examples/jsm/objects/Water.js(36,61): error TS2339: Property 'clipBias' does not exist on type '{}'.
examples/jsm/objects/Water.js(37,25): error TS2339: Property 'alpha' does not exist on type '{}'.
examples/jsm/objects/Water.js(37,55): error TS2339: Property 'alpha' does not exist on type '{}'.
examples/jsm/objects/Water.js(38,24): error TS2339: Property 'time' does not exist on type '{}'.
examples/jsm/objects/Water.js(38,53): error TS2339: Property 'time' does not exist on type '{}'.
examples/jsm/objects/Water.js(39,33): error TS2339: Property 'waterNormals' does not exist on type '{}'.
examples/jsm/objects/Water.js(39,70): error TS2339: Property 'waterNormals' does not exist on type '{}'.
examples/jsm/objects/Water.js(40,32): error TS2339: Property 'sunDirection' does not exist on type '{}'.
examples/jsm/objects/Water.js(40,69): error TS2339: Property 'sunDirection' does not exist on type '{}'.
examples/jsm/objects/Water.js(41,39): error TS2339: Property 'sunColor' does not exist on type '{}'.
examples/jsm/objects/Water.js(41,72): error TS2339: Property 'sunColor' does not exist on type '{}'.
examples/jsm/objects/Water.js(42,41): error TS2339: Property 'waterColor' does not exist on type '{}'.
examples/jsm/objects/Water.js(42,76): error TS2339: Property 'waterColor' does not exist on type '{}'.
examples/jsm/objects/Water.js(43,23): error TS2339: Property 'eye' does not exist on type '{}'.
examples/jsm/objects/Water.js(43,51): error TS2339: Property 'eye' does not exist on type '{}'.
examples/jsm/objects/Water.js(44,35): error TS2339: Property 'distortionScale' does not exist on type '{}'.
examples/jsm/objects/Water.js(44,75): error TS2339: Property 'distortionScale' does not exist on type '{}'.
examples/jsm/objects/Water.js(45,24): error TS2339: Property 'side' does not exist on type '{}'.
examples/jsm/objects/Water.js(45,53): error TS2339: Property 'side' does not exist on type '{}'.
examples/jsm/objects/Water.js(46,23): error TS2339: Property 'fog' does not exist on type '{}'.
examples/jsm/objects/Water.js(46,51): error TS2339: Property 'fog' does not exist on type '{}'.
examples/jsm/objects/Water.js(218,53): error TS2339: Property 'matrixWorld' does not exist on type 'Water'.
examples/jsm/objects/Water.js(221,42): error TS2339: Property 'matrixWorld' does not exist on type 'Water'.
examples/jsm/objects/Water.js(298,10): error TS2339: Property 'visible' does not exist on type 'Water'.
examples/jsm/objects/Water.js(310,10): error TS2339: Property 'visible' does not exist on type 'Water'.
examples/jsm/objects/Water2.js(13,8): error TS2307: Cannot find module 'three' or its corresponding type declarations.
examples/jsm/objects/Water2.js(36,27): error TS2339: Property 'color' does not exist on type '{}'.
examples/jsm/objects/Water2.js(36,70): error TS2339: Property 'color' does not exist on type '{}'.
examples/jsm/objects/Water2.js(37,32): error TS2339: Property 'textureWidth' does not exist on type '{}'.
examples/jsm/objects/Water2.js(37,69): error TS2339: Property 'textureWidth' does not exist on type '{}'.
examples/jsm/objects/Water2.js(38,33): error TS2339: Property 'textureHeight' does not exist on type '{}'.
examples/jsm/objects/Water2.js(38,71): error TS2339: Property 'textureHeight' does not exist on type '{}'.
examples/jsm/objects/Water2.js(39,28): error TS2339: Property 'clipBias' does not exist on type '{}'.
examples/jsm/objects/Water2.js(39,61): error TS2339: Property 'clipBias' does not exist on type '{}'.
examples/jsm/objects/Water2.js(40,33): error TS2339: Property 'flowDirection' does not exist on type '{}'.
examples/jsm/objects/Water2.js(40,71): error TS2339: Property 'flowDirection' does not exist on type '{}'.
examples/jsm/objects/Water2.js(41,29): error TS2339: Property 'flowSpeed' does not exist on type '{}'.
examples/jsm/objects/Water2.js(41,63): error TS2339: Property 'flowSpeed' does not exist on type '{}'.
examples/jsm/objects/Water2.js(42,32): error TS2339: Property 'reflectivity' does not exist on type '{}'.
examples/jsm/objects/Water2.js(42,69): error TS2339: Property 'reflectivity' does not exist on type '{}'.
examples/jsm/objects/Water2.js(43,25): error TS2339: Property 'scale' does not exist on type '{}'.
examples/jsm/objects/Water2.js(43,55): error TS2339: Property 'scale' does not exist on type '{}'.
examples/jsm/objects/Water2.js(44,26): error TS2339: Property 'shader' does not exist on type '{}'.
examples/jsm/objects/Water2.js(44,57): error TS2339: Property 'shader' does not exist on type '{}'.
examples/jsm/objects/Water2.js(48,27): error TS2339: Property 'flowMap' does not exist on type '{}'.
examples/jsm/objects/Water2.js(49,30): error TS2339: Property 'normalMap0' does not exist on type '{}'.
examples/jsm/objects/Water2.js(50,30): error TS2339: Property 'normalMap1' does not exist on type '{}'.
examples/jsm/objects/Water2.js(85,13): error TS2339: Property 'matrixAutoUpdate' does not exist on type 'Reflector'.
examples/jsm/objects/Water2.js(86,13): error TS2339: Property 'matrixAutoUpdate' does not exist on type 'Refractor'.
examples/jsm/objects/Water2.js(155,34): error TS2339: Property 'matrixWorld' does not exist on type 'Water'.
examples/jsm/objects/Water2.js(191,10): error TS2339: Property 'visible' does not exist on type 'Water'.
examples/jsm/objects/Water2.js(193,14): error TS2339: Property 'matrixWorld' does not exist on type 'Reflector'.
examples/jsm/objects/Water2.js(193,38): error TS2339: Property 'matrixWorld' does not exist on type 'Water'.
examples/jsm/objects/Water2.js(194,14): error TS2339: Property 'matrixWorld' does not exist on type 'Refractor'.
examples/jsm/objects/Water2.js(194,38): error TS2339: Property 'matrixWorld' does not exist on type 'Water'.
examples/jsm/objects/Water2.js(199,10): error TS2339: Property 'visible' does not exist on type 'Water'.
examples/jsm/objects/Water2Mesh.js(9,8): error TS2307: Cannot find module 'three/webgpu' or its corresponding type declarations.
examples/jsm/objects/Water2Mesh.js(11,194): error TS2307: Cannot find module 'three/tsl' or its corresponding type declarations.
examples/jsm/objects/WaterMesh.js(6,8): error TS2307: Cannot find module 'three/webgpu' or its corresponding type declarations.
examples/jsm/objects/WaterMesh.js(8,187): error TS2307: Cannot find module 'three/tsl' or its corresponding type declarations.
examples/jsm/objects/WaterMesh.js(41,28): error TS7031: Binding element 'uv' implicitly has an 'any' type.
examples/jsm/objects/WaterMesh.js(92,9): error TS2339: Property 'add' does not exist on type 'WaterMesh'.
examples/jsm/offscreen/jank.js(6,17): error TS2584: Cannot find name 'document'. Do you need to change your target library? Try changing the 'lib' compiler option to include 'dom'.
examples/jsm/offscreen/jank.js(27,11): error TS2584: Cannot find name 'document'. Do you need to change your target library? Try changing the 'lib' compiler option to include 'dom'.
examples/jsm/offscreen/scene.js(8,9): error TS2339: Property 'position' does not exist on type 'PerspectiveCamera'.
examples/jsm/offscreen/scene.js(36,43): error TS2345: Argument of type 'MeshMatcapMaterial' is not assignable to parameter of type 'MeshBasicMaterial'.
  Type 'MeshMatcapMaterial' is missing the following properties from type 'MeshBasicMaterial': isMeshBasicMaterial, lightMap, lightMapIntensity, aoMap, and 11 more.
examples/jsm/offscreen/scene.js(37,9): error TS2339: Property 'position' does not exist on type 'Mesh'.
examples/jsm/offscreen/scene.js(38,9): error TS2339: Property 'position' does not exist on type 'Mesh'.
examples/jsm/offscreen/scene.js(39,9): error TS2339: Property 'position' does not exist on type 'Mesh'.
examples/jsm/offscreen/scene.js(40,9): error TS2339: Property 'scale' does not exist on type 'Mesh'.
examples/jsm/offscreen/scene.js(62,12): error TS2339: Property 'requestAnimationFrame' does not exist on type 'typeof self'.
examples/jsm/offscreen/scene.js(64,8): error TS2339: Property 'requestAnimationFrame' does not exist on type 'typeof self'.
examples/jsm/physics/JoltPhysics.js(1,53): error TS2307: Cannot find module 'three' or its corresponding type declarations.
examples/jsm/physics/RapierPhysics.js(1,53): error TS2307: Cannot find module 'three' or its corresponding type declarations.
examples/jsm/physics/RapierPhysics.js(46,45): error TS2345: Argument of type 'number' is not assignable to parameter of type 'string'.
examples/jsm/postprocessing/AfterimagePass.js(8,8): error TS2307: Cannot find module 'three' or its corresponding type declarations.
examples/jsm/postprocessing/BloomPass.js(8,8): error TS2307: Cannot find module 'three' or its corresponding type declarations.
examples/jsm/postprocessing/BokehPass.js(11,8): error TS2307: Cannot find module 'three' or its corresponding type declarations.
examples/jsm/postprocessing/ClearPass.js(3,8): error TS2307: Cannot find module 'three' or its corresponding type declarations.
examples/jsm/postprocessing/CubeTexturePass.js(10,8): error TS2307: Cannot find module 'three' or its corresponding type declarations.
examples/jsm/postprocessing/DotScreenPass.js(4,8): error TS2307: Cannot find module 'three' or its corresponding type declarations.
examples/jsm/postprocessing/EffectComposer.js(7,8): error TS2307: Cannot find module 'three' or its corresponding type declarations.
examples/jsm/postprocessing/EffectComposer.js(45,3): error TS7008: Member 'passes' implicitly has an 'any[]' type.
examples/jsm/postprocessing/EffectComposer.js(137,78): error TS2554: Expected 0-3 arguments, but got 4.
examples/jsm/postprocessing/FilmPass.js(4,8): error TS2307: Cannot find module 'three' or its corresponding type declarations.
examples/jsm/postprocessing/GlitchPass.js(8,8): error TS2307: Cannot find module 'three' or its corresponding type declarations.
examples/jsm/postprocessing/GTAOPass.js(22,8): error TS2307: Cannot find module 'three' or its corresponding type declarations.
examples/jsm/postprocessing/GTAOPass.js(301,70): error TS2339: Property 'radius' does not exist on type 'GTAOPass'.
examples/jsm/postprocessing/HalftonePass.js(4,8): error TS2307: Cannot find module 'three' or its corresponding type declarations.
examples/jsm/postprocessing/LUTPass.js(101,22): error TS2339: Property 'lut' does not exist on type '{}'.
examples/jsm/postprocessing/OutlinePass.js(15,8): error TS2307: Cannot find module 'three' or its corresponding type declarations.
examples/jsm/postprocessing/OutlinePass.js(388,67): error TS2551: Property 'patternTexture' does not exist on type 'OutlinePass'. Did you mean 'usePatternTexture'?
examples/jsm/postprocessing/OutputPass.js(13,8): error TS2307: Cannot find module 'three' or its corresponding type declarations.
examples/jsm/postprocessing/Pass.js(6,8): error TS2307: Cannot find module 'three' or its corresponding type declarations.
examples/jsm/postprocessing/Pass.js(52,8): error TS2339: Property 'setAttribute' does not exist on type 'FullscreenTriangleGeometry'.
examples/jsm/postprocessing/Pass.js(53,8): error TS2339: Property 'setAttribute' does not exist on type 'FullscreenTriangleGeometry'.
examples/jsm/postprocessing/RenderPass.js(3,8): error TS2307: Cannot find module 'three' or its corresponding type declarations.
examples/jsm/postprocessing/RenderPass.js(15,3): error TS7008: Member 'overrideMaterial' implicitly has an 'any' type.
examples/jsm/postprocessing/RenderPass.js(17,3): error TS7008: Member 'clearColor' implicitly has an 'any' type.
examples/jsm/postprocessing/RenderPass.js(18,3): error TS7008: Member 'clearAlpha' implicitly has an 'any' type.
examples/jsm/postprocessing/RenderPixelatedPass.js(10,8): error TS2307: Cannot find module 'three' or its corresponding type declarations.
examples/jsm/postprocessing/RenderPixelatedPass.js(30,37): error TS2339: Property 'normalEdgeStrength' does not exist on type '{}'.
examples/jsm/postprocessing/RenderPixelatedPass.js(31,36): error TS2339: Property 'depthEdgeStrength' does not exist on type '{}'.
examples/jsm/postprocessing/RenderTransitionPass.js(5,8): error TS2307: Cannot find module 'three' or its corresponding type declarations.
examples/jsm/postprocessing/SAOPass.js(19,8): error TS2307: Cannot find module 'three' or its corresponding type declarations.
examples/jsm/postprocessing/SAOPass.js(178,4): error TS7022: 'prevStdDev' implicitly has type 'any' because it does not have a type annotation and is referenced directly or indirectly in its own initializer.
examples/jsm/postprocessing/SavePass.js(7,8): error TS2307: Cannot find module 'three' or its corresponding type declarations.
examples/jsm/postprocessing/ShaderPass.js(4,8): error TS2307: Cannot find module 'three' or its corresponding type declarations.
examples/jsm/postprocessing/SMAAPass.js(9,8): error TS2307: Cannot find module 'three' or its corresponding type declarations.
examples/jsm/postprocessing/SSAARenderPass.js(8,8): error TS2307: Cannot find module 'three' or its corresponding type declarations.
examples/jsm/postprocessing/SSAOPass.js(24,8): error TS2307: Cannot find module 'three' or its corresponding type declarations.
examples/jsm/postprocessing/SSAOPass.js(46,3): error TS7008: Member 'kernel' implicitly has an 'any[]' type.
examples/jsm/postprocessing/SSAOPass.js(111,47): error TS2339: Property 'defines' does not exist on type '{ name: string; uniforms: { tDiffuse: { value: null; }; resolution: { value: any; }; }; vertexShader: string; fragmentShader: string; }'.
examples/jsm/postprocessing/SSRPass.js(17,8): error TS2307: Cannot find module 'three' or its corresponding type declarations.
examples/jsm/postprocessing/SSRPass.js(24,17): error TS7031: Binding element 'renderer' implicitly has an 'any' type.
examples/jsm/postprocessing/SSRPass.js(24,27): error TS7031: Binding element 'scene' implicitly has an 'any' type.
examples/jsm/postprocessing/SSRPass.js(24,34): error TS7031: Binding element 'camera' implicitly has an 'any' type.
examples/jsm/postprocessing/SSRPass.js(24,42): error TS7031: Binding element 'width' implicitly has an 'any' type.
examples/jsm/postprocessing/SSRPass.js(24,49): error TS7031: Binding element 'height' implicitly has an 'any' type.
examples/jsm/postprocessing/SSRPass.js(24,57): error TS7031: Binding element 'selects' implicitly has an 'any' type.
examples/jsm/postprocessing/SSRPass.js(24,84): error TS7031: Binding element 'groundReflector' implicitly has an 'any' type.
examples/jsm/postprocessing/SSRPass.js(248,46): error TS2339: Property 'defines' does not exist on type '{ name: string; uniforms: { tDiffuse: { value: null; }; resolution: { value: any; }; opacity: { value: number; }; }; vertexShader: string; fragmentShader: string; }'.
examples/jsm/postprocessing/SSRPass.js(259,46): error TS2339: Property 'defines' does not exist on type '{ name: string; uniforms: { tDiffuse: { value: null; }; resolution: { value: any; }; opacity: { value: number; }; }; vertexShader: string; fragmentShader: string; }'.
examples/jsm/postprocessing/SSRPass.js(397,15): error TS2551: Property 'bouncing' does not exist on type 'SSRPass'. Did you mean '_bouncing'?
examples/jsm/postprocessing/SSRPass.js(439,15): error TS2551: Property 'bouncing' does not exist on type 'SSRPass'. Did you mean '_bouncing'?
examples/jsm/postprocessing/TAARenderPass.js(4,8): error TS2307: Cannot find module 'three' or its corresponding type declarations.
examples/jsm/postprocessing/TAARenderPass.js(35,53): error TS2554: Expected 0-3 arguments, but got 4.
examples/jsm/postprocessing/TAARenderPass.js(60,63): error TS2554: Expected 0-3 arguments, but got 4.
examples/jsm/postprocessing/TexturePass.js(4,8): error TS2307: Cannot find module 'three' or its corresponding type declarations.
examples/jsm/postprocessing/UnrealBloomPass.js(11,8): error TS2307: Cannot find module 'three' or its corresponding type declarations.
examples/jsm/renderers/CSS2DRenderer.js(6,8): error TS2307: Cannot find module 'three' or its corresponding type declarations.
examples/jsm/renderers/CSS2DRenderer.js(10,25): error TS2584: Cannot find name 'document'. Do you need to change your target library? Try changing the 'lib' compiler option to include 'dom'.
examples/jsm/renderers/CSS2DRenderer.js(25,8): error TS2339: Property 'addEventListener' does not exist on type 'CSS2DObject'.
examples/jsm/renderers/CSS2DRenderer.js(27,4): error TS2683: 'this' implicitly has type 'any' because it does not have a type annotation.
examples/jsm/renderers/CSS2DRenderer.js(79,33): error TS2339: Property 'element' does not exist on type '{}'.
examples/jsm/renderers/CSS2DRenderer.js(79,68): error TS2339: Property 'element' does not exist on type '{}'.
examples/jsm/renderers/CSS2DRenderer.js(79,78): error TS2584: Cannot find name 'document'. Do you need to change your target library? Try changing the 'lib' compiler option to include 'dom'.
examples/jsm/renderers/CSS3DRenderer.js(6,8): error TS2307: Cannot find module 'three' or its corresponding type declarations.
examples/jsm/renderers/CSS3DRenderer.js(18,25): error TS2584: Cannot find name 'document'. Do you need to change your target library? Try changing the 'lib' compiler option to include 'dom'.
examples/jsm/renderers/CSS3DRenderer.js(31,8): error TS2339: Property 'addEventListener' does not exist on type 'CSS3DObject'.
examples/jsm/renderers/CSS3DRenderer.js(33,4): error TS2683: 'this' implicitly has type 'any' because it does not have a type annotation.
examples/jsm/renderers/CSS3DRenderer.js(105,33): error TS2339: Property 'element' does not exist on type '{}'.
examples/jsm/renderers/CSS3DRenderer.js(105,68): error TS2339: Property 'element' does not exist on type '{}'.
examples/jsm/renderers/CSS3DRenderer.js(105,78): error TS2584: Cannot find name 'document'. Do you need to change your target library? Try changing the 'lib' compiler option to include 'dom'.
examples/jsm/renderers/CSS3DRenderer.js(111,23): error TS2584: Cannot find name 'document'. Do you need to change your target library? Try changing the 'lib' compiler option to include 'dom'.
examples/jsm/renderers/CSS3DRenderer.js(116,25): error TS2584: Cannot find name 'document'. Do you need to change your target library? Try changing the 'lib' compiler option to include 'dom'.
examples/jsm/renderers/Projector.js(11,8): error TS2307: Cannot find module 'three' or its corresponding type declarations.
examples/jsm/renderers/Projector.js(281,33): error TS2345: Argument of type 'any' is not assignable to parameter of type 'never'.
examples/jsm/renderers/Projector.js(334,33): error TS2345: Argument of type 'any' is not assignable to parameter of type 'never'.
examples/jsm/renderers/Projector.js(355,22): error TS7009: 'new' expression, whose target lacks a construct signature, implicitly has an 'any' type.
examples/jsm/renderers/Projector.js(363,30): error TS2345: Argument of type 'any' is not assignable to parameter of type 'never'.
examples/jsm/renderers/Projector.js(402,30): error TS2345: Argument of type 'any' is not assignable to parameter of type 'never'.
examples/jsm/renderers/Projector.js(730,32): error TS2345: Argument of type 'any' is not assignable to parameter of type 'never'.
examples/jsm/renderers/SVGRenderer.js(10,8): error TS2307: Cannot find module 'three' or its corresponding type declarations.
examples/jsm/renderers/SVGRenderer.js(71,11): error TS2584: Cannot find name 'document'. Do you need to change your target library? Try changing the 'lib' compiler option to include 'dom'.
examples/jsm/renderers/SVGRenderer.js(538,26): error TS2584: Cannot find name 'document'. Do you need to change your target library? Try changing the 'lib' compiler option to include 'dom'.
examples/jsm/shaders/BokehShader2.js(3,8): error TS2307: Cannot find module 'three' or its corresponding type declarations.
examples/jsm/shaders/ColorCorrectionShader.js(3,8): error TS2307: Cannot find module 'three' or its corresponding type declarations.
examples/jsm/shaders/ColorifyShader.js(3,8): error TS2307: Cannot find module 'three' or its corresponding type declarations.
examples/jsm/shaders/ConvolutionShader.js(3,8): error TS2307: Cannot find module 'three' or its corresponding type declarations.
examples/jsm/shaders/DepthLimitedBlurShader.js(3,8): error TS2307: Cannot find module 'three' or its corresponding type declarations.
examples/jsm/shaders/DotScreenShader.js(3,8): error TS2307: Cannot find module 'three' or its corresponding type declarations.
examples/jsm/shaders/FreiChenShader.js(3,8): error TS2307: Cannot find module 'three' or its corresponding type declarations.
examples/jsm/shaders/FXAAShader.js(3,8): error TS2307: Cannot find module 'three' or its corresponding type declarations.
examples/jsm/shaders/GodRaysShader.js(4,8): error TS2307: Cannot find module 'three' or its corresponding type declarations.
examples/jsm/shaders/GTAOShader.js(7,8): error TS2307: Cannot find module 'three' or its corresponding type declarations.
examples/jsm/shaders/LuminosityHighPassShader.js(3,8): error TS2307: Cannot find module 'three' or its corresponding type declarations.
examples/jsm/shaders/NormalMapShader.js(3,8): error TS2307: Cannot find module 'three' or its corresponding type declarations.
examples/jsm/shaders/PoissonDenoiseShader.js(5,8): error TS2307: Cannot find module 'three' or its corresponding type declarations.
examples/jsm/shaders/SAOShader.js(4,8): error TS2307: Cannot find module 'three' or its corresponding type declarations.
examples/jsm/shaders/SMAAShader.js(3,8): error TS2307: Cannot find module 'three' or its corresponding type declarations.
examples/jsm/shaders/SobelOperatorShader.js(3,8): error TS2307: Cannot find module 'three' or its corresponding type declarations.
examples/jsm/shaders/SSAOShader.js(4,8): error TS2307: Cannot find module 'three' or its corresponding type declarations.
examples/jsm/shaders/SSRShader.js(4,8): error TS2307: Cannot find module 'three' or its corresponding type declarations.
examples/jsm/shaders/SubsurfaceScatteringShader.js(6,8): error TS2307: Cannot find module 'three' or its corresponding type declarations.
examples/jsm/shaders/ToonShader.js(4,8): error TS2307: Cannot find module 'three' or its corresponding type declarations.
examples/jsm/shaders/TriangleBlurShader.js(3,8): error TS2307: Cannot find module 'three' or its corresponding type declarations.
examples/jsm/shaders/VelocityShader.js(5,8): error TS2307: Cannot find module 'three' or its corresponding type declarations.
examples/jsm/shaders/VolumeShader.js(4,8): error TS2307: Cannot find module 'three' or its corresponding type declarations.
examples/jsm/textures/FlakesTexture.js(5,18): error TS2584: Cannot find name 'document'. Do you need to change your target library? Try changing the 'lib' compiler option to include 'dom'.
examples/jsm/transpiler/GLSLDecoder.js(55,9): error TS7053: Element implicitly has an 'any' type because expression of type 'any' can't be used to index type '{ inversesqrt: string; }'.
examples/jsm/transpiler/GLSLDecoder.js(140,3): error TS7008: Member 'tokens' implicitly has an 'any[]' type.
examples/jsm/transpiler/GLSLDecoder.js(160,8): error TS7019: Rest parameter 'params' implicitly has an 'any[]' type.
examples/jsm/transpiler/GLSLDecoder.js(188,2): error TS7023: 'readToken' implicitly has return type 'any' because it does not have a return type annotation and is referenced directly or indirectly in one of its return expressions.
examples/jsm/transpiler/GLSLDecoder.js(205,12): error TS7022: 'nextToken' implicitly has type 'any' because it does not have a type annotation and is referenced directly or indirectly in its own initializer.
examples/jsm/transpiler/GLSLDecoder.js(235,3): error TS7008: Member 'keywords' implicitly has an 'any[]' type.
examples/jsm/transpiler/GLSLDecoder.js(253,10): error TS2531: Object is possibly 'null'.
examples/jsm/transpiler/GLSLDecoder.js(305,2): error TS7023: 'parseExpressionFromTokens' implicitly has return type 'any' because it does not have a return type annotation and is referenced directly or indirectly in one of its return expressions.
examples/jsm/transpiler/GLSLDecoder.js(318,10): error TS7023: 'parseToken' implicitly has return type 'any' because it does not have a return type annotation and is referenced directly or indirectly in one of its return expressions.
examples/jsm/transpiler/GLSLDecoder.js(334,13): error TS7022: 'condition' implicitly has type 'any' because it does not have a type annotation and is referenced directly or indirectly in its own initializer.
examples/jsm/transpiler/GLSLDecoder.js(335,13): error TS7022: 'left' implicitly has type 'any' because it does not have a type annotation and is referenced directly or indirectly in its own initializer.
examples/jsm/transpiler/GLSLDecoder.js(336,13): error TS7022: 'right' implicitly has type 'any' because it does not have a type annotation and is referenced directly or indirectly in its own initializer.
examples/jsm/transpiler/GLSLDecoder.js(342,13): error TS7022: 'left' implicitly has type 'any' because it does not have a type annotation and is referenced directly or indirectly in its own initializer.
examples/jsm/transpiler/GLSLDecoder.js(343,13): error TS7022: 'right' implicitly has type 'any' because it does not have a type annotation and is referenced directly or indirectly in its own initializer.
examples/jsm/transpiler/GLSLDecoder.js(375,12): error TS7022: 'result' implicitly has type 'any' because it does not have a type annotation and is referenced directly or indirectly in its own initializer.
examples/jsm/transpiler/GLSLDecoder.js(403,12): error TS7022: 'right' implicitly has type 'any' because it does not have a type annotation and is referenced directly or indirectly in its own initializer.
examples/jsm/transpiler/GLSLDecoder.js(422,12): error TS7022: 'left' implicitly has type 'any' because it does not have a type annotation and is referenced directly or indirectly in its own initializer.
examples/jsm/transpiler/GLSLDecoder.js(438,10): error TS7022: 'left' implicitly has type 'any' because it does not have a type annotation and is referenced directly or indirectly in its own initializer.
examples/jsm/transpiler/GLSLDecoder.js(445,11): error TS7022: 'right' implicitly has type 'any' because it does not have a type annotation and is referenced directly or indirectly in its own initializer.
examples/jsm/transpiler/GLSLDecoder.js(500,12): error TS7022: 'paramsTokens' implicitly has type 'any' because it does not have a type annotation and is referenced directly or indirectly in its own initializer.
examples/jsm/transpiler/GLSLDecoder.js(502,12): error TS7022: 'functionCall' implicitly has type 'any' because it does not have a type annotation and is referenced directly or indirectly in its own initializer.
examples/jsm/transpiler/GLSLDecoder.js(508,13): error TS7022: 'elements' implicitly has type 'any' because it does not have a type annotation and is referenced directly or indirectly in its own initializer.
examples/jsm/transpiler/GLSLDecoder.js(534,2): error TS7023: 'parseAccessorElementsFromTokens' implicitly has return type 'any' because it does not have a return type annotation and is referenced directly or indirectly in one of its return expressions.
examples/jsm/transpiler/GLSLDecoder.js(548,11): error TS7022: 'element' implicitly has type 'any' because it does not have a type annotation and is referenced directly or indirectly in its own initializer.
examples/jsm/transpiler/GLSLDecoder.js(558,11): error TS7022: 'element' implicitly has type 'any' because it does not have a type annotation and is referenced directly or indirectly in its own initializer.
examples/jsm/transpiler/GLSLDecoder.js(578,2): error TS7023: 'parseFunctionParametersFromTokens' implicitly has return type 'any' because it does not have a return type annotation and is referenced directly or indirectly in one of its return expressions.
examples/jsm/transpiler/GLSLDecoder.js(582,9): error TS7022: 'expression' implicitly has type 'any' because it does not have a type annotation and is referenced directly or indirectly in its own initializer.
examples/jsm/transpiler/GLSLDecoder.js(585,7): error TS7022: 'current' implicitly has type 'any' because it does not have a type annotation and is referenced directly or indirectly in its own initializer.
examples/jsm/transpiler/GLSLDecoder.js(666,2): error TS7023: 'parseVariablesFromToken' implicitly has return type 'any' because it does not have a return type annotation and is referenced directly or indirectly in one of its return expressions.
examples/jsm/transpiler/GLSLDecoder.js(704,9): error TS7022: 'variable' implicitly has type 'any' because it does not have a type annotation and is referenced directly or indirectly in its own initializer.
examples/jsm/transpiler/ShaderToyDecoder.js(24,9): error TS2339: Property 'layout' does not exist on type 'FunctionDeclaration'.
examples/jsm/transpiler/TSLEncoder.js(1,26): error TS2307: Cannot find module 'three/webgpu' or its corresponding type declarations.
examples/jsm/transpiler/TSLEncoder.js(2,22): error TS2307: Cannot find module 'three/tsl' or its corresponding type declarations.
examples/jsm/transpiler/TSLEncoder.js(72,74): error TS7053: Element implicitly has an 'any' type because expression of type 'any' can't be used to index type '{}'.
examples/jsm/transpiler/TSLEncoder.js(109,2): error TS7023: 'emitExpression' implicitly has return type 'any' because it does not have a return type annotation and is referenced directly or indirectly in one of its return expressions.
examples/jsm/transpiler/TSLEncoder.js(145,17): error TS7053: Element implicitly has an 'any' type because expression of type 'any' can't be used to index type '{ '=': string; '+': string; '-': string; '*': string; '/': string; '%': string; '<': string; '>': string; '<=': string; '>=': string; '==': string; '&&': string; '||': string; '^^': string; '&': string; '|': string; '^': string; '<<': string; '>>': string; '+=': string; ... 8 more ...; '>>=': string; }'.
examples/jsm/transpiler/TSLEncoder.js(147,10): error TS7022: 'left' implicitly has type 'any' because it does not have a type annotation and is referenced directly or indirectly in its own initializer.
examples/jsm/transpiler/TSLEncoder.js(148,10): error TS7022: 'right' implicitly has type 'any' because it does not have a type annotation and is referenced directly or indirectly in its own initializer.
examples/jsm/transpiler/TSLEncoder.js(184,10): error TS7022: 'paramsStr' implicitly has type 'any' because it does not have a type annotation and is referenced directly or indirectly in its own initializer.
examples/jsm/transpiler/TSLEncoder.js(260,15): error TS7053: Element implicitly has an 'any' type because expression of type 'any' can't be used to index type '{ '+': string; '-': string; '~': string; '!': string; '++': string; '--': string; }'.
examples/jsm/transpiler/TSLEncoder.js(268,10): error TS7022: 'exp' implicitly has type 'any' because it does not have a type annotation and is referenced directly or indirectly in its own initializer.
examples/jsm/transpiler/TSLEncoder.js(324,2): error TS7023: 'emitTernary' implicitly has return type 'any' because it does not have a return type annotation and is referenced directly or indirectly in one of its return expressions.
examples/jsm/transpiler/TSLEncoder.js(326,9): error TS7022: 'condStr' implicitly has type 'any' because it does not have a type annotation and is referenced directly or indirectly in its own initializer.
examples/jsm/transpiler/TSLEncoder.js(327,9): error TS7022: 'leftStr' implicitly has type 'any' because it does not have a type annotation and is referenced directly or indirectly in its own initializer.
examples/jsm/transpiler/TSLEncoder.js(328,9): error TS7022: 'rightStr' implicitly has type 'any' because it does not have a type annotation and is referenced directly or indirectly in its own initializer.
examples/jsm/transpiler/TSLEncoder.js(336,2): error TS7023: 'emitConditional' implicitly has return type 'any' because it does not have a return type annotation and is referenced directly or indirectly in one of its return expressions.
examples/jsm/transpiler/TSLEncoder.js(338,9): error TS7022: 'condStr' implicitly has type 'any' because it does not have a type annotation and is referenced directly or indirectly in its own initializer.
examples/jsm/transpiler/TSLEncoder.js(341,7): error TS7022: 'ifStr' implicitly has type 'any' because it does not have a type annotation and is referenced directly or indirectly in its own initializer.
examples/jsm/transpiler/TSLEncoder.js(384,2): error TS7023: 'emitLoop' implicitly has return type 'any' because it does not have a return type annotation and is referenced directly or indirectly in one of its return expressions.
examples/jsm/transpiler/TSLEncoder.js(386,9): error TS7022: 'start' implicitly has type 'any' because it does not have a type annotation and is referenced directly or indirectly in its own initializer.
examples/jsm/transpiler/TSLEncoder.js(387,9): error TS7022: 'end' implicitly has type 'any' because it does not have a type annotation and is referenced directly or indirectly in its own initializer.
examples/jsm/transpiler/TSLEncoder.js(399,7): error TS7022: 'loopStr' implicitly has type 'any' because it does not have a type annotation and is referenced directly or indirectly in its own initializer.
examples/jsm/transpiler/TSLEncoder.js(411,2): error TS7023: 'emitFor' implicitly has return type 'any' because it does not have a return type annotation and is referenced directly or indirectly in one of its return expressions.
examples/jsm/transpiler/TSLEncoder.js(429,2): error TS7023: 'emitForWhile' implicitly has return type 'any' because it does not have a return type annotation and is referenced directly or indirectly in one of its return expressions.
examples/jsm/transpiler/TSLEncoder.js(431,9): error TS7022: 'initialization' implicitly has type 'any' because it does not have a type annotation and is referenced directly or indirectly in its own initializer.
examples/jsm/transpiler/TSLEncoder.js(437,7): error TS7022: 'forStr' implicitly has type 'any' because it does not have a type annotation and is referenced directly or indirectly in its own initializer.
examples/jsm/transpiler/TSLEncoder.js(556,4): error TS7053: Element implicitly has an 'any' type because expression of type 'any' can't be used to index type '{}'.
examples/jsm/transpiler/TSLEncoder.js(562,72): error TS2345: Argument of type 'Accessor' is not assignable to parameter of type 'null | undefined'.
examples/jsm/tsl/display/AfterImageNode.js(1,104): error TS2307: Cannot find module 'three/webgpu' or its corresponding type declarations.
examples/jsm/tsl/display/AfterImageNode.js(2,109): error TS2307: Cannot find module 'three/tsl' or its corresponding type declarations.
examples/jsm/tsl/display/AfterImageNode.js(183,27): error TS7031: Binding element 'x_immutable' implicitly has an 'any' type.
examples/jsm/tsl/display/AfterImageNode.js(183,40): error TS7031: Binding element 'y_immutable' implicitly has an 'any' type.
examples/jsm/tsl/display/AnaglyphPassNode.js(1,39): error TS2307: Cannot find module 'three/webgpu' or its corresponding type declarations.
examples/jsm/tsl/display/AnaglyphPassNode.js(2,63): error TS2307: Cannot find module 'three/tsl' or its corresponding type declarations.
examples/jsm/tsl/display/AnaglyphPassNode.js(91,16): error TS2339: Property 'setup' does not exist on type 'StereoCompositePassNode'.
examples/jsm/tsl/display/AnamorphicNode.js(1,88): error TS2307: Cannot find module 'three/webgpu' or its corresponding type declarations.
examples/jsm/tsl/display/AnamorphicNode.js(2,133): error TS2307: Cannot find module 'three/tsl' or its corresponding type declarations.
examples/jsm/tsl/display/AnamorphicNode.js(201,58): error TS7031: Binding element 'i' implicitly has an 'any' type.
examples/jsm/tsl/display/BleachBypass.js(1,65): error TS2307: Cannot find module 'three/tsl' or its corresponding type declarations.
examples/jsm/tsl/display/BleachBypass.js(13,45): error TS7031: Binding element 'color' implicitly has an 'any' type.
examples/jsm/tsl/display/BloomNode.js(1,128): error TS2307: Cannot find module 'three/webgpu' or its corresponding type declarations.
examples/jsm/tsl/display/BloomNode.js(2,138): error TS2307: Cannot find module 'three/tsl' or its corresponding type declarations.
examples/jsm/tsl/display/BloomNode.js(381,35): error TS7031: Binding element 'factor' implicitly has an 'any' type.
examples/jsm/tsl/display/BloomNode.js(381,43): error TS7031: Binding element 'radius' implicitly has an 'any' type.
examples/jsm/tsl/display/BloomNode.js(475,90): error TS7031: Binding element 'i' implicitly has an 'any' type.
examples/jsm/tsl/display/DenoiseNode.js(1,73): error TS2307: Cannot find module 'three/webgpu' or its corresponding type declarations.
examples/jsm/tsl/display/DenoiseNode.js(2,243): error TS2307: Cannot find module 'three/tsl' or its corresponding type declarations.
examples/jsm/tsl/display/DenoiseNode.js(140,24): error TS8024: JSDoc '@param' tag has name 'frame', but there is no parameter with that name.
examples/jsm/tsl/display/DenoiseNode.js(153,26): error TS8024: JSDoc '@param' tag has name 'builder', but there is no parameter with that name.
examples/jsm/tsl/display/DenoiseNode.js(165,33): error TS7031: Binding element 'center' implicitly has an 'any' type.
examples/jsm/tsl/display/DenoiseNode.js(165,41): error TS7031: Binding element 'viewNormal' implicitly has an 'any' type.
examples/jsm/tsl/display/DenoiseNode.js(165,53): error TS7031: Binding element 'viewPosition' implicitly has an 'any' type.
examples/jsm/tsl/display/DenoiseNode.js(165,67): error TS7031: Binding element 'sampleUv' implicitly has an 'any' type.
examples/jsm/tsl/display/DenoiseNode.js(185,27): error TS7031: Binding element 'uvNode' implicitly has an 'any' type.
examples/jsm/tsl/display/DenoiseNode.js(216,80): error TS7031: Binding element 'i' implicitly has an 'any' type.
examples/jsm/tsl/display/DepthOfFieldNode.js(1,42): error TS2307: Cannot find module 'three/webgpu' or its corresponding type declarations.
examples/jsm/tsl/display/DepthOfFieldNode.js(2,82): error TS2307: Cannot find module 'three/tsl' or its corresponding type declarations.
examples/jsm/tsl/display/DepthOfFieldNode.js(89,24): error TS8024: JSDoc '@param' tag has name 'frame', but there is no parameter with that name.
examples/jsm/tsl/display/DepthOfFieldNode.js(102,26): error TS8024: JSDoc '@param' tag has name 'builder', but there is no parameter with that name.
examples/jsm/tsl/display/DotScreenNode.js(1,26): error TS2307: Cannot find module 'three/webgpu' or its corresponding type declarations.
examples/jsm/tsl/display/DotScreenNode.js(2,90): error TS2307: Cannot find module 'three/tsl' or its corresponding type declarations.
examples/jsm/tsl/display/DotScreenNode.js(56,26): error TS8024: JSDoc '@param' tag has name 'builder', but there is no parameter with that name.
examples/jsm/tsl/display/FilmNode.js(1,26): error TS2307: Cannot find module 'three/webgpu' or its corresponding type declarations.
examples/jsm/tsl/display/FilmNode.js(2,72): error TS2307: Cannot find module 'three/tsl' or its corresponding type declarations.
examples/jsm/tsl/display/FilmNode.js(56,26): error TS8024: JSDoc '@param' tag has name 'builder', but there is no parameter with that name.
examples/jsm/tsl/display/FXAANode.js(1,35): error TS2307: Cannot find module 'three/webgpu' or its corresponding type declarations.
examples/jsm/tsl/display/FXAANode.js(2,182): error TS2307: Cannot find module 'three/tsl' or its corresponding type declarations.
examples/jsm/tsl/display/FXAANode.js(58,24): error TS8024: JSDoc '@param' tag has name 'frame', but there is no parameter with that name.
examples/jsm/tsl/display/FXAANode.js(71,26): error TS8024: JSDoc '@param' tag has name 'builder', but there is no parameter with that name.
examples/jsm/tsl/display/FXAANode.js(87,26): error TS7031: Binding element 'uv' implicitly has an 'any' type.
examples/jsm/tsl/display/FXAANode.js(93,35): error TS7031: Binding element 'uv' implicitly has an 'any' type.
examples/jsm/tsl/display/FXAANode.js(99,41): error TS7031: Binding element 'texSize' implicitly has an 'any' type.
examples/jsm/tsl/display/FXAANode.js(99,50): error TS7031: Binding element 'uv' implicitly has an 'any' type.
examples/jsm/tsl/display/FXAANode.js(99,54): error TS7031: Binding element 'uOffset' implicitly has an 'any' type.
examples/jsm/tsl/display/FXAANode.js(99,63): error TS7031: Binding element 'vOffset' implicitly has an 'any' type.
examples/jsm/tsl/display/FXAANode.js(215,50): error TS7031: Binding element 'i' implicitly has an 'any' type.
examples/jsm/tsl/display/FXAANode.js(239,50): error TS7031: Binding element 'i' implicitly has an 'any' type.
examples/jsm/tsl/display/FXAANode.js(305,29): error TS7031: Binding element 'uv' implicitly has an 'any' type.
examples/jsm/tsl/display/FXAANode.js(305,33): error TS7031: Binding element 'texSize' implicitly has an 'any' type.
examples/jsm/tsl/display/GaussianBlurNode.js(1,104): error TS2307: Cannot find module 'three/webgpu' or its corresponding type declarations.
examples/jsm/tsl/display/GaussianBlurNode.js(2,104): error TS2307: Cannot find module 'three/tsl' or its corresponding type declarations.
examples/jsm/tsl/display/GaussianBlurNode.js(10,39): error TS7031: Binding element 'color' implicitly has an 'any' type.
examples/jsm/tsl/display/GaussianBlurNode.js(22,41): error TS7031: Binding element 'color' implicitly has an 'any' type.
examples/jsm/tsl/display/GTAONode.js(1,126): error TS2307: Cannot find module 'three/webgpu' or its corresponding type declarations.
examples/jsm/tsl/display/GTAONode.js(2,355): error TS2307: Cannot find module 'three/tsl' or its corresponding type declarations.
examples/jsm/tsl/display/GTAONode.js(327,81): error TS7031: Binding element 'i' implicitly has an 'any' type.
examples/jsm/tsl/display/GTAONode.js(341,71): error TS7031: Binding element 'j' implicitly has an 'any' type.
examples/jsm/tsl/display/hashBlur.js(1,74): error TS2307: Cannot find module 'three/tsl' or its corresponding type declarations.
examples/jsm/tsl/display/hashBlur.js(16,47): error TS7031: Binding element 'textureNode' implicitly has an 'any' type.
examples/jsm/tsl/display/hashBlur.js(23,56): error TS7031: Binding element 'i' implicitly has an 'any' type.
examples/jsm/tsl/display/LensflareNode.js(1,104): error TS2307: Cannot find module 'three/webgpu' or its corresponding type declarations.
examples/jsm/tsl/display/LensflareNode.js(2,135): error TS2307: Cannot find module 'three/tsl' or its corresponding type declarations.
examples/jsm/tsl/display/LensflareNode.js(218,99): error TS7031: Binding element 'i' implicitly has an 'any' type.
examples/jsm/tsl/display/Lut3DNode.js(1,26): error TS2307: Cannot find module 'three/webgpu' or its corresponding type declarations.
examples/jsm/tsl/display/Lut3DNode.js(2,65): error TS2307: Cannot find module 'three/tsl' or its corresponding type declarations.
examples/jsm/tsl/display/Lut3DNode.js(64,26): error TS8024: JSDoc '@param' tag has name 'builder', but there is no parameter with that name.
examples/jsm/tsl/display/MotionBlur.js(1,42): error TS2307: Cannot find module 'three/tsl' or its corresponding type declarations.
examples/jsm/tsl/display/MotionBlur.js(14,49): error TS7031: Binding element 'inputNode' implicitly has an 'any' type.
examples/jsm/tsl/display/MotionBlur.js(14,60): error TS7031: Binding element 'velocity' implicitly has an 'any' type.
examples/jsm/tsl/display/MotionBlur.js(23,80): error TS7031: Binding element 'i' implicitly has an 'any' type.
examples/jsm/tsl/display/OutlineNode.js(1,129): error TS2307: Cannot find module 'three/webgpu' or its corresponding type declarations.
examples/jsm/tsl/display/OutlineNode.js(2,217): error TS2307: Cannot find module 'three/tsl' or its corresponding type declarations.
examples/jsm/tsl/display/OutlineNode.js(65,30): error TS2741: Property 'selectedObjects' is missing in type '{}' but required in type '{ selectedObjects: Object3D[]; edgeThickness?: any; edgeGlow?: any; downSampleRatio?: number | undefined; }'.
examples/jsm/tsl/display/OutlineNode.js(379,15): error TS2339: Property 'r' does not exist on type 'OutlineNode'.
examples/jsm/tsl/display/OutlineNode.js(390,15): error TS2339: Property 'g' does not exist on type 'OutlineNode'.
examples/jsm/tsl/display/OutlineNode.js(464,47): error TS7019: Rest parameter 'params' implicitly has an 'any[]' type.
examples/jsm/tsl/display/OutlineNode.js(481,47): error TS7019: Rest parameter 'params' implicitly has an 'any[]' type.
examples/jsm/tsl/display/OutlineNode.js(556,26): error TS8024: JSDoc '@param' tag has name 'builder', but there is no parameter with that name.
examples/jsm/tsl/display/OutlineNode.js(624,31): error TS7031: Binding element 'x' implicitly has an 'any' type.
examples/jsm/tsl/display/OutlineNode.js(624,34): error TS7031: Binding element 'sigma' implicitly has an 'any' type.
examples/jsm/tsl/display/OutlineNode.js(630,33): error TS7031: Binding element 'kernelRadius' implicitly has an 'any' type.
examples/jsm/tsl/display/OutlineNode.js(643,89): error TS7031: Binding element 'i' implicitly has an 'any' type.
examples/jsm/tsl/display/ParallaxBarrierPassNode.js(1,30): error TS2307: Cannot find module 'three/webgpu' or its corresponding type declarations.
examples/jsm/tsl/display/ParallaxBarrierPassNode.js(2,69): error TS2307: Cannot find module 'three/tsl' or its corresponding type declarations.
examples/jsm/tsl/display/ParallaxBarrierPassNode.js(73,16): error TS2339: Property 'setup' does not exist on type 'StereoCompositePassNode'.
examples/jsm/tsl/display/PixelationPassNode.js(1,76): error TS2307: Cannot find module 'three/webgpu' or its corresponding type declarations.
examples/jsm/tsl/display/PixelationPassNode.js(2,164): error TS2307: Cannot find module 'three/tsl' or its corresponding type declarations.
examples/jsm/tsl/display/PixelationPassNode.js(97,24): error TS8024: JSDoc '@param' tag has name 'frame', but there is no parameter with that name.
examples/jsm/tsl/display/PixelationPassNode.js(113,26): error TS8024: JSDoc '@param' tag has name 'builder', but there is no parameter with that name.
examples/jsm/tsl/display/PixelationPassNode.js(239,55): error TS1121: Octal literals are not allowed. Use the syntax '0o3'.
examples/jsm/tsl/display/PixelationPassNode.js(240,54): error TS1121: Octal literals are not allowed. Use the syntax '0o3'.
examples/jsm/tsl/display/PixelationPassNode.js(294,36): error TS2551: Property 'value' does not exist on type 'number'. Did you mean 'valueOf'?
examples/jsm/tsl/display/PixelationPassNode.js(294,59): error TS2551: Property 'value' does not exist on type 'number'. Did you mean 'valueOf'?
examples/jsm/tsl/display/PixelationPassNode.js(306,26): error TS8024: JSDoc '@param' tag has name 'builder', but there is no parameter with that name.
examples/jsm/tsl/display/PixelationPassNode.js(328,54): error TS1121: Octal literals are not allowed. Use the syntax '0o3'.
examples/jsm/tsl/display/PixelationPassNode.js(329,53): error TS1121: Octal literals are not allowed. Use the syntax '0o3'.
examples/jsm/tsl/display/RGBShiftNode.js(1,26): error TS2307: Cannot find module 'three/webgpu' or its corresponding type declarations.
examples/jsm/tsl/display/RGBShiftNode.js(2,85): error TS2307: Cannot find module 'three/tsl' or its corresponding type declarations.
examples/jsm/tsl/display/RGBShiftNode.js(57,26): error TS8024: JSDoc '@param' tag has name 'builder', but there is no parameter with that name.
examples/jsm/tsl/display/Sepia.js(1,37): error TS2307: Cannot find module 'three/tsl' or its corresponding type declarations.
examples/jsm/tsl/display/Sepia.js(12,44): error TS7031: Binding element 'color' implicitly has an 'any' type.
examples/jsm/tsl/display/SMAANode.js(1,141): error TS2307: Cannot find module 'three/webgpu' or its corresponding type declarations.
examples/jsm/tsl/display/SMAANode.js(2,218): error TS2307: Cannot find module 'three/tsl' or its corresponding type declarations.
examples/jsm/tsl/display/SMAANode.js(370,36): error TS7031: Binding element 'searchTex' implicitly has an 'any' type.
examples/jsm/tsl/display/SMAANode.js(370,47): error TS7031: Binding element 'e' implicitly has an 'any' type.
examples/jsm/tsl/display/SMAANode.js(370,50): error TS7031: Binding element 'bias' implicitly has an 'any' type.
examples/jsm/tsl/display/SMAANode.js(370,56): error TS7031: Binding element 'scale' implicitly has an 'any' type.
examples/jsm/tsl/display/SMAANode.js(381,28): error TS7031: Binding element 'areaTex' implicitly has an 'any' type.
examples/jsm/tsl/display/SMAANode.js(381,37): error TS7031: Binding element 'dist' implicitly has an 'any' type.
examples/jsm/tsl/display/SMAANode.js(381,43): error TS7031: Binding element 'e1' implicitly has an 'any' type.
examples/jsm/tsl/display/SMAANode.js(381,47): error TS7031: Binding element 'e2' implicitly has an 'any' type.
examples/jsm/tsl/display/SMAANode.js(381,51): error TS7031: Binding element 'offset' implicitly has an 'any' type.
examples/jsm/tsl/display/SMAANode.js(396,35): error TS7031: Binding element 'edgesTex' implicitly has an 'any' type.
examples/jsm/tsl/display/SMAANode.js(396,45): error TS7031: Binding element 'searchTex' implicitly has an 'any' type.
examples/jsm/tsl/display/SMAANode.js(396,56): error TS7031: Binding element 'texcoord' implicitly has an 'any' type.
examples/jsm/tsl/display/SMAANode.js(396,66): error TS7031: Binding element 'end' implicitly has an 'any' type.
examples/jsm/tsl/display/SMAANode.js(436,36): error TS7031: Binding element 'edgesTex' implicitly has an 'any' type.
examples/jsm/tsl/display/SMAANode.js(436,46): error TS7031: Binding element 'searchTex' implicitly has an 'any' type.
examples/jsm/tsl/display/SMAANode.js(436,57): error TS7031: Binding element 'texcoord' implicitly has an 'any' type.
examples/jsm/tsl/display/SMAANode.js(436,67): error TS7031: Binding element 'end' implicitly has an 'any' type.
examples/jsm/tsl/display/SMAANode.js(463,33): error TS7031: Binding element 'edgesTex' implicitly has an 'any' type.
examples/jsm/tsl/display/SMAANode.js(463,43): error TS7031: Binding element 'searchTex' implicitly has an 'any' type.
examples/jsm/tsl/display/SMAANode.js(463,54): error TS7031: Binding element 'texcoord' implicitly has an 'any' type.
examples/jsm/tsl/display/SMAANode.js(463,64): error TS7031: Binding element 'end' implicitly has an 'any' type.
examples/jsm/tsl/display/SMAANode.js(490,35): error TS7031: Binding element 'edgesTex' implicitly has an 'any' type.
examples/jsm/tsl/display/SMAANode.js(490,45): error TS7031: Binding element 'searchTex' implicitly has an 'any' type.
examples/jsm/tsl/display/SMAANode.js(490,56): error TS7031: Binding element 'texcoord' implicitly has an 'any' type.
examples/jsm/tsl/display/SMAANode.js(490,66): error TS7031: Binding element 'end' implicitly has an 'any' type.
examples/jsm/tsl/display/SobelOperatorNode.js(1,51): error TS2307: Cannot find module 'three/webgpu' or its corresponding type declarations.
examples/jsm/tsl/display/SobelOperatorNode.js(2,103): error TS2307: Cannot find module 'three/tsl' or its corresponding type declarations.
examples/jsm/tsl/display/SobelOperatorNode.js(59,24): error TS8024: JSDoc '@param' tag has name 'frame', but there is no parameter with that name.
examples/jsm/tsl/display/SobelOperatorNode.js(72,26): error TS8024: JSDoc '@param' tag has name 'builder', but there is no parameter with that name.
examples/jsm/tsl/display/SSAAPassNode.js(1,99): error TS2307: Cannot find module 'three/webgpu' or its corresponding type declarations.
examples/jsm/tsl/display/SSAAPassNode.js(2,68): error TS2307: Cannot find module 'three/tsl' or its corresponding type declarations.
examples/jsm/tsl/display/SSAAPassNode.js(115,11): error TS2339: Property 'scene' does not exist on type 'SSAAPassNode'.
examples/jsm/tsl/display/SSAAPassNode.js(115,18): error TS2339: Property 'camera' does not exist on type 'SSAAPassNode'.
examples/jsm/tsl/display/SSAAPassNode.js(125,8): error TS2339: Property 'setSize' does not exist on type 'SSAAPassNode'.
examples/jsm/tsl/display/SSAAPassNode.js(126,42): error TS2339: Property 'renderTarget' does not exist on type 'SSAAPassNode'.
examples/jsm/tsl/display/SSAAPassNode.js(126,67): error TS2339: Property 'renderTarget' does not exist on type 'SSAAPassNode'.
examples/jsm/tsl/display/SSAAPassNode.js(130,8): error TS2339: Property '_cameraNear' does not exist on type 'SSAAPassNode'.
examples/jsm/tsl/display/SSAAPassNode.js(131,8): error TS2339: Property '_cameraFar' does not exist on type 'SSAAPassNode'.
examples/jsm/tsl/display/SSAAPassNode.js(133,25): error TS2339: Property 'getMRT' does not exist on type 'SSAAPassNode'.
examples/jsm/tsl/display/SSAAPassNode.js(143,20): error TS2339: Property 'renderTarget' does not exist on type 'SSAAPassNode'.
examples/jsm/tsl/display/SSAAPassNode.js(144,21): error TS2339: Property 'renderTarget' does not exist on type 'SSAAPassNode'.
examples/jsm/tsl/display/SSAAPassNode.js(147,16): error TS2339: Property 'renderTarget' does not exist on type 'SSAAPassNode'.
examples/jsm/tsl/display/SSAAPassNode.js(148,17): error TS2339: Property 'renderTarget' does not exist on type 'SSAAPassNode'.
examples/jsm/tsl/display/SSAAPassNode.js(196,35): error TS2339: Property 'renderTarget' does not exist on type 'SSAAPassNode'.
examples/jsm/tsl/display/SSAAPassNode.js(209,78): error TS2339: Property 'renderTarget' does not exist on type 'SSAAPassNode'.
examples/jsm/tsl/display/SSAAPassNode.js(247,36): error TS2339: Property 'renderTarget' does not exist on type 'SSAAPassNode'.
examples/jsm/tsl/display/SSAAPassNode.js(253,24): error TS2339: Property 'getMRT' does not exist on type 'SSAAPassNode'.
examples/jsm/tsl/display/SSAAPassNode.js(265,6): error TS7053: Element implicitly has an 'any' type because expression of type 'string' can't be used to index type '{}'.
  No index signature with a parameter of type 'string' was found on type '{}'.
examples/jsm/tsl/display/SSRNode.js(1,119): error TS2307: Cannot find module 'three/webgpu' or its corresponding type declarations.
examples/jsm/tsl/display/SSRNode.js(2,344): error TS2307: Cannot find module 'three/tsl' or its corresponding type declarations.
examples/jsm/tsl/display/SSRNode.js(272,39): error TS7031: Binding element 'point' implicitly has an 'any' type.
examples/jsm/tsl/display/SSRNode.js(272,46): error TS7031: Binding element 'linePointA' implicitly has an 'any' type.
examples/jsm/tsl/display/SSRNode.js(272,58): error TS7031: Binding element 'linePointB' implicitly has an 'any' type.
examples/jsm/tsl/display/SSRNode.js(280,38): error TS7031: Binding element 'point' implicitly has an 'any' type.
examples/jsm/tsl/display/SSRNode.js(280,45): error TS7031: Binding element 'planePoint' implicitly has an 'any' type.
examples/jsm/tsl/display/SSRNode.js(280,57): error TS7031: Binding element 'planeNormal' implicitly has an 'any' type.
examples/jsm/tsl/display/SSRNode.js(294,28): error TS7031: Binding element 'depth' implicitly has an 'any' type.
examples/jsm/tsl/display/SSRNode.js(389,91): error TS7031: Binding element 'i' implicitly has an 'any' type.
examples/jsm/tsl/display/StereoCompositePassNode.js(1,132): error TS2307: Cannot find module 'three/webgpu' or its corresponding type declarations.
examples/jsm/tsl/display/StereoCompositePassNode.js(2,25): error TS2307: Cannot find module 'three/tsl' or its corresponding type declarations.
examples/jsm/tsl/display/StereoCompositePassNode.js(101,28): error TS2339: Property 'camera' does not exist on type 'StereoCompositePassNode'.
examples/jsm/tsl/display/StereoCompositePassNode.js(115,37): error TS2551: Property 'renderTarget' does not exist on type 'StereoCompositePassNode'. Did you mean '_renderTargetL'?
examples/jsm/tsl/display/StereoCompositePassNode.js(115,62): error TS2551: Property 'renderTarget' does not exist on type 'StereoCompositePassNode'. Did you mean '_renderTargetL'?
examples/jsm/tsl/display/StereoCompositePassNode.js(116,37): error TS2551: Property 'renderTarget' does not exist on type 'StereoCompositePassNode'. Did you mean '_renderTargetL'?
examples/jsm/tsl/display/StereoCompositePassNode.js(116,62): error TS2551: Property 'renderTarget' does not exist on type 'StereoCompositePassNode'. Did you mean '_renderTargetL'?
examples/jsm/tsl/display/StereoCompositePassNode.js(128,11): error TS2339: Property 'scene' does not exist on type 'StereoCompositePassNode'.
examples/jsm/tsl/display/StereoCompositePassNode.js(128,26): error TS2339: Property 'renderTarget' does not exist on type 'StereoCompositePassNode'.
examples/jsm/tsl/display/StereoPassNode.js(1,64): error TS2307: Cannot find module 'three/webgpu' or its corresponding type declarations.
examples/jsm/tsl/display/StereoPassNode.js(2,28): error TS2307: Cannot find module 'three/tsl' or its corresponding type declarations.
examples/jsm/tsl/display/StereoPassNode.js(60,11): error TS2339: Property 'scene' does not exist on type 'StereoPassNode'.
examples/jsm/tsl/display/StereoPassNode.js(60,18): error TS2339: Property 'camera' does not exist on type 'StereoPassNode'.
examples/jsm/tsl/display/StereoPassNode.js(60,34): error TS2339: Property 'renderTarget' does not exist on type 'StereoPassNode'.
examples/jsm/tsl/display/StereoPassNode.js(73,8): error TS2339: Property 'setSize' does not exist on type 'StereoPassNode'.
examples/jsm/tsl/display/StereoPassNode.js(77,8): error TS2339: Property '_cameraNear' does not exist on type 'StereoPassNode'.
examples/jsm/tsl/display/StereoPassNode.js(78,8): error TS2339: Property '_cameraFar' does not exist on type 'StereoPassNode'.
examples/jsm/tsl/display/StereoPassNode.js(80,28): error TS2339: Property '_previousTextures' does not exist on type 'StereoPassNode'.
examples/jsm/tsl/display/StereoPassNode.js(82,9): error TS2339: Property 'toggleTexture' does not exist on type 'StereoPassNode'.
examples/jsm/tsl/display/StereoPassNode.js(87,25): error TS2339: Property '_mrt' does not exist on type 'StereoPassNode'.
examples/jsm/tsl/display/TRAAPassNode.js(1,105): error TS2307: Cannot find module 'three/webgpu' or its corresponding type declarations.
examples/jsm/tsl/display/TRAAPassNode.js(2,121): error TS2307: Cannot find module 'three/tsl' or its corresponding type declarations.
examples/jsm/tsl/display/TRAAPassNode.js(131,13): error TS2339: Property 'renderTarget' does not exist on type 'TRAAPassNode'.
examples/jsm/tsl/display/TRAAPassNode.js(131,75): error TS2339: Property 'renderTarget' does not exist on type 'TRAAPassNode'.
examples/jsm/tsl/display/TRAAPassNode.js(133,43): error TS2339: Property 'renderTarget' does not exist on type 'TRAAPassNode'.
examples/jsm/tsl/display/TRAAPassNode.js(133,68): error TS2339: Property 'renderTarget' does not exist on type 'TRAAPassNode'.
examples/jsm/tsl/display/TRAAPassNode.js(134,44): error TS2339: Property 'renderTarget' does not exist on type 'TRAAPassNode'.
examples/jsm/tsl/display/TRAAPassNode.js(134,69): error TS2339: Property 'renderTarget' does not exist on type 'TRAAPassNode'.
examples/jsm/tsl/display/TRAAPassNode.js(136,38): error TS2339: Property 'renderTarget' does not exist on type 'TRAAPassNode'.
examples/jsm/tsl/display/TRAAPassNode.js(136,67): error TS2339: Property 'renderTarget' does not exist on type 'TRAAPassNode'.
examples/jsm/tsl/display/TRAAPassNode.js(154,11): error TS2339: Property 'scene' does not exist on type 'TRAAPassNode'.
examples/jsm/tsl/display/TRAAPassNode.js(154,18): error TS2339: Property 'camera' does not exist on type 'TRAAPassNode'.
examples/jsm/tsl/display/TRAAPassNode.js(172,8): error TS2339: Property '_cameraNear' does not exist on type 'TRAAPassNode'.
examples/jsm/tsl/display/TRAAPassNode.js(173,8): error TS2339: Property '_cameraFar' does not exist on type 'TRAAPassNode'.
examples/jsm/tsl/display/TRAAPassNode.js(179,20): error TS2339: Property 'renderTarget' does not exist on type 'TRAAPassNode'.
examples/jsm/tsl/display/TRAAPassNode.js(180,21): error TS2339: Property 'renderTarget' does not exist on type 'TRAAPassNode'.
examples/jsm/tsl/display/TRAAPassNode.js(183,16): error TS2339: Property 'renderTarget' does not exist on type 'TRAAPassNode'.
examples/jsm/tsl/display/TRAAPassNode.js(184,17): error TS2339: Property 'renderTarget' does not exist on type 'TRAAPassNode'.
examples/jsm/tsl/display/TRAAPassNode.js(206,20): error TS2339: Property 'getMRT' does not exist on type 'TRAAPassNode'.
examples/jsm/tsl/display/TRAAPassNode.js(240,35): error TS2339: Property 'renderTarget' does not exist on type 'TRAAPassNode'.
examples/jsm/tsl/display/TRAAPassNode.js(246,74): error TS2339: Property 'renderTarget' does not exist on type 'TRAAPassNode'.
examples/jsm/tsl/display/TRAAPassNode.js(252,35): error TS2339: Property 'renderTarget' does not exist on type 'TRAAPassNode'.
examples/jsm/tsl/display/TRAAPassNode.js(259,40): error TS2339: Property 'renderTarget' does not exist on type 'TRAAPassNode'.
examples/jsm/tsl/display/TRAAPassNode.js(265,78): error TS2339: Property 'renderTarget' does not exist on type 'TRAAPassNode'.
examples/jsm/tsl/display/TRAAPassNode.js(308,36): error TS2339: Property 'renderTarget' does not exist on type 'TRAAPassNode'.
examples/jsm/tsl/display/TRAAPassNode.js(309,37): error TS2339: Property 'renderTarget' does not exist on type 'TRAAPassNode'.
examples/jsm/tsl/display/TRAAPassNode.js(341,93): error TS7031: Binding element 'x' implicitly has an 'any' type.
examples/jsm/tsl/display/TRAAPassNode.js(343,94): error TS7031: Binding element 'y' implicitly has an 'any' type.
examples/jsm/tsl/display/TransitionNode.js(1,26): error TS2307: Cannot find module 'three/webgpu' or its corresponding type declarations.
examples/jsm/tsl/display/TransitionNode.js(2,93): error TS2307: Cannot find module 'three/tsl' or its corresponding type declarations.
examples/jsm/tsl/display/TransitionNode.js(80,26): error TS8024: JSDoc '@param' tag has name 'builder', but there is no parameter with that name.
examples/jsm/tsl/lighting/TiledLightsNode.js(1,98): error TS2307: Cannot find module 'three/webgpu' or its corresponding type declarations.
examples/jsm/tsl/lighting/TiledLightsNode.js(6,8): error TS2307: Cannot find module 'three/tsl' or its corresponding type declarations.
examples/jsm/tsl/lighting/TiledLightsNode.js(8,59): error TS7031: Binding element 'circleCenter' implicitly has an 'any' type.
examples/jsm/tsl/lighting/TiledLightsNode.js(8,73): error TS7031: Binding element 'radius' implicitly has an 'any' type.
examples/jsm/tsl/lighting/TiledLightsNode.js(8,81): error TS7031: Binding element 'minBounds' implicitly has an 'any' type.
examples/jsm/tsl/lighting/TiledLightsNode.js(8,92): error TS7031: Binding element 'maxBounds' implicitly has an 'any' type.
examples/jsm/tsl/lighting/TiledLightsNode.js(49,3): error TS7008: Member 'materialLights' implicitly has an 'any[]' type.
examples/jsm/tsl/lighting/TiledLightsNode.js(50,3): error TS7008: Member 'tiledLights' implicitly has an 'any[]' type.
examples/jsm/tsl/lighting/TiledLightsNode.js(120,29): error TS2554: Expected 0 arguments, but got 1.
examples/jsm/tsl/lighting/TiledLightsNode.js(217,36): error TS7031: Binding element 'i' implicitly has an 'any' type.
examples/jsm/tsl/lighting/TiledLightsNode.js(342,30): error TS7031: Binding element 'i' implicitly has an 'any' type.
examples/jsm/utils/BufferGeometryUtils.js(12,8): error TS2307: Cannot find module 'three' or its corresponding type declarations.
examples/jsm/utils/BufferGeometryUtils.js(148,9): error TS7053: Element implicitly has an 'any' type because expression of type 'string' can't be used to index type '{}'.
  No index signature with a parameter of type 'string' was found on type '{}'.
examples/jsm/utils/BufferGeometryUtils.js(148,44): error TS7053: Element implicitly has an 'any' type because expression of type 'string' can't be used to index type '{}'.
  No index signature with a parameter of type 'string' was found on type '{}'.
examples/jsm/utils/BufferGeometryUtils.js(150,4): error TS7053: Element implicitly has an 'any' type because expression of type 'string' can't be used to index type '{}'.
  No index signature with a parameter of type 'string' was found on type '{}'.
examples/jsm/utils/BufferGeometryUtils.js(183,9): error TS7053: Element implicitly has an 'any' type because expression of type 'string' can't be used to index type '{}'.
  No index signature with a parameter of type 'string' was found on type '{}'.
examples/jsm/utils/BufferGeometryUtils.js(183,49): error TS7053: Element implicitly has an 'any' type because expression of type 'string' can't be used to index type '{}'.
  No index signature with a parameter of type 'string' was found on type '{}'.
examples/jsm/utils/BufferGeometryUtils.js(185,4): error TS7053: Element implicitly has an 'any' type because expression of type 'string' can't be used to index type '{}'.
  No index signature with a parameter of type 'string' was found on type '{}'.
examples/jsm/utils/BufferGeometryUtils.js(245,44): error TS7053: Element implicitly has an 'any' type because expression of type 'string' can't be used to index type '{}'.
  No index signature with a parameter of type 'string' was found on type '{}'.
examples/jsm/utils/BufferGeometryUtils.js(262,27): error TS7053: Element implicitly has an 'any' type because expression of type 'string' can't be used to index type '{}'.
  No index signature with a parameter of type 'string' was found on type '{}'.
examples/jsm/utils/BufferGeometryUtils.js(273,25): error TS7053: Element implicitly has an 'any' type because expression of type 'string' can't be used to index type '{}'.
  No index signature with a parameter of type 'string' was found on type '{}'.
examples/jsm/utils/BufferGeometryUtils.js(275,34): error TS7053: Element implicitly has an 'any' type because expression of type 'string' can't be used to index type '{}'.
  No index signature with a parameter of type 'string' was found on type '{}'.
examples/jsm/utils/BufferGeometryUtils.js(434,4): error TS2322: Type 'null' is not assignable to type 'InterleavedBufferAttribute[]'.
examples/jsm/utils/BufferGeometryUtils.js(626,3): error TS7053: Element implicitly has an 'any' type because expression of type 'string' can't be used to index type '{}'.
  No index signature with a parameter of type 'string' was found on type '{}'.
examples/jsm/utils/BufferGeometryUtils.js(635,11): error TS7053: Element implicitly has an 'any' type because expression of type 'string' can't be used to index type '{}'.
  No index signature with a parameter of type 'string' was found on type '{}'.
examples/jsm/utils/BufferGeometryUtils.js(635,40): error TS7053: Element implicitly has an 'any' type because expression of type 'string' can't be used to index type '{}'.
  No index signature with a parameter of type 'string' was found on type '{}'.
examples/jsm/utils/BufferGeometryUtils.js(639,5): error TS7053: Element implicitly has an 'any' type because expression of type 'string' can't be used to index type '{}'.
  No index signature with a parameter of type 'string' was found on type '{}'.
examples/jsm/utils/BufferGeometryUtils.js(677,21): error TS7053: Element implicitly has an 'any' type because expression of type 'string' can't be used to index type '{}'.
  No index signature with a parameter of type 'string' was found on type '{}'.
examples/jsm/utils/BufferGeometryUtils.js(688,22): error TS7053: Element implicitly has an 'any' type because expression of type 'string' can't be used to index type '{}'.
  No index signature with a parameter of type 'string' was found on type '{}'.
examples/jsm/utils/BufferGeometryUtils.js(689,28): error TS7053: Element implicitly has an 'any' type because expression of type 'string' can't be used to index type '{}'.
  No index signature with a parameter of type 'string' was found on type '{}'.
examples/jsm/utils/BufferGeometryUtils.js(711,4): error TS7053: Element implicitly has an 'any' type because expression of type 'string' can't be used to index type '{}'.
  No index signature with a parameter of type 'string' was found on type '{}'.
examples/jsm/utils/BufferGeometryUtils.js(723,24): error TS7053: Element implicitly has an 'any' type because expression of type 'string' can't be used to index type '{}'.
  No index signature with a parameter of type 'string' was found on type '{}'.
examples/jsm/utils/BufferGeometryUtils.js(733,24): error TS7053: Element implicitly has an 'any' type because expression of type 'string' can't be used to index type '{}'.
  No index signature with a parameter of type 'string' was found on type '{}'.
examples/jsm/utils/BufferGeometryUtils.js(735,30): error TS7053: Element implicitly has an 'any' type because expression of type 'string' can't be used to index type '{}'.
  No index signature with a parameter of type 'string' was found on type '{}'.
examples/jsm/utils/BufferGeometryUtils.js(1304,5): error TS7053: Element implicitly has an 'any' type because expression of type 'string' can't be used to index type '{}'.
  No index signature with a parameter of type 'string' was found on type '{}'.
examples/jsm/utils/BufferGeometryUtils.js(1308,4): error TS7053: Element implicitly has an 'any' type because expression of type 'string' can't be used to index type '{}'.
  No index signature with a parameter of type 'string' was found on type '{}'.
examples/jsm/utils/BufferGeometryUtils.js(1336,25): error TS7053: Element implicitly has an 'any' type because expression of type 'string' can't be used to index type '{}'.
  No index signature with a parameter of type 'string' was found on type '{}'.
examples/jsm/utils/CameraUtils.js(5,8): error TS2307: Cannot find module 'three' or its corresponding type declarations.
examples/jsm/utils/GeometryCompressionUtils.js(13,8): error TS2307: Cannot find module 'three' or its corresponding type declarations.
examples/jsm/utils/GeometryCompressionUtils.js(20,12): error TS2503: Cannot find namespace 'THREE'.
examples/jsm/utils/GeometryCompressionUtils.js(55,24): error TS18048: 'encoded' is possibly 'undefined'.
examples/jsm/utils/GeometryCompressionUtils.js(56,24): error TS18048: 'encoded' is possibly 'undefined'.
examples/jsm/utils/GeometryCompressionUtils.js(57,24): error TS18048: 'encoded' is possibly 'undefined'.
examples/jsm/utils/GeometryCompressionUtils.js(78,32): error TS18048: 'encoded' is possibly 'undefined'.
examples/jsm/utils/GeometryCompressionUtils.js(79,32): error TS18048: 'encoded' is possibly 'undefined'.
examples/jsm/utils/GeometryCompressionUtils.js(94,32): error TS18048: 'encoded' is possibly 'undefined'.
examples/jsm/utils/GeometryCompressionUtils.js(95,32): error TS18048: 'encoded' is possibly 'undefined'.
examples/jsm/utils/GeometryCompressionUtils.js(134,13): error TS2503: Cannot find namespace 'THREE'.
examples/jsm/utils/GeometryCompressionUtils.js(169,39): error TS18048: 'quantized' is possibly 'undefined'.
examples/jsm/utils/GeometryCompressionUtils.js(176,12): error TS2503: Cannot find namespace 'THREE'.
examples/jsm/utils/GeometryCompressionUtils.js(213,18): error TS18048: 'encoded' is possibly 'undefined'.
examples/jsm/utils/GeometryCompressionUtils.js(214,22): error TS18048: 'encoded' is possibly 'undefined'.
examples/jsm/utils/GeometryCompressionUtils.js(231,34): error TS18048: 'result.quantized' is possibly 'undefined'.
examples/jsm/utils/GeometryCompressionUtils.js(267,28): error TS2345: Argument of type 'number' is not assignable to parameter of type 'string'.
examples/jsm/utils/GeometryCompressionUtils.js(268,28): error TS2345: Argument of type 'number' is not assignable to parameter of type 'string'.
examples/jsm/utils/GeometryCompressionUtils.js(345,5): error TS7053: Element implicitly has an 'any' type because expression of type 'any' can't be used to index type 'Math'.
examples/jsm/utils/GeometryCompressionUtils.js(346,5): error TS7053: Element implicitly has an 'any' type because expression of type 'any' can't be used to index type 'Math'.
examples/jsm/utils/GeometryCompressionUtils.js(354,5): error TS7053: Element implicitly has an 'any' type because expression of type 'any' can't be used to index type 'Math'.
examples/jsm/utils/GeometryCompressionUtils.js(355,5): error TS7053: Element implicitly has an 'any' type because expression of type 'any' can't be used to index type 'Math'.
examples/jsm/utils/GeometryCompressionUtils.js(449,29): error TS18048: 'segments' is possibly 'undefined'.
examples/jsm/utils/GeometryCompressionUtils.js(450,29): error TS18048: 'segments' is possibly 'undefined'.
examples/jsm/utils/GeometryCompressionUtils.js(451,29): error TS18048: 'segments' is possibly 'undefined'.
examples/jsm/utils/GeometryCompressionUtils.js(462,27): error TS18048: 'segments' is possibly 'undefined'.
examples/jsm/utils/GeometryCompressionUtils.js(463,27): error TS18048: 'segments' is possibly 'undefined'.
examples/jsm/utils/GeometryCompressionUtils.js(464,27): error TS18048: 'segments' is possibly 'undefined'.
examples/jsm/utils/GeometryCompressionUtils.js(469,3): error TS2454: Variable 'quantized' is used before being assigned.
examples/jsm/utils/GeometryCompressionUtils.js(470,3): error TS2454: Variable 'quantized' is used before being assigned.
examples/jsm/utils/GeometryCompressionUtils.js(471,3): error TS2454: Variable 'quantized' is used before being assigned.
examples/jsm/utils/GeometryCompressionUtils.js(520,29): error TS18048: 'segments' is possibly 'undefined'.
examples/jsm/utils/GeometryCompressionUtils.js(521,29): error TS18048: 'segments' is possibly 'undefined'.
examples/jsm/utils/GeometryCompressionUtils.js(530,27): error TS18048: 'segments' is possibly 'undefined'.
examples/jsm/utils/GeometryCompressionUtils.js(531,27): error TS18048: 'segments' is possibly 'undefined'.
examples/jsm/utils/GeometryCompressionUtils.js(536,3): error TS2454: Variable 'quantized' is used before being assigned.
examples/jsm/utils/GeometryCompressionUtils.js(537,3): error TS2454: Variable 'quantized' is used before being assigned.
examples/jsm/utils/GeometryUtils.js(1,25): error TS2307: Cannot find module 'three' or its corresponding type declarations.
examples/jsm/utils/GeometryUtils.js(214,2): error TS2322: Type 'number[]' is not assignable to type '[number, number, number][]'.
  Type 'number' is not assignable to type '[number, number, number]'.
examples/jsm/utils/LDrawUtils.js(8,8): error TS2307: Cannot find module 'three' or its corresponding type declarations.
examples/jsm/utils/LDrawUtils.js(167,25): error TS7053: Element implicitly has an 'any' type because expression of type 'string' can't be used to index type '{}'.
  No index signature with a parameter of type 'string' was found on type '{}'.
examples/jsm/utils/LDrawUtils.js(176,25): error TS7053: Element implicitly has an 'any' type because expression of type 'string' can't be used to index type '{}'.
  No index signature with a parameter of type 'string' was found on type '{}'.
examples/jsm/utils/LDrawUtils.js(185,29): error TS7053: Element implicitly has an 'any' type because expression of type 'string' can't be used to index type '{}'.
  No index signature with a parameter of type 'string' was found on type '{}'.
examples/jsm/utils/SceneOptimizer.js(1,24): error TS2307: Cannot find module 'three' or its corresponding type declarations.
examples/jsm/utils/SceneOptimizer.js(8,24): error TS2339: Property 'debug' does not exist on type '{}'.
examples/jsm/utils/SceneUtils.js(9,8): error TS2307: Cannot find module 'three' or its corresponding type declarations.
examples/jsm/utils/SceneUtils.js(252,11): error TS7023: 'traverseGenerator' implicitly has return type 'any' because it does not have a return type annotation and is referenced directly or indirectly in one of its return expressions.
examples/jsm/utils/SceneUtils.js(270,11): error TS7023: 'traverseVisibleGenerator' implicitly has return type 'any' because it does not have a return type annotation and is referenced directly or indirectly in one of its return expressions.
examples/jsm/utils/SceneUtils.js(290,11): error TS7023: 'traverseAncestorsGenerator' implicitly has return type 'any' because it does not have a return type annotation and is referenced directly or indirectly in one of its return expressions.
examples/jsm/utils/ShadowMapViewer.js(11,8): error TS2307: Cannot find module 'three' or its corresponding type declarations.
examples/jsm/utils/ShadowMapViewer.js(82,18): error TS2584: Cannot find name 'document'. Do you need to change your target library? Try changing the 'lib' compiler option to include 'dom'.
examples/jsm/utils/ShadowMapViewerGPU.js(11,8): error TS2307: Cannot find module 'three' or its corresponding type declarations.
examples/jsm/utils/ShadowMapViewerGPU.js(12,25): error TS2307: Cannot find module 'three/tsl' or its corresponding type declarations.
examples/jsm/utils/ShadowMapViewerGPU.js(79,18): error TS2584: Cannot find name 'document'. Do you need to change your target library? Try changing the 'lib' compiler option to include 'dom'.
examples/jsm/utils/SkeletonUtils.js(10,8): error TS2307: Cannot find module 'three' or its corresponding type declarations.
examples/jsm/utils/SkeletonUtils.js(31,10): error TS2339: Property 'preserveBoneMatrix' does not exist on type '{}'.
examples/jsm/utils/SkeletonUtils.js(31,39): error TS2339: Property 'preserveBoneMatrix' does not exist on type '{}'.
examples/jsm/utils/SkeletonUtils.js(31,82): error TS2339: Property 'preserveBoneMatrix' does not exist on type '{}'.
examples/jsm/utils/SkeletonUtils.js(32,10): error TS2339: Property 'preserveBonePositions' does not exist on type '{}'.
examples/jsm/utils/SkeletonUtils.js(32,42): error TS2339: Property 'preserveBonePositions' does not exist on type '{}'.
examples/jsm/utils/SkeletonUtils.js(32,88): error TS2339: Property 'preserveBonePositions' does not exist on type '{}'.
examples/jsm/utils/SkeletonUtils.js(33,10): error TS2339: Property 'useTargetMatrix' does not exist on type '{}'.
examples/jsm/utils/SkeletonUtils.js(33,36): error TS2339: Property 'useTargetMatrix' does not exist on type '{}'.
examples/jsm/utils/SkeletonUtils.js(33,76): error TS2339: Property 'useTargetMatrix' does not exist on type '{}'.
examples/jsm/utils/SkeletonUtils.js(34,10): error TS2339: Property 'hip' does not exist on type '{}'.
examples/jsm/utils/SkeletonUtils.js(34,24): error TS2339: Property 'hip' does not exist on type '{}'.
examples/jsm/utils/SkeletonUtils.js(34,52): error TS2339: Property 'hip' does not exist on type '{}'.
examples/jsm/utils/SkeletonUtils.js(35,10): error TS2339: Property 'hipInfluence' does not exist on type '{}'.
examples/jsm/utils/SkeletonUtils.js(35,33): error TS2339: Property 'hipInfluence' does not exist on type '{}'.
examples/jsm/utils/SkeletonUtils.js(35,70): error TS2339: Property 'hipInfluence' does not exist on type '{}'.
examples/jsm/utils/SkeletonUtils.js(36,10): error TS2339: Property 'scale' does not exist on type '{}'.
examples/jsm/utils/SkeletonUtils.js(36,26): error TS2339: Property 'scale' does not exist on type '{}'.
examples/jsm/utils/SkeletonUtils.js(36,56): error TS2339: Property 'scale' does not exist on type '{}'.
examples/jsm/utils/SkeletonUtils.js(37,10): error TS2339: Property 'names' does not exist on type '{}'.
examples/jsm/utils/SkeletonUtils.js(53,11): error TS2339: Property 'useTargetMatrix' does not exist on type '{}'.
examples/jsm/utils/SkeletonUtils.js(54,11): error TS2339: Property 'preserveBoneMatrix' does not exist on type '{}'.
examples/jsm/utils/SkeletonUtils.js(58,15): error TS2339: Property 'preserveBonePositions' does not exist on type '{}'.
examples/jsm/utils/SkeletonUtils.js(70,15): error TS2339: Property 'preserveBoneMatrix' does not exist on type '{}'.
examples/jsm/utils/SkeletonUtils.js(101,17): error TS2339: Property 'useTargetMatrix' does not exist on type '{}'.
examples/jsm/utils/SkeletonUtils.js(123,18): error TS2339: Property 'localOffsets' does not exist on type '{}'.
examples/jsm/utils/SkeletonUtils.js(125,19): error TS2339: Property 'localOffsets' does not exist on type '{}'.
examples/jsm/utils/SkeletonUtils.js(127,38): error TS2339: Property 'localOffsets' does not exist on type '{}'.
examples/jsm/utils/SkeletonUtils.js(139,25): error TS2339: Property 'hip' does not exist on type '{}'.
examples/jsm/utils/SkeletonUtils.js(141,43): error TS2339: Property 'scale' does not exist on type '{}'.
examples/jsm/utils/SkeletonUtils.js(141,59): error TS2339: Property 'hipInfluence' does not exist on type '{}'.
examples/jsm/utils/SkeletonUtils.js(142,43): error TS2339: Property 'scale' does not exist on type '{}'.
examples/jsm/utils/SkeletonUtils.js(142,59): error TS2339: Property 'hipInfluence' does not exist on type '{}'.
examples/jsm/utils/SkeletonUtils.js(143,43): error TS2339: Property 'scale' does not exist on type '{}'.
examples/jsm/utils/SkeletonUtils.js(143,59): error TS2339: Property 'hipInfluence' does not exist on type '{}'.
examples/jsm/utils/SkeletonUtils.js(145,17): error TS2339: Property 'hipPosition' does not exist on type '{}'.
examples/jsm/utils/SkeletonUtils.js(147,44): error TS2339: Property 'hipPosition' does not exist on type '{}'.
examples/jsm/utils/SkeletonUtils.js(147,68): error TS2339: Property 'scale' does not exist on type '{}'.
examples/jsm/utils/SkeletonUtils.js(148,44): error TS2339: Property 'hipPosition' does not exist on type '{}'.
examples/jsm/utils/SkeletonUtils.js(148,68): error TS2339: Property 'scale' does not exist on type '{}'.
examples/jsm/utils/SkeletonUtils.js(149,44): error TS2339: Property 'hipPosition' does not exist on type '{}'.
examples/jsm/utils/SkeletonUtils.js(149,68): error TS2339: Property 'scale' does not exist on type '{}'.
examples/jsm/utils/SkeletonUtils.js(172,15): error TS2339: Property 'preserveBonePositions' does not exist on type '{}'.
examples/jsm/utils/SkeletonUtils.js(179,26): error TS2339: Property 'hip' does not exist on type '{}'.
examples/jsm/utils/SkeletonUtils.js(181,25): error TS18048: 'bonesPosition' is possibly 'undefined'.
examples/jsm/utils/SkeletonUtils.js(189,15): error TS2339: Property 'preserveBoneMatrix' does not exist on type '{}'.
examples/jsm/utils/SkeletonUtils.js(201,10): error TS2339: Property 'useFirstFramePosition' does not exist on type '{}'.
examples/jsm/utils/SkeletonUtils.js(201,42): error TS2339: Property 'useFirstFramePosition' does not exist on type '{}'.
examples/jsm/utils/SkeletonUtils.js(201,88): error TS2339: Property 'useFirstFramePosition' does not exist on type '{}'.
examples/jsm/utils/SkeletonUtils.js(204,10): error TS2339: Property 'fps' does not exist on type '{}'.
examples/jsm/utils/SkeletonUtils.js(204,24): error TS2339: Property 'fps' does not exist on type '{}'.
examples/jsm/utils/SkeletonUtils.js(204,52): error TS2339: Property 'fps' does not exist on type '{}'.
examples/jsm/utils/SkeletonUtils.js(205,10): error TS2339: Property 'names' does not exist on type '{}'.
examples/jsm/utils/SkeletonUtils.js(205,26): error TS2339: Property 'names' does not exist on type '{}'.
examples/jsm/utils/SkeletonUtils.js(213,58): error TS2339: Property 'fps' does not exist on type '{}'.
examples/jsm/utils/SkeletonUtils.js(230,15): error TS2339: Property 'trim' does not exist on type '{}'.
examples/jsm/utils/SkeletonUtils.js(232,31): error TS2339: Property 'trim' does not exist on type '{}'.
examples/jsm/utils/SkeletonUtils.js(232,51): error TS2339: Property 'fps' does not exist on type '{}'.
examples/jsm/utils/SkeletonUtils.js(233,39): error TS2339: Property 'trim' does not exist on type '{}'.
examples/jsm/utils/SkeletonUtils.js(233,59): error TS2339: Property 'fps' does not exist on type '{}'.
examples/jsm/utils/SkeletonUtils.js(235,25): error TS2339: Property 'trim' does not exist on type '{}'.
examples/jsm/utils/SkeletonUtils.js(263,18): error TS2339: Property 'hip' does not exist on type '{}'.
examples/jsm/utils/SkeletonUtils.js(274,19): error TS2339: Property 'useFirstFramePosition' does not exist on type '{}'.
examples/jsm/utils/UVsDebug.js(3,8): error TS2307: Cannot find module 'three' or its corresponding type declarations.
examples/jsm/utils/UVsDebug.js(29,17): error TS2584: Cannot find name 'document'. Do you need to change your target library? Try changing the 'lib' compiler option to include 'dom'.
examples/jsm/utils/WebGLTextureUtils.js(11,8): error TS2307: Cannot find module 'three' or its corresponding type declarations.
examples/jsm/utils/WebGLTextureUtils.js(68,2): error TS18047: 'renderer' is possibly 'null'.
examples/jsm/utils/WebGLTextureUtils.js(69,2): error TS18047: 'renderer' is possibly 'null'.
examples/jsm/utils/WebGLTextureUtils.js(70,2): error TS18047: 'renderer' is possibly 'null'.
examples/jsm/utils/WebGLTextureUtils.js(72,17): error TS2584: Cannot find name 'document'. Do you need to change your target library? Try changing the 'lib' compiler option to include 'dom'.
examples/jsm/utils/WebGLTextureUtils.js(78,21): error TS18047: 'renderer' is possibly 'null'.
examples/jsm/utils/WebGPUTextureUtils.js(6,8): error TS2307: Cannot find module 'three' or its corresponding type declarations.
examples/jsm/utils/WebGPUTextureUtils.js(7,29): error TS2307: Cannot find module 'three/tsl' or its corresponding type declarations.
examples/jsm/utils/WebGPUTextureUtils.js(17,9): error TS18047: 'renderer' is possibly 'null'.
examples/jsm/utils/WebGPUTextureUtils.js(28,34): error TS18047: 'renderer' is possibly 'null'.
examples/jsm/utils/WebGPUTextureUtils.js(30,2): error TS18047: 'renderer' is possibly 'null'.
examples/jsm/utils/WebGPUTextureUtils.js(31,2): error TS18047: 'renderer' is possibly 'null'.
examples/jsm/utils/WebGPUTextureUtils.js(36,2): error TS18047: 'renderer' is possibly 'null'.
examples/jsm/utils/WebGPUTextureUtils.js(38,17): error TS2584: Cannot find name 'document'. Do you need to change your target library? Try changing the 'lib' compiler option to include 'dom'.
examples/jsm/utils/WebGPUTextureUtils.js(44,21): error TS18047: 'renderer' is possibly 'null'.
examples/jsm/utils/WorkerPool.js(10,3): error TS7008: Member 'queue' implicitly has an 'any[]' type.
examples/jsm/utils/WorkerPool.js(11,3): error TS7008: Member 'workers' implicitly has an 'any[]' type.
examples/jsm/utils/WorkerPool.js(12,3): error TS7008: Member 'workersResolve' implicitly has an 'any[]' type.
examples/jsm/webxr/ARButton.js(5,18): error TS2584: Cannot find name 'document'. Do you need to change your target library? Try changing the 'lib' compiler option to include 'dom'.
examples/jsm/webxr/ARButton.js(9,21): error TS2339: Property 'domOverlay' does not exist on type '{}'.
examples/jsm/webxr/ARButton.js(11,21): error TS2584: Cannot find name 'document'. Do you need to change your target library? Try changing the 'lib' compiler option to include 'dom'.
examples/jsm/webxr/ARButton.js(13,5): error TS2584: Cannot find name 'document'. Do you need to change your target library? Try changing the 'lib' compiler option to include 'dom'.
examples/jsm/webxr/ARButton.js(15,17): error TS2584: Cannot find name 'document'. Do you need to change your target library? Try changing the 'lib' compiler option to include 'dom'.
examples/jsm/webxr/ARButton.js(28,18): error TS2584: Cannot find name 'document'. Do you need to change your target library? Try changing the 'lib' compiler option to include 'dom'.
examples/jsm/webxr/ARButton.js(34,22): error TS2339: Property 'optionalFeatures' does not exist on type '{}'.
examples/jsm/webxr/ARButton.js(36,18): error TS2339: Property 'optionalFeatures' does not exist on type '{}'.
examples/jsm/webxr/ARButton.js(40,17): error TS2339: Property 'optionalFeatures' does not exist on type '{}'.
examples/jsm/webxr/ARButton.js(41,17): error TS2339: Property 'domOverlay' does not exist on type '{}'.
examples/jsm/webxr/ARButton.js(58,17): error TS2339: Property 'domOverlay' does not exist on type '{}'.
examples/jsm/webxr/ARButton.js(69,17): error TS2339: Property 'domOverlay' does not exist on type '{}'.
examples/jsm/webxr/ARButton.js(204,20): error TS2584: Cannot find name 'document'. Do you need to change your target library? Try changing the 'lib' compiler option to include 'dom'.
examples/jsm/webxr/ARButton.js(208,20): error TS2584: Cannot find name 'document'. Do you need to change your target library? Try changing the 'lib' compiler option to include 'dom'.
examples/jsm/webxr/OculusHandModel.js(1,40): error TS2307: Cannot find module 'three' or its corresponding type declarations.
examples/jsm/webxr/OculusHandModel.js(16,3): error TS7008: Member 'loader' implicitly has an 'any' type.
examples/jsm/webxr/OculusHandModel.js(17,3): error TS7008: Member 'onLoad' implicitly has an 'any' type.
examples/jsm/webxr/OculusHandModel.js(29,73): error TS2339: Property 'path' does not exist on type 'OculusHandModel'.
examples/jsm/webxr/OculusHandModel.js(37,9): error TS2339: Property 'clear' does not exist on type 'OculusHandModel'.
examples/jsm/webxr/OculusHandPointerModel.js(1,136): error TS2307: Cannot find module 'three' or its corresponding type declarations.
examples/jsm/webxr/OculusHandPointerModel.js(76,8): error TS2339: Property 'clear' does not exist on type 'OculusHandPointerModel'.
examples/jsm/webxr/OculusHandPointerModel.js(239,8): error TS2339: Property 'add' does not exist on type 'OculusHandPointerModel'.
examples/jsm/webxr/Text2D.js(1,77): error TS2307: Cannot find module 'three' or its corresponding type declarations.
examples/jsm/webxr/Text2D.js(5,17): error TS2584: Cannot find name 'document'. Do you need to change your target library? Try changing the 'lib' compiler option to include 'dom'.
examples/jsm/webxr/VRButton.js(5,18): error TS2584: Cannot find name 'document'. Do you need to change your target library? Try changing the 'lib' compiler option to include 'dom'.
examples/jsm/webxr/VRButton.js(55,23): error TS2339: Property 'optionalFeatures' does not exist on type '{}'.
examples/jsm/webxr/VRButton.js(184,20): error TS2584: Cannot find name 'document'. Do you need to change your target library? Try changing the 'lib' compiler option to include 'dom'.
examples/jsm/webxr/VRButton.js(188,20): error TS2584: Cannot find name 'document'. Do you need to change your target library? Try changing the 'lib' compiler option to include 'dom'.
examples/jsm/webxr/XRButton.js(5,18): error TS2584: Cannot find name 'document'. Do you need to change your target library? Try changing the 'lib' compiler option to include 'dom'.
examples/jsm/webxr/XRButton.js(49,23): error TS2339: Property 'optionalFeatures' does not exist on type '{}'.
examples/jsm/webxr/XRButton.js(195,20): error TS2584: Cannot find name 'document'. Do you need to change your target library? Try changing the 'lib' compiler option to include 'dom'.
examples/jsm/webxr/XRButton.js(199,20): error TS2584: Cannot find name 'document'. Do you need to change your target library? Try changing the 'lib' compiler option to include 'dom'.
examples/jsm/webxr/XRControllerModelFactory.js(6,8): error TS2307: Cannot find module 'three' or its corresponding type declarations.
examples/jsm/webxr/XRControllerModelFactory.js(14,8): error TS6307: File 'C:/Users/srigaud/Desktop/three.js/examples/jsm/libs/motion-controllers.module.js' is not listed within the file list of project 'C:/Users/srigaud/Desktop/three.js/tsconfig.json'. Projects must list all files or use an 'include' pattern.
examples/jsm/webxr/XRControllerModelFactory.js(25,3): error TS7008: Member 'motionController' implicitly has an 'any' type.
examples/jsm/webxr/XRControllerModelFactory.js(39,8): error TS2339: Property 'traverse' does not exist on type 'XRControllerModel'.
examples/jsm/webxr/XRControllerModelFactory.js(219,3): error TS7008: Member 'onLoad' implicitly has an 'any' type.
examples/jsm/webxr/XRControllerModelFactory.js(249,44): error TS2345: Argument of type '"generic-trigger"' is not assignable to parameter of type 'null | undefined'.
examples/jsm/webxr/XRControllerModelFactory.js(254,6): error TS2345: Argument of type 'string | undefined' is not assignable to parameter of type 'Object'.
  Type 'undefined' is not assignable to type 'Object'.
examples/jsm/webxr/XRControllerModelFactory.js(257,25): error TS7053: Element implicitly has an 'any' type because expression of type 'any' can't be used to index type '{}'.
examples/jsm/webxr/XRControllerModelFactory.js(274,22): error TS2339: Property 'setPath' does not exist on type 'GLTFLoader'.
examples/jsm/webxr/XRControllerModelFactory.js(277,7): error TS7053: Element implicitly has an 'any' type because expression of type 'any' can't be used to index type '{}'.
examples/jsm/webxr/XRControllerModelFactory.js(306,20): error TS2339: Property 'remove' does not exist on type 'XRControllerModel'.
examples/jsm/webxr/XREstimatedLight.js(6,8): error TS2307: Cannot find module 'three' or its corresponding type declarations.
examples/jsm/webxr/XREstimatedLight.js(144,8): error TS2339: Property 'add' does not exist on type 'XREstimatedLight'.
examples/jsm/webxr/XREstimatedLight.js(148,8): error TS2339: Property 'add' does not exist on type 'XREstimatedLight'.
examples/jsm/webxr/XREstimatedLight.js(152,3): error TS7008: Member 'environment' implicitly has an 'any' type.
examples/jsm/webxr/XREstimatedLight.js(173,12): error TS2339: Property 'dispatchEvent' does not exist on type 'XREstimatedLight'.
examples/jsm/webxr/XREstimatedLight.js(195,10): error TS2339: Property 'dispatchEvent' does not exist on type 'XREstimatedLight'.
examples/jsm/webxr/XREstimatedLight.js(211,9): error TS2339: Property 'remove' does not exist on type 'XREstimatedLight'.
examples/jsm/webxr/XREstimatedLight.js(214,9): error TS2339: Property 'remove' does not exist on type 'XREstimatedLight'.
examples/jsm/webxr/XRHandMeshModel.js(12,3): error TS7008: Member 'bones' implicitly has an 'any[]' type.
examples/jsm/webxr/XRHandMeshModel.js(16,4): error TS2322: Type 'GLTFLoader' is not assignable to type 'null'.
examples/jsm/webxr/XRHandMeshModel.js(17,4): error TS18047: 'loader' is possibly 'null'.
examples/jsm/webxr/XRHandMeshModel.js(21,3): error TS18047: 'loader' is possibly 'null'.
examples/jsm/webxr/XRHandMeshModel.js(77,18): error TS2349: This expression is not callable.
  Type 'never' has no call signatures.
examples/jsm/webxr/XRHandModelFactory.js(3,8): error TS2307: Cannot find module 'three' or its corresponding type declarations.
examples/jsm/webxr/XRHandModelFactory.js(20,3): error TS7008: Member 'motionController' implicitly has an 'any' type.
examples/jsm/webxr/XRHandModelFactory.js(45,3): error TS7008: Member 'gltfLoader' implicitly has an 'any' type.
examples/jsm/webxr/XRHandModelFactory.js(47,3): error TS7008: Member 'onLoad' implicitly has an 'any' type.
examples/jsm/webxr/XRHandModelFactory.js(69,15): error TS2339: Property 'xrInputSource' does not exist on type 'XRHandModel'.
examples/jsm/webxr/XRHandPrimitiveModel.js(9,8): error TS2307: Cannot find module 'three' or its corresponding type declarations.
examples/jsm/webxr/XRPlanes.js(7,8): error TS2307: Cannot find module 'three' or its corresponding type declarations.
examples/jsm/webxr/XRPlanes.js(36,11): error TS2339: Property 'remove' does not exist on type 'XRPlanes'.
examples/jsm/webxr/XRPlanes.js(78,11): error TS2339: Property 'add' does not exist on type 'XRPlanes'.
examples/jsm/webxr/XRPlanes.js(90,10): error TS2339: Property 'dispatchEvent' does not exist on type 'XRPlanes'.
src/animation/AnimationAction.js(10,3): error TS7008: Member '_localRoot' implicitly has an 'any' type.
src/animation/AnimationAction.js(40,3): error TS7022: '_timeScaleInterpolant' implicitly has type 'any' because it does not have a type annotation and is referenced directly or indirectly in its own initializer.
src/animation/AnimationAction.js(41,3): error TS7022: '_weightInterpolant' implicitly has type 'any' because it does not have a type annotation and is referenced directly or indirectly in its own initializer.
src/animation/AnimationAction.js(262,7): error TS7022: 'interpolant' implicitly has type 'any' because it does not have a type annotation and is referenced directly or indirectly in its own initializer.
src/animation/AnimationAction.js(676,7): error TS7022: 'interpolant' implicitly has type 'any' because it does not have a type annotation and is referenced directly or indirectly in its own initializer.
src/animation/AnimationClip.js(163,33): error TS7053: Element implicitly has an 'any' type because expression of type 'any' can't be used to index type '{}'.
src/animation/AnimationClip.js(167,6): error TS7053: Element implicitly has an 'any' type because expression of type 'any' can't be used to index type '{}'.
src/animation/AnimationClip.js(181,58): error TS7053: Element implicitly has an 'any' type because expression of type 'string' can't be used to index type '{}'.
  No index signature with a parameter of type 'string' was found on type '{}'.
src/animation/AnimationClip.js(252,8): error TS7053: Element implicitly has an 'any' type because expression of type 'any' can't be used to index type '{}'.
src/animation/AnimationClip.js(281,33): error TS2339: Property 'length' does not exist on type '{}'.
src/animation/AnimationClip.js(384,14): error TS2351: This expression is not constructable.
  Type 'Function' has no construct signatures.
src/animation/AnimationClip.js(390,27): error TS2339: Property 'toJSON' does not exist on type 'Function'.
src/animation/AnimationClip.js(460,17): error TS2339: Property 'parse' does not exist on type 'typeof BooleanKeyframeTrack | typeof QuaternionKeyframeTrack'.
  Property 'parse' does not exist on type 'typeof BooleanKeyframeTrack'.
src/animation/AnimationClip.js(462,20): error TS2339: Property 'parse' does not exist on type 'typeof BooleanKeyframeTrack | typeof QuaternionKeyframeTrack'.
  Property 'parse' does not exist on type 'typeof BooleanKeyframeTrack'.
src/animation/AnimationMixer.js(37,24): error TS18048: 'bindingsByRoot' is possibly 'undefined'.
src/animation/AnimationMixer.js(37,24): error TS7053: Element implicitly has an 'any' type because expression of type 'any' can't be used to index type '{}'.
src/animation/AnimationMixer.js(42,4): error TS18048: 'bindingsByRoot' is possibly 'undefined'.
src/animation/AnimationMixer.js(42,4): error TS7053: Element implicitly has an 'any' type because expression of type 'any' can't be used to index type '{}'.
src/animation/AnimationMixer.js(108,23): error TS2532: Object is possibly 'undefined'.
src/animation/AnimationMixer.js(108,23): error TS7053: Element implicitly has an 'any' type because expression of type 'any' can't be used to index type '{}'.
src/animation/AnimationMixer.js(169,3): error TS7008: Member '_actions' implicitly has an 'any[]' type.
src/animation/AnimationMixer.js(180,3): error TS7008: Member '_bindings' implicitly has an 'any[]' type.
src/animation/AnimationMixer.js(186,3): error TS7008: Member '_controlInterpolants' implicitly has an 'any[]' type.
src/animation/AnimationMixer.js(196,13): error TS18048: 'scope._actions' is possibly 'undefined'.
src/animation/AnimationMixer.js(208,13): error TS18048: 'scope._bindings' is possibly 'undefined'.
src/animation/AnimationMixer.js(220,13): error TS18048: 'scope._controlInterpolants' is possibly 'undefined'.
src/animation/AnimationMixer.js(239,36): error TS2532: Object is possibly 'undefined'.
src/animation/AnimationMixer.js(248,24): error TS18048: 'actionsByClip' is possibly 'undefined'.
src/animation/AnimationMixer.js(248,24): error TS7053: Element implicitly has an 'any' type because expression of type 'any' can't be used to index type '{}'.
src/animation/AnimationMixer.js(261,4): error TS18048: 'actionsByClip' is possibly 'undefined'.
src/animation/AnimationMixer.js(261,4): error TS7053: Element implicitly has an 'any' type because expression of type 'any' can't be used to index type '{}'.
src/animation/AnimationMixer.js(272,24): error TS18048: 'actions' is possibly 'undefined'.
src/animation/AnimationMixer.js(273,3): error TS18048: 'actions' is possibly 'undefined'.
src/animation/AnimationMixer.js(282,25): error TS18048: 'actions' is possibly 'undefined'.
src/animation/AnimationMixer.js(282,34): error TS18048: 'actions' is possibly 'undefined'.
src/animation/AnimationMixer.js(286,3): error TS18048: 'actions' is possibly 'undefined'.
src/animation/AnimationMixer.js(287,3): error TS18048: 'actions' is possibly 'undefined'.
src/animation/AnimationMixer.js(294,21): error TS18048: 'actionsByClip' is possibly 'undefined'.
src/animation/AnimationMixer.js(294,21): error TS7053: Element implicitly has an 'any' type because expression of type 'any' can't be used to index type '{}'.
src/animation/AnimationMixer.js(316,11): error TS18048: 'actionsByClip' is possibly 'undefined'.
src/animation/AnimationMixer.js(316,11): error TS7053: Element implicitly has an 'any' type because expression of type 'any' can't be used to index type '{}'.
src/animation/AnimationMixer.js(353,22): error TS2532: Object is possibly 'undefined'.
src/animation/AnimationMixer.js(355,26): error TS18048: 'actions' is possibly 'undefined'.
src/animation/AnimationMixer.js(358,3): error TS18048: 'actions' is possibly 'undefined'.
src/animation/AnimationMixer.js(361,3): error TS18048: 'actions' is possibly 'undefined'.
src/animation/AnimationMixer.js(376,28): error TS2532: Object is possibly 'undefined'.
src/animation/AnimationMixer.js(378,23): error TS18048: 'actions' is possibly 'undefined'.
src/animation/AnimationMixer.js(381,3): error TS18048: 'actions' is possibly 'undefined'.
src/animation/AnimationMixer.js(384,3): error TS18048: 'actions' is possibly 'undefined'.
src/animation/AnimationMixer.js(395,23): error TS18048: 'bindingsByRoot' is possibly 'undefined'.
src/animation/AnimationMixer.js(395,23): error TS7053: Element implicitly has an 'any' type because expression of type 'any' can't be used to index type '{}'.
src/animation/AnimationMixer.js(400,4): error TS18048: 'bindingsByRoot' is possibly 'undefined'.
src/animation/AnimationMixer.js(400,4): error TS7053: Element implicitly has an 'any' type because expression of type 'any' can't be used to index type '{}'.
src/animation/AnimationMixer.js(406,25): error TS18048: 'bindings' is possibly 'undefined'.
src/animation/AnimationMixer.js(407,3): error TS18048: 'bindings' is possibly 'undefined'.
src/animation/AnimationMixer.js(418,20): error TS18048: 'bindingsByRoot' is possibly 'undefined'.
src/animation/AnimationMixer.js(418,20): error TS7053: Element implicitly has an 'any' type because expression of type 'any' can't be used to index type '{}'.
src/animation/AnimationMixer.js(420,26): error TS18048: 'bindings' is possibly 'undefined'.
src/animation/AnimationMixer.js(420,36): error TS18048: 'bindings' is possibly 'undefined'.
src/animation/AnimationMixer.js(424,3): error TS18048: 'bindings' is possibly 'undefined'.
src/animation/AnimationMixer.js(425,3): error TS18048: 'bindings' is possibly 'undefined'.
src/animation/AnimationMixer.js(431,11): error TS18048: 'bindingsByRoot' is possibly 'undefined'.
src/animation/AnimationMixer.js(431,11): error TS7053: Element implicitly has an 'any' type because expression of type 'any' can't be used to index type '{}'.
src/animation/AnimationMixer.js(442,22): error TS2532: Object is possibly 'undefined'.
src/animation/AnimationMixer.js(444,27): error TS18048: 'bindings' is possibly 'undefined'.
src/animation/AnimationMixer.js(447,3): error TS18048: 'bindings' is possibly 'undefined'.
src/animation/AnimationMixer.js(450,3): error TS18048: 'bindings' is possibly 'undefined'.
src/animation/AnimationMixer.js(459,28): error TS2532: Object is possibly 'undefined'.
src/animation/AnimationMixer.js(461,24): error TS18048: 'bindings' is possibly 'undefined'.
src/animation/AnimationMixer.js(464,3): error TS18048: 'bindings' is possibly 'undefined'.
src/animation/AnimationMixer.js(467,3): error TS18048: 'bindings' is possibly 'undefined'.
src/animation/AnimationMixer.js(477,22): error TS2532: Object is possibly 'undefined'.
src/animation/AnimationMixer.js(479,21): error TS18048: 'interpolants' is possibly 'undefined'.
src/animation/AnimationMixer.js(488,4): error TS18048: 'interpolants' is possibly 'undefined'.
src/animation/AnimationMixer.js(501,28): error TS2532: Object is possibly 'undefined'.
src/animation/AnimationMixer.js(503,28): error TS18048: 'interpolants' is possibly 'undefined'.
src/animation/AnimationMixer.js(506,3): error TS18048: 'interpolants' is possibly 'undefined'.
src/animation/AnimationMixer.js(509,3): error TS18048: 'interpolants' is possibly 'undefined'.
src/animation/AnimationMixer.js(525,26): error TS2532: Object is possibly 'undefined'.
src/animation/AnimationMixer.js(525,26): error TS7053: Element implicitly has an 'any' type because expression of type 'any' can't be used to index type '{}'.
src/animation/AnimationMixer.js(588,21): error TS2532: Object is possibly 'undefined'.
src/animation/AnimationMixer.js(588,21): error TS7053: Element implicitly has an 'any' type because expression of type 'any' can't be used to index type '{}'.
src/animation/AnimationMixer.js(606,17): error TS18048: 'nActions' is possibly 'undefined'.
src/animation/AnimationMixer.js(608,4): error TS18048: 'actions' is possibly 'undefined'.
src/animation/AnimationMixer.js(633,19): error TS18048: 'actions' is possibly 'undefined'.
src/animation/AnimationMixer.js(646,4): error TS18048: 'bindings' is possibly 'undefined'.
src/animation/AnimationMixer.js(658,24): error TS2532: Object is possibly 'undefined'.
src/animation/AnimationMixer.js(660,4): error TS2532: Object is possibly 'undefined'.
src/animation/AnimationMixer.js(681,21): error TS18048: 'actionsByClip' is possibly 'undefined'.
src/animation/AnimationMixer.js(681,21): error TS7053: Element implicitly has an 'any' type because expression of type 'any' can't be used to index type '{}'.
src/animation/AnimationMixer.js(698,27): error TS18048: 'actions' is possibly 'undefined'.
src/animation/AnimationMixer.js(698,36): error TS18048: 'actions' is possibly 'undefined'.
src/animation/AnimationMixer.js(704,5): error TS18048: 'actions' is possibly 'undefined'.
src/animation/AnimationMixer.js(705,5): error TS18048: 'actions' is possibly 'undefined'.
src/animation/AnimationMixer.js(711,11): error TS18048: 'actionsByClip' is possibly 'undefined'.
src/animation/AnimationMixer.js(711,11): error TS7053: Element implicitly has an 'any' type because expression of type 'any' can't be used to index type '{}'.
src/animation/AnimationMixer.js(725,25): error TS7053: Element implicitly has an 'any' type because expression of type 'string' can't be used to index type '{}'.
  No index signature with a parameter of type 'string' was found on type '{}'.
src/animation/AnimationMixer.js(738,20): error TS18048: 'bindingsByRoot' is possibly 'undefined'.
src/animation/AnimationMixer.js(738,20): error TS7053: Element implicitly has an 'any' type because expression of type 'any' can't be used to index type '{}'.
src/animation/AnimationObjectGroup.js(52,4): error TS7053: Element implicitly has an 'any' type because expression of type 'any' can't be used to index type '{}'.
src/animation/AnimationObjectGroup.js(56,3): error TS7008: Member '_paths' implicitly has an 'any[]' type.
src/animation/AnimationObjectGroup.js(57,3): error TS7008: Member '_parsedPaths' implicitly has an 'any[]' type.
src/animation/AnimationObjectGroup.js(58,3): error TS7008: Member '_bindings' implicitly has an 'any[]' type.
src/animation/AnimationObjectGroup.js(104,16): error TS7053: Element implicitly has an 'any' type because expression of type 'any' can't be used to index type '{}'.
src/animation/AnimationObjectGroup.js(111,5): error TS7053: Element implicitly has an 'any' type because expression of type 'any' can't be used to index type '{}'.
src/animation/AnimationObjectGroup.js(131,5): error TS7053: Element implicitly has an 'any' type because expression of type 'any' can't be used to index type '{}'.
src/animation/AnimationObjectGroup.js(134,5): error TS7053: Element implicitly has an 'any' type because expression of type 'any' can't be used to index type '{}'.
src/animation/AnimationObjectGroup.js(188,13): error TS7053: Element implicitly has an 'any' type because expression of type 'any' can't be used to index type '{}'.
src/animation/AnimationObjectGroup.js(197,5): error TS7053: Element implicitly has an 'any' type because expression of type 'any' can't be used to index type '{}'.
src/animation/AnimationObjectGroup.js(200,5): error TS7053: Element implicitly has an 'any' type because expression of type 'any' can't be used to index type '{}'.
src/animation/AnimationObjectGroup.js(239,13): error TS7053: Element implicitly has an 'any' type because expression of type 'any' can't be used to index type '{}'.
src/animation/AnimationObjectGroup.js(243,12): error TS7053: Element implicitly has an 'any' type because expression of type 'any' can't be used to index type '{}'.
src/animation/AnimationObjectGroup.js(255,6): error TS7053: Element implicitly has an 'any' type because expression of type 'any' can't be used to index type '{}'.
src/animation/AnimationObjectGroup.js(259,6): error TS7053: Element implicitly has an 'any' type because expression of type 'any' can't be used to index type '{}'.
src/animation/AnimationObjectGroup.js(286,7): error TS7053: Element implicitly has an 'any' type because expression of type 'any' can't be used to index type '{}'.
src/animation/AnimationObjectGroup.js(322,15): error TS7053: Element implicitly has an 'any' type because expression of type 'any' can't be used to index type '{}'.
src/animation/AnimationObjectGroup.js(336,3): error TS7053: Element implicitly has an 'any' type because expression of type 'any' can't be used to index type '{}'.
src/animation/AnimationObjectGroup.js(359,12): error TS7053: Element implicitly has an 'any' type because expression of type 'any' can't be used to index type '{}'.
src/animation/AnimationObjectGroup.js(370,4): error TS7053: Element implicitly has an 'any' type because expression of type 'any' can't be used to index type '{}'.
src/animation/KeyframeTrack.js(56,10): error TS2339: Property 'interpolation' does not exist on type '{ name: any; times: any; values: any; }'.
src/animation/KeyframeTrack.js(115,10): error TS2339: Property 'ValueTypeName' does not exist on type 'KeyframeTrack'.
src/animation/KeyframeTrack.js(447,21): error TS2351: This expression is not constructable.
  Type 'Function' has no construct signatures.
src/animation/PropertyBinding.js(171,51): error TS2365: Operator '+' cannot be applied to types 'string | number' and 'number'.
src/animation/PropertyBinding.js(179,55): error TS2345: Argument of type 'number | ""' is not assignable to parameter of type 'number | undefined'.
  Type 'string' is not assignable to type 'number'.
src/animation/PropertyBinding.js(220,10): error TS7023: 'searchNodeSubtree' implicitly has return type 'any' because it does not have a return type annotation and is referenced directly or indirectly in one of its return expressions.
src/animation/PropertyBinding.js(232,12): error TS7022: 'result' implicitly has type 'any' because it does not have a type annotation and is referenced directly or indirectly in its own initializer.
src/animation/PropertyMixer.js(279,22): error TS2532: Object is possibly 'undefined'.
src/animation/tracks/BooleanKeyframeTrack.js(7,7): error TS2415: Class 'BooleanKeyframeTrack' incorrectly extends base class 'KeyframeTrack'.
  Types of property 'ValueBufferType' are incompatible.
    Property 'BYTES_PER_ELEMENT' is missing in type 'ArrayConstructor' but required in type 'Float32ArrayConstructor'.
src/animation/tracks/StringKeyframeTrack.js(7,7): error TS2415: Class 'StringKeyframeTrack' incorrectly extends base class 'KeyframeTrack'.
  Types of property 'ValueBufferType' are incompatible.
    Property 'BYTES_PER_ELEMENT' is missing in type 'ArrayConstructor' but required in type 'Float32ArrayConstructor'.
src/audio/Audio.js(36,3): error TS7008: Member 'filters' implicitly has an 'any[]' type.
src/audio/Audio.js(432,14): error TS2351: This expression is not constructable.
  Type 'Function' has no construct signatures.
src/audio/PositionalAudio.js(22,2): error TS2416: Property 'connect' in type 'PositionalAudio' is not assignable to the same property in base type 'Audio'.
  Type '() => void' is not assignable to type '() => this'.
    Type 'void' is not assignable to type 'this'.
      'this' could be instantiated with an arbitrary type which could be unrelated to 'void'.
src/audio/PositionalAudio.js(30,2): error TS2416: Property 'disconnect' in type 'PositionalAudio' is not assignable to the same property in base type 'Audio'.
  Type '() => void' is not assignable to type '() => this | undefined'.
    Type 'void' is not assignable to type 'this | undefined'.
src/cameras/Camera.js(63,14): error TS2351: This expression is not constructable.
  Type 'Function' has no construct signatures.
src/cameras/OrthographicCamera.js(120,15): error TS2339: Property 'zoom' does not exist on type '{ uuid: string; type: string; name: string; castShadow: boolean; receiveShadow: boolean; visible: boolean; frustumCulled: boolean; renderOrder: number; userData: {}; layers: number; matrix: any[]; up: any; ... 28 more ...; animations: any[]; }'.
src/cameras/OrthographicCamera.js(121,15): error TS2339: Property 'left' does not exist on type '{ uuid: string; type: string; name: string; castShadow: boolean; receiveShadow: boolean; visible: boolean; frustumCulled: boolean; renderOrder: number; userData: {}; layers: number; matrix: any[]; up: any; ... 28 more ...; animations: any[]; }'.
src/cameras/OrthographicCamera.js(122,15): error TS2339: Property 'right' does not exist on type '{ uuid: string; type: string; name: string; castShadow: boolean; receiveShadow: boolean; visible: boolean; frustumCulled: boolean; renderOrder: number; userData: {}; layers: number; matrix: any[]; up: any; ... 28 more ...; animations: any[]; }'.
src/cameras/OrthographicCamera.js(123,15): error TS2339: Property 'top' does not exist on type '{ uuid: string; type: string; name: string; castShadow: boolean; receiveShadow: boolean; visible: boolean; frustumCulled: boolean; renderOrder: number; userData: {}; layers: number; matrix: any[]; up: any; ... 28 more ...; animations: any[]; }'.
src/cameras/OrthographicCamera.js(124,15): error TS2339: Property 'bottom' does not exist on type '{ uuid: string; type: string; name: string; castShadow: boolean; receiveShadow: boolean; visible: boolean; frustumCulled: boolean; renderOrder: number; userData: {}; layers: number; matrix: any[]; up: any; ... 28 more ...; animations: any[]; }'.
src/cameras/OrthographicCamera.js(125,15): error TS2339: Property 'near' does not exist on type '{ uuid: string; type: string; name: string; castShadow: boolean; receiveShadow: boolean; visible: boolean; frustumCulled: boolean; renderOrder: number; userData: {}; layers: number; matrix: any[]; up: any; ... 28 more ...; animations: any[]; }'.
src/cameras/OrthographicCamera.js(126,15): error TS2339: Property 'far' does not exist on type '{ uuid: string; type: string; name: string; castShadow: boolean; receiveShadow: boolean; visible: boolean; frustumCulled: boolean; renderOrder: number; userData: {}; layers: number; matrix: any[]; up: any; ... 28 more ...; animations: any[]; }'.
src/cameras/OrthographicCamera.js(128,41): error TS2339: Property 'view' does not exist on type '{ uuid: string; type: string; name: string; castShadow: boolean; receiveShadow: boolean; visible: boolean; frustumCulled: boolean; renderOrder: number; userData: {}; layers: number; matrix: any[]; up: any; ... 28 more ...; animations: any[]; }'.
src/cameras/PerspectiveCamera.js(264,15): error TS2339: Property 'fov' does not exist on type '{ uuid: string; type: string; name: string; castShadow: boolean; receiveShadow: boolean; visible: boolean; frustumCulled: boolean; renderOrder: number; userData: {}; layers: number; matrix: any[]; up: any; ... 28 more ...; animations: any[]; }'.
src/cameras/PerspectiveCamera.js(265,15): error TS2339: Property 'zoom' does not exist on type '{ uuid: string; type: string; name: string; castShadow: boolean; receiveShadow: boolean; visible: boolean; frustumCulled: boolean; renderOrder: number; userData: {}; layers: number; matrix: any[]; up: any; ... 28 more ...; animations: any[]; }'.
src/cameras/PerspectiveCamera.js(267,15): error TS2339: Property 'near' does not exist on type '{ uuid: string; type: string; name: string; castShadow: boolean; receiveShadow: boolean; visible: boolean; frustumCulled: boolean; renderOrder: number; userData: {}; layers: number; matrix: any[]; up: any; ... 28 more ...; animations: any[]; }'.
src/cameras/PerspectiveCamera.js(268,15): error TS2339: Property 'far' does not exist on type '{ uuid: string; type: string; name: string; castShadow: boolean; receiveShadow: boolean; visible: boolean; frustumCulled: boolean; renderOrder: number; userData: {}; layers: number; matrix: any[]; up: any; ... 28 more ...; animations: any[]; }'.
src/cameras/PerspectiveCamera.js(269,15): error TS2339: Property 'focus' does not exist on type '{ uuid: string; type: string; name: string; castShadow: boolean; receiveShadow: boolean; visible: boolean; frustumCulled: boolean; renderOrder: number; userData: {}; layers: number; matrix: any[]; up: any; ... 28 more ...; animations: any[]; }'.
src/cameras/PerspectiveCamera.js(271,15): error TS2339: Property 'aspect' does not exist on type '{ uuid: string; type: string; name: string; castShadow: boolean; receiveShadow: boolean; visible: boolean; frustumCulled: boolean; renderOrder: number; userData: {}; layers: number; matrix: any[]; up: any; ... 28 more ...; animations: any[]; }'.
src/cameras/PerspectiveCamera.js(273,41): error TS2339: Property 'view' does not exist on type '{ uuid: string; type: string; name: string; castShadow: boolean; receiveShadow: boolean; visible: boolean; frustumCulled: boolean; renderOrder: number; userData: {}; layers: number; matrix: any[]; up: any; ... 28 more ...; animations: any[]; }'.
src/cameras/PerspectiveCamera.js(275,15): error TS2339: Property 'filmGauge' does not exist on type '{ uuid: string; type: string; name: string; castShadow: boolean; receiveShadow: boolean; visible: boolean; frustumCulled: boolean; renderOrder: number; userData: {}; layers: number; matrix: any[]; up: any; ... 28 more ...; animations: any[]; }'.
src/cameras/PerspectiveCamera.js(276,15): error TS2339: Property 'filmOffset' does not exist on type '{ uuid: string; type: string; name: string; castShadow: boolean; receiveShadow: boolean; visible: boolean; frustumCulled: boolean; renderOrder: number; userData: {}; layers: number; matrix: any[]; up: any; ... 28 more ...; animations: any[]; }'.
src/cameras/StereoCamera.js(51,4): error TS2322: Type 'number' is not assignable to type 'null'.
src/cameras/StereoCamera.js(55,4): error TS2322: Type 'number' is not assignable to type 'null'.
src/cameras/StereoCamera.js(61,23): error TS18047: 'cache.eyeSep' is possibly 'null'.
src/cameras/StereoCamera.js(62,44): error TS18047: 'cache.near' is possibly 'null'.
src/cameras/StereoCamera.js(62,57): error TS18047: 'cache.focus' is possibly 'null'.
src/cameras/StereoCamera.js(63,19): error TS18047: 'cache.near' is possibly 'null'.
src/cameras/StereoCamera.js(63,52): error TS18047: 'cache.fov' is possibly 'null'.
src/cameras/StereoCamera.js(63,74): error TS18047: 'cache.zoom' is possibly 'null'.
src/cameras/StereoCamera.js(73,20): error TS18047: 'cache.aspect' is possibly 'null'.
src/cameras/StereoCamera.js(74,18): error TS18047: 'cache.aspect' is possibly 'null'.
src/cameras/StereoCamera.js(76,42): error TS18047: 'cache.near' is possibly 'null'.
src/cameras/StereoCamera.js(83,20): error TS18047: 'cache.aspect' is possibly 'null'.
src/cameras/StereoCamera.js(84,18): error TS18047: 'cache.aspect' is possibly 'null'.
src/cameras/StereoCamera.js(86,42): error TS18047: 'cache.near' is possibly 'null'.
src/core/BufferAttribute.js(34,3): error TS7008: Member 'updateRanges' implicitly has an 'any[]' type.
src/core/BufferAttribute.js(43,6): error TS7032: Property 'needsUpdate' implicitly has type 'any', because its set accessor lacks a parameter type annotation.
src/core/BufferAttribute.js(364,14): error TS2351: This expression is not constructable.
  Type 'Function' has no construct signatures.
src/core/BufferAttribute.js(377,32): error TS2339: Property 'name' does not exist on type '{ itemSize: any; type: any; array: any[]; normalized: boolean; }'.
src/core/BufferAttribute.js(378,46): error TS2339: Property 'usage' does not exist on type '{ itemSize: any; type: any; array: any[]; normalized: boolean; }'.
src/core/BufferGeometry.js(44,3): error TS7008: Member 'groups' implicitly has an 'any[]' type.
src/core/BufferGeometry.js(93,10): error TS7053: Element implicitly has an 'any' type because expression of type 'any' can't be used to index type '{}'.
src/core/BufferGeometry.js(99,3): error TS7053: Element implicitly has an 'any' type because expression of type 'any' can't be used to index type '{}'.
src/core/BufferGeometry.js(107,10): error TS7053: Element implicitly has an 'any' type because expression of type 'any' can't be used to index type '{}'.
src/core/BufferGeometry.js(115,10): error TS7053: Element implicitly has an 'any' type because expression of type 'any' can't be used to index type '{}'.
src/core/BufferGeometry.js(146,36): error TS2339: Property 'position' does not exist on type '{}'.
src/core/BufferGeometry.js(156,34): error TS2339: Property 'normal' does not exist on type '{}'.
src/core/BufferGeometry.js(168,35): error TS2339: Property 'tangent' does not exist on type '{}'.
src/core/BufferGeometry.js(338,36): error TS2339: Property 'position' does not exist on type '{}'.
src/core/BufferGeometry.js(339,56): error TS2339: Property 'position' does not exist on type '{}'.
src/core/BufferGeometry.js(408,36): error TS2339: Property 'position' does not exist on type '{}'.
src/core/BufferGeometry.js(409,56): error TS2339: Property 'position' does not exist on type '{}'.
src/core/BufferGeometry.js(521,16): error TS2339: Property 'position' does not exist on type '{}'.
src/core/BufferGeometry.js(522,16): error TS2339: Property 'normal' does not exist on type '{}'.
src/core/BufferGeometry.js(523,16): error TS2339: Property 'uv' does not exist on type '{}'.
src/core/BufferGeometry.js(530,40): error TS2339: Property 'position' does not exist on type '{}'.
src/core/BufferGeometry.js(531,38): error TS2339: Property 'normal' does not exist on type '{}'.
src/core/BufferGeometry.js(532,34): error TS2339: Property 'uv' does not exist on type '{}'.
src/core/BufferGeometry.js(765,35): error TS2339: Property 'normal' does not exist on type '{}'.
src/core/BufferGeometry.js(833,22): error TS7053: Element implicitly has an 'any' type because expression of type 'string' can't be used to index type '{}'.
  No index signature with a parameter of type 'string' was found on type '{}'.
src/core/BufferGeometry.js(848,27): error TS7053: Element implicitly has an 'any' type because expression of type 'string' can't be used to index type '{}'.
  No index signature with a parameter of type 'string' was found on type '{}'.
src/core/BufferGeometry.js(860,4): error TS7053: Element implicitly has an 'any' type because expression of type 'string' can't be used to index type '{}'.
  No index signature with a parameter of type 'string' was found on type '{}'.
src/core/BufferGeometry.js(893,8): error TS2339: Property 'uuid' does not exist on type '{ metadata: { version: number; type: string; generator: string; }; }'.
src/core/BufferGeometry.js(894,8): error TS2339: Property 'type' does not exist on type '{ metadata: { version: number; type: string; generator: string; }; }'.
src/core/BufferGeometry.js(895,32): error TS2339: Property 'name' does not exist on type '{ metadata: { version: number; type: string; generator: string; }; }'.
src/core/BufferGeometry.js(896,55): error TS2339: Property 'userData' does not exist on type '{ metadata: { version: number; type: string; generator: string; }; }'.
src/core/BufferGeometry.js(898,13): error TS2339: Property 'parameters' does not exist on type 'BufferGeometry'.
src/core/BufferGeometry.js(900,28): error TS2339: Property 'parameters' does not exist on type 'BufferGeometry'.
src/core/BufferGeometry.js(904,44): error TS7053: Element implicitly has an 'any' type because expression of type 'string' can't be used to index type '{ metadata: { version: number; type: string; generator: string; }; }'.
  No index signature with a parameter of type 'string' was found on type '{ metadata: { version: number; type: string; generator: string; }; }'.
src/core/BufferGeometry.js(914,8): error TS2339: Property 'data' does not exist on type '{ metadata: { version: number; type: string; generator: string; }; }'.
src/core/BufferGeometry.js(920,9): error TS2339: Property 'data' does not exist on type '{ metadata: { version: number; type: string; generator: string; }; }'.
src/core/BufferGeometry.js(931,22): error TS7053: Element implicitly has an 'any' type because expression of type 'string' can't be used to index type '{}'.
  No index signature with a parameter of type 'string' was found on type '{}'.
src/core/BufferGeometry.js(933,9): error TS2339: Property 'data' does not exist on type '{ metadata: { version: number; type: string; generator: string; }; }'.
src/core/BufferGeometry.js(933,57): error TS2339: Property 'data' does not exist on type '{ metadata: { version: number; type: string; generator: string; }; }'.
src/core/BufferGeometry.js(942,27): error TS7053: Element implicitly has an 'any' type because expression of type 'string' can't be used to index type '{}'.
  No index signature with a parameter of type 'string' was found on type '{}'.
src/core/BufferGeometry.js(950,40): error TS2339: Property 'data' does not exist on type '{ metadata: { version: number; type: string; generator: string; }; }'.
src/core/BufferGeometry.js(956,5): error TS7053: Element implicitly has an 'any' type because expression of type 'string' can't be used to index type '{}'.
  No index signature with a parameter of type 'string' was found on type '{}'.
src/core/BufferGeometry.js(966,9): error TS2339: Property 'data' does not exist on type '{ metadata: { version: number; type: string; generator: string; }; }'.
src/core/BufferGeometry.js(967,9): error TS2339: Property 'data' does not exist on type '{ metadata: { version: number; type: string; generator: string; }; }'.
src/core/BufferGeometry.js(975,9): error TS2339: Property 'data' does not exist on type '{ metadata: { version: number; type: string; generator: string; }; }'.
src/core/BufferGeometry.js(983,9): error TS2339: Property 'data' does not exist on type '{ metadata: { version: number; type: string; generator: string; }; }'.
src/core/BufferGeometry.js(996,14): error TS2351: This expression is not constructable.
  Type 'Function' has no construct signatures.
src/core/BufferGeometry.js(1055,4): error TS7053: Element implicitly has an 'any' type because expression of type 'string' can't be used to index type '{}'.
  No index signature with a parameter of type 'string' was found on type '{}'.
src/core/EventDispatcher.js(13,8): error TS7053: Element implicitly has an 'any' type because expression of type 'any' can't be used to index type '{}'.
src/core/EventDispatcher.js(15,4): error TS7053: Element implicitly has an 'any' type because expression of type 'any' can't be used to index type '{}'.
src/core/EventDispatcher.js(19,8): error TS7053: Element implicitly has an 'any' type because expression of type 'any' can't be used to index type '{}'.
src/core/EventDispatcher.js(21,4): error TS7053: Element implicitly has an 'any' type because expression of type 'any' can't be used to index type '{}'.
src/core/EventDispatcher.js(33,10): error TS7053: Element implicitly has an 'any' type because expression of type 'any' can't be used to index type '{}'.
src/core/EventDispatcher.js(33,45): error TS7053: Element implicitly has an 'any' type because expression of type 'any' can't be used to index type '{}'.
src/core/EventDispatcher.js(43,25): error TS7053: Element implicitly has an 'any' type because expression of type 'any' can't be used to index type '{}'.
src/core/EventDispatcher.js(65,25): error TS7053: Element implicitly has an 'any' type because expression of type 'any' can't be used to index type '{}'.
src/core/GLBufferAttribute.js(19,6): error TS7032: Property 'needsUpdate' implicitly has type 'any', because its set accessor lacks a parameter type annotation.
src/core/InstancedBufferAttribute.js(29,8): error TS2339: Property 'meshPerAttribute' does not exist on type '{ itemSize: any; type: any; array: any[]; normalized: boolean; }'.
src/core/InstancedBufferAttribute.js(31,8): error TS2339: Property 'isInstancedBufferAttribute' does not exist on type '{ itemSize: any; type: any; array: any[]; normalized: boolean; }'.
src/core/InstancedBufferGeometry.js(30,8): error TS2339: Property 'instanceCount' does not exist on type '{ metadata: { version: number; type: string; generator: string; }; }'.
src/core/InstancedBufferGeometry.js(32,8): error TS2339: Property 'isInstancedBufferGeometry' does not exist on type '{ metadata: { version: number; type: string; generator: string; }; }'.
src/core/InstancedInterleavedBuffer.js(39,8): error TS2339: Property 'isInstancedInterleavedBuffer' does not exist on type '{ uuid: string; buffer: any; type: any; stride: any; }'.
src/core/InstancedInterleavedBuffer.js(40,8): error TS2339: Property 'meshPerAttribute' does not exist on type '{ uuid: string; buffer: any; type: any; stride: any; }'.
src/core/InterleavedBuffer.js(15,3): error TS7008: Member 'updateRanges' implicitly has an 'any[]' type.
src/core/InterleavedBuffer.js(25,6): error TS7032: Property 'needsUpdate' implicitly has type 'any', because its set accessor lacks a parameter type annotation.
src/core/InterleavedBuffer.js(107,18): error TS2351: This expression is not constructable.
  Type 'Function' has no construct signatures.
src/core/InterleavedBufferAttribute.js(35,6): error TS7032: Property 'needsUpdate' implicitly has type 'any', because its set accessor lacks a parameter type annotation.
src/core/Object3D.js(46,3): error TS7008: Member 'parent' implicitly has an 'any' type.
src/core/Object3D.js(47,3): error TS7008: Member 'children' implicitly has an 'any[]' type.
src/core/Object3D.js(117,3): error TS7008: Member 'animations' implicitly has an 'any[]' type.
src/core/Object3D.js(137,31): error TS2339: Property 'position' does not exist on type 'Object3D'.
src/core/Object3D.js(137,46): error TS2339: Property 'quaternion' does not exist on type 'Object3D'.
src/core/Object3D.js(137,63): error TS2339: Property 'scale' does not exist on type 'Object3D'.
src/core/Object3D.js(143,8): error TS2339: Property 'quaternion' does not exist on type 'Object3D'.
src/core/Object3D.js(153,8): error TS2339: Property 'quaternion' does not exist on type 'Object3D'.
src/core/Object3D.js(159,8): error TS2339: Property 'quaternion' does not exist on type 'Object3D'.
src/core/Object3D.js(167,8): error TS2339: Property 'quaternion' does not exist on type 'Object3D'.
src/core/Object3D.js(175,8): error TS2339: Property 'quaternion' does not exist on type 'Object3D'.
src/core/Object3D.js(186,8): error TS2339: Property 'quaternion' does not exist on type 'Object3D'.
src/core/Object3D.js(200,8): error TS2339: Property 'quaternion' does not exist on type 'Object3D'.
src/core/Object3D.js(229,42): error TS2339: Property 'quaternion' does not exist on type 'Object3D'.
src/core/Object3D.js(231,8): error TS2339: Property 'position' does not exist on type 'Object3D'.
src/core/Object3D.js(291,13): error TS2339: Property 'isCamera' does not exist on type 'Object3D'.
src/core/Object3D.js(291,30): error TS2339: Property 'isLight' does not exist on type 'Object3D'.
src/core/Object3D.js(301,8): error TS2339: Property 'quaternion' does not exist on type 'Object3D'.
src/core/Object3D.js(307,9): error TS2339: Property 'quaternion' does not exist on type 'Object3D'.
src/core/Object3D.js(459,8): error TS7053: Element implicitly has an 'any' type because expression of type 'any' can't be used to index type 'Object3D'.
src/core/Object3D.js(480,8): error TS7053: Element implicitly has an 'any' type because expression of type 'any' can't be used to index type 'Object3D'.
src/core/Object3D.js(580,29): error TS2339: Property 'position' does not exist on type 'Object3D'.
src/core/Object3D.js(580,44): error TS2339: Property 'quaternion' does not exist on type 'Object3D'.
src/core/Object3D.js(580,61): error TS2339: Property 'scale' does not exist on type 'Object3D'.
src/core/Object3D.js(725,13): error TS2339: Property 'isInstancedMesh' does not exist on type 'Object3D'.
src/core/Object3D.js(728,24): error TS2339: Property 'count' does not exist on type 'Object3D'.
src/core/Object3D.js(729,33): error TS2339: Property 'instanceMatrix' does not exist on type 'Object3D'.
src/core/Object3D.js(730,14): error TS2339: Property 'instanceColor' does not exist on type 'Object3D'.
src/core/Object3D.js(730,67): error TS2339: Property 'instanceColor' does not exist on type 'Object3D'.
src/core/Object3D.js(734,13): error TS2339: Property 'isBatchedMesh' does not exist on type 'Object3D'.
src/core/Object3D.js(737,41): error TS2339: Property 'perObjectFrustumCulled' does not exist on type 'Object3D'.
src/core/Object3D.js(738,30): error TS2339: Property 'sortObjects' does not exist on type 'Object3D'.
src/core/Object3D.js(740,29): error TS2339: Property '_drawRanges' does not exist on type 'Object3D'.
src/core/Object3D.js(741,33): error TS2339: Property '_reservedRanges' does not exist on type 'Object3D'.
src/core/Object3D.js(743,29): error TS2339: Property '_visibility' does not exist on type 'Object3D'.
src/core/Object3D.js(744,25): error TS2339: Property '_active' does not exist on type 'Object3D'.
src/core/Object3D.js(745,25): error TS2339: Property '_bounds' does not exist on type 'Object3D'.
src/core/Object3D.js(755,35): error TS2339: Property '_maxInstanceCount' does not exist on type 'Object3D'.
src/core/Object3D.js(756,33): error TS2339: Property '_maxVertexCount' does not exist on type 'Object3D'.
src/core/Object3D.js(757,32): error TS2339: Property '_maxIndexCount' does not exist on type 'Object3D'.
src/core/Object3D.js(759,38): error TS2339: Property '_geometryInitialized' does not exist on type 'Object3D'.
src/core/Object3D.js(760,32): error TS2339: Property '_geometryCount' does not exist on type 'Object3D'.
src/core/Object3D.js(762,34): error TS2339: Property '_matricesTexture' does not exist on type 'Object3D'.
src/core/Object3D.js(764,14): error TS2339: Property '_colorsTexture' does not exist on type 'Object3D'.
src/core/Object3D.js(764,68): error TS2339: Property '_colorsTexture' does not exist on type 'Object3D'.
src/core/Object3D.js(766,14): error TS2339: Property 'boundingSphere' does not exist on type 'Object3D'.
src/core/Object3D.js(768,5): error TS7022: 'boundingSphere' implicitly has type 'any' because it does not have a type annotation and is referenced directly or indirectly in its own initializer.
src/core/Object3D.js(775,14): error TS2339: Property 'boundingBox' does not exist on type 'Object3D'.
src/core/Object3D.js(777,5): error TS7022: 'boundingBox' implicitly has type 'any' because it does not have a type annotation and is referenced directly or indirectly in its own initializer.
src/core/Object3D.js(800,13): error TS2339: Property 'isScene' does not exist on type 'Object3D'.
src/core/Object3D.js(802,14): error TS2339: Property 'background' does not exist on type 'Object3D'.
src/core/Object3D.js(804,15): error TS2339: Property 'background' does not exist on type 'Object3D'.
src/core/Object3D.js(806,31): error TS2339: Property 'background' does not exist on type 'Object3D'.
src/core/Object3D.js(808,22): error TS2339: Property 'background' does not exist on type 'Object3D'.
src/core/Object3D.js(810,31): error TS2339: Property 'background' does not exist on type 'Object3D'.
src/core/Object3D.js(816,14): error TS2339: Property 'environment' does not exist on type 'Object3D'.
src/core/Object3D.js(816,34): error TS2339: Property 'environment' does not exist on type 'Object3D'.
src/core/Object3D.js(816,64): error TS2339: Property 'environment' does not exist on type 'Object3D'.
src/core/Object3D.js(818,31): error TS2339: Property 'environment' does not exist on type 'Object3D'.
src/core/Object3D.js(822,20): error TS2339: Property 'isMesh' does not exist on type 'Object3D'.
src/core/Object3D.js(822,35): error TS2339: Property 'isLine' does not exist on type 'Object3D'.
src/core/Object3D.js(822,50): error TS2339: Property 'isPoints' does not exist on type 'Object3D'.
src/core/Object3D.js(824,55): error TS2339: Property 'geometry' does not exist on type 'Object3D'.
src/core/Object3D.js(826,28): error TS2339: Property 'geometry' does not exist on type 'Object3D'.
src/core/Object3D.js(852,13): error TS2339: Property 'isSkinnedMesh' does not exist on type 'Object3D'.
src/core/Object3D.js(854,27): error TS2339: Property 'bindMode' does not exist on type 'Object3D'.
src/core/Object3D.js(855,29): error TS2339: Property 'bindMatrix' does not exist on type 'Object3D'.
src/core/Object3D.js(857,14): error TS2339: Property 'skeleton' does not exist on type 'Object3D'.
src/core/Object3D.js(859,37): error TS2339: Property 'skeleton' does not exist on type 'Object3D'.
src/core/Object3D.js(861,28): error TS2339: Property 'skeleton' does not exist on type 'Object3D'.
src/core/Object3D.js(867,13): error TS2339: Property 'material' does not exist on type 'Object3D'.
src/core/Object3D.js(869,29): error TS2339: Property 'material' does not exist on type 'Object3D'.
src/core/Object3D.js(873,31): error TS2339: Property 'material' does not exist on type 'Object3D'.
src/core/Object3D.js(875,50): error TS2339: Property 'material' does not exist on type 'Object3D'.
src/core/Object3D.js(883,55): error TS2339: Property 'material' does not exist on type 'Object3D'.
src/core/Object3D.js(893,4): error TS7008: Member 'children' implicitly has an 'any[]' type.
src/core/Object3D.js(907,4): error TS7008: Member 'animations' implicitly has an 'any[]' type.
src/core/Object3D.js(967,14): error TS2351: This expression is not constructable.
  Type 'Function' has no construct signatures.
src/core/Object3D.js(977,8): error TS2339: Property 'position' does not exist on type 'Object3D'.
src/core/Object3D.js(978,8): error TS2339: Property 'rotation' does not exist on type 'Object3D'.
src/core/Object3D.js(979,8): error TS2339: Property 'quaternion' does not exist on type 'Object3D'.
src/core/Object3D.js(980,8): error TS2339: Property 'scale' does not exist on type 'Object3D'.
src/core/RenderTarget.js(44,47): error TS2339: Property 'mapping' does not exist on type '{}'.
src/core/RenderTarget.js(44,64): error TS2339: Property 'wrapS' does not exist on type '{}'.
src/core/RenderTarget.js(44,79): error TS2339: Property 'wrapT' does not exist on type '{}'.
src/core/RenderTarget.js(44,94): error TS2339: Property 'magFilter' does not exist on type '{}'.
src/core/RenderTarget.js(44,113): error TS2339: Property 'minFilter' does not exist on type '{}'.
src/core/RenderTarget.js(44,132): error TS2339: Property 'format' does not exist on type '{}'.
src/core/RenderTarget.js(44,148): error TS2339: Property 'type' does not exist on type '{}'.
src/core/RenderTarget.js(44,162): error TS2339: Property 'anisotropy' does not exist on type '{}'.
src/core/RenderTarget.js(44,182): error TS2339: Property 'colorSpace' does not exist on type '{}'.
src/core/RenderTarget.js(47,37): error TS2339: Property 'generateMipmaps' does not exist on type '{}'.
src/core/RenderTarget.js(48,36): error TS2339: Property 'internalFormat' does not exist on type '{}'.
src/core/RenderTarget.js(52,25): error TS2339: Property 'count' does not exist on type '{}'.
src/core/RenderTarget.js(61,30): error TS2339: Property 'depthBuffer' does not exist on type '{}'.
src/core/RenderTarget.js(62,32): error TS2339: Property 'stencilBuffer' does not exist on type '{}'.
src/core/RenderTarget.js(64,37): error TS2339: Property 'resolveDepthBuffer' does not exist on type '{}'.
src/core/RenderTarget.js(65,39): error TS2339: Property 'resolveStencilBuffer' does not exist on type '{}'.
src/core/RenderTarget.js(67,3): error TS7022: '_depthTexture' implicitly has type 'any' because it does not have a type annotation and is referenced directly or indirectly in its own initializer.
src/core/RenderTarget.js(68,31): error TS2339: Property 'depthTexture' does not exist on type '{}'.
src/core/RenderTarget.js(70,26): error TS2339: Property 'samples' does not exist on type '{}'.
src/core/RenderTarget.js(95,6): error TS7023: 'depthTexture' implicitly has return type 'any' because it does not have a return type annotation and is referenced directly or indirectly in one of its return expressions.
src/core/RenderTarget.js(128,14): error TS2351: This expression is not constructable.
  Type 'Function' has no construct signatures.
src/core/UniformsGroup.js(19,3): error TS7008: Member 'uniforms' implicitly has an 'any[]' type.
src/core/UniformsGroup.js(92,14): error TS2351: This expression is not constructable.
  Type 'Function' has no construct signatures.
src/extras/core/Curve.js(62,25): error TS2554: Expected 0 arguments, but got 2.
src/extras/core/Curve.js(74,32): error TS2554: Expected 0 arguments, but got 1.
src/extras/core/Curve.js(122,38): error TS2554: Expected 0 arguments, but got 1.
src/extras/core/Curve.js(129,29): error TS2554: Expected 0 arguments, but got 1.
src/extras/core/Curve.js(130,11): error TS18047: 'current' is possibly 'null'.
src/extras/core/Curve.js(242,30): error TS2554: Expected 0 arguments, but got 1.
src/extras/core/Curve.js(243,30): error TS2554: Expected 0 arguments, but got 1.
src/extras/core/Curve.js(245,41): error TS18047: 'pt1' is possibly 'null'.
src/extras/core/Curve.js(376,14): error TS2351: This expression is not constructable.
  Type 'Function' has no construct signatures.
src/extras/core/Curve.js(398,8): error TS2339: Property 'arcLengthDivisions' does not exist on type '{ metadata: { version: number; type: string; generator: string; }; }'.
src/extras/core/Curve.js(399,8): error TS2339: Property 'type' does not exist on type '{ metadata: { version: number; type: string; generator: string; }; }'.
src/extras/core/CurvePath.js(17,3): error TS7008: Member 'curves' implicitly has an 'any[]' type.
src/extras/core/CurvePath.js(220,8): error TS2339: Property 'autoClose' does not exist on type '{ metadata: { version: number; type: string; generator: string; }; }'.
src/extras/core/CurvePath.js(221,8): error TS2339: Property 'curves' does not exist on type '{ metadata: { version: number; type: string; generator: string; }; }'.
src/extras/core/CurvePath.js(226,9): error TS2339: Property 'curves' does not exist on type '{ metadata: { version: number; type: string; generator: string; }; }'.
src/extras/core/CurvePath.js(244,26): error TS7053: Element implicitly has an 'any' type because expression of type 'any' can't be used to index type 'typeof import("C:/Users/srigaud/Desktop/three.js/src/extras/curves/Curves")'.
src/extras/core/Path.js(177,8): error TS2339: Property 'currentPoint' does not exist on type '{ metadata: { version: number; type: string; generator: string; }; }'.
src/extras/core/Shape.js(14,3): error TS7008: Member 'holes' implicitly has an 'any[]' type.
src/extras/core/Shape.js(67,8): error TS2339: Property 'uuid' does not exist on type '{ metadata: { version: number; type: string; generator: string; }; }'.
src/extras/core/Shape.js(68,8): error TS2339: Property 'holes' does not exist on type '{ metadata: { version: number; type: string; generator: string; }; }'.
src/extras/core/Shape.js(73,9): error TS2339: Property 'holes' does not exist on type '{ metadata: { version: number; type: string; generator: string; }; }'.
src/extras/core/ShapePath.js(14,3): error TS7008: Member 'subPaths' implicitly has an 'any[]' type.
src/extras/core/ShapePath.js(31,3): error TS2531: Object is possibly 'null'.
src/extras/core/ShapePath.js(39,3): error TS2531: Object is possibly 'null'.
src/extras/core/ShapePath.js(47,3): error TS2531: Object is possibly 'null'.
src/extras/core/ShapePath.js(55,3): error TS2531: Object is possibly 'null'.
src/extras/core/ShapePath.js(186,5): error TS2532: Object is possibly 'undefined'.
src/extras/core/ShapePath.js(195,36): error TS2345: Argument of type '{ h: any; p: any; }' is not assignable to parameter of type 'never'.
src/extras/core/ShapePath.js(229,40): error TS2532: Object is possibly 'undefined'.
src/extras/core/ShapePath.js(236,41): error TS2345: Argument of type 'any' is not assignable to parameter of type 'never'.
src/extras/core/ShapePath.js(250,38): error TS2345: Argument of type 'any' is not assignable to parameter of type 'never'.
src/extras/core/ShapePath.js(270,15): error TS2532: Object is possibly 'undefined'.
src/extras/core/ShapePath.js(276,40): error TS2339: Property 'h' does not exist on type 'never'.
src/extras/curves/CatmullRomCurve3.js(82,26): error TS7009: 'new' expression, whose target lacks a construct signature, implicitly has an 'any' type.
src/extras/curves/CatmullRomCurve3.js(83,26): error TS7009: 'new' expression, whose target lacks a construct signature, implicitly has an 'any' type.
src/extras/curves/CatmullRomCurve3.js(84,26): error TS7009: 'new' expression, whose target lacks a construct signature, implicitly has an 'any' type.
src/extras/curves/CatmullRomCurve3.js(103,2): error TS2416: Property 'getPoint' in type 'CatmullRomCurve3' is not assignable to the same property in base type 'Curve'.
  Type '(t: any, optionalTarget?: Vector3) => Vector3' is not assignable to type '() => null'.
    Type 'Vector3' is not assignable to type 'null'.
src/extras/curves/CatmullRomCurve3.js(215,8): error TS2339: Property 'points' does not exist on type '{ metadata: { version: number; type: string; generator: string; }; }'.
src/extras/curves/CatmullRomCurve3.js(220,9): error TS2339: Property 'points' does not exist on type '{ metadata: { version: number; type: string; generator: string; }; }'.
src/extras/curves/CatmullRomCurve3.js(224,8): error TS2339: Property 'closed' does not exist on type '{ metadata: { version: number; type: string; generator: string; }; }'.
src/extras/curves/CatmullRomCurve3.js(225,8): error TS2339: Property 'curveType' does not exist on type '{ metadata: { version: number; type: string; generator: string; }; }'.
src/extras/curves/CatmullRomCurve3.js(226,8): error TS2339: Property 'tension' does not exist on type '{ metadata: { version: number; type: string; generator: string; }; }'.
src/extras/curves/CubicBezierCurve.js(22,2): error TS2416: Property 'getPoint' in type 'CubicBezierCurve' is not assignable to the same property in base type 'Curve'.
  Type '(t: any, optionalTarget?: Vector2) => Vector2' is not assignable to type '() => null'.
    Type 'Vector2' is not assignable to type 'null'.
src/extras/curves/CubicBezierCurve.js(54,8): error TS2339: Property 'v0' does not exist on type '{ metadata: { version: number; type: string; generator: string; }; }'.
src/extras/curves/CubicBezierCurve.js(55,8): error TS2339: Property 'v1' does not exist on type '{ metadata: { version: number; type: string; generator: string; }; }'.
src/extras/curves/CubicBezierCurve.js(56,8): error TS2339: Property 'v2' does not exist on type '{ metadata: { version: number; type: string; generator: string; }; }'.
src/extras/curves/CubicBezierCurve.js(57,8): error TS2339: Property 'v3' does not exist on type '{ metadata: { version: number; type: string; generator: string; }; }'.
src/extras/curves/CubicBezierCurve3.js(22,2): error TS2416: Property 'getPoint' in type 'CubicBezierCurve3' is not assignable to the same property in base type 'Curve'.
  Type '(t: any, optionalTarget?: Vector3) => Vector3' is not assignable to type '() => null'.
    Type 'Vector3' is not assignable to type 'null'.
src/extras/curves/CubicBezierCurve3.js(55,8): error TS2339: Property 'v0' does not exist on type '{ metadata: { version: number; type: string; generator: string; }; }'.
src/extras/curves/CubicBezierCurve3.js(56,8): error TS2339: Property 'v1' does not exist on type '{ metadata: { version: number; type: string; generator: string; }; }'.
src/extras/curves/CubicBezierCurve3.js(57,8): error TS2339: Property 'v2' does not exist on type '{ metadata: { version: number; type: string; generator: string; }; }'.
src/extras/curves/CubicBezierCurve3.js(58,8): error TS2339: Property 'v3' does not exist on type '{ metadata: { version: number; type: string; generator: string; }; }'.
src/extras/curves/EllipseCurve.js(29,2): error TS2416: Property 'getPoint' in type 'EllipseCurve' is not assignable to the same property in base type 'Curve'.
  Type '(t: any, optionalTarget?: Vector2) => Vector2' is not assignable to type '() => null'.
    Type 'Vector2' is not assignable to type 'null'.
src/extras/curves/EllipseCurve.js(116,8): error TS2339: Property 'aX' does not exist on type '{ metadata: { version: number; type: string; generator: string; }; }'.
src/extras/curves/EllipseCurve.js(117,8): error TS2339: Property 'aY' does not exist on type '{ metadata: { version: number; type: string; generator: string; }; }'.
src/extras/curves/EllipseCurve.js(119,8): error TS2339: Property 'xRadius' does not exist on type '{ metadata: { version: number; type: string; generator: string; }; }'.
src/extras/curves/EllipseCurve.js(120,8): error TS2339: Property 'yRadius' does not exist on type '{ metadata: { version: number; type: string; generator: string; }; }'.
src/extras/curves/EllipseCurve.js(122,8): error TS2339: Property 'aStartAngle' does not exist on type '{ metadata: { version: number; type: string; generator: string; }; }'.
src/extras/curves/EllipseCurve.js(123,8): error TS2339: Property 'aEndAngle' does not exist on type '{ metadata: { version: number; type: string; generator: string; }; }'.
src/extras/curves/EllipseCurve.js(125,8): error TS2339: Property 'aClockwise' does not exist on type '{ metadata: { version: number; type: string; generator: string; }; }'.
src/extras/curves/EllipseCurve.js(127,8): error TS2339: Property 'aRotation' does not exist on type '{ metadata: { version: number; type: string; generator: string; }; }'.
src/extras/curves/LineCurve.js(19,2): error TS2416: Property 'getPoint' in type 'LineCurve' is not assignable to the same property in base type 'Curve'.
  Type '(t: any, optionalTarget?: Vector2) => Vector2' is not assignable to type '() => null'.
    Type 'Vector2' is not assignable to type 'null'.
src/extras/curves/LineCurve.js(39,2): error TS2416: Property 'getPointAt' in type 'LineCurve' is not assignable to the same property in base type 'Curve'.
  Type '(u: any, optionalTarget: any) => Vector2' is not assignable to type '(u: any, optionalTarget: any) => null'.
    Type 'Vector2' is not assignable to type 'null'.
src/extras/curves/LineCurve.js(72,8): error TS2339: Property 'v1' does not exist on type '{ metadata: { version: number; type: string; generator: string; }; }'.
src/extras/curves/LineCurve.js(73,8): error TS2339: Property 'v2' does not exist on type '{ metadata: { version: number; type: string; generator: string; }; }'.
src/extras/curves/LineCurve3.js(19,2): error TS2416: Property 'getPoint' in type 'LineCurve3' is not assignable to the same property in base type 'Curve'.
  Type '(t: any, optionalTarget?: Vector3) => Vector3' is not assignable to type '() => null'.
    Type 'Vector3' is not assignable to type 'null'.
src/extras/curves/LineCurve3.js(39,2): error TS2416: Property 'getPointAt' in type 'LineCurve3' is not assignable to the same property in base type 'Curve'.
  Type '(u: any, optionalTarget: any) => Vector3' is not assignable to type '(u: any, optionalTarget: any) => null'.
    Type 'Vector3' is not assignable to type 'null'.
src/extras/curves/LineCurve3.js(72,8): error TS2339: Property 'v1' does not exist on type '{ metadata: { version: number; type: string; generator: string; }; }'.
src/extras/curves/LineCurve3.js(73,8): error TS2339: Property 'v2' does not exist on type '{ metadata: { version: number; type: string; generator: string; }; }'.
src/extras/curves/QuadraticBezierCurve.js(21,2): error TS2416: Property 'getPoint' in type 'QuadraticBezierCurve' is not assignable to the same property in base type 'Curve'.
  Type '(t: any, optionalTarget?: Vector2) => Vector2' is not assignable to type '() => null'.
    Type 'Vector2' is not assignable to type 'null'.
src/extras/curves/QuadraticBezierCurve.js(52,8): error TS2339: Property 'v0' does not exist on type '{ metadata: { version: number; type: string; generator: string; }; }'.
src/extras/curves/QuadraticBezierCurve.js(53,8): error TS2339: Property 'v1' does not exist on type '{ metadata: { version: number; type: string; generator: string; }; }'.
src/extras/curves/QuadraticBezierCurve.js(54,8): error TS2339: Property 'v2' does not exist on type '{ metadata: { version: number; type: string; generator: string; }; }'.
src/extras/curves/QuadraticBezierCurve3.js(21,2): error TS2416: Property 'getPoint' in type 'QuadraticBezierCurve3' is not assignable to the same property in base type 'Curve'.
  Type '(t: any, optionalTarget?: Vector3) => Vector3' is not assignable to type '() => null'.
    Type 'Vector3' is not assignable to type 'null'.
src/extras/curves/QuadraticBezierCurve3.js(53,8): error TS2339: Property 'v0' does not exist on type '{ metadata: { version: number; type: string; generator: string; }; }'.
src/extras/curves/QuadraticBezierCurve3.js(54,8): error TS2339: Property 'v1' does not exist on type '{ metadata: { version: number; type: string; generator: string; }; }'.
src/extras/curves/QuadraticBezierCurve3.js(55,8): error TS2339: Property 'v2' does not exist on type '{ metadata: { version: number; type: string; generator: string; }; }'.
src/extras/curves/SplineCurve.js(19,2): error TS2416: Property 'getPoint' in type 'SplineCurve' is not assignable to the same property in base type 'Curve'.
  Type '(t: any, optionalTarget?: Vector2) => Vector2' is not assignable to type '() => null'.
    Type 'Vector2' is not assignable to type 'null'.
src/extras/curves/SplineCurve.js(65,8): error TS2339: Property 'points' does not exist on type '{ metadata: { version: number; type: string; generator: string; }; }'.
src/extras/curves/SplineCurve.js(70,9): error TS2339: Property 'points' does not exist on type '{ metadata: { version: number; type: string; generator: string; }; }'.
src/extras/Earcut.js(760,2): error TS7008: Member 'prev' implicitly has an 'any' type.
src/extras/Earcut.js(761,2): error TS7008: Member 'next' implicitly has an 'any' type.
src/extras/Earcut.js(767,2): error TS7008: Member 'prevZ' implicitly has an 'any' type.
src/extras/Earcut.js(768,2): error TS7008: Member 'nextZ' implicitly has an 'any' type.
src/extras/PMREMGenerator.js(83,3): error TS7022: '_pingPongRenderTarget' implicitly has type 'any' because it does not have a type annotation and is referenced directly or indirectly in its own initializer.
src/extras/PMREMGenerator.js(87,3): error TS7008: Member '_lodPlanes' implicitly has an 'any[]' type.
src/extras/PMREMGenerator.js(88,3): error TS7008: Member '_sizeLods' implicitly has an 'any[]' type.
src/extras/PMREMGenerator.js(89,3): error TS7008: Member '_sigmas' implicitly has an 'any[]' type.
src/extras/PMREMGenerator.js(151,40): error TS2322: Type 'null' is not assignable to type 'WebGLRenderTarget | undefined'.
src/extras/PMREMGenerator.js(428,35): error TS2339: Property 'flipEnvMap' does not exist on type '{}'.
src/extras/PMREMGenerator.js(441,48): error TS2345: Argument of type 'ShaderMaterial | null' is not assignable to parameter of type 'MeshBasicMaterial | undefined'.
  Type 'null' is not assignable to type 'MeshBasicMaterial | undefined'.
src/extras/PMREMGenerator.js(443,20): error TS18047: 'material' is possibly 'null'.
src/extras/PMREMGenerator.js(445,3): error TS7053: Element implicitly has an 'any' type because expression of type '"envMap"' can't be used to index type '{}'.
  Property 'envMap' does not exist on type '{}'.
src/extras/PMREMGenerator.js(529,57): error TS2345: Argument of type 'ShaderMaterial | null' is not assignable to parameter of type 'MeshBasicMaterial | undefined'.
  Type 'null' is not assignable to type 'MeshBasicMaterial | undefined'.
src/extras/PMREMGenerator.js(530,24): error TS18047: 'blurMaterial' is possibly 'null'.
src/extras/PMREMGenerator.js(572,3): error TS7053: Element implicitly has an 'any' type because expression of type '"envMap"' can't be used to index type '{}'.
  Property 'envMap' does not exist on type '{}'.
src/extras/PMREMGenerator.js(573,3): error TS7053: Element implicitly has an 'any' type because expression of type '"samples"' can't be used to index type '{}'.
  Property 'samples' does not exist on type '{}'.
src/extras/PMREMGenerator.js(574,3): error TS7053: Element implicitly has an 'any' type because expression of type '"weights"' can't be used to index type '{}'.
  Property 'weights' does not exist on type '{}'.
src/extras/PMREMGenerator.js(575,3): error TS7053: Element implicitly has an 'any' type because expression of type '"latitudinal"' can't be used to index type '{}'.
  Property 'latitudinal' does not exist on type '{}'.
src/extras/PMREMGenerator.js(579,4): error TS7053: Element implicitly has an 'any' type because expression of type '"poleAxis"' can't be used to index type '{}'.
  Property 'poleAxis' does not exist on type '{}'.
src/extras/PMREMGenerator.js(584,3): error TS7053: Element implicitly has an 'any' type because expression of type '"dTheta"' can't be used to index type '{}'.
  Property 'dTheta' does not exist on type '{}'.
src/extras/PMREMGenerator.js(585,3): error TS7053: Element implicitly has an 'any' type because expression of type '"mipInt"' can't be used to index type '{}'.
  Property 'mipInt' does not exist on type '{}'.
src/geometries/BoxGeometry.js(87,6): error TS7053: Element implicitly has an 'any' type because expression of type 'any' can't be used to index type 'Vector3'.
src/geometries/BoxGeometry.js(88,6): error TS7053: Element implicitly has an 'any' type because expression of type 'any' can't be used to index type 'Vector3'.
src/geometries/BoxGeometry.js(89,6): error TS7053: Element implicitly has an 'any' type because expression of type 'any' can't be used to index type 'Vector3'.
src/geometries/BoxGeometry.js(97,6): error TS7053: Element implicitly has an 'any' type because expression of type 'any' can't be used to index type 'Vector3'.
src/geometries/BoxGeometry.js(98,6): error TS7053: Element implicitly has an 'any' type because expression of type 'any' can't be used to index type 'Vector3'.
src/geometries/BoxGeometry.js(99,6): error TS7053: Element implicitly has an 'any' type because expression of type 'any' can't be used to index type 'Vector3'.
src/geometries/CapsuleGeometry.js(4,7): error TS2415: Class 'CapsuleGeometry' incorrectly extends base class 'LatheGeometry'.
  Types of property 'parameters' are incompatible.
    Type '{ radius: number; length: number; capSegments: number; radialSegments: number; }' is missing the following properties from type '{ points: Vector2[]; segments: number; phiStart: number; phiLength: number; }': points, segments, phiStart, phiLength
src/geometries/ConeGeometry.js(3,7): error TS2415: Class 'ConeGeometry' incorrectly extends base class 'CylinderGeometry'.
  Types of property 'parameters' are incompatible.
    Type '{ radius: number; height: number; radialSegments: number; heightSegments: number; openEnded: boolean; thetaStart: number; thetaLength: number; }' is missing the following properties from type '{ radiusTop: number; radiusBottom: number; height: number; radialSegments: number; heightSegments: number; openEnded: boolean; thetaStart: number; thetaLength: number; }': radiusTop, radiusBottom
src/geometries/DodecahedronGeometry.js(3,7): error TS2415: Class 'DodecahedronGeometry' incorrectly extends base class 'PolyhedronGeometry'.
  Types of property 'parameters' are incompatible.
    Type '{ radius: number; detail: number; }' is missing the following properties from type '{ vertices: any[]; indices: any[]; radius: number; detail: number; }': vertices, indices
src/geometries/EdgesGeometry.js(31,31): error TS2339: Property 'getIndex' does not exist on type 'never'.
src/geometries/EdgesGeometry.js(32,34): error TS2339: Property 'getAttribute' does not exist on type 'never'.
src/geometries/EdgesGeometry.js(82,17): error TS7053: Element implicitly has an 'any' type because expression of type 'string' can't be used to index type 'Triangle'.
  No index signature with a parameter of type 'string' was found on type 'Triangle'.
src/geometries/EdgesGeometry.js(83,17): error TS7053: Element implicitly has an 'any' type because expression of type 'string' can't be used to index type 'Triangle'.
  No index signature with a parameter of type 'string' was found on type 'Triangle'.
src/geometries/EdgesGeometry.js(88,38): error TS7053: Element implicitly has an 'any' type because expression of type 'string' can't be used to index type '{}'.
  No index signature with a parameter of type 'string' was found on type '{}'.
src/geometries/EdgesGeometry.js(92,25): error TS7053: Element implicitly has an 'any' type because expression of type 'string' can't be used to index type '{}'.
  No index signature with a parameter of type 'string' was found on type '{}'.
src/geometries/EdgesGeometry.js(99,7): error TS7053: Element implicitly has an 'any' type because expression of type 'string' can't be used to index type '{}'.
  No index signature with a parameter of type 'string' was found on type '{}'.
src/geometries/EdgesGeometry.js(104,7): error TS7053: Element implicitly has an 'any' type because expression of type 'string' can't be used to index type '{}'.
  No index signature with a parameter of type 'string' was found on type '{}'.
src/geometries/EdgesGeometry.js(121,10): error TS7053: Element implicitly has an 'any' type because expression of type 'string' can't be used to index type '{}'.
  No index signature with a parameter of type 'string' was found on type '{}'.
src/geometries/EdgesGeometry.js(123,33): error TS7053: Element implicitly has an 'any' type because expression of type 'string' can't be used to index type '{}'.
  No index signature with a parameter of type 'string' was found on type '{}'.
src/geometries/ExtrudeGeometry.js(44,3): error TS2322: Type '(Shape & any[]) | Shape[]' is not assignable to type 'Shape'.
  Type 'Shape[]' is missing the following properties from type 'Shape': uuid, type, holes, getPointsHoles, and 36 more.
src/geometries/ExtrudeGeometry.js(51,31): error TS2339: Property 'length' does not exist on type 'Shape'.
src/geometries/ExtrudeGeometry.js(53,18): error TS7053: Element implicitly has an 'any' type because expression of type 'number' can't be used to index type 'Shape'.
  No index signature with a parameter of type 'number' was found on type 'Shape'.
src/geometries/ExtrudeGeometry.js(73,34): error TS2339: Property 'curveSegments' does not exist on type '{}'.
src/geometries/ExtrudeGeometry.js(73,72): error TS2339: Property 'curveSegments' does not exist on type '{}'.
src/geometries/ExtrudeGeometry.js(74,26): error TS2339: Property 'steps' does not exist on type '{}'.
src/geometries/ExtrudeGeometry.js(74,56): error TS2339: Property 'steps' does not exist on type '{}'.
src/geometries/ExtrudeGeometry.js(75,26): error TS2339: Property 'depth' does not exist on type '{}'.
src/geometries/ExtrudeGeometry.js(75,56): error TS2339: Property 'depth' does not exist on type '{}'.
src/geometries/ExtrudeGeometry.js(77,31): error TS2339: Property 'bevelEnabled' does not exist on type '{}'.
src/geometries/ExtrudeGeometry.js(77,68): error TS2339: Property 'bevelEnabled' does not exist on type '{}'.
src/geometries/ExtrudeGeometry.js(78,33): error TS2339: Property 'bevelThickness' does not exist on type '{}'.
src/geometries/ExtrudeGeometry.js(78,72): error TS2339: Property 'bevelThickness' does not exist on type '{}'.
src/geometries/ExtrudeGeometry.js(79,28): error TS2339: Property 'bevelSize' does not exist on type '{}'.
src/geometries/ExtrudeGeometry.js(79,62): error TS2339: Property 'bevelSize' does not exist on type '{}'.
src/geometries/ExtrudeGeometry.js(80,30): error TS2339: Property 'bevelOffset' does not exist on type '{}'.
src/geometries/ExtrudeGeometry.js(80,66): error TS2339: Property 'bevelOffset' does not exist on type '{}'.
src/geometries/ExtrudeGeometry.js(81,32): error TS2339: Property 'bevelSegments' does not exist on type '{}'.
src/geometries/ExtrudeGeometry.js(81,70): error TS2339: Property 'bevelSegments' does not exist on type '{}'.
src/geometries/ExtrudeGeometry.js(83,32): error TS2339: Property 'extrudePath' does not exist on type '{}'.
src/geometries/ExtrudeGeometry.js(85,26): error TS2339: Property 'UVGenerator' does not exist on type '{}'.
src/geometries/ExtrudeGeometry.js(85,62): error TS2339: Property 'UVGenerator' does not exist on type '{}'.
src/geometries/ExtrudeGeometry.js(401,6): error TS18048: 'normal' is possibly 'undefined'.
src/geometries/ExtrudeGeometry.js(402,6): error TS18048: 'binormal' is possibly 'undefined'.
src/geometries/ExtrudeGeometry.js(404,6): error TS18048: 'position2' is possibly 'undefined'.
src/geometries/ExtrudeGeometry.js(406,9): error TS18048: 'position2' is possibly 'undefined'.
src/geometries/ExtrudeGeometry.js(406,22): error TS18048: 'position2' is possibly 'undefined'.
src/geometries/ExtrudeGeometry.js(406,35): error TS18048: 'position2' is possibly 'undefined'.
src/geometries/ExtrudeGeometry.js(429,7): error TS18048: 'normal' is possibly 'undefined'.
src/geometries/ExtrudeGeometry.js(430,7): error TS18048: 'binormal' is possibly 'undefined'.
src/geometries/ExtrudeGeometry.js(432,7): error TS18048: 'position2' is possibly 'undefined'.
src/geometries/ExtrudeGeometry.js(434,10): error TS18048: 'position2' is possibly 'undefined'.
src/geometries/ExtrudeGeometry.js(434,23): error TS18048: 'position2' is possibly 'undefined'.
src/geometries/ExtrudeGeometry.js(434,36): error TS18048: 'position2' is possibly 'undefined'.
src/geometries/ExtrudeGeometry.js(717,35): error TS7053: Element implicitly has an 'any' type because expression of type 'any' can't be used to index type 'typeof import("C:/Users/srigaud/Desktop/three.js/src/extras/curves/Curves")'.
src/geometries/ExtrudeGeometry.js(721,31): error TS2345: Argument of type 'any[]' is not assignable to parameter of type 'Shape'.
  Type 'any[]' is missing the following properties from type 'Shape': uuid, type, holes, getPointsHoles, and 36 more.
src/geometries/IcosahedronGeometry.js(3,7): error TS2415: Class 'IcosahedronGeometry' incorrectly extends base class 'PolyhedronGeometry'.
  Types of property 'parameters' are incompatible.
    Type '{ radius: number; detail: number; }' is missing the following properties from type '{ vertices: any[]; indices: any[]; radius: number; detail: number; }': vertices, indices
src/geometries/OctahedronGeometry.js(3,7): error TS2415: Class 'OctahedronGeometry' incorrectly extends base class 'PolyhedronGeometry'.
  Types of property 'parameters' are incompatible.
    Type '{ radius: number; detail: number; }' is missing the following properties from type '{ vertices: any[]; indices: any[]; radius: number; detail: number; }': vertices, indices
src/geometries/PolyhedronGeometry.js(103,7): error TS2322: Type 'any' is not assignable to type 'never'.
src/geometries/PolyhedronGeometry.js(107,7): error TS2322: Type 'any' is not assignable to type 'never'.
src/geometries/ShapeGeometry.js(165,29): error TS2345: Argument of type 'any[]' is not assignable to parameter of type 'Shape'.
  Type 'any[]' is missing the following properties from type 'Shape': uuid, type, holes, getPointsHoles, and 36 more.
src/geometries/TetrahedronGeometry.js(3,7): error TS2415: Class 'TetrahedronGeometry' incorrectly extends base class 'PolyhedronGeometry'.
  Types of property 'parameters' are incompatible.
    Type '{ radius: number; detail: number; }' is missing the following properties from type '{ vertices: any[]; indices: any[]; radius: number; detail: number; }': vertices, indices
src/geometries/TubeGeometry.js(88,4): error TS2322: Type 'null' is not assignable to type 'Vector3'.
src/geometries/TubeGeometry.js(180,8): error TS2339: Property 'path' does not exist on type '{ metadata: { version: number; type: string; generator: string; }; }'.
src/geometries/TubeGeometry.js(191,8): error TS7053: Element implicitly has an 'any' type because expression of type 'any' can't be used to index type 'typeof import("C:/Users/srigaud/Desktop/three.js/src/extras/curves/Curves")'.
src/geometries/WireframeGeometry.js(29,18): error TS2339: Property 'index' does not exist on type 'never'.
src/geometries/WireframeGeometry.js(33,31): error TS2339: Property 'attributes' does not exist on type 'never'.
src/geometries/WireframeGeometry.js(34,30): error TS2339: Property 'index' does not exist on type 'never'.
src/geometries/WireframeGeometry.js(35,27): error TS2339: Property 'groups' does not exist on type 'never'.
src/geometries/WireframeGeometry.js(79,31): error TS2339: Property 'attributes' does not exist on type 'never'.
src/helpers/ArrowHelper.js(34,8): error TS2339: Property 'position' does not exist on type 'ArrowHelper'.
src/helpers/ArrowHelper.js(55,9): error TS2339: Property 'quaternion' does not exist on type 'ArrowHelper'.
src/helpers/ArrowHelper.js(59,9): error TS2339: Property 'quaternion' does not exist on type 'ArrowHelper'.
src/helpers/ArrowHelper.js(67,9): error TS2339: Property 'quaternion' does not exist on type 'ArrowHelper'.
src/helpers/ArrowHelper.js(75,13): error TS2339: Property 'scale' does not exist on type 'Line'.
src/helpers/ArrowHelper.js(78,13): error TS2339: Property 'scale' does not exist on type 'Mesh'.
src/helpers/ArrowHelper.js(79,13): error TS2339: Property 'position' does not exist on type 'Mesh'.
src/helpers/AxesHelper.js(38,42): error TS2339: Property 'color' does not exist on type '{}'.
src/helpers/AxesHelper.js(52,28): error TS2339: Property 'color' does not exist on type '{}'.
src/helpers/Box3Helper.js(36,23): error TS2339: Property 'position' does not exist on type 'Box3Helper'.
src/helpers/Box3Helper.js(38,21): error TS2339: Property 'scale' does not exist on type 'Box3Helper'.
src/helpers/Box3Helper.js(40,8): error TS2339: Property 'scale' does not exist on type 'Box3Helper'.
src/helpers/BoxHelper.js(66,45): error TS2339: Property 'position' does not exist on type '{}'.
src/helpers/CameraHelper.js(91,9): error TS7053: Element implicitly has an 'any' type because expression of type 'any' can't be used to index type '{}'.
src/helpers/CameraHelper.js(93,5): error TS7053: Element implicitly has an 'any' type because expression of type 'any' can't be used to index type '{}'.
src/helpers/CameraHelper.js(97,4): error TS7053: Element implicitly has an 'any' type because expression of type 'any' can't be used to index type '{}'.
src/helpers/DirectionalLightHelper.js(86,19): error TS2339: Property 'scale' does not exist on type 'Line'.
src/helpers/GridHelper.js(11,3): error TS2322: Type 'Color' is not assignable to type 'number'.
src/helpers/GridHelper.js(12,3): error TS2322: Type 'Color' is not assignable to type 'number'.
src/helpers/GridHelper.js(27,10): error TS2339: Property 'toArray' does not exist on type 'number'.
src/helpers/GridHelper.js(28,10): error TS2339: Property 'toArray' does not exist on type 'number'.
src/helpers/GridHelper.js(29,10): error TS2339: Property 'toArray' does not exist on type 'number'.
src/helpers/GridHelper.js(30,10): error TS2339: Property 'toArray' does not exist on type 'number'.
src/helpers/PlaneHelper.js(40,8): error TS2339: Property 'position' does not exist on type 'PlaneHelper'.
src/helpers/PlaneHelper.js(42,8): error TS2339: Property 'scale' does not exist on type 'PlaneHelper'.
src/helpers/PolarGridHelper.js(11,3): error TS2322: Type 'Color' is not assignable to type 'number'.
src/helpers/PolarGridHelper.js(12,3): error TS2322: Type 'Color' is not assignable to type 'number'.
src/helpers/PolarGridHelper.js(33,24): error TS2339: Property 'r' does not exist on type 'number'.
src/helpers/PolarGridHelper.js(33,33): error TS2339: Property 'g' does not exist on type 'number'.
src/helpers/PolarGridHelper.js(33,42): error TS2339: Property 'b' does not exist on type 'number'.
src/helpers/PolarGridHelper.js(34,24): error TS2339: Property 'r' does not exist on type 'number'.
src/helpers/PolarGridHelper.js(34,33): error TS2339: Property 'g' does not exist on type 'number'.
src/helpers/PolarGridHelper.js(34,42): error TS2339: Property 'b' does not exist on type 'number'.
src/helpers/PolarGridHelper.js(58,24): error TS2339: Property 'r' does not exist on type 'number'.
src/helpers/PolarGridHelper.js(58,33): error TS2339: Property 'g' does not exist on type 'number'.
src/helpers/PolarGridHelper.js(58,42): error TS2339: Property 'b' does not exist on type 'number'.
src/helpers/PolarGridHelper.js(68,24): error TS2339: Property 'r' does not exist on type 'number'.
src/helpers/PolarGridHelper.js(68,33): error TS2339: Property 'g' does not exist on type 'number'.
src/helpers/PolarGridHelper.js(68,42): error TS2339: Property 'b' does not exist on type 'number'.
src/helpers/SpotLightHelper.js(90,13): error TS2339: Property 'scale' does not exist on type 'LineSegments'.
src/lights/DirectionalLight.js(15,8): error TS2339: Property 'position' does not exist on type 'DirectionalLight'.
src/lights/HemisphereLight.js(15,8): error TS2339: Property 'position' does not exist on type 'HemisphereLight'.
src/lights/Light.js(40,15): error TS2339: Property 'color' does not exist on type '{ uuid: string; type: string; name: string; castShadow: boolean; receiveShadow: boolean; visible: boolean; frustumCulled: boolean; renderOrder: number; userData: {}; layers: number; matrix: any[]; up: any; ... 28 more ...; animations: any[]; }'.
src/lights/Light.js(41,15): error TS2339: Property 'intensity' does not exist on type '{ uuid: string; type: string; name: string; castShadow: boolean; receiveShadow: boolean; visible: boolean; frustumCulled: boolean; renderOrder: number; userData: {}; layers: number; matrix: any[]; up: any; ... 28 more ...; animations: any[]; }'.
src/lights/Light.js(43,13): error TS2339: Property 'groundColor' does not exist on type 'Light'.
src/lights/Light.js(43,53): error TS2339: Property 'groundColor' does not exist on type '{ uuid: string; type: string; name: string; castShadow: boolean; receiveShadow: boolean; visible: boolean; frustumCulled: boolean; renderOrder: number; userData: {}; layers: number; matrix: any[]; up: any; ... 28 more ...; animations: any[]; }'.
src/lights/Light.js(43,72): error TS2339: Property 'groundColor' does not exist on type 'Light'.
src/lights/Light.js(45,13): error TS2339: Property 'distance' does not exist on type 'Light'.
src/lights/Light.js(45,50): error TS2339: Property 'distance' does not exist on type '{ uuid: string; type: string; name: string; castShadow: boolean; receiveShadow: boolean; visible: boolean; frustumCulled: boolean; renderOrder: number; userData: {}; layers: number; matrix: any[]; up: any; ... 28 more ...; animations: any[]; }'.
src/lights/Light.js(45,66): error TS2339: Property 'distance' does not exist on type 'Light'.
src/lights/Light.js(46,13): error TS2339: Property 'angle' does not exist on type 'Light'.
src/lights/Light.js(46,47): error TS2339: Property 'angle' does not exist on type '{ uuid: string; type: string; name: string; castShadow: boolean; receiveShadow: boolean; visible: boolean; frustumCulled: boolean; renderOrder: number; userData: {}; layers: number; matrix: any[]; up: any; ... 28 more ...; animations: any[]; }'.
src/lights/Light.js(46,60): error TS2339: Property 'angle' does not exist on type 'Light'.
src/lights/Light.js(47,13): error TS2339: Property 'decay' does not exist on type 'Light'.
src/lights/Light.js(47,47): error TS2339: Property 'decay' does not exist on type '{ uuid: string; type: string; name: string; castShadow: boolean; receiveShadow: boolean; visible: boolean; frustumCulled: boolean; renderOrder: number; userData: {}; layers: number; matrix: any[]; up: any; ... 28 more ...; animations: any[]; }'.
src/lights/Light.js(47,60): error TS2339: Property 'decay' does not exist on type 'Light'.
src/lights/Light.js(48,13): error TS2339: Property 'penumbra' does not exist on type 'Light'.
src/lights/Light.js(48,50): error TS2339: Property 'penumbra' does not exist on type '{ uuid: string; type: string; name: string; castShadow: boolean; receiveShadow: boolean; visible: boolean; frustumCulled: boolean; renderOrder: number; userData: {}; layers: number; matrix: any[]; up: any; ... 28 more ...; animations: any[]; }'.
src/lights/Light.js(48,66): error TS2339: Property 'penumbra' does not exist on type 'Light'.
src/lights/Light.js(50,13): error TS2339: Property 'shadow' does not exist on type 'Light'.
src/lights/Light.js(50,48): error TS2339: Property 'shadow' does not exist on type '{ uuid: string; type: string; name: string; castShadow: boolean; receiveShadow: boolean; visible: boolean; frustumCulled: boolean; renderOrder: number; userData: {}; layers: number; matrix: any[]; up: any; ... 28 more ...; animations: any[]; }'.
src/lights/Light.js(50,62): error TS2339: Property 'shadow' does not exist on type 'Light'.
src/lights/Light.js(51,13): error TS2339: Property 'target' does not exist on type 'Light'.
src/lights/Light.js(51,48): error TS2339: Property 'target' does not exist on type '{ uuid: string; type: string; name: string; castShadow: boolean; receiveShadow: boolean; visible: boolean; frustumCulled: boolean; renderOrder: number; userData: {}; layers: number; matrix: any[]; up: any; ... 28 more ...; animations: any[]; }'.
src/lights/Light.js(51,62): error TS2339: Property 'target' does not exist on type 'Light'.
src/lights/LightProbe.js(39,15): error TS2339: Property 'sh' does not exist on type '{ uuid: string; type: string; name: string; castShadow: boolean; receiveShadow: boolean; visible: boolean; frustumCulled: boolean; renderOrder: number; userData: {}; layers: number; matrix: any[]; up: any; ... 28 more ...; animations: any[]; }'.
src/lights/LightShadow.js(26,3): error TS7008: Member 'map' implicitly has an 'any' type.
src/lights/LightShadow.js(27,3): error TS7008: Member 'mapPass' implicitly has an 'any' type.
src/lights/LightShadow.js(129,14): error TS2351: This expression is not constructable.
  Type 'Function' has no construct signatures.
src/lights/RectAreaLight.js(47,15): error TS2339: Property 'width' does not exist on type '{ uuid: string; type: string; name: string; castShadow: boolean; receiveShadow: boolean; visible: boolean; frustumCulled: boolean; renderOrder: number; userData: {}; layers: number; matrix: any[]; up: any; ... 28 more ...; animations: any[]; }'.
src/lights/RectAreaLight.js(48,15): error TS2339: Property 'height' does not exist on type '{ uuid: string; type: string; name: string; castShadow: boolean; receiveShadow: boolean; visible: boolean; frustumCulled: boolean; renderOrder: number; userData: {}; layers: number; matrix: any[]; up: any; ... 28 more ...; animations: any[]; }'.
src/lights/SpotLight.js(15,8): error TS2339: Property 'position' does not exist on type 'SpotLight'.
src/loaders/BufferGeometryLoader.js(62,9): error TS7053: Element implicitly has an 'any' type because expression of type 'any' can't be used to index type '{}'.
src/loaders/BufferGeometryLoader.js(62,61): error TS7053: Element implicitly has an 'any' type because expression of type 'any' can't be used to index type '{}'.
src/loaders/BufferGeometryLoader.js(73,4): error TS7053: Element implicitly has an 'any' type because expression of type 'any' can't be used to index type '{}'.
src/loaders/BufferGeometryLoader.js(81,9): error TS7053: Element implicitly has an 'any' type because expression of type 'any' can't be used to index type '{}'.
src/loaders/BufferGeometryLoader.js(81,55): error TS7053: Element implicitly has an 'any' type because expression of type 'any' can't be used to index type '{}'.
src/loaders/BufferGeometryLoader.js(88,4): error TS7053: Element implicitly has an 'any' type because expression of type 'any' can't be used to index type '{}'.
src/loaders/BufferGeometryLoader.js(126,57): error TS2339: Property 'setUsage' does not exist on type 'BufferAttribute | InterleavedBufferAttribute'.
  Property 'setUsage' does not exist on type 'InterleavedBufferAttribute'.
src/loaders/BufferGeometryLoader.js(164,5): error TS7053: Element implicitly has an 'any' type because expression of type 'string' can't be used to index type '{}'.
  No index signature with a parameter of type 'string' was found on type '{}'.
src/loaders/Cache.js(13,3): error TS7053: Element implicitly has an 'any' type because expression of type 'any' can't be used to index type '{}'.
src/loaders/Cache.js(23,10): error TS7053: Element implicitly has an 'any' type because expression of type 'any' can't be used to index type '{}'.
src/loaders/Cache.js(29,10): error TS7053: Element implicitly has an 'any' type because expression of type 'any' can't be used to index type '{}'.
src/loaders/CompressedTextureLoader.js(40,35): error TS2554: Expected 0 arguments, but got 2.
src/loaders/CompressedTextureLoader.js(43,22): error TS2339: Property 'width' does not exist on type 'void'.
src/loaders/CompressedTextureLoader.js(44,23): error TS2339: Property 'height' does not exist on type 'void'.
src/loaders/CompressedTextureLoader.js(45,23): error TS2339: Property 'format' does not exist on type 'void'.
src/loaders/CompressedTextureLoader.js(46,24): error TS2339: Property 'mipmaps' does not exist on type 'void'.
src/loaders/CompressedTextureLoader.js(53,20): error TS2339: Property 'mipmapCount' does not exist on type 'void'.
src/loaders/CompressedTextureLoader.js(55,6): error TS2739: Type 'any[]' is missing the following properties from type '{ width: any; height: any; }': width, height
src/loaders/CompressedTextureLoader.js(56,32): error TS2339: Property 'format' does not exist on type 'void'.
src/loaders/CompressedTextureLoader.js(81,35): error TS2554: Expected 0 arguments, but got 2.
src/loaders/CompressedTextureLoader.js(83,19): error TS2339: Property 'isCubemap' does not exist on type 'void'.
src/loaders/CompressedTextureLoader.js(85,29): error TS2339: Property 'mipmaps' does not exist on type 'void'.
src/loaders/CompressedTextureLoader.js(85,55): error TS2339: Property 'mipmapCount' does not exist on type 'void'.
src/loaders/CompressedTextureLoader.js(91,37): error TS2339: Property 'mipmapCount' does not exist on type 'void'.
src/loaders/CompressedTextureLoader.js(93,43): error TS2339: Property 'mipmaps' does not exist on type 'void'.
src/loaders/CompressedTextureLoader.js(93,65): error TS2339: Property 'mipmapCount' does not exist on type 'void'.
src/loaders/CompressedTextureLoader.js(94,38): error TS2339: Property 'format' does not exist on type 'void'.
src/loaders/CompressedTextureLoader.js(95,37): error TS2339: Property 'width' does not exist on type 'void'.
src/loaders/CompressedTextureLoader.js(96,38): error TS2339: Property 'height' does not exist on type 'void'.
src/loaders/CompressedTextureLoader.js(102,6): error TS2739: Type 'any[]' is missing the following properties from type '{ width: any; height: any; }': width, height
src/loaders/CompressedTextureLoader.js(106,37): error TS2339: Property 'width' does not exist on type 'void'.
src/loaders/CompressedTextureLoader.js(107,38): error TS2339: Property 'height' does not exist on type 'void'.
src/loaders/CompressedTextureLoader.js(108,33): error TS2339: Property 'mipmaps' does not exist on type 'void'.
src/loaders/CompressedTextureLoader.js(112,19): error TS2339: Property 'mipmapCount' does not exist on type 'void'.
src/loaders/CompressedTextureLoader.js(118,31): error TS2339: Property 'format' does not exist on type 'void'.
src/loaders/DataTextureLoader.js(37,28): error TS2554: Expected 0 arguments, but got 1.
src/loaders/DataTextureLoader.js(54,17): error TS2339: Property 'image' does not exist on type 'void'.
src/loaders/DataTextureLoader.js(56,29): error TS2339: Property 'image' does not exist on type 'void'.
src/loaders/DataTextureLoader.js(58,24): error TS2339: Property 'data' does not exist on type 'void'.
src/loaders/DataTextureLoader.js(60,35): error TS2339: Property 'width' does not exist on type 'void'.
src/loaders/DataTextureLoader.js(61,36): error TS2339: Property 'height' does not exist on type 'void'.
src/loaders/DataTextureLoader.js(62,34): error TS2339: Property 'data' does not exist on type 'void'.
src/loaders/DataTextureLoader.js(66,28): error TS2339: Property 'wrapS' does not exist on type 'void'.
src/loaders/DataTextureLoader.js(66,58): error TS2339: Property 'wrapS' does not exist on type 'void'.
src/loaders/DataTextureLoader.js(67,28): error TS2339: Property 'wrapT' does not exist on type 'void'.
src/loaders/DataTextureLoader.js(67,58): error TS2339: Property 'wrapT' does not exist on type 'void'.
src/loaders/DataTextureLoader.js(69,32): error TS2339: Property 'magFilter' does not exist on type 'void'.
src/loaders/DataTextureLoader.js(69,66): error TS2339: Property 'magFilter' does not exist on type 'void'.
src/loaders/DataTextureLoader.js(70,32): error TS2339: Property 'minFilter' does not exist on type 'void'.
src/loaders/DataTextureLoader.js(70,66): error TS2339: Property 'minFilter' does not exist on type 'void'.
src/loaders/DataTextureLoader.js(72,33): error TS2339: Property 'anisotropy' does not exist on type 'void'.
src/loaders/DataTextureLoader.js(72,68): error TS2339: Property 'anisotropy' does not exist on type 'void'.
src/loaders/DataTextureLoader.js(74,17): error TS2339: Property 'colorSpace' does not exist on type 'void'.
src/loaders/DataTextureLoader.js(76,34): error TS2339: Property 'colorSpace' does not exist on type 'void'.
src/loaders/DataTextureLoader.js(80,17): error TS2339: Property 'flipY' does not exist on type 'void'.
src/loaders/DataTextureLoader.js(82,29): error TS2339: Property 'flipY' does not exist on type 'void'.
src/loaders/DataTextureLoader.js(86,17): error TS2339: Property 'format' does not exist on type 'void'.
src/loaders/DataTextureLoader.js(88,30): error TS2339: Property 'format' does not exist on type 'void'.
src/loaders/DataTextureLoader.js(92,17): error TS2339: Property 'type' does not exist on type 'void'.
src/loaders/DataTextureLoader.js(94,28): error TS2339: Property 'type' does not exist on type 'void'.
src/loaders/DataTextureLoader.js(98,17): error TS2339: Property 'mipmaps' does not exist on type 'void'.
src/loaders/DataTextureLoader.js(100,31): error TS2339: Property 'mipmaps' does not exist on type 'void'.
src/loaders/DataTextureLoader.js(105,17): error TS2339: Property 'mipmapCount' does not exist on type 'void'.
src/loaders/DataTextureLoader.js(111,17): error TS2339: Property 'generateMipmaps' does not exist on type 'void'.
src/loaders/DataTextureLoader.js(113,39): error TS2339: Property 'generateMipmaps' does not exist on type 'void'.
src/loaders/FileLoader.js(53,8): error TS7053: Element implicitly has an 'any' type because expression of type 'any' can't be used to index type '{}'.
src/loaders/FileLoader.js(55,4): error TS7053: Element implicitly has an 'any' type because expression of type 'any' can't be used to index type '{}'.
src/loaders/FileLoader.js(68,3): error TS7053: Element implicitly has an 'any' type because expression of type 'any' can't be used to index type '{}'.
src/loaders/FileLoader.js(70,3): error TS7053: Element implicitly has an 'any' type because expression of type 'any' can't be used to index type '{}'.
src/loaders/FileLoader.js(110,24): error TS7053: Element implicitly has an 'any' type because expression of type 'any' can't be used to index type '{}'.
src/loaders/FileLoader.js(128,33): error TS7031: Binding element 'done' implicitly has an 'any' type.
src/loaders/FileLoader.js(128,39): error TS7031: Binding element 'value' implicitly has an 'any' type.
src/loaders/FileLoader.js(224,23): error TS7053: Element implicitly has an 'any' type because expression of type 'any' can't be used to index type '{}'.
src/loaders/FileLoader.js(225,12): error TS7053: Element implicitly has an 'any' type because expression of type 'any' can't be used to index type '{}'.
src/loaders/FileLoader.js(239,23): error TS7053: Element implicitly has an 'any' type because expression of type 'any' can't be used to index type '{}'.
src/loaders/FileLoader.js(249,12): error TS7053: Element implicitly has an 'any' type because expression of type 'any' can't be used to index type '{}'.
src/loaders/ImageLoader.js(45,20): error TS2683: 'this' implicitly has type 'any' because it does not have a type annotation.
src/loaders/ImageLoader.js(47,26): error TS2683: 'this' implicitly has type 'any' because it does not have a type annotation.
src/loaders/Loader.js(25,16): error TS2554: Expected 0 arguments, but got 4.
src/loaders/LoadingManager.js(16,3): error TS7008: Member 'onStart' implicitly has an 'any' type.
src/loaders/MaterialLoader.js(79,9): error TS7053: Element implicitly has an 'any' type because expression of type 'any' can't be used to index type '{}'.
src/loaders/MaterialLoader.js(85,11): error TS7053: Element implicitly has an 'any' type because expression of type 'any' can't be used to index type '{}'.
src/loaders/MaterialLoader.js(374,14): error TS7053: Element implicitly has an 'any' type because expression of type 'any' can't be used to index type '{ ShadowMaterial: typeof ShadowMaterial; SpriteMaterial: typeof SpriteMaterial; RawShaderMaterial: typeof RawShaderMaterial; ShaderMaterial: typeof ShaderMaterial; ... 13 more ...; Material: typeof Material; }'.
src/loaders/nodes/NodeLoader.js(32,27): error TS2503: Cannot find namespace 'Node'.
src/loaders/nodes/NodeLoader.js(46,2): error TS2416: Property 'load' in type 'NodeLoader' is not assignable to the same property in base type 'Loader'.
  Type '(url: string, onLoad: Function, onProgress: Function, onError: Function) => void' is not assignable to type '() => void'.
    Target signature provides too few arguments. Expected 4 or more, but got 0.
src/loaders/nodes/NodeLoader.js(90,28): error TS2488: Type 'Object' must have a '[Symbol.iterator]()' method that returns an iterator.
src/loaders/nodes/NodeLoader.js(94,5): error TS7053: Element implicitly has an 'any' type because expression of type 'any' can't be used to index type '{}'.
src/loaders/nodes/NodeLoader.js(95,5): error TS7053: Element implicitly has an 'any' type because expression of type 'any' can't be used to index type '{}'.
src/loaders/nodes/NodeLoader.js(101,28): error TS2488: Type 'Object' must have a '[Symbol.iterator]()' method that returns an iterator.
src/loaders/nodes/NodeLoader.js(105,18): error TS7053: Element implicitly has an 'any' type because expression of type 'any' can't be used to index type '{}'.
src/loaders/nodes/NodeLoader.js(124,2): error TS2416: Property 'parse' in type 'NodeLoader' is not assignable to the same property in base type 'Loader'.
  Type '(json: Object) => Node' is not assignable to type '() => void'.
    Target signature provides too few arguments. Expected 1 or more, but got 0.
src/loaders/nodes/NodeLoader.js(126,46): error TS2339: Property 'type' does not exist on type 'Object'.
src/loaders/nodes/NodeLoader.js(127,20): error TS2339: Property 'uuid' does not exist on type 'Object'.
src/loaders/nodes/NodeLoader.js(129,39): error TS2339: Property 'nodes' does not exist on type 'Object'.
src/loaders/nodes/NodeLoader.js(132,8): error TS2339: Property 'meta' does not exist on type 'Object'.
src/loaders/nodes/NodeLoader.js(136,15): error TS2339: Property 'meta' does not exist on type 'Object'.
src/loaders/nodes/NodeLoader.js(158,27): error TS2503: Cannot find namespace 'Node'.
src/loaders/nodes/NodeMaterialLoader.js(22,27): error TS2503: Cannot find namespace 'Node'.
src/loaders/nodes/NodeMaterialLoader.js(29,27): error TS2503: Cannot find namespace 'NodeMaterial'.
src/loaders/nodes/NodeMaterialLoader.js(46,27): error TS2339: Property 'inputNodes' does not exist on type 'Object'.
src/loaders/nodes/NodeMaterialLoader.js(63,27): error TS2503: Cannot find namespace 'Node'.
src/loaders/nodes/NodeMaterialLoader.js(76,27): error TS2503: Cannot find namespace 'NodeMaterial'.
src/loaders/nodes/NodeObjectLoader.js(26,27): error TS2503: Cannot find namespace 'Node'.
src/loaders/nodes/NodeObjectLoader.js(33,27): error TS2503: Cannot find namespace 'NodeMaterial'.
src/loaders/nodes/NodeObjectLoader.js(50,27): error TS2503: Cannot find namespace 'Node'.
src/loaders/nodes/NodeObjectLoader.js(56,3): error TS2322: Type 'this' is not assignable to type 'NodeLoader'.
  Type 'NodeObjectLoader' is missing the following properties from type 'NodeLoader': textures, setTextures, createNodeFromType
src/loaders/nodes/NodeObjectLoader.js(63,27): error TS2503: Cannot find namespace 'NodeMaterial'.
src/loaders/nodes/NodeObjectLoader.js(69,3): error TS2322: Type 'this' is not assignable to type 'NodeLoader'.
  Type 'NodeObjectLoader' is missing the following properties from type 'NodeLoader': textures, setTextures, createNodeFromType
src/loaders/nodes/NodeObjectLoader.js(82,26): error TS2339: Property 'nodes' does not exist on type 'Object'.
src/loaders/nodes/NodeObjectLoader.js(103,19): error TS2554: Expected 1 arguments, but got 0.
src/loaders/nodes/NodeObjectLoader.js(128,35): error TS2345: Argument of type 'Object | null' is not assignable to parameter of type 'Object'.
  Type 'null' is not assignable to type 'Object'.
src/loaders/nodes/NodeObjectLoader.js(130,19): error TS2554: Expected 1 arguments, but got 0.
src/loaders/nodes/NodeObjectLoader.js(135,30): error TS2339: Property 'length' does not exist on type 'Object'.
src/loaders/nodes/NodeObjectLoader.js(137,18): error TS7053: Element implicitly has an 'any' type because expression of type 'number' can't be used to index type 'Object'.
  No index signature with a parameter of type 'number' was found on type 'Object'.
src/loaders/nodes/NodeObjectLoader.js(139,5): error TS7053: Element implicitly has an 'any' type because expression of type 'any' can't be used to index type '{}'.
src/loaders/ObjectLoader.js(97,69): error TS18046: 'error' is of type 'unknown'.
src/loaders/ObjectLoader.js(177,10): error TS7053: Element implicitly has an 'any' type because expression of type 'string' can't be used to index type '{}'.
  No index signature with a parameter of type 'string' was found on type '{}'.
src/loaders/ObjectLoader.js(225,5): error TS7053: Element implicitly has an 'any' type because expression of type 'string' can't be used to index type '{}'.
  No index signature with a parameter of type 'string' was found on type '{}'.
src/loaders/ObjectLoader.js(244,24): error TS7053: Element implicitly has an 'any' type because expression of type 'any' can't be used to index type '{}'.
src/loaders/ObjectLoader.js(256,5): error TS7053: Element implicitly has an 'any' type because expression of type 'string' can't be used to index type '{}'.
  No index signature with a parameter of type 'string' was found on type '{}'.
src/loaders/ObjectLoader.js(291,19): error TS7053: Element implicitly has an 'any' type because expression of type 'any' can't be used to index type 'typeof import("C:/Users/srigaud/Desktop/three.js/src/geometries/Geometries")'.
src/loaders/ObjectLoader.js(306,5): error TS7053: Element implicitly has an 'any' type because expression of type 'any' can't be used to index type '{}'.
src/loaders/ObjectLoader.js(330,10): error TS7053: Element implicitly has an 'any' type because expression of type 'any' can't be used to index type '{}'.
src/loaders/ObjectLoader.js(332,6): error TS7053: Element implicitly has an 'any' type because expression of type 'any' can't be used to index type '{}'.
src/loaders/ObjectLoader.js(336,5): error TS7053: Element implicitly has an 'any' type because expression of type 'any' can't be used to index type '{}'.
src/loaders/ObjectLoader.js(336,30): error TS7053: Element implicitly has an 'any' type because expression of type 'any' can't be used to index type '{}'.
src/loaders/ObjectLoader.js(358,5): error TS7053: Element implicitly has an 'any' type because expression of type 'string' can't be used to index type '{}'.
  No index signature with a parameter of type 'string' was found on type '{}'.
src/loaders/ObjectLoader.js(464,6): error TS7053: Element implicitly has an 'any' type because expression of type 'any' can't be used to index type '{}'.
src/loaders/ObjectLoader.js(464,41): error TS2345: Argument of type 'any[]' is not assignable to parameter of type 'null | undefined'.
src/loaders/ObjectLoader.js(471,6): error TS7053: Element implicitly has an 'any' type because expression of type 'any' can't be used to index type '{}'.
src/loaders/ObjectLoader.js(561,6): error TS7053: Element implicitly has an 'any' type because expression of type 'any' can't be used to index type '{}'.
src/loaders/ObjectLoader.js(561,41): error TS2345: Argument of type 'any[]' is not assignable to parameter of type 'null | undefined'.
src/loaders/ObjectLoader.js(568,6): error TS7053: Element implicitly has an 'any' type because expression of type 'any' can't be used to index type '{}'.
src/loaders/ObjectLoader.js(674,55): error TS2339: Property 'compareFunction' does not exist on type 'Texture'.
src/loaders/ObjectLoader.js(678,5): error TS7053: Element implicitly has an 'any' type because expression of type 'any' can't be used to index type '{}'.
src/loaders/ObjectLoader.js(920,12): error TS2339: Property '_drawRanges' does not exist on type 'BatchedMesh'.
src/loaders/ObjectLoader.js(921,12): error TS2339: Property '_reservedRanges' does not exist on type 'BatchedMesh'.
src/loaders/ObjectLoader.js(923,12): error TS2339: Property '_visibility' does not exist on type 'BatchedMesh'.
src/loaders/ObjectLoader.js(924,12): error TS2339: Property '_active' does not exist on type 'BatchedMesh'.
src/loaders/ObjectLoader.js(925,12): error TS2339: Property '_bounds' does not exist on type 'BatchedMesh'.
src/loaders/ObjectLoader.js(1021,67): error TS2339: Property 'position' does not exist on type 'Object3D | Mesh | Sprite | LOD | BatchedMesh | Line | Points'.
  Property 'position' does not exist on type 'Object3D'.
src/loaders/ObjectLoader.js(1021,84): error TS2339: Property 'quaternion' does not exist on type 'Object3D | Mesh | Sprite | LOD | BatchedMesh | Line | Points'.
  Property 'quaternion' does not exist on type 'Object3D'.
src/loaders/ObjectLoader.js(1021,103): error TS2339: Property 'scale' does not exist on type 'Object3D | Mesh | Sprite | LOD | BatchedMesh | Line | Points'.
  Property 'scale' does not exist on type 'Object3D'.
src/loaders/ObjectLoader.js(1025,46): error TS2339: Property 'position' does not exist on type 'Object3D | Mesh | Sprite | LOD | BatchedMesh | Line | Points'.
  Property 'position' does not exist on type 'Object3D'.
src/loaders/ObjectLoader.js(1026,46): error TS2339: Property 'rotation' does not exist on type 'Object3D | Mesh | Sprite | LOD | BatchedMesh | Line | Points'.
  Property 'rotation' does not exist on type 'Object3D'.
src/loaders/ObjectLoader.js(1027,48): error TS2339: Property 'quaternion' does not exist on type 'Object3D | Mesh | Sprite | LOD | BatchedMesh | Line | Points'.
  Property 'quaternion' does not exist on type 'Object3D'.
src/loaders/ObjectLoader.js(1028,43): error TS2339: Property 'scale' does not exist on type 'Object3D | Mesh | Sprite | LOD | BatchedMesh | Line | Points'.
  Property 'scale' does not exist on type 'Object3D'.
src/loaders/ObjectLoader.js(1039,54): error TS2339: Property 'shadow' does not exist on type 'Object3D | Mesh | Sprite | LOD | BatchedMesh | Line | Points'.
  Property 'shadow' does not exist on type 'Object3D'.
src/loaders/ObjectLoader.js(1040,49): error TS2339: Property 'shadow' does not exist on type 'Object3D | Mesh | Sprite | LOD | BatchedMesh | Line | Points'.
  Property 'shadow' does not exist on type 'Object3D'.
src/loaders/ObjectLoader.js(1041,55): error TS2339: Property 'shadow' does not exist on type 'Object3D | Mesh | Sprite | LOD | BatchedMesh | Line | Points'.
  Property 'shadow' does not exist on type 'Object3D'.
src/loaders/ObjectLoader.js(1042,51): error TS2339: Property 'shadow' does not exist on type 'Object3D | Mesh | Sprite | LOD | BatchedMesh | Line | Points'.
  Property 'shadow' does not exist on type 'Object3D'.
src/loaders/ObjectLoader.js(1043,52): error TS2339: Property 'shadow' does not exist on type 'Object3D | Mesh | Sprite | LOD | BatchedMesh | Line | Points'.
  Property 'shadow' does not exist on type 'Object3D'.
src/loaders/ObjectLoader.js(1044,51): error TS2339: Property 'shadow' does not exist on type 'Object3D | Mesh | Sprite | LOD | BatchedMesh | Line | Points'.
  Property 'shadow' does not exist on type 'Object3D'.
src/loaders/ObjectLoader.js(1082,48): error TS2339: Property 'autoUpdate' does not exist on type 'Object3D | Mesh | Sprite | LOD | BatchedMesh | Line | Points'.
  Property 'autoUpdate' does not exist on type 'Object3D'.
src/loaders/ObjectLoader.js(1093,13): error TS2339: Property 'addLevel' does not exist on type 'Object3D | Mesh | Sprite | LOD | BatchedMesh | Line | Points'.
  Property 'addLevel' does not exist on type 'Object3D'.
src/materials/Material.js(130,25): error TS7053: Element implicitly has an 'any' type because expression of type 'string' can't be used to index type 'Material'.
  No index signature with a parameter of type 'string' was found on type 'Material'.
src/materials/Material.js(149,5): error TS7053: Element implicitly has an 'any' type because expression of type 'string' can't be used to index type 'Material'.
  No index signature with a parameter of type 'string' was found on type 'Material'.
src/materials/Material.js(179,8): error TS2339: Property 'uuid' does not exist on type '{ metadata: { version: number; type: string; generator: string; }; }'.
src/materials/Material.js(180,8): error TS2339: Property 'type' does not exist on type '{ metadata: { version: number; type: string; generator: string; }; }'.
src/materials/Material.js(182,32): error TS2339: Property 'name' does not exist on type '{ metadata: { version: number; type: string; generator: string; }; }'.
src/materials/Material.js(184,13): error TS2339: Property 'color' does not exist on type 'Material'.
src/materials/Material.js(184,27): error TS2339: Property 'color' does not exist on type 'Material'.
src/materials/Material.js(184,48): error TS2339: Property 'color' does not exist on type '{ metadata: { version: number; type: string; generator: string; }; }'.
src/materials/Material.js(184,61): error TS2339: Property 'color' does not exist on type 'Material'.
src/materials/Material.js(186,13): error TS2339: Property 'roughness' does not exist on type 'Material'.
src/materials/Material.js(186,44): error TS2339: Property 'roughness' does not exist on type '{ metadata: { version: number; type: string; generator: string; }; }'.
src/materials/Material.js(186,61): error TS2339: Property 'roughness' does not exist on type 'Material'.
src/materials/Material.js(187,13): error TS2339: Property 'metalness' does not exist on type 'Material'.
src/materials/Material.js(187,44): error TS2339: Property 'metalness' does not exist on type '{ metadata: { version: number; type: string; generator: string; }; }'.
src/materials/Material.js(187,61): error TS2339: Property 'metalness' does not exist on type 'Material'.
src/materials/Material.js(189,13): error TS2339: Property 'sheen' does not exist on type 'Material'.
src/materials/Material.js(189,40): error TS2339: Property 'sheen' does not exist on type '{ metadata: { version: number; type: string; generator: string; }; }'.
src/materials/Material.js(189,53): error TS2339: Property 'sheen' does not exist on type 'Material'.
src/materials/Material.js(190,13): error TS2339: Property 'sheenColor' does not exist on type 'Material'.
src/materials/Material.js(190,32): error TS2339: Property 'sheenColor' does not exist on type 'Material'.
src/materials/Material.js(190,58): error TS2339: Property 'sheenColor' does not exist on type '{ metadata: { version: number; type: string; generator: string; }; }'.
src/materials/Material.js(190,76): error TS2339: Property 'sheenColor' does not exist on type 'Material'.
src/materials/Material.js(191,13): error TS2339: Property 'sheenRoughness' does not exist on type 'Material'.
src/materials/Material.js(191,49): error TS2339: Property 'sheenRoughness' does not exist on type '{ metadata: { version: number; type: string; generator: string; }; }'.
src/materials/Material.js(191,71): error TS2339: Property 'sheenRoughness' does not exist on type 'Material'.
src/materials/Material.js(192,13): error TS2339: Property 'emissive' does not exist on type 'Material'.
src/materials/Material.js(192,30): error TS2339: Property 'emissive' does not exist on type 'Material'.
src/materials/Material.js(192,54): error TS2339: Property 'emissive' does not exist on type '{ metadata: { version: number; type: string; generator: string; }; }'.
src/materials/Material.js(192,70): error TS2339: Property 'emissive' does not exist on type 'Material'.
src/materials/Material.js(193,13): error TS2339: Property 'emissiveIntensity' does not exist on type 'Material'.
src/materials/Material.js(193,53): error TS2339: Property 'emissiveIntensity' does not exist on type 'Material'.
src/materials/Material.js(193,84): error TS2339: Property 'emissiveIntensity' does not exist on type '{ metadata: { version: number; type: string; generator: string; }; }'.
src/materials/Material.js(193,109): error TS2339: Property 'emissiveIntensity' does not exist on type 'Material'.
src/materials/Material.js(195,13): error TS2339: Property 'specular' does not exist on type 'Material'.
src/materials/Material.js(195,30): error TS2339: Property 'specular' does not exist on type 'Material'.
src/materials/Material.js(195,54): error TS2339: Property 'specular' does not exist on type '{ metadata: { version: number; type: string; generator: string; }; }'.
src/materials/Material.js(195,70): error TS2339: Property 'specular' does not exist on type 'Material'.
src/materials/Material.js(196,13): error TS2339: Property 'specularIntensity' does not exist on type 'Material'.
src/materials/Material.js(196,52): error TS2339: Property 'specularIntensity' does not exist on type '{ metadata: { version: number; type: string; generator: string; }; }'.
src/materials/Material.js(196,77): error TS2339: Property 'specularIntensity' does not exist on type 'Material'.
src/materials/Material.js(197,13): error TS2339: Property 'specularColor' does not exist on type 'Material'.
src/materials/Material.js(197,35): error TS2339: Property 'specularColor' does not exist on type 'Material'.
src/materials/Material.js(197,64): error TS2339: Property 'specularColor' does not exist on type '{ metadata: { version: number; type: string; generator: string; }; }'.
src/materials/Material.js(197,85): error TS2339: Property 'specularColor' does not exist on type 'Material'.
src/materials/Material.js(198,13): error TS2339: Property 'shininess' does not exist on type 'Material'.
src/materials/Material.js(198,44): error TS2339: Property 'shininess' does not exist on type '{ metadata: { version: number; type: string; generator: string; }; }'.
src/materials/Material.js(198,61): error TS2339: Property 'shininess' does not exist on type 'Material'.
src/materials/Material.js(199,13): error TS2339: Property 'clearcoat' does not exist on type 'Material'.
src/materials/Material.js(199,44): error TS2339: Property 'clearcoat' does not exist on type '{ metadata: { version: number; type: string; generator: string; }; }'.
src/materials/Material.js(199,61): error TS2339: Property 'clearcoat' does not exist on type 'Material'.
src/materials/Material.js(200,13): error TS2339: Property 'clearcoatRoughness' does not exist on type 'Material'.
src/materials/Material.js(200,53): error TS2339: Property 'clearcoatRoughness' does not exist on type '{ metadata: { version: number; type: string; generator: string; }; }'.
src/materials/Material.js(200,79): error TS2339: Property 'clearcoatRoughness' does not exist on type 'Material'.
src/materials/Material.js(202,13): error TS2339: Property 'clearcoatMap' does not exist on type 'Material'.
src/materials/Material.js(202,34): error TS2339: Property 'clearcoatMap' does not exist on type 'Material'.
src/materials/Material.js(204,9): error TS2339: Property 'clearcoatMap' does not exist on type '{ metadata: { version: number; type: string; generator: string; }; }'.
src/materials/Material.js(204,29): error TS2339: Property 'clearcoatMap' does not exist on type 'Material'.
src/materials/Material.js(208,13): error TS2339: Property 'clearcoatRoughnessMap' does not exist on type 'Material'.
src/materials/Material.js(208,43): error TS2339: Property 'clearcoatRoughnessMap' does not exist on type 'Material'.
src/materials/Material.js(210,9): error TS2339: Property 'clearcoatRoughnessMap' does not exist on type '{ metadata: { version: number; type: string; generator: string; }; }'.
src/materials/Material.js(210,38): error TS2339: Property 'clearcoatRoughnessMap' does not exist on type 'Material'.
src/materials/Material.js(214,13): error TS2339: Property 'clearcoatNormalMap' does not exist on type 'Material'.
src/materials/Material.js(214,40): error TS2339: Property 'clearcoatNormalMap' does not exist on type 'Material'.
src/materials/Material.js(216,9): error TS2339: Property 'clearcoatNormalMap' does not exist on type '{ metadata: { version: number; type: string; generator: string; }; }'.
src/materials/Material.js(216,35): error TS2339: Property 'clearcoatNormalMap' does not exist on type 'Material'.
src/materials/Material.js(217,9): error TS2339: Property 'clearcoatNormalScale' does not exist on type '{ metadata: { version: number; type: string; generator: string; }; }'.
src/materials/Material.js(217,37): error TS2339: Property 'clearcoatNormalScale' does not exist on type 'Material'.
src/materials/Material.js(221,13): error TS2339: Property 'dispersion' does not exist on type 'Material'.
src/materials/Material.js(221,45): error TS2339: Property 'dispersion' does not exist on type '{ metadata: { version: number; type: string; generator: string; }; }'.
src/materials/Material.js(221,63): error TS2339: Property 'dispersion' does not exist on type 'Material'.
src/materials/Material.js(223,13): error TS2339: Property 'iridescence' does not exist on type 'Material'.
src/materials/Material.js(223,46): error TS2339: Property 'iridescence' does not exist on type '{ metadata: { version: number; type: string; generator: string; }; }'.
src/materials/Material.js(223,65): error TS2339: Property 'iridescence' does not exist on type 'Material'.
src/materials/Material.js(224,13): error TS2339: Property 'iridescenceIOR' does not exist on type 'Material'.
src/materials/Material.js(224,49): error TS2339: Property 'iridescenceIOR' does not exist on type '{ metadata: { version: number; type: string; generator: string; }; }'.
src/materials/Material.js(224,71): error TS2339: Property 'iridescenceIOR' does not exist on type 'Material'.
src/materials/Material.js(225,13): error TS2339: Property 'iridescenceThicknessRange' does not exist on type 'Material'.
src/materials/Material.js(225,60): error TS2339: Property 'iridescenceThicknessRange' does not exist on type '{ metadata: { version: number; type: string; generator: string; }; }'.
src/materials/Material.js(225,93): error TS2339: Property 'iridescenceThicknessRange' does not exist on type 'Material'.
src/materials/Material.js(227,13): error TS2339: Property 'iridescenceMap' does not exist on type 'Material'.
src/materials/Material.js(227,36): error TS2339: Property 'iridescenceMap' does not exist on type 'Material'.
src/materials/Material.js(229,9): error TS2339: Property 'iridescenceMap' does not exist on type '{ metadata: { version: number; type: string; generator: string; }; }'.
src/materials/Material.js(229,31): error TS2339: Property 'iridescenceMap' does not exist on type 'Material'.
src/materials/Material.js(233,13): error TS2339: Property 'iridescenceThicknessMap' does not exist on type 'Material'.
src/materials/Material.js(233,45): error TS2339: Property 'iridescenceThicknessMap' does not exist on type 'Material'.
src/materials/Material.js(235,9): error TS2339: Property 'iridescenceThicknessMap' does not exist on type '{ metadata: { version: number; type: string; generator: string; }; }'.
src/materials/Material.js(235,40): error TS2339: Property 'iridescenceThicknessMap' does not exist on type 'Material'.
src/materials/Material.js(239,13): error TS2339: Property 'anisotropy' does not exist on type 'Material'.
src/materials/Material.js(239,45): error TS2339: Property 'anisotropy' does not exist on type '{ metadata: { version: number; type: string; generator: string; }; }'.
src/materials/Material.js(239,63): error TS2339: Property 'anisotropy' does not exist on type 'Material'.
src/materials/Material.js(240,13): error TS2339: Property 'anisotropyRotation' does not exist on type 'Material'.
src/materials/Material.js(240,53): error TS2339: Property 'anisotropyRotation' does not exist on type '{ metadata: { version: number; type: string; generator: string; }; }'.
src/materials/Material.js(240,79): error TS2339: Property 'anisotropyRotation' does not exist on type 'Material'.
src/materials/Material.js(242,13): error TS2339: Property 'anisotropyMap' does not exist on type 'Material'.
src/materials/Material.js(242,35): error TS2339: Property 'anisotropyMap' does not exist on type 'Material'.
src/materials/Material.js(244,9): error TS2339: Property 'anisotropyMap' does not exist on type '{ metadata: { version: number; type: string; generator: string; }; }'.
src/materials/Material.js(244,30): error TS2339: Property 'anisotropyMap' does not exist on type 'Material'.
src/materials/Material.js(248,13): error TS2339: Property 'map' does not exist on type 'Material'.
src/materials/Material.js(248,25): error TS2339: Property 'map' does not exist on type 'Material'.
src/materials/Material.js(248,46): error TS2339: Property 'map' does not exist on type '{ metadata: { version: number; type: string; generator: string; }; }'.
src/materials/Material.js(248,57): error TS2339: Property 'map' does not exist on type 'Material'.
src/materials/Material.js(249,13): error TS2339: Property 'matcap' does not exist on type 'Material'.
src/materials/Material.js(249,28): error TS2339: Property 'matcap' does not exist on type 'Material'.
src/materials/Material.js(249,52): error TS2339: Property 'matcap' does not exist on type '{ metadata: { version: number; type: string; generator: string; }; }'.
src/materials/Material.js(249,66): error TS2339: Property 'matcap' does not exist on type 'Material'.
src/materials/Material.js(250,13): error TS2339: Property 'alphaMap' does not exist on type 'Material'.
src/materials/Material.js(250,30): error TS2339: Property 'alphaMap' does not exist on type 'Material'.
src/materials/Material.js(250,56): error TS2339: Property 'alphaMap' does not exist on type '{ metadata: { version: number; type: string; generator: string; }; }'.
src/materials/Material.js(250,72): error TS2339: Property 'alphaMap' does not exist on type 'Material'.
src/materials/Material.js(252,13): error TS2339: Property 'lightMap' does not exist on type 'Material'.
src/materials/Material.js(252,30): error TS2339: Property 'lightMap' does not exist on type 'Material'.
src/materials/Material.js(254,9): error TS2339: Property 'lightMap' does not exist on type '{ metadata: { version: number; type: string; generator: string; }; }'.
src/materials/Material.js(254,25): error TS2339: Property 'lightMap' does not exist on type 'Material'.
src/materials/Material.js(255,9): error TS2339: Property 'lightMapIntensity' does not exist on type '{ metadata: { version: number; type: string; generator: string; }; }'.
src/materials/Material.js(255,34): error TS2339: Property 'lightMapIntensity' does not exist on type 'Material'.
src/materials/Material.js(259,13): error TS2339: Property 'aoMap' does not exist on type 'Material'.
src/materials/Material.js(259,27): error TS2339: Property 'aoMap' does not exist on type 'Material'.
src/materials/Material.js(261,9): error TS2339: Property 'aoMap' does not exist on type '{ metadata: { version: number; type: string; generator: string; }; }'.
src/materials/Material.js(261,22): error TS2339: Property 'aoMap' does not exist on type 'Material'.
src/materials/Material.js(262,9): error TS2339: Property 'aoMapIntensity' does not exist on type '{ metadata: { version: number; type: string; generator: string; }; }'.
src/materials/Material.js(262,31): error TS2339: Property 'aoMapIntensity' does not exist on type 'Material'.
src/materials/Material.js(266,13): error TS2339: Property 'bumpMap' does not exist on type 'Material'.
src/materials/Material.js(266,29): error TS2339: Property 'bumpMap' does not exist on type 'Material'.
src/materials/Material.js(268,9): error TS2339: Property 'bumpMap' does not exist on type '{ metadata: { version: number; type: string; generator: string; }; }'.
src/materials/Material.js(268,24): error TS2339: Property 'bumpMap' does not exist on type 'Material'.
src/materials/Material.js(269,9): error TS2339: Property 'bumpScale' does not exist on type '{ metadata: { version: number; type: string; generator: string; }; }'.
src/materials/Material.js(269,26): error TS2339: Property 'bumpScale' does not exist on type 'Material'.
src/materials/Material.js(273,13): error TS2339: Property 'normalMap' does not exist on type 'Material'.
src/materials/Material.js(273,31): error TS2339: Property 'normalMap' does not exist on type 'Material'.
src/materials/Material.js(275,9): error TS2339: Property 'normalMap' does not exist on type '{ metadata: { version: number; type: string; generator: string; }; }'.
src/materials/Material.js(275,26): error TS2339: Property 'normalMap' does not exist on type 'Material'.
src/materials/Material.js(276,9): error TS2339: Property 'normalMapType' does not exist on type '{ metadata: { version: number; type: string; generator: string; }; }'.
src/materials/Material.js(276,30): error TS2339: Property 'normalMapType' does not exist on type 'Material'.
src/materials/Material.js(277,9): error TS2339: Property 'normalScale' does not exist on type '{ metadata: { version: number; type: string; generator: string; }; }'.
src/materials/Material.js(277,28): error TS2339: Property 'normalScale' does not exist on type 'Material'.
src/materials/Material.js(281,13): error TS2339: Property 'displacementMap' does not exist on type 'Material'.
src/materials/Material.js(281,37): error TS2339: Property 'displacementMap' does not exist on type 'Material'.
src/materials/Material.js(283,9): error TS2339: Property 'displacementMap' does not exist on type '{ metadata: { version: number; type: string; generator: string; }; }'.
src/materials/Material.js(283,32): error TS2339: Property 'displacementMap' does not exist on type 'Material'.
src/materials/Material.js(284,9): error TS2339: Property 'displacementScale' does not exist on type '{ metadata: { version: number; type: string; generator: string; }; }'.
src/materials/Material.js(284,34): error TS2339: Property 'displacementScale' does not exist on type 'Material'.
src/materials/Material.js(285,9): error TS2339: Property 'displacementBias' does not exist on type '{ metadata: { version: number; type: string; generator: string; }; }'.
src/materials/Material.js(285,33): error TS2339: Property 'displacementBias' does not exist on type 'Material'.
src/materials/Material.js(289,13): error TS2339: Property 'roughnessMap' does not exist on type 'Material'.
src/materials/Material.js(289,34): error TS2339: Property 'roughnessMap' does not exist on type 'Material'.
src/materials/Material.js(289,64): error TS2339: Property 'roughnessMap' does not exist on type '{ metadata: { version: number; type: string; generator: string; }; }'.
src/materials/Material.js(289,84): error TS2339: Property 'roughnessMap' does not exist on type 'Material'.
src/materials/Material.js(290,13): error TS2339: Property 'metalnessMap' does not exist on type 'Material'.
src/materials/Material.js(290,34): error TS2339: Property 'metalnessMap' does not exist on type 'Material'.
src/materials/Material.js(290,64): error TS2339: Property 'metalnessMap' does not exist on type '{ metadata: { version: number; type: string; generator: string; }; }'.
src/materials/Material.js(290,84): error TS2339: Property 'metalnessMap' does not exist on type 'Material'.
src/materials/Material.js(292,13): error TS2339: Property 'emissiveMap' does not exist on type 'Material'.
src/materials/Material.js(292,33): error TS2339: Property 'emissiveMap' does not exist on type 'Material'.
src/materials/Material.js(292,62): error TS2339: Property 'emissiveMap' does not exist on type '{ metadata: { version: number; type: string; generator: string; }; }'.
src/materials/Material.js(292,81): error TS2339: Property 'emissiveMap' does not exist on type 'Material'.
src/materials/Material.js(293,13): error TS2339: Property 'specularMap' does not exist on type 'Material'.
src/materials/Material.js(293,33): error TS2339: Property 'specularMap' does not exist on type 'Material'.
src/materials/Material.js(293,62): error TS2339: Property 'specularMap' does not exist on type '{ metadata: { version: number; type: string; generator: string; }; }'.
src/materials/Material.js(293,81): error TS2339: Property 'specularMap' does not exist on type 'Material'.
src/materials/Material.js(294,13): error TS2339: Property 'specularIntensityMap' does not exist on type 'Material'.
src/materials/Material.js(294,42): error TS2339: Property 'specularIntensityMap' does not exist on type 'Material'.
src/materials/Material.js(294,80): error TS2339: Property 'specularIntensityMap' does not exist on type '{ metadata: { version: number; type: string; generator: string; }; }'.
src/materials/Material.js(294,108): error TS2339: Property 'specularIntensityMap' does not exist on type 'Material'.
src/materials/Material.js(295,13): error TS2339: Property 'specularColorMap' does not exist on type 'Material'.
src/materials/Material.js(295,38): error TS2339: Property 'specularColorMap' does not exist on type 'Material'.
src/materials/Material.js(295,72): error TS2339: Property 'specularColorMap' does not exist on type '{ metadata: { version: number; type: string; generator: string; }; }'.
src/materials/Material.js(295,96): error TS2339: Property 'specularColorMap' does not exist on type 'Material'.
src/materials/Material.js(297,13): error TS2339: Property 'envMap' does not exist on type 'Material'.
src/materials/Material.js(297,28): error TS2339: Property 'envMap' does not exist on type 'Material'.
src/materials/Material.js(299,9): error TS2339: Property 'envMap' does not exist on type '{ metadata: { version: number; type: string; generator: string; }; }'.
src/materials/Material.js(299,23): error TS2339: Property 'envMap' does not exist on type 'Material'.
src/materials/Material.js(301,14): error TS2339: Property 'combine' does not exist on type 'Material'.
src/materials/Material.js(301,43): error TS2339: Property 'combine' does not exist on type '{ metadata: { version: number; type: string; generator: string; }; }'.
src/materials/Material.js(301,58): error TS2339: Property 'combine' does not exist on type 'Material'.
src/materials/Material.js(305,13): error TS2339: Property 'envMapRotation' does not exist on type 'Material'.
src/materials/Material.js(305,49): error TS2339: Property 'envMapRotation' does not exist on type '{ metadata: { version: number; type: string; generator: string; }; }'.
src/materials/Material.js(305,71): error TS2339: Property 'envMapRotation' does not exist on type 'Material'.
src/materials/Material.js(306,13): error TS2339: Property 'envMapIntensity' does not exist on type 'Material'.
src/materials/Material.js(306,50): error TS2339: Property 'envMapIntensity' does not exist on type '{ metadata: { version: number; type: string; generator: string; }; }'.
src/materials/Material.js(306,73): error TS2339: Property 'envMapIntensity' does not exist on type 'Material'.
src/materials/Material.js(307,13): error TS2339: Property 'reflectivity' does not exist on type 'Material'.
src/materials/Material.js(307,47): error TS2339: Property 'reflectivity' does not exist on type '{ metadata: { version: number; type: string; generator: string; }; }'.
src/materials/Material.js(307,67): error TS2339: Property 'reflectivity' does not exist on type 'Material'.
src/materials/Material.js(308,13): error TS2339: Property 'refractionRatio' does not exist on type 'Material'.
src/materials/Material.js(308,50): error TS2339: Property 'refractionRatio' does not exist on type '{ metadata: { version: number; type: string; generator: string; }; }'.
src/materials/Material.js(308,73): error TS2339: Property 'refractionRatio' does not exist on type 'Material'.
src/materials/Material.js(310,13): error TS2339: Property 'gradientMap' does not exist on type 'Material'.
src/materials/Material.js(310,33): error TS2339: Property 'gradientMap' does not exist on type 'Material'.
src/materials/Material.js(312,9): error TS2339: Property 'gradientMap' does not exist on type '{ metadata: { version: number; type: string; generator: string; }; }'.
src/materials/Material.js(312,28): error TS2339: Property 'gradientMap' does not exist on type 'Material'.
src/materials/Material.js(316,13): error TS2339: Property 'transmission' does not exist on type 'Material'.
src/materials/Material.js(316,47): error TS2339: Property 'transmission' does not exist on type '{ metadata: { version: number; type: string; generator: string; }; }'.
src/materials/Material.js(316,67): error TS2339: Property 'transmission' does not exist on type 'Material'.
src/materials/Material.js(317,13): error TS2339: Property 'transmissionMap' does not exist on type 'Material'.
src/materials/Material.js(317,37): error TS2339: Property 'transmissionMap' does not exist on type 'Material'.
src/materials/Material.js(317,70): error TS2339: Property 'transmissionMap' does not exist on type '{ metadata: { version: number; type: string; generator: string; }; }'.
src/materials/Material.js(317,93): error TS2339: Property 'transmissionMap' does not exist on type 'Material'.
src/materials/Material.js(318,13): error TS2339: Property 'thickness' does not exist on type 'Material'.
src/materials/Material.js(318,44): error TS2339: Property 'thickness' does not exist on type '{ metadata: { version: number; type: string; generator: string; }; }'.
src/materials/Material.js(318,61): error TS2339: Property 'thickness' does not exist on type 'Material'.
src/materials/Material.js(319,13): error TS2339: Property 'thicknessMap' does not exist on type 'Material'.
src/materials/Material.js(319,34): error TS2339: Property 'thicknessMap' does not exist on type 'Material'.
src/materials/Material.js(319,64): error TS2339: Property 'thicknessMap' does not exist on type '{ metadata: { version: number; type: string; generator: string; }; }'.
src/materials/Material.js(319,84): error TS2339: Property 'thicknessMap' does not exist on type 'Material'.
src/materials/Material.js(320,13): error TS2339: Property 'attenuationDistance' does not exist on type 'Material'.
src/materials/Material.js(320,55): error TS2339: Property 'attenuationDistance' does not exist on type 'Material'.
src/materials/Material.js(320,95): error TS2339: Property 'attenuationDistance' does not exist on type '{ metadata: { version: number; type: string; generator: string; }; }'.
src/materials/Material.js(320,122): error TS2339: Property 'attenuationDistance' does not exist on type 'Material'.
src/materials/Material.js(321,13): error TS2339: Property 'attenuationColor' does not exist on type 'Material'.
src/materials/Material.js(321,51): error TS2339: Property 'attenuationColor' does not exist on type '{ metadata: { version: number; type: string; generator: string; }; }'.
src/materials/Material.js(321,75): error TS2339: Property 'attenuationColor' does not exist on type 'Material'.
src/materials/Material.js(323,13): error TS2339: Property 'size' does not exist on type 'Material'.
src/materials/Material.js(323,39): error TS2339: Property 'size' does not exist on type '{ metadata: { version: number; type: string; generator: string; }; }'.
src/materials/Material.js(323,51): error TS2339: Property 'size' does not exist on type 'Material'.
src/materials/Material.js(324,40): error TS2339: Property 'shadowSide' does not exist on type '{ metadata: { version: number; type: string; generator: string; }; }'.
src/materials/Material.js(325,13): error TS2339: Property 'sizeAttenuation' does not exist on type 'Material'.
src/materials/Material.js(325,50): error TS2339: Property 'sizeAttenuation' does not exist on type '{ metadata: { version: number; type: string; generator: string; }; }'.
src/materials/Material.js(325,73): error TS2339: Property 'sizeAttenuation' does not exist on type 'Material'.
src/materials/Material.js(327,48): error TS2339: Property 'blending' does not exist on type '{ metadata: { version: number; type: string; generator: string; }; }'.
src/materials/Material.js(328,39): error TS2339: Property 'side' does not exist on type '{ metadata: { version: number; type: string; generator: string; }; }'.
src/materials/Material.js(329,42): error TS2339: Property 'vertexColors' does not exist on type '{ metadata: { version: number; type: string; generator: string; }; }'.
src/materials/Material.js(331,32): error TS2339: Property 'opacity' does not exist on type '{ metadata: { version: number; type: string; generator: string; }; }'.
src/materials/Material.js(332,41): error TS2339: Property 'transparent' does not exist on type '{ metadata: { version: number; type: string; generator: string; }; }'.
src/materials/Material.js(334,48): error TS2339: Property 'blendSrc' does not exist on type '{ metadata: { version: number; type: string; generator: string; }; }'.
src/materials/Material.js(335,56): error TS2339: Property 'blendDst' does not exist on type '{ metadata: { version: number; type: string; generator: string; }; }'.
src/materials/Material.js(336,50): error TS2339: Property 'blendEquation' does not exist on type '{ metadata: { version: number; type: string; generator: string; }; }'.
src/materials/Material.js(337,43): error TS2339: Property 'blendSrcAlpha' does not exist on type '{ metadata: { version: number; type: string; generator: string; }; }'.
src/materials/Material.js(338,43): error TS2339: Property 'blendDstAlpha' does not exist on type '{ metadata: { version: number; type: string; generator: string; }; }'.
src/materials/Material.js(339,48): error TS2339: Property 'blendEquationAlpha' does not exist on type '{ metadata: { version: number; type: string; generator: string; }; }'.
src/materials/Material.js(340,58): error TS2339: Property 'blendColor' does not exist on type '{ metadata: { version: number; type: string; generator: string; }; }'.
src/materials/Material.js(341,37): error TS2339: Property 'blendAlpha' does not exist on type '{ metadata: { version: number; type: string; generator: string; }; }'.
src/materials/Material.js(343,49): error TS2339: Property 'depthFunc' does not exist on type '{ metadata: { version: number; type: string; generator: string; }; }'.
src/materials/Material.js(344,40): error TS2339: Property 'depthTest' does not exist on type '{ metadata: { version: number; type: string; generator: string; }; }'.
src/materials/Material.js(345,41): error TS2339: Property 'depthWrite' does not exist on type '{ metadata: { version: number; type: string; generator: string; }; }'.
src/materials/Material.js(346,41): error TS2339: Property 'colorWrite' does not exist on type '{ metadata: { version: number; type: string; generator: string; }; }'.
src/materials/Material.js(348,46): error TS2339: Property 'stencilWriteMask' does not exist on type '{ metadata: { version: number; type: string; generator: string; }; }'.
src/materials/Material.js(349,54): error TS2339: Property 'stencilFunc' does not exist on type '{ metadata: { version: number; type: string; generator: string; }; }'.
src/materials/Material.js(350,37): error TS2339: Property 'stencilRef' does not exist on type '{ metadata: { version: number; type: string; generator: string; }; }'.
src/materials/Material.js(351,45): error TS2339: Property 'stencilFuncMask' does not exist on type '{ metadata: { version: number; type: string; generator: string; }; }'.
src/materials/Material.js(352,50): error TS2339: Property 'stencilFail' does not exist on type '{ metadata: { version: number; type: string; generator: string; }; }'.
src/materials/Material.js(353,51): error TS2339: Property 'stencilZFail' does not exist on type '{ metadata: { version: number; type: string; generator: string; }; }'.
src/materials/Material.js(354,51): error TS2339: Property 'stencilZPass' does not exist on type '{ metadata: { version: number; type: string; generator: string; }; }'.
src/materials/Material.js(355,42): error TS2339: Property 'stencilWrite' does not exist on type '{ metadata: { version: number; type: string; generator: string; }; }'.
src/materials/Material.js(358,13): error TS2339: Property 'rotation' does not exist on type 'Material'.
src/materials/Material.js(358,44): error TS2339: Property 'rotation' does not exist on type 'Material'.
src/materials/Material.js(358,66): error TS2339: Property 'rotation' does not exist on type '{ metadata: { version: number; type: string; generator: string; }; }'.
src/materials/Material.js(358,82): error TS2339: Property 'rotation' does not exist on type 'Material'.
src/materials/Material.js(360,43): error TS2339: Property 'polygonOffset' does not exist on type '{ metadata: { version: number; type: string; generator: string; }; }'.
src/materials/Material.js(361,46): error TS2339: Property 'polygonOffsetFactor' does not exist on type '{ metadata: { version: number; type: string; generator: string; }; }'.
src/materials/Material.js(362,45): error TS2339: Property 'polygonOffsetUnits' does not exist on type '{ metadata: { version: number; type: string; generator: string; }; }'.
src/materials/Material.js(364,13): error TS2339: Property 'linewidth' does not exist on type 'Material'.
src/materials/Material.js(364,45): error TS2339: Property 'linewidth' does not exist on type 'Material'.
src/materials/Material.js(364,68): error TS2339: Property 'linewidth' does not exist on type '{ metadata: { version: number; type: string; generator: string; }; }'.
src/materials/Material.js(364,85): error TS2339: Property 'linewidth' does not exist on type 'Material'.
src/materials/Material.js(365,13): error TS2339: Property 'dashSize' does not exist on type 'Material'.
src/materials/Material.js(365,43): error TS2339: Property 'dashSize' does not exist on type '{ metadata: { version: number; type: string; generator: string; }; }'.
src/materials/Material.js(365,59): error TS2339: Property 'dashSize' does not exist on type 'Material'.
src/materials/Material.js(366,13): error TS2339: Property 'gapSize' does not exist on type 'Material'.
src/materials/Material.js(366,42): error TS2339: Property 'gapSize' does not exist on type '{ metadata: { version: number; type: string; generator: string; }; }'.
src/materials/Material.js(366,57): error TS2339: Property 'gapSize' does not exist on type 'Material'.
src/materials/Material.js(367,13): error TS2339: Property 'scale' does not exist on type 'Material'.
src/materials/Material.js(367,40): error TS2339: Property 'scale' does not exist on type '{ metadata: { version: number; type: string; generator: string; }; }'.
src/materials/Material.js(367,53): error TS2339: Property 'scale' does not exist on type 'Material'.
src/materials/Material.js(369,39): error TS2339: Property 'dithering' does not exist on type '{ metadata: { version: number; type: string; generator: string; }; }'.
src/materials/Material.js(371,34): error TS2339: Property 'alphaTest' does not exist on type '{ metadata: { version: number; type: string; generator: string; }; }'.
src/materials/Material.js(372,39): error TS2339: Property 'alphaHash' does not exist on type '{ metadata: { version: number; type: string; generator: string; }; }'.
src/materials/Material.js(373,45): error TS2339: Property 'alphaToCoverage' does not exist on type '{ metadata: { version: number; type: string; generator: string; }; }'.
src/materials/Material.js(374,48): error TS2339: Property 'premultipliedAlpha' does not exist on type '{ metadata: { version: number; type: string; generator: string; }; }'.
src/materials/Material.js(375,45): error TS2339: Property 'forceSinglePass' does not exist on type '{ metadata: { version: number; type: string; generator: string; }; }'.
src/materials/Material.js(377,13): error TS2339: Property 'wireframe' does not exist on type 'Material'.
src/materials/Material.js(377,39): error TS2339: Property 'wireframe' does not exist on type '{ metadata: { version: number; type: string; generator: string; }; }'.
src/materials/Material.js(378,13): error TS2339: Property 'wireframeLinewidth' does not exist on type 'Material'.
src/materials/Material.js(378,43): error TS2339: Property 'wireframeLinewidth' does not exist on type '{ metadata: { version: number; type: string; generator: string; }; }'.
src/materials/Material.js(378,69): error TS2339: Property 'wireframeLinewidth' does not exist on type 'Material'.
src/materials/Material.js(379,13): error TS2339: Property 'wireframeLinecap' does not exist on type 'Material'.
src/materials/Material.js(379,49): error TS2339: Property 'wireframeLinecap' does not exist on type '{ metadata: { version: number; type: string; generator: string; }; }'.
src/materials/Material.js(379,73): error TS2339: Property 'wireframeLinecap' does not exist on type 'Material'.
src/materials/Material.js(380,13): error TS2339: Property 'wireframeLinejoin' does not exist on type 'Material'.
src/materials/Material.js(380,50): error TS2339: Property 'wireframeLinejoin' does not exist on type '{ metadata: { version: number; type: string; generator: string; }; }'.
src/materials/Material.js(380,75): error TS2339: Property 'wireframeLinejoin' does not exist on type 'Material'.
src/materials/Material.js(382,13): error TS2339: Property 'flatShading' does not exist on type 'Material'.
src/materials/Material.js(382,41): error TS2339: Property 'flatShading' does not exist on type '{ metadata: { version: number; type: string; generator: string; }; }'.
src/materials/Material.js(384,38): error TS2339: Property 'visible' does not exist on type '{ metadata: { version: number; type: string; generator: string; }; }'.
src/materials/Material.js(386,41): error TS2339: Property 'toneMapped' does not exist on type '{ metadata: { version: number; type: string; generator: string; }; }'.
src/materials/Material.js(388,13): error TS2339: Property 'fog' does not exist on type 'Material'.
src/materials/Material.js(388,34): error TS2339: Property 'fog' does not exist on type '{ metadata: { version: number; type: string; generator: string; }; }'.
src/materials/Material.js(390,55): error TS2339: Property 'userData' does not exist on type '{ metadata: { version: number; type: string; generator: string; }; }'.
src/materials/Material.js(415,36): error TS2339: Property 'textures' does not exist on type '{ metadata: { version: number; type: string; generator: string; }; }'.
src/materials/Material.js(416,34): error TS2339: Property 'images' does not exist on type '{ metadata: { version: number; type: string; generator: string; }; }'.
src/materials/Material.js(426,14): error TS2351: This expression is not constructable.
  Type 'Function' has no construct signatures.
src/materials/Material.js(517,6): error TS7032: Property 'needsUpdate' implicitly has type 'any', because its set accessor lacks a parameter type annotation.
src/materials/nodes/Line2NodeMaterial.js(59,19): error TS18047: 'parameters' is possibly 'null'.
src/materials/nodes/Line2NodeMaterial.js(59,30): error TS2339: Property 'vertexColors' does not exist on type 'Object'.
src/materials/nodes/Line2NodeMaterial.js(126,19): error TS18047: 'parameters' is possibly 'null'.
src/materials/nodes/Line2NodeMaterial.js(126,30): error TS2339: Property 'dashed' does not exist on type 'Object'.
src/materials/nodes/Line2NodeMaterial.js(148,31): error TS7031: Binding element 'start' implicitly has an 'any' type.
src/materials/nodes/Line2NodeMaterial.js(148,38): error TS7031: Binding element 'end' implicitly has an 'any' type.
src/materials/nodes/Line2NodeMaterial.js(169,26): error TS2554: Expected 2 arguments, but got 1.
src/materials/nodes/Line2NodeMaterial.js(170,24): error TS2554: Expected 2 arguments, but got 1.
src/materials/nodes/Line2NodeMaterial.js(182,35): error TS2554: Expected 2 arguments, but got 1.
src/materials/nodes/Line2NodeMaterial.js(183,33): error TS2554: Expected 2 arguments, but got 1.
src/materials/nodes/Line2NodeMaterial.js(188,48): error TS2339: Property 'assign' does not exist on type 'PropertyNode'.
src/materials/nodes/Line2NodeMaterial.js(194,45): error TS2339: Property 'assign' does not exist on type 'PropertyNode'.
src/materials/nodes/Line2NodeMaterial.js(195,43): error TS2339: Property 'assign' does not exist on type 'PropertyNode'.
src/materials/nodes/Line2NodeMaterial.js(250,14): error TS2339: Property 'assign' does not exist on type 'PropertyNode'.
src/materials/nodes/Line2NodeMaterial.js(254,14): error TS2339: Property 'addAssign' does not exist on type 'PropertyNode'.
src/materials/nodes/Line2NodeMaterial.js(261,15): error TS2339: Property 'addAssign' does not exist on type 'PropertyNode'.
src/materials/nodes/Line2NodeMaterial.js(264,15): error TS2339: Property 'addAssign' does not exist on type 'PropertyNode'.
src/materials/nodes/Line2NodeMaterial.js(269,16): error TS2339: Property 'subAssign' does not exist on type 'PropertyNode'.
src/materials/nodes/Line2NodeMaterial.js(327,37): error TS7031: Binding element 'p1' implicitly has an 'any' type.
src/materials/nodes/Line2NodeMaterial.js(327,41): error TS7031: Binding element 'p2' implicitly has an 'any' type.
src/materials/nodes/Line2NodeMaterial.js(327,45): error TS7031: Binding element 'p3' implicitly has an 'any' type.
src/materials/nodes/Line2NodeMaterial.js(327,49): error TS7031: Binding element 'p4' implicitly has an 'any' type.
src/materials/nodes/Line2NodeMaterial.js(365,19): error TS2339: Property 'mod' does not exist on type 'PropertyNode'.
src/materials/nodes/Line2NodeMaterial.js(377,58): error TS2339: Property 'xyz' does not exist on type 'PropertyNode'.
src/materials/nodes/Line2NodeMaterial.js(378,30): error TS2339: Property 'sub' does not exist on type 'PropertyNode'.
src/materials/nodes/Line2NodeMaterial.js(381,27): error TS2339: Property 'add' does not exist on type 'PropertyNode'.
src/materials/nodes/Line2NodeMaterial.js(447,33): error TS2554: Expected 2 arguments, but got 1.
src/materials/nodes/Line2NodeMaterial.js(448,31): error TS2554: Expected 2 arguments, but got 1.
src/materials/nodes/Line2NodeMaterial.js(531,6): error TS2611: 'alphaToCoverage' is defined as a property in class 'NodeMaterial', but is overridden here in 'Line2NodeMaterial' as an accessor.
src/materials/nodes/LineDashedNodeMaterial.js(111,26): error TS8024: JSDoc '@param' tag has name 'builder', but there is no parameter with that name.
src/materials/nodes/LineDashedNodeMaterial.js(123,34): error TS2554: Expected 2 arguments, but got 1.
src/materials/nodes/LineDashedNodeMaterial.js(123,62): error TS2339: Property 'mul' does not exist on type 'AttributeNode'.
src/materials/nodes/manager/NodeMaterialObserver.js(155,10): error TS2339: Property 'center' does not exist on type 'Object'.
src/materials/nodes/manager/NodeMaterialObserver.js(161,10): error TS2339: Property 'morphTargetInfluences' does not exist on type 'Object'.
src/materials/nodes/manager/NodeMaterialObserver.js(167,10): error TS2339: Property 'version' does not exist on type 'Object'.
src/materials/nodes/manager/NodeMaterialObserver.js(171,14): error TS2339: Property 'material' does not exist on type 'Object'.
src/materials/nodes/manager/NodeMaterialObserver.js(175,10): error TS2339: Property 'bufferWidth' does not exist on type 'Object'.
src/materials/nodes/manager/NodeMaterialObserver.js(176,10): error TS2339: Property 'bufferHeight' does not exist on type 'Object'.
src/materials/nodes/manager/NodeMaterialObserver.js(201,22): error TS7053: Element implicitly has an 'any' type because expression of type 'string' can't be used to index type 'Object'.
  No index signature with a parameter of type 'string' was found on type 'Object'.
src/materials/nodes/manager/NodeMaterialObserver.js(203,4): error TS7053: Element implicitly has an 'any' type because expression of type 'string' can't be used to index type '{}'.
  No index signature with a parameter of type 'string' was found on type '{}'.
src/materials/nodes/manager/NodeMaterialObserver.js(259,6): error TS7053: Element implicitly has an 'any' type because expression of type 'string' can't be used to index type '{}'.
  No index signature with a parameter of type 'string' was found on type '{}'.
src/materials/nodes/manager/NodeMaterialObserver.js(263,6): error TS7053: Element implicitly has an 'any' type because expression of type 'string' can't be used to index type '{}'.
  No index signature with a parameter of type 'string' was found on type '{}'.
src/materials/nodes/manager/NodeMaterialObserver.js(269,5): error TS7053: Element implicitly has an 'any' type because expression of type 'string' can't be used to index type '{}'.
  No index signature with a parameter of type 'string' was found on type '{}'.
src/materials/nodes/manager/NodeMaterialObserver.js(293,25): error TS2339: Property 'worldMatrix' does not exist on type 'Object'.
src/materials/nodes/manager/NodeMaterialObserver.js(295,21): error TS2339: Property 'worldMatrix' does not exist on type 'Object'.
src/materials/nodes/manager/NodeMaterialObserver.js(303,41): error TS2339: Property 'material' does not exist on type 'Object'.
src/materials/nodes/manager/NodeMaterialObserver.js(345,26): error TS2339: Property 'bufferWidth' does not exist on type 'Object'.
src/materials/nodes/manager/NodeMaterialObserver.js(345,68): error TS2339: Property 'bufferHeight' does not exist on type 'Object'.
src/materials/nodes/manager/NodeMaterialObserver.js(347,22): error TS2339: Property 'bufferWidth' does not exist on type 'Object'.
src/materials/nodes/manager/NodeMaterialObserver.js(348,22): error TS2339: Property 'bufferHeight' does not exist on type 'Object'.
src/materials/nodes/manager/NodeMaterialObserver.js(358,47): error TS2339: Property 'geometry' does not exist on type 'Object'.
src/materials/nodes/manager/NodeMaterialObserver.js(367,21): error TS2339: Property 'geometry' does not exist on type 'Object'.
src/materials/nodes/manager/NodeMaterialObserver.js(421,25): error TS2339: Property 'morphTargetInfluences' does not exist on type 'Object'.
src/materials/nodes/manager/NodeMaterialObserver.js(425,42): error TS2339: Property 'morphTargetInfluences' does not exist on type 'Object'.
src/materials/nodes/manager/NodeMaterialObserver.js(427,27): error TS2339: Property 'morphTargetInfluences' does not exist on type 'Object'.
src/materials/nodes/manager/NodeMaterialObserver.js(441,25): error TS2339: Property 'center' does not exist on type 'Object'.
src/materials/nodes/manager/NodeMaterialObserver.js(443,26): error TS2339: Property 'center' does not exist on type 'Object'.
src/materials/nodes/manager/NodeMaterialObserver.js(445,22): error TS2339: Property 'center' does not exist on type 'Object'.
src/materials/nodes/manager/NodeMaterialObserver.js(457,21): error TS2339: Property 'version' does not exist on type 'Object'.
src/materials/nodes/manager/NodeMaterialObserver.js(488,132): error TS2339: Property 'version' does not exist on type 'Object'.
src/materials/nodes/MeshBasicNodeMaterial.js(77,14): error TS2315: Type 'BasicEnvironmentNode' is not generic.
src/materials/nodes/MeshBasicNodeMaterial.js(79,2): error TS2416: Property 'setupEnvironment' in type 'MeshBasicNodeMaterial' is not assignable to the same property in base type 'NodeMaterial'.
  Type '(builder: NodeBuilder) => any' is not assignable to type '() => Node<any>'.
    Target signature provides too few arguments. Expected 1 or more, but got 0.
src/materials/nodes/MeshBasicNodeMaterial.js(81,43): error TS2554: Expected 0 arguments, but got 1.
src/materials/nodes/MeshBasicNodeMaterial.js(92,14): error TS2315: Type 'BasicLightMapNode' is not generic.
src/materials/nodes/MeshLambertNodeMaterial.js(59,14): error TS2315: Type 'BasicEnvironmentNode' is not generic.
src/materials/nodes/MeshLambertNodeMaterial.js(61,2): error TS2416: Property 'setupEnvironment' in type 'MeshLambertNodeMaterial' is not assignable to the same property in base type 'NodeMaterial'.
  Type '(builder: NodeBuilder) => any' is not assignable to type '() => Node<any>'.
    Target signature provides too few arguments. Expected 1 or more, but got 0.
src/materials/nodes/MeshLambertNodeMaterial.js(63,43): error TS2554: Expected 0 arguments, but got 1.
src/materials/nodes/MeshMatcapNodeMaterial.js(54,2): error TS2416: Property 'setupVariants' in type 'MeshMatcapNodeMaterial' is not assignable to the same property in base type 'NodeMaterial'.
  Type '(builder: NodeBuilder) => void' is not assignable to type '() => void'.
    Target signature provides too few arguments. Expected 1 or more, but got 0.
src/materials/nodes/MeshMatcapNodeMaterial.js(62,59): error TS2339: Property 'context' does not exist on type 'MaterialReferenceNode'.
src/materials/nodes/MeshPhongNodeMaterial.js(88,14): error TS2315: Type 'BasicEnvironmentNode' is not generic.
src/materials/nodes/MeshPhongNodeMaterial.js(90,2): error TS2416: Property 'setupEnvironment' in type 'MeshPhongNodeMaterial' is not assignable to the same property in base type 'NodeMaterial'.
  Type '(builder: NodeBuilder) => any' is not assignable to type '() => Node<any>'.
    Target signature provides too few arguments. Expected 1 or more, but got 0.
src/materials/nodes/MeshPhongNodeMaterial.js(92,43): error TS2554: Expected 0 arguments, but got 1.
src/materials/nodes/MeshPhongNodeMaterial.js(112,26): error TS8024: JSDoc '@param' tag has name 'builder', but there is no parameter with that name.
src/materials/nodes/MeshPhysicalNodeMaterial.js(34,3): error TS2554: Expected 1 arguments, but got 0.
src/materials/nodes/MeshPhysicalNodeMaterial.js(280,15): error TS2551: Property 'clearcoat' does not exist on type 'MeshPhysicalNodeMaterial'. Did you mean 'useClearcoat'?
src/materials/nodes/MeshPhysicalNodeMaterial.js(292,15): error TS2551: Property 'iridescence' does not exist on type 'MeshPhysicalNodeMaterial'. Did you mean 'useIridescence'?
src/materials/nodes/MeshPhysicalNodeMaterial.js(304,15): error TS2339: Property 'sheen' does not exist on type 'MeshPhysicalNodeMaterial'.
src/materials/nodes/MeshPhysicalNodeMaterial.js(316,15): error TS2551: Property 'anisotropy' does not exist on type 'MeshPhysicalNodeMaterial'. Did you mean 'useAnisotropy'?
src/materials/nodes/MeshPhysicalNodeMaterial.js(328,15): error TS2551: Property 'transmission' does not exist on type 'MeshPhysicalNodeMaterial'. Did you mean 'useTransmission'?
src/materials/nodes/MeshPhysicalNodeMaterial.js(340,15): error TS2551: Property 'dispersion' does not exist on type 'MeshPhysicalNodeMaterial'. Did you mean 'useDispersion'?
src/materials/nodes/MeshPhysicalNodeMaterial.js(373,2): error TS2416: Property 'setupVariants' in type 'MeshPhysicalNodeMaterial' is not assignable to the same property in base type 'MeshStandardNodeMaterial'.
  Type '(builder: NodeBuilder) => void' is not assignable to type '() => void'.
    Target signature provides too few arguments. Expected 1 or more, but got 0.
src/materials/nodes/MeshPhysicalNodeMaterial.js(375,24): error TS2554: Expected 0 arguments, but got 1.
src/materials/nodes/MeshPhysicalNodeMaterial.js(481,75): error TS2554: Expected 0 arguments, but got 1.
src/materials/nodes/MeshSSSNodeMaterial.js(50,2): error TS2416: Property 'direct' in type 'SSSLightingModel' is not assignable to the same property in base type 'PhysicalLightingModel'.
  Type '({ lightDirection, lightColor, reflectedLight }: Object, stack: StackNode, builder: NodeBuilder) => void' is not assignable to type '({ lightDirection, lightColor, reflectedLight }: Object) => void'.
    Target signature provides too few arguments. Expected 3 or more, but got 1.
src/materials/nodes/MeshSSSNodeMaterial.js(50,12): error TS2339: Property 'lightDirection' does not exist on type 'Object'.
src/materials/nodes/MeshSSSNodeMaterial.js(50,28): error TS2339: Property 'lightColor' does not exist on type 'Object'.
src/materials/nodes/MeshSSSNodeMaterial.js(50,40): error TS2339: Property 'reflectedLight' does not exist on type 'Object'.
src/materials/nodes/MeshSSSNodeMaterial.js(66,65): error TS2554: Expected 1 arguments, but got 3.
src/materials/nodes/MeshSSSNodeMaterial.js(157,2): error TS2416: Property 'setupLightingModel' in type 'MeshSSSNodeMaterial' is not assignable to the same property in base type 'MeshPhysicalNodeMaterial'.
  Type '() => SSSLightingModel' is not assignable to type '() => PhysicalLightingModel'.
    Call signature return types 'SSSLightingModel' and 'PhysicalLightingModel' are incompatible.
      The types of 'direct' are incompatible between these types.
        Type '({ lightDirection, lightColor, reflectedLight }: Object, stack: StackNode, builder: NodeBuilder) => void' is not assignable to type '({ lightDirection, lightColor, reflectedLight }: Object) => void'.
          Target signature provides too few arguments. Expected 3 or more, but got 1.
src/materials/nodes/MeshStandardNodeMaterial.js(104,14): error TS2315: Type 'EnvironmentNode' is not generic.
src/materials/nodes/MeshStandardNodeMaterial.js(106,2): error TS2416: Property 'setupEnvironment' in type 'MeshStandardNodeMaterial' is not assignable to the same property in base type 'NodeMaterial'.
  Type '(builder: NodeBuilder) => any' is not assignable to type '() => Node<any>'.
    Target signature provides too few arguments. Expected 1 or more, but got 0.
src/materials/nodes/MeshStandardNodeMaterial.js(108,41): error TS2554: Expected 0 arguments, but got 1.
src/materials/nodes/MeshStandardNodeMaterial.js(146,26): error TS8024: JSDoc '@param' tag has name 'builder', but there is no parameter with that name.
src/materials/nodes/NodeMaterial.js(46,6): error TS2611: 'type' is defined as a property in class 'Material', but is overridden here in 'NodeMaterial' as an accessor.
src/materials/nodes/NodeMaterial.js(48,27): error TS2339: Property 'type' does not exist on type 'Function'.
src/materials/nodes/NodeMaterial.js(263,3): error TS2322: Type 'null' is not assignable to type 'Function'.
src/materials/nodes/NodeMaterial.js(409,57): error TS2554: Expected 0 arguments, but got 1.
src/materials/nodes/NodeMaterial.js(410,69): error TS2554: Expected 0 arguments, but got 1.
src/materials/nodes/NodeMaterial.js(411,83): error TS2554: Expected 0 arguments, but got 1.
src/materials/nodes/NodeMaterial.js(461,24): error TS2554: Expected 0 arguments, but got 1.
src/materials/nodes/NodeMaterial.js(631,10): error TS2339: Property 'assign' does not exist on type 'ViewportDepthNode'.
src/materials/nodes/NodeMaterial.js(641,26): error TS8024: JSDoc '@param' tag has name 'builder', but there is no parameter with that name.
src/materials/nodes/NodeMaterial.js(653,26): error TS8024: JSDoc '@param' tag has name 'builder', but there is no parameter with that name.
src/materials/nodes/NodeMaterial.js(698,32): error TS2339: Property 'append' does not exist on type 'SkinningNode'.
src/materials/nodes/NodeMaterial.js(702,13): error TS2339: Property 'displacementMap' does not exist on type 'NodeMaterial'.
src/materials/nodes/NodeMaterial.js(708,76): error TS2339: Property 'x' does not exist on type 'MaterialReferenceNode'.
src/materials/nodes/NodeMaterial.js(738,29): error TS8024: JSDoc '@param' tag has name 'geometry', but there is no parameter with that name.
src/materials/nodes/NodeMaterial.js(758,30): error TS2339: Property 'mul' does not exist on type 'PropertyNode'.
src/materials/nodes/NodeMaterial.js(766,27): error TS2339: Property 'mul' does not exist on type 'PropertyNode'.
src/materials/nodes/NodeMaterial.js(811,26): error TS8024: JSDoc '@param' tag has name 'builder', but there is no parameter with that name.
src/materials/nodes/NodeMaterial.js(844,26): error TS8024: JSDoc '@param' tag has name 'builder', but there is no parameter with that name.
src/materials/nodes/NodeMaterial.js(855,20): error TS2339: Property 'envMap' does not exist on type 'NodeMaterial'.
src/materials/nodes/NodeMaterial.js(857,16): error TS2339: Property 'envMap' does not exist on type 'NodeMaterial'.
src/materials/nodes/NodeMaterial.js(897,42): error TS2554: Expected 0 arguments, but got 1.
src/materials/nodes/NodeMaterial.js(938,26): error TS8024: JSDoc '@param' tag has name 'builder', but there is no parameter with that name.
src/materials/nodes/NodeMaterial.js(956,44): error TS2339: Property 'emissiveNode' does not exist on type 'NodeMaterial'.
src/materials/nodes/NodeMaterial.js(964,52): error TS2554: Expected 0 arguments, but got 1.
src/materials/nodes/NodeMaterial.js(968,51): error TS2554: Expected 0 arguments, but got 1.
src/materials/nodes/NodeMaterial.js(1035,18): error TS7053: Element implicitly has an 'any' type because expression of type 'string' can't be used to index type 'Material'.
  No index signature with a parameter of type 'string' was found on type 'Material'.
src/materials/nodes/NodeMaterial.js(1037,9): error TS7053: Element implicitly has an 'any' type because expression of type 'string' can't be used to index type 'NodeMaterial'.
  No index signature with a parameter of type 'string' was found on type 'NodeMaterial'.
src/materials/nodes/NodeMaterial.js(1039,5): error TS7053: Element implicitly has an 'any' type because expression of type 'string' can't be used to index type 'NodeMaterial'.
  No index signature with a parameter of type 'string' was found on type 'NodeMaterial'.
src/materials/nodes/NodeMaterial.js(1041,33): error TS7053: Element implicitly has an 'any' type because expression of type 'string' can't be used to index type 'NodeMaterial'.
  No index signature with a parameter of type 'string' was found on type 'NodeMaterial'.
src/materials/nodes/NodeMaterial.js(1068,2): error TS2416: Property 'toJSON' in type 'NodeMaterial' is not assignable to the same property in base type 'Material'.
  Type '(meta: string | Object | null) => Object' is not assignable to type '(meta: any) => { metadata: { version: number; type: string; generator: string; }; }'.
    The 'Object' type is assignable to very few other types. Did you mean to use the 'any' type instead?
      Property 'metadata' is missing in type 'Object' but required in type '{ metadata: { version: number; type: string; generator: string; }; }'.
src/materials/nodes/NodeMaterial.js(1085,8): error TS2339: Property 'inputNodes' does not exist on type '{ metadata: { version: number; type: string; generator: string; }; }'.
src/materials/nodes/NodeMaterial.js(1089,9): error TS2339: Property 'inputNodes' does not exist on type '{ metadata: { version: number; type: string; generator: string; }; }'.
src/materials/nodes/NodeMaterial.js(1113,39): error TS18047: 'meta' is possibly 'null'.
src/materials/nodes/NodeMaterial.js(1113,44): error TS2339: Property 'textures' does not exist on type 'string | Object'.
  Property 'textures' does not exist on type 'string'.
src/materials/nodes/NodeMaterial.js(1114,37): error TS18047: 'meta' is possibly 'null'.
src/materials/nodes/NodeMaterial.js(1114,42): error TS2339: Property 'images' does not exist on type 'string | Object'.
  Property 'images' does not exist on type 'string'.
src/materials/nodes/NodeMaterial.js(1115,36): error TS18047: 'meta' is possibly 'null'.
src/materials/nodes/NodeMaterial.js(1115,41): error TS2339: Property 'nodes' does not exist on type 'string | Object'.
  Property 'nodes' does not exist on type 'string'.
src/materials/nodes/NodeMaterial.js(1117,36): error TS2339: Property 'textures' does not exist on type '{ metadata: { version: number; type: string; generator: string; }; }'.
src/materials/nodes/NodeMaterial.js(1118,34): error TS2339: Property 'images' does not exist on type '{ metadata: { version: number; type: string; generator: string; }; }'.
src/materials/nodes/NodeMaterial.js(1119,33): error TS2339: Property 'nodes' does not exist on type '{ metadata: { version: number; type: string; generator: string; }; }'.
src/materials/nodes/NodeMaterial.js(1133,2): error TS2416: Property 'copy' in type 'NodeMaterial' is not assignable to the same property in base type 'Material'.
  Type '(source: NodeMaterial) => NodeMaterial' is not assignable to type '(source: any) => this'.
    Type 'NodeMaterial' is not assignable to type 'this'.
      'NodeMaterial' is assignable to the constraint of type 'this', but 'this' could be instantiated with a different subtype of constraint 'NodeMaterial'.
src/materials/nodes/PointsNodeMaterial.js(16,14): error TS8023: JSDoc '@augments NodeMaterial' does not match the 'extends SpriteNodeMaterial' clause.
src/materials/nodes/PointsNodeMaterial.js(52,8): error TS2339: Property 'setDefaultValues' does not exist on type 'PointsNodeMaterial'.
src/materials/nodes/PointsNodeMaterial.js(54,8): error TS2339: Property 'setValues' does not exist on type 'PointsNodeMaterial'.
src/materials/nodes/PointsNodeMaterial.js(60,11): error TS2339: Property 'positionNode' does not exist on type 'PointsNodeMaterial'.
src/materials/nodes/PointsNodeMaterial.js(80,11): error TS2339: Property 'rotationNode' does not exist on type 'PointsNodeMaterial'.
src/materials/nodes/PointsNodeMaterial.js(80,25): error TS2339: Property 'scaleNode' does not exist on type 'PointsNodeMaterial'.
src/materials/nodes/PointsNodeMaterial.js(99,13): error TS2339: Property 'sizeAttenuation' does not exist on type 'PointsNodeMaterial'.
src/materials/nodes/PointsNodeMaterial.js(144,4): error TS7022: '_useAlphaToCoverage' implicitly has type 'any' because it does not have a type annotation and is referenced directly or indirectly in its own initializer.
src/materials/nodes/SpriteNodeMaterial.js(102,2): error TS2416: Property 'setupPositionView' in type 'SpriteNodeMaterial' is not assignable to the same property in base type 'NodeMaterial'.
  Type '(builder: NodeBuilder) => Node<any>' is not assignable to type '() => Node<any>'.
    Target signature provides too few arguments. Expected 1 or more, but got 0.
src/materials/nodes/SpriteNodeMaterial.js(141,50): error TS2339: Property 'sub' does not exist on type 'ReferenceBaseNode'.
src/materials/nodes/VolumeNodeMaterial.js(112,26): error TS7031: Binding element 'orig' implicitly has an 'any' type.
src/materials/nodes/VolumeNodeMaterial.js(112,32): error TS7031: Binding element 'dir' implicitly has an 'any' type.
src/materials/nodes/VolumeNodeMaterial.js(154,40): error TS2339: Property 'assign' does not exist on type 'PropertyNode'.
src/materials/nodes/VolumeNodeMaterial.js(158,11): error TS2554: Expected 4 arguments, but got 1.
src/materials/ShaderMaterial.js(19,3): error TS7008: Member 'uniformsGroups' implicitly has an 'any[]' type.
src/materials/ShaderMaterial.js(92,8): error TS2339: Property 'glslVersion' does not exist on type '{ metadata: { version: number; type: string; generator: string; }; }'.
src/materials/ShaderMaterial.js(93,8): error TS2339: Property 'uniforms' does not exist on type '{ metadata: { version: number; type: string; generator: string; }; }'.
src/materials/ShaderMaterial.js(97,20): error TS7053: Element implicitly has an 'any' type because expression of type 'string' can't be used to index type '{}'.
  No index signature with a parameter of type 'string' was found on type '{}'.
src/materials/ShaderMaterial.js(102,10): error TS2339: Property 'uniforms' does not exist on type '{ metadata: { version: number; type: string; generator: string; }; }'.
src/materials/ShaderMaterial.js(109,10): error TS2339: Property 'uniforms' does not exist on type '{ metadata: { version: number; type: string; generator: string; }; }'.
src/materials/ShaderMaterial.js(116,10): error TS2339: Property 'uniforms' does not exist on type '{ metadata: { version: number; type: string; generator: string; }; }'.
src/materials/ShaderMaterial.js(123,10): error TS2339: Property 'uniforms' does not exist on type '{ metadata: { version: number; type: string; generator: string; }; }'.
src/materials/ShaderMaterial.js(130,10): error TS2339: Property 'uniforms' does not exist on type '{ metadata: { version: number; type: string; generator: string; }; }'.
src/materials/ShaderMaterial.js(137,10): error TS2339: Property 'uniforms' does not exist on type '{ metadata: { version: number; type: string; generator: string; }; }'.
src/materials/ShaderMaterial.js(144,10): error TS2339: Property 'uniforms' does not exist on type '{ metadata: { version: number; type: string; generator: string; }; }'.
src/materials/ShaderMaterial.js(151,10): error TS2339: Property 'uniforms' does not exist on type '{ metadata: { version: number; type: string; generator: string; }; }'.
src/materials/ShaderMaterial.js(161,54): error TS2339: Property 'defines' does not exist on type '{ metadata: { version: number; type: string; generator: string; }; }'.
src/materials/ShaderMaterial.js(163,8): error TS2339: Property 'vertexShader' does not exist on type '{ metadata: { version: number; type: string; generator: string; }; }'.
src/materials/ShaderMaterial.js(164,8): error TS2339: Property 'fragmentShader' does not exist on type '{ metadata: { version: number; type: string; generator: string; }; }'.
src/materials/ShaderMaterial.js(166,8): error TS2339: Property 'lights' does not exist on type '{ metadata: { version: number; type: string; generator: string; }; }'.
src/materials/ShaderMaterial.js(167,8): error TS2339: Property 'clipping' does not exist on type '{ metadata: { version: number; type: string; generator: string; }; }'.
src/materials/ShaderMaterial.js(173,9): error TS7053: Element implicitly has an 'any' type because expression of type 'string' can't be used to index type '{ clipCullDistance: boolean; multiDraw: boolean; }'.
  No index signature with a parameter of type 'string' was found on type '{ clipCullDistance: boolean; multiDraw: boolean; }'.
src/materials/ShaderMaterial.js(173,43): error TS7053: Element implicitly has an 'any' type because expression of type 'string' can't be used to index type '{}'.
  No index signature with a parameter of type 'string' was found on type '{}'.
src/materials/ShaderMaterial.js(177,52): error TS2339: Property 'extensions' does not exist on type '{ metadata: { version: number; type: string; generator: string; }; }'.
src/math/Box2.js(51,14): error TS2351: This expression is not constructable.
  Type 'Function' has no construct signatures.
src/math/Box3.js(86,14): error TS2351: This expression is not constructable.
  Type 'Function' has no construct signatures.
src/math/Color.js(283,15): error TS7053: Element implicitly has an 'any' type because expression of type 'any' can't be used to index type '{ aliceblue: number; antiquewhite: number; aqua: number; aquamarine: number; azure: number; beige: number; bisque: number; black: number; blanchedalmond: number; blue: number; blueviolet: number; ... 136 more ...; yellowgreen: number; }'.
src/math/Color.js(303,14): error TS2351: This expression is not constructable.
  Type 'Function' has no construct signatures.
src/math/Color.js(400,4): error TS18048: 'hue' is possibly 'undefined'.
src/math/ColorManagement.js(52,9): error TS7053: Element implicitly has an 'any' type because expression of type 'any' can't be used to index type '{}'.
src/math/ColorManagement.js(60,9): error TS7053: Element implicitly has an 'any' type because expression of type 'any' can't be used to index type '{}'.
src/math/ColorManagement.js(60,55): error TS7053: Element implicitly has an 'any' type because expression of type 'any' can't be used to index type '{}'.
src/math/ColorManagement.js(62,25): error TS7053: Element implicitly has an 'any' type because expression of type 'any' can't be used to index type '{}'.
src/math/ColorManagement.js(63,25): error TS7053: Element implicitly has an 'any' type because expression of type 'any' can't be used to index type '{}'.
src/math/ColorManagement.js(67,9): error TS7053: Element implicitly has an 'any' type because expression of type 'any' can't be used to index type '{}'.
src/math/ColorManagement.js(93,11): error TS7053: Element implicitly has an 'any' type because expression of type 'any' can't be used to index type '{}'.
src/math/ColorManagement.js(101,11): error TS7053: Element implicitly has an 'any' type because expression of type 'any' can't be used to index type '{}'.
src/math/ColorManagement.js(105,61): error TS2683: 'this' implicitly has type 'any' because it does not have a type annotation.
src/math/ColorManagement.js(107,29): error TS7053: Element implicitly has an 'any' type because expression of type 'any' can't be used to index type '{}'.
src/math/ColorManagement.js(122,12): error TS7053: Element implicitly has an 'any' type because expression of type 'any' can't be used to index type '{}'.
src/math/ColorManagement.js(123,16): error TS7053: Element implicitly has an 'any' type because expression of type 'any' can't be used to index type '{}'.
src/math/ColorManagement.js(129,11): error TS7053: Element implicitly has an 'any' type because expression of type 'any' can't be used to index type '{}'.
src/math/ColorManagement.js(133,49): error TS2683: 'this' implicitly has type 'any' because it does not have a type annotation.
src/math/ColorManagement.js(135,11): error TS7053: Element implicitly has an 'any' type because expression of type 'any' can't be used to index type '{}'.
src/math/Cylindrical.js(55,14): error TS2351: This expression is not constructable.
  Type 'Function' has no construct signatures.
src/math/Euler.js(88,14): error TS2351: This expression is not constructable.
  Type 'Function' has no construct signatures.
src/math/Frustum.js(179,14): error TS2351: This expression is not constructable.
  Type 'Function' has no construct signatures.
src/math/Interpolant.js(34,3): error TS7008: Member 'settings' implicitly has an 'any' type.
src/math/Interpolant.js(153,12): error TS7022: 'mid' implicitly has type 'any' because it does not have a type annotation and is referenced directly or indirectly in its own initializer.
src/math/Interpolant.js(191,27): error TS2554: Expected 0 arguments, but got 3.
src/math/Interpolant.js(195,29): error TS2554: Expected 0 arguments, but got 4.
src/math/Line3.js(109,14): error TS2351: This expression is not constructable.
  Type 'Function' has no construct signatures.
src/math/Matrix2.js(5,21): error TS2339: Property 'isMatrix2' does not exist on type 'Matrix2'.
src/math/Matrix3.js(5,21): error TS2339: Property 'isMatrix3' does not exist on type 'Matrix3'.
src/math/Matrix3.js(380,14): error TS2351: This expression is not constructable.
  Type 'Function' has no construct signatures.
src/math/Matrix4.js(8,21): error TS2339: Property 'isMatrix4' does not exist on type 'Matrix4'.
src/math/Plane.js(199,14): error TS2351: This expression is not constructable.
  Type 'Function' has no construct signatures.
src/math/Quaternion.js(184,14): error TS2351: This expression is not constructable.
  Type 'Function' has no construct signatures.
src/math/Ray.js(487,14): error TS2351: This expression is not constructable.
  Type 'Function' has no construct signatures.
src/math/Sphere.js(239,14): error TS2351: This expression is not constructable.
  Type 'Function' has no construct signatures.
src/math/Spherical.js(79,14): error TS2351: This expression is not constructable.
  Type 'Function' has no construct signatures.
src/math/SphericalHarmonics3.js(184,14): error TS2351: This expression is not constructable.
  Type 'Function' has no construct signatures.
src/math/Triangle.js(175,14): error TS2351: This expression is not constructable.
  Type 'Function' has no construct signatures.
src/math/Vector2.js(7,21): error TS2339: Property 'isVector2' does not exist on type 'Vector2'.
src/math/Vector2.js(100,14): error TS2351: This expression is not constructable.
  Type 'Function' has no construct signatures.
src/math/Vector3.js(8,21): error TS2339: Property 'isVector3' does not exist on type 'Vector3'.
src/math/Vector3.js(92,14): error TS2351: This expression is not constructable.
  Type 'Function' has no construct signatures.
src/math/Vector4.js(7,21): error TS2339: Property 'isVector4' does not exist on type 'Vector4'.
src/math/Vector4.js(126,14): error TS2351: This expression is not constructable.
  Type 'Function' has no construct signatures.
src/nodes/accessors/BatchNode.js(61,2): error TS2416: Property 'setup' in type 'BatchNode' is not assignable to the same property in base type 'Node'.
  Type '(builder: NodeBuilder) => void' is not assignable to type '(builder: NodeBuilder) => Node | null'.
    Type 'void' is not assignable to type 'Node | null'.
src/nodes/accessors/BatchNode.js(77,36): error TS7031: Binding element 'id' implicitly has an 'any' type.
src/nodes/accessors/BatchNode.js(82,73): error TS2339: Property 'x' does not exist on type 'TextureNode'.
src/nodes/accessors/BatchNode.js(113,37): error TS7031: Binding element 'id' implicitly has an 'any' type.
src/nodes/accessors/BatchNode.js(119,56): error TS2339: Property 'rgb' does not exist on type 'TextureNode'.
src/nodes/accessors/BatchNode.js(131,45): error TS2339: Property 'assign' does not exist on type 'PropertyNode'.
src/nodes/accessors/BufferAttributeNode.js(68,3): error TS2322: Type 'string | null' is not assignable to type 'string'.
  Type 'null' is not assignable to type 'string'.
src/nodes/accessors/BufferAttributeNode.js(136,2): error TS2416: Property 'getHash' in type 'BufferAttributeNode' is not assignable to the same property in base type 'InputNode'.
  Type '(builder: NodeBuilder) => string' is not assignable to type '() => string'.
    Target signature provides too few arguments. Expected 1 or more, but got 0.
src/nodes/accessors/BufferAttributeNode.js(167,2): error TS2416: Property 'getNodeType' in type 'BufferAttributeNode' is not assignable to the same property in base type 'InputNode'.
  Type '(builder: NodeBuilder) => string' is not assignable to type '() => string | null'.
    Target signature provides too few arguments. Expected 1 or more, but got 0.
src/nodes/accessors/BufferAttributeNode.js(186,2): error TS2416: Property 'setup' in type 'BufferAttributeNode' is not assignable to the same property in base type 'InputNode'.
  Type '(builder: NodeBuilder) => void' is not assignable to type '(builder: NodeBuilder) => Node | null'.
    Type 'void' is not assignable to type 'Node | null'.
src/nodes/accessors/BufferAttributeNode.js(212,2): error TS2416: Property 'generate' in type 'BufferAttributeNode' is not assignable to the same property in base type 'InputNode'.
  Type '(builder: NodeBuilder) => string' is not assignable to type '() => void'.
    Target signature provides too few arguments. Expected 1 or more, but got 0.
src/nodes/accessors/BufferAttributeNode.js(242,26): error TS8024: JSDoc '@param' tag has name 'builder', but there is no parameter with that name.
src/nodes/accessors/BufferNode.js(18,14): error TS2507: Type 'NodeModule' is not a constructor function type.
src/nodes/accessors/BufferNode.js(18,14): error TS8023: JSDoc '@augments module' does not match the 'extends UniformNode' clause.
src/nodes/accessors/BufferNode.js(73,15): error TS2339: Property 'getNodeType' does not exist on type 'BufferNode'.
src/nodes/accessors/BufferNode.js(80,26): error TS8024: JSDoc '@param' tag has name 'builder', but there is no parameter with that name.
src/nodes/accessors/BufferNode.js(97,12): error TS2314: Generic type 'Array<T>' requires 1 type argument(s).
src/nodes/accessors/BuiltinNode.js(44,26): error TS8024: JSDoc '@param' tag has name 'builder', but there is no parameter with that name.
src/nodes/accessors/Camera.js(14,111): error TS2339: Property 'toVarying' does not exist on type 'UniformNode'.
src/nodes/accessors/Camera.js(21,41): error TS2554: Expected 2 arguments, but got 1.
src/nodes/accessors/Camera.js(21,126): error TS7031: Binding element 'camera' implicitly has an 'any' type.
src/nodes/accessors/Camera.js(28,40): error TS2554: Expected 2 arguments, but got 1.
src/nodes/accessors/Camera.js(28,124): error TS7031: Binding element 'camera' implicitly has an 'any' type.
src/nodes/accessors/Camera.js(35,63): error TS7031: Binding element 'camera' implicitly has an 'any' type.
src/nodes/accessors/Camera.js(49,36): error TS2554: Expected 2 arguments, but got 1.
src/nodes/accessors/Camera.js(49,61): error TS2339: Property 'setGroup' does not exist on type 'UniformArrayNode'.
src/nodes/accessors/Camera.js(55,28): error TS2554: Expected 2 arguments, but got 1.
src/nodes/accessors/Camera.js(55,124): error TS7031: Binding element 'camera' implicitly has an 'any' type.
src/nodes/accessors/Camera.js(68,60): error TS2554: Expected 2 arguments, but got 1.
src/nodes/accessors/Camera.js(68,163): error TS7031: Binding element 'camera' implicitly has an 'any' type.
src/nodes/accessors/Camera.js(75,57): error TS7031: Binding element 'camera' implicitly has an 'any' type.
src/nodes/accessors/Camera.js(89,30): error TS2554: Expected 2 arguments, but got 1.
src/nodes/accessors/Camera.js(89,55): error TS2339: Property 'setGroup' does not exist on type 'UniformArrayNode'.
src/nodes/accessors/Camera.js(95,22): error TS2554: Expected 2 arguments, but got 1.
src/nodes/accessors/Camera.js(95,112): error TS7031: Binding element 'camera' implicitly has an 'any' type.
src/nodes/accessors/Camera.js(108,48): error TS2554: Expected 2 arguments, but got 1.
src/nodes/accessors/Camera.js(108,139): error TS7031: Binding element 'camera' implicitly has an 'any' type.
src/nodes/accessors/Camera.js(115,49): error TS2554: Expected 2 arguments, but got 1.
src/nodes/accessors/Camera.js(115,141): error TS7031: Binding element 'camera' implicitly has an 'any' type.
src/nodes/accessors/Camera.js(122,45): error TS2554: Expected 2 arguments, but got 1.
src/nodes/accessors/Camera.js(122,140): error TS7031: Binding element 'camera' implicitly has an 'any' type.
src/nodes/accessors/ClippingNode.js(35,15): error TS2322: Type 'string' is not assignable to type '"alphaToCoverage" | "default" | "hardware" | undefined'.
src/nodes/accessors/ClippingNode.js(100,28): error TS2554: Expected 2 arguments, but got 1.
src/nodes/accessors/ClippingNode.js(102,31): error TS7031: Binding element 'i' implicitly has an 'any' type.
src/nodes/accessors/ClippingNode.js(106,54): error TS2339: Property 'xyz' does not exist on type 'UniformArrayElementNode'.
src/nodes/accessors/ClippingNode.js(106,80): error TS2339: Property 'w' does not exist on type 'UniformArrayElementNode'.
src/nodes/accessors/ClippingNode.js(119,28): error TS2554: Expected 2 arguments, but got 1.
src/nodes/accessors/ClippingNode.js(122,38): error TS7031: Binding element 'i' implicitly has an 'any' type.
src/nodes/accessors/ClippingNode.js(126,54): error TS2339: Property 'xyz' does not exist on type 'UniformArrayElementNode'.
src/nodes/accessors/ClippingNode.js(126,80): error TS2339: Property 'w' does not exist on type 'UniformArrayElementNode'.
src/nodes/accessors/ClippingNode.js(160,28): error TS2554: Expected 2 arguments, but got 1.
src/nodes/accessors/ClippingNode.js(162,31): error TS7031: Binding element 'i' implicitly has an 'any' type.
src/nodes/accessors/ClippingNode.js(165,30): error TS2339: Property 'xyz' does not exist on type 'UniformArrayElementNode'.
src/nodes/accessors/ClippingNode.js(165,55): error TS2339: Property 'w' does not exist on type 'UniformArrayElementNode'.
src/nodes/accessors/ClippingNode.js(175,28): error TS2554: Expected 2 arguments, but got 1.
src/nodes/accessors/ClippingNode.js(178,38): error TS7031: Binding element 'i' implicitly has an 'any' type.
src/nodes/accessors/ClippingNode.js(181,46): error TS2339: Property 'xyz' does not exist on type 'UniformArrayElementNode'.
src/nodes/accessors/ClippingNode.js(181,71): error TS2339: Property 'w' does not exist on type 'UniformArrayElementNode'.
src/nodes/accessors/ClippingNode.js(208,27): error TS2554: Expected 2 arguments, but got 1.
src/nodes/accessors/ClippingNode.js(211,30): error TS7031: Binding element 'i' implicitly has an 'any' type.
src/nodes/accessors/ClippingNode.js(215,46): error TS2339: Property 'xyz' does not exist on type 'UniformArrayElementNode'.
src/nodes/accessors/ClippingNode.js(215,63): error TS2339: Property 'w' does not exist on type 'UniformArrayElementNode'.
src/nodes/accessors/ClippingNode.js(246,66): error TS2345: Argument of type 'string' is not assignable to parameter of type '"alphaToCoverage" | "default" | "hardware" | undefined'.
src/nodes/accessors/ClippingNode.js(254,69): error TS2345: Argument of type 'string' is not assignable to parameter of type '"alphaToCoverage" | "default" | "hardware" | undefined'.
src/nodes/accessors/CubeTextureNode.js(12,14): error TS2507: Type 'NodeModule' is not a constructor function type.
src/nodes/accessors/CubeTextureNode.js(12,14): error TS8023: JSDoc '@augments module' does not match the 'extends TextureNode' clause.
src/nodes/accessors/CubeTextureNode.js(48,26): error TS8024: JSDoc '@param' tag has name 'builder', but there is no parameter with that name.
src/nodes/accessors/CubeTextureNode.js(64,24): error TS2339: Property 'value' does not exist on type 'CubeTextureNode'.
src/nodes/accessors/CubeTextureNode.js(88,22): error TS8024: JSDoc '@param' tag has name 'value', but there is no parameter with that name.
src/nodes/accessors/CubeTextureNode.js(102,24): error TS2339: Property 'value' does not exist on type 'CubeTextureNode'.
src/nodes/accessors/InstancedMeshNode.js(10,14): error TS2507: Type 'NodeModule' is not a constructor function type.
src/nodes/accessors/InstancedMeshNode.js(10,14): error TS8023: JSDoc '@augments module' does not match the 'extends InstanceNode' clause.
src/nodes/accessors/InstanceNode.js(70,3): error TS2322: Type 'null' is not assignable to type 'Node'.
src/nodes/accessors/InstanceNode.js(77,3): error TS2322: Type 'null' is not assignable to type 'Node'.
src/nodes/accessors/InstanceNode.js(93,3): error TS2322: Type 'null' is not assignable to type 'InstancedInterleavedBuffer'.
src/nodes/accessors/InstanceNode.js(100,3): error TS2322: Type 'null' is not assignable to type 'InstancedBufferAttribute'.
src/nodes/accessors/InstanceNode.js(111,2): error TS2416: Property 'setup' in type 'InstanceNode' is not assignable to the same property in base type 'Node'.
  Type '(builder: NodeBuilder) => void' is not assignable to type '(builder: NodeBuilder) => Node | null'.
    Type 'void' is not assignable to type 'Node | null'.
src/nodes/accessors/InstanceNode.js(123,87): error TS2339: Property 'element' does not exist on type 'BufferNode'.
src/nodes/accessors/InstanceNode.js(165,47): error TS2339: Property 'mul' does not exist on type 'Node'.
src/nodes/accessors/InstanceNode.js(184,48): error TS2339: Property 'assign' does not exist on type 'PropertyNode'.
src/nodes/accessors/InstanceNode.js(193,24): error TS8024: JSDoc '@param' tag has name 'frame', but there is no parameter with that name.
src/nodes/accessors/InstanceNode.js(195,2): error TS2416: Property 'update' in type 'InstanceNode' is not assignable to the same property in base type 'Node'.
  Type '() => void' is not assignable to type '() => boolean | null'.
    Type 'void' is not assignable to type 'boolean | null'.
src/nodes/accessors/Lights.js(34,52): error TS2554: Expected 2 arguments, but got 1.
src/nodes/accessors/Lights.js(84,44): error TS2554: Expected 2 arguments, but got 1.
src/nodes/accessors/Lights.js(99,56): error TS2554: Expected 2 arguments, but got 1.
src/nodes/accessors/Lights.js(114,52): error TS2554: Expected 2 arguments, but got 1.
src/nodes/accessors/Lights.js(114,121): error TS7031: Binding element 'camera' implicitly has an 'any' type.
src/nodes/accessors/MaterialNode.js(343,40): error TS2339: Property 'sub' does not exist on type 'ReferenceNode'.
src/nodes/accessors/MaterialNode.js(448,11): error TS2315: Type 'Node' is not generic.
src/nodes/accessors/MaterialNode.js(456,11): error TS2315: Type 'Node' is not generic.
src/nodes/accessors/MaterialNode.js(463,11): error TS2315: Type 'Node' is not generic.
src/nodes/accessors/MaterialNode.js(471,11): error TS2315: Type 'Node' is not generic.
src/nodes/accessors/MaterialNode.js(479,11): error TS2315: Type 'Node' is not generic.
src/nodes/accessors/MaterialNode.js(486,11): error TS2315: Type 'Node' is not generic.
src/nodes/accessors/MaterialNode.js(494,11): error TS2315: Type 'Node' is not generic.
src/nodes/accessors/MaterialNode.js(502,11): error TS2315: Type 'Node' is not generic.
src/nodes/accessors/MaterialNode.js(510,11): error TS2315: Type 'Node' is not generic.
src/nodes/accessors/MaterialNode.js(517,11): error TS2315: Type 'Node' is not generic.
src/nodes/accessors/MaterialNode.js(525,11): error TS2315: Type 'Node' is not generic.
src/nodes/accessors/MaterialNode.js(533,11): error TS2315: Type 'Node' is not generic.
src/nodes/accessors/MaterialNode.js(541,11): error TS2315: Type 'Node' is not generic.
src/nodes/accessors/MaterialNode.js(549,11): error TS2315: Type 'Node' is not generic.
src/nodes/accessors/MaterialNode.js(557,11): error TS2315: Type 'Node' is not generic.
src/nodes/accessors/MaterialNode.js(565,11): error TS2315: Type 'Node' is not generic.
src/nodes/accessors/MaterialNode.js(572,11): error TS2315: Type 'Node' is not generic.
src/nodes/accessors/MaterialNode.js(580,11): error TS2315: Type 'Node' is not generic.
src/nodes/accessors/MaterialNode.js(588,11): error TS2315: Type 'Node' is not generic.
src/nodes/accessors/MaterialNode.js(595,11): error TS2315: Type 'Node' is not generic.
src/nodes/accessors/MaterialNode.js(602,11): error TS2315: Type 'Node' is not generic.
src/nodes/accessors/MaterialNode.js(609,11): error TS2315: Type 'Node' is not generic.
src/nodes/accessors/MaterialNode.js(616,11): error TS2315: Type 'Node' is not generic.
src/nodes/accessors/MaterialNode.js(624,11): error TS2315: Type 'Node' is not generic.
src/nodes/accessors/MaterialNode.js(632,11): error TS2315: Type 'Node' is not generic.
src/nodes/accessors/MaterialNode.js(639,11): error TS2315: Type 'Node' is not generic.
src/nodes/accessors/MaterialNode.js(646,11): error TS2315: Type 'Node' is not generic.
src/nodes/accessors/MaterialNode.js(653,11): error TS2315: Type 'Node' is not generic.
src/nodes/accessors/MaterialNode.js(660,11): error TS2315: Type 'Node' is not generic.
src/nodes/accessors/MaterialNode.js(667,11): error TS2315: Type 'Node' is not generic.
src/nodes/accessors/MaterialNode.js(674,11): error TS2315: Type 'Node' is not generic.
src/nodes/accessors/MaterialNode.js(681,11): error TS2315: Type 'Node' is not generic.
src/nodes/accessors/MaterialNode.js(688,11): error TS2315: Type 'Node' is not generic.
src/nodes/accessors/MaterialNode.js(695,11): error TS2315: Type 'Node' is not generic.
src/nodes/accessors/MaterialNode.js(702,11): error TS2315: Type 'Node' is not generic.
src/nodes/accessors/MaterialNode.js(710,11): error TS2315: Type 'Node' is not generic.
src/nodes/accessors/MaterialNode.js(718,11): error TS2315: Type 'Node' is not generic.
src/nodes/accessors/MaterialNode.js(725,11): error TS2315: Type 'Node' is not generic.
src/nodes/accessors/MaterialNode.js(727,55): error TS2554: Expected 2 arguments, but got 1.
src/nodes/accessors/MaterialNode.js(731,34): error TS7031: Binding element 'material' implicitly has an 'any' type.
src/nodes/accessors/MaterialNode.js(733,2): error TS2683: 'this' implicitly has type 'any' because it does not have a type annotation.
src/nodes/accessors/MaterialProperties.js(10,54): error TS2554: Expected 2 arguments, but got 1.
src/nodes/accessors/MaterialProperties.js(10,84): error TS7031: Binding element 'material' implicitly has an 'any' type.
src/nodes/accessors/MaterialProperties.js(10,131): error TS7031: Binding element 'material' implicitly has an 'any' type.
src/nodes/accessors/MaterialReferenceNode.js(15,14): error TS2507: Type 'NodeModule' is not a constructor function type.
src/nodes/accessors/MaterialReferenceNode.js(15,14): error TS8023: JSDoc '@augments module' does not match the 'extends ReferenceNode' clause.
src/nodes/accessors/ModelNode.js(17,14): error TS2507: Type 'NodeModule' is not a constructor function type.
src/nodes/accessors/ModelNode.js(17,14): error TS8023: JSDoc '@augments module' does not match the 'extends Object3DNode' clause.
src/nodes/accessors/ModelNode.js(59,11): error TS2315: Type 'ModelNode' is not generic.
src/nodes/accessors/ModelNode.js(61,81): error TS2339: Property 'DIRECTION' does not exist on type 'typeof ModelNode'.
src/nodes/accessors/ModelNode.js(66,11): error TS2315: Type 'ModelNode' is not generic.
src/nodes/accessors/ModelNode.js(68,83): error TS2339: Property 'WORLD_MATRIX' does not exist on type 'typeof ModelNode'.
src/nodes/accessors/ModelNode.js(73,11): error TS2315: Type 'ModelNode' is not generic.
src/nodes/accessors/ModelNode.js(75,80): error TS2339: Property 'POSITION' does not exist on type 'typeof ModelNode'.
src/nodes/accessors/ModelNode.js(80,11): error TS2315: Type 'ModelNode' is not generic.
src/nodes/accessors/ModelNode.js(82,77): error TS2339: Property 'SCALE' does not exist on type 'typeof ModelNode'.
src/nodes/accessors/ModelNode.js(87,11): error TS2315: Type 'ModelNode' is not generic.
src/nodes/accessors/ModelNode.js(89,84): error TS2339: Property 'VIEW_POSITION' does not exist on type 'typeof ModelNode'.
src/nodes/accessors/ModelNode.js(96,48): error TS2554: Expected 2 arguments, but got 1.
src/nodes/accessors/ModelNode.js(96,93): error TS7031: Binding element 'object' implicitly has an 'any' type.
src/nodes/accessors/ModelNode.js(103,54): error TS2554: Expected 2 arguments, but got 1.
src/nodes/accessors/ModelNode.js(103,99): error TS7031: Binding element 'object' implicitly has an 'any' type.
src/nodes/accessors/ModelNode.js(137,9): error TS2554: Expected 2 arguments, but got 1.
src/nodes/accessors/ModelNode.js(137,47): error TS7031: Binding element 'object' implicitly has an 'any' type.
src/nodes/accessors/ModelNode.js(137,55): error TS7031: Binding element 'camera' implicitly has an 'any' type.
src/nodes/accessors/ModelNode.js(155,9): error TS2554: Expected 2 arguments, but got 1.
src/nodes/accessors/ModelNode.js(155,47): error TS7031: Binding element 'object' implicitly has an 'any' type.
src/nodes/accessors/ModelNode.js(155,55): error TS7031: Binding element 'camera' implicitly has an 'any' type.
src/nodes/accessors/MorphNode.js(22,40): error TS7031: Binding element 'bufferMap' implicitly has an 'any' type.
src/nodes/accessors/MorphNode.js(22,51): error TS7031: Binding element 'influence' implicitly has an 'any' type.
src/nodes/accessors/MorphNode.js(22,62): error TS7031: Binding element 'stride' implicitly has an 'any' type.
src/nodes/accessors/MorphNode.js(22,70): error TS7031: Binding element 'width' implicitly has an 'any' type.
src/nodes/accessors/MorphNode.js(22,77): error TS7031: Binding element 'depth' implicitly has an 'any' type.
src/nodes/accessors/MorphNode.js(22,84): error TS7031: Binding element 'offset' implicitly has an 'any' type.
src/nodes/accessors/MorphNode.js(31,22): error TS2339: Property 'mul' does not exist on type 'TextureNode'.
src/nodes/accessors/MorphNode.js(77,47): error TS2345: Argument of type 'Float32Array<ArrayBuffer>' is not assignable to parameter of type 'null | undefined'.
src/nodes/accessors/MorphNode.js(196,29): error TS2554: Expected 2 arguments, but got 1.
src/nodes/accessors/MorphNode.js(212,2): error TS2416: Property 'setup' in type 'MorphNode' is not assignable to the same property in base type 'Node'.
  Type '(builder: NodeBuilder) => void' is not assignable to type '(builder: NodeBuilder) => Node | null'.
    Type 'void' is not assignable to type 'Node | null'.
src/nodes/accessors/MorphNode.js(231,32): error TS7031: Binding element 'i' implicitly has an 'any' type.
src/nodes/accessors/MorphNode.js(237,111): error TS2339: Property 'r' does not exist on type 'TextureNode'.
src/nodes/accessors/MorphNode.js(241,23): error TS2554: Expected 3 arguments, but got 2.
src/nodes/accessors/MorphNode.js(241,82): error TS2339: Property 'toVar' does not exist on type 'ReferenceElementNode'.
src/nodes/accessors/MorphNode.js(278,24): error TS8024: JSDoc '@param' tag has name 'frame', but there is no parameter with that name.
src/nodes/accessors/MorphNode.js(280,2): error TS2416: Property 'update' in type 'MorphNode' is not assignable to the same property in base type 'Node'.
  Type '() => void' is not assignable to type '() => boolean | null'.
    Type 'void' is not assignable to type 'boolean | null'.
src/nodes/accessors/Normal.js(114,54): error TS7031: Binding element 'normal' implicitly has an 'any' type.
src/nodes/accessors/Normal.js(132,60): error TS7031: Binding element 'normal' implicitly has an 'any' type.
src/nodes/accessors/Object3DNode.js(76,14): error TS2366: Function lacks ending return statement and return type does not include 'undefined'.
src/nodes/accessors/Object3DNode.js(99,2): error TS2416: Property 'update' in type 'Object3DNode' is not assignable to the same property in base type 'Node'.
  Type '(frame: NodeFrame) => void' is not assignable to type '() => boolean | null'.
    Target signature provides too few arguments. Expected 1 or more, but got 0.
src/nodes/accessors/Object3DNode.js(161,3): error TS2322: Type 'string | null' is not assignable to type 'string'.
  Type 'null' is not assignable to type 'string'.
src/nodes/accessors/ReferenceBaseNode.js(34,10): error TS2345: Argument of type 'ReferenceBaseNode | null' is not assignable to parameter of type 'Node'.
  Type 'null' is not assignable to type 'Node'.
src/nodes/accessors/ReferenceBaseNode.js(64,10): error TS2531: Object is possibly 'null'.
src/nodes/accessors/ReferenceBaseNode.js(71,21): error TS2531: Object is possibly 'null'.
src/nodes/accessors/ReferenceBaseNode.js(71,40): error TS2554: Expected 1 arguments, but got 0.
src/nodes/accessors/ReferenceBaseNode.js(220,9): error TS2339: Property 'setGroup' does not exist on type 'Node'.
src/nodes/accessors/ReferenceBaseNode.js(254,25): error TS2322: Type 'Object | null' is not assignable to type 'Object | undefined'.
  Type 'null' is not assignable to type 'Object | undefined'.
src/nodes/accessors/ReferenceBaseNode.js(258,15): error TS7053: Element implicitly has an 'any' type because expression of type 'string' can't be used to index type 'Object'.
  No index signature with a parameter of type 'string' was found on type 'Object'.
src/nodes/accessors/ReferenceBaseNode.js(277,2): error TS2416: Property 'updateReference' in type 'ReferenceBaseNode' is not assignable to the same property in base type 'Node'.
  Type '(state: any) => Object' is not assignable to type '() => Any'.
    Target signature provides too few arguments. Expected 1 or more, but got 0.
src/nodes/accessors/ReferenceBaseNode.js(281,3): error TS2322: Type 'Object | null' is not assignable to type 'Object'.
  Type 'null' is not assignable to type 'Object'.
src/nodes/accessors/ReferenceBaseNode.js(301,24): error TS8024: JSDoc '@param' tag has name 'frame', but there is no parameter with that name.
src/nodes/accessors/ReferenceBaseNode.js(303,2): error TS2416: Property 'update' in type 'ReferenceBaseNode' is not assignable to the same property in base type 'Node'.
  Type '() => void' is not assignable to type '() => boolean | null'.
    Type 'void' is not assignable to type 'boolean | null'.
src/nodes/accessors/ReferenceNode.js(38,10): error TS2345: Argument of type 'ReferenceNode | null' is not assignable to parameter of type 'Node'.
  Type 'null' is not assignable to type 'Node'.
src/nodes/accessors/ReferenceNode.js(68,10): error TS2531: Object is possibly 'null'.
src/nodes/accessors/ReferenceNode.js(75,21): error TS2531: Object is possibly 'null'.
src/nodes/accessors/ReferenceNode.js(75,40): error TS2554: Expected 1 arguments, but got 0.
src/nodes/accessors/ReferenceNode.js(246,19): error TS2345: Argument of type 'null' is not assignable to parameter of type 'any[]'.
src/nodes/accessors/ReferenceNode.js(250,25): error TS2345: Argument of type 'null' is not assignable to parameter of type 'Any[]'.
src/nodes/accessors/ReferenceNode.js(304,25): error TS2322: Type 'Object | null' is not assignable to type 'Object | undefined'.
  Type 'null' is not assignable to type 'Object | undefined'.
src/nodes/accessors/ReferenceNode.js(308,15): error TS7053: Element implicitly has an 'any' type because expression of type 'string' can't be used to index type 'Object'.
  No index signature with a parameter of type 'string' was found on type 'Object'.
src/nodes/accessors/ReferenceNode.js(327,2): error TS2416: Property 'updateReference' in type 'ReferenceNode' is not assignable to the same property in base type 'Node'.
  Type '(state: any) => Object' is not assignable to type '() => Any'.
    Target signature provides too few arguments. Expected 1 or more, but got 0.
src/nodes/accessors/ReferenceNode.js(331,3): error TS2322: Type 'Object | null' is not assignable to type 'Object'.
  Type 'null' is not assignable to type 'Object'.
src/nodes/accessors/ReferenceNode.js(338,26): error TS8024: JSDoc '@param' tag has name 'builder', but there is no parameter with that name.
src/nodes/accessors/ReferenceNode.js(352,24): error TS8024: JSDoc '@param' tag has name 'frame', but there is no parameter with that name.
src/nodes/accessors/ReferenceNode.js(354,2): error TS2416: Property 'update' in type 'ReferenceNode' is not assignable to the same property in base type 'Node'.
  Type '() => void' is not assignable to type '() => boolean | null'.
    Type 'void' is not assignable to type 'boolean | null'.
src/nodes/accessors/RendererReferenceNode.js(62,3): error TS2322: Type 'Object | null' is not assignable to type 'Object'.
  Type 'null' is not assignable to type 'Object'.
src/nodes/accessors/SceneNode.js(38,15): error TS2322: Type 'string' is not assignable to type '"backgroundBlurriness" | "backgroundIntensity" | "backgroundRotation"'.
src/nodes/accessors/SceneNode.js(83,13): error TS2554: Expected 2 arguments, but got 1.
src/nodes/accessors/SceneNode.js(112,3): error TS2322: Type 'Node | ReferenceNode | undefined' is not assignable to type 'Node'.
  Type 'undefined' is not assignable to type 'Node'.
src/nodes/accessors/SkinningNode.js(84,21): error TS2554: Expected 3 arguments, but got 2.
src/nodes/accessors/SkinningNode.js(85,28): error TS2554: Expected 3 arguments, but got 2.
src/nodes/accessors/SkinningNode.js(86,23): error TS2554: Expected 4 arguments, but got 3.
src/nodes/accessors/SkinningNode.js(99,13): error TS2315: Type 'Node' is not generic.
src/nodes/accessors/SkinningNode.js(106,13): error TS2315: Type 'Node' is not generic.
src/nodes/accessors/SkinningNode.js(115,3): error TS2322: Type 'BufferNode | ReferenceNode' is not assignable to type 'Node'.
  Type 'BufferNode' is missing the following properties from type 'Node': nodeType, updateType, updateBeforeType, updateAfterType, and 44 more.
src/nodes/accessors/SkinningNode.js(132,13): error TS2315: Type 'Node' is not generic.
src/nodes/accessors/SkinningNode.js(133,14): error TS2315: Type 'Node' is not generic.
src/nodes/accessors/SkinningNode.js(139,33): error TS2339: Property 'element' does not exist on type 'Node'.
src/nodes/accessors/SkinningNode.js(140,33): error TS2339: Property 'element' does not exist on type 'Node'.
src/nodes/accessors/SkinningNode.js(141,33): error TS2339: Property 'element' does not exist on type 'Node'.
src/nodes/accessors/SkinningNode.js(142,33): error TS2339: Property 'element' does not exist on type 'Node'.
src/nodes/accessors/SkinningNode.js(163,13): error TS2315: Type 'Node' is not generic.
src/nodes/accessors/SkinningNode.js(164,14): error TS2315: Type 'Node' is not generic.
src/nodes/accessors/SkinningNode.js(170,33): error TS2339: Property 'element' does not exist on type 'Node'.
src/nodes/accessors/SkinningNode.js(171,33): error TS2339: Property 'element' does not exist on type 'Node'.
src/nodes/accessors/SkinningNode.js(172,33): error TS2339: Property 'element' does not exist on type 'Node'.
src/nodes/accessors/SkinningNode.js(173,33): error TS2339: Property 'element' does not exist on type 'Node'.
src/nodes/accessors/SkinningNode.js(194,14): error TS2315: Type 'Node' is not generic.
src/nodes/accessors/SkinningNode.js(204,4): error TS2322: Type 'ReferenceNode' is not assignable to type 'Node'.
  The types returned by 'update()' are incompatible between these types.
    Type 'void' is not assignable to type 'boolean | null'.
src/nodes/accessors/SkinningNode.js(204,36): error TS2554: Expected 4 arguments, but got 3.
src/nodes/accessors/SkinningNode.js(208,35): error TS2345: Argument of type 'Node | null' is not assignable to parameter of type 'Node | undefined'.
  Type 'null' is not assignable to type 'Node | undefined'.
src/nodes/accessors/SkinningNode.js(222,82): error TS2339: Property 'useVelocity' does not exist on type 'Object'.
src/nodes/accessors/SkinningNode.js(231,2): error TS2416: Property 'setup' in type 'SkinningNode' is not assignable to the same property in base type 'Node'.
  Type '(builder: NodeBuilder) => void' is not assignable to type '(builder: NodeBuilder) => Node | null'.
    Type 'void' is not assignable to type 'Node | null'.
src/nodes/accessors/SkinningNode.js(265,14): error TS2366: Function lacks ending return statement and return type does not include 'undefined'.
src/nodes/accessors/SkinningNode.js(282,2): error TS2416: Property 'update' in type 'SkinningNode' is not assignable to the same property in base type 'Node'.
  Type '(frame: NodeFrame) => void' is not assignable to type '() => boolean | null'.
    Target signature provides too few arguments. Expected 1 or more, but got 0.
src/nodes/accessors/StorageBufferNode.js(65,17): error TS2345: Argument of type 'string | null' is not assignable to parameter of type 'string'.
  Type 'null' is not assignable to type 'string'.
src/nodes/accessors/StorageBufferNode.js(147,55): error TS2339: Property 'value' does not exist on type 'StorageBufferNode'.
src/nodes/accessors/StorageBufferNode.js(155,39): error TS2339: Property 'value' does not exist on type 'StorageBufferNode'.
src/nodes/accessors/StorageBufferNode.js(163,15): error TS2339: Property 'uuid' does not exist on type 'StorageBufferNode'.
src/nodes/accessors/StorageBufferNode.js(170,26): error TS8024: JSDoc '@param' tag has name 'builder', but there is no parameter with that name.
src/nodes/accessors/StorageBufferNode.js(175,15): error TS2339: Property 'value' does not exist on type 'StorageBufferNode'.
src/nodes/accessors/StorageBufferNode.js(275,44): error TS2339: Property 'value' does not exist on type 'StorageBufferNode'.
src/nodes/accessors/StorageBufferNode.js(298,17): error TS2339: Property 'getNodeType' does not exist on type 'BufferNode'.
src/nodes/accessors/StorageBufferNode.js(318,17): error TS2339: Property 'generate' does not exist on type 'BufferNode'.
src/nodes/accessors/StorageTextureNode.js(36,14): error TS2507: Type 'NodeModule' is not a constructor function type.
src/nodes/accessors/StorageTextureNode.js(36,14): error TS8023: JSDoc '@augments module' does not match the 'extends TextureNode' clause.
src/nodes/accessors/StorageTextureNode.js(87,26): error TS8024: JSDoc '@param' tag has name 'builder', but there is no parameter with that name.
src/nodes/accessors/Texture3DNode.js(7,24): error TS7031: Binding element 'texture' implicitly has an 'any' type.
src/nodes/accessors/Texture3DNode.js(7,33): error TS7031: Binding element 'uv' implicitly has an 'any' type.
src/nodes/accessors/Texture3DNode.js(56,14): error TS2507: Type 'NodeModule' is not a constructor function type.
src/nodes/accessors/Texture3DNode.js(56,14): error TS8023: JSDoc '@augments module' does not match the 'extends TextureNode' clause.
src/nodes/accessors/Texture3DNode.js(91,26): error TS8024: JSDoc '@param' tag has name 'builder', but there is no parameter with that name.
src/nodes/accessors/Texture3DNode.js(116,22): error TS8024: JSDoc '@param' tag has name 'value', but there is no parameter with that name.
src/nodes/accessors/Texture3DNode.js(129,24): error TS2339: Property 'value' does not exist on type 'Texture3DNode'.
src/nodes/accessors/Texture3DNode.js(133,14): error TS2339: Property 'sampler' does not exist on type 'Texture3DNode'.
src/nodes/accessors/Texture3DNode.js(139,56): error TS2339: Property 'levelNode' does not exist on type 'Texture3DNode'.
src/nodes/accessors/TextureBicubic.js(64,53): error TS7031: Binding element 'textureNode' implicitly has an 'any' type.
src/nodes/accessors/TextureNode.js(17,14): error TS2507: Type 'NodeModule' is not a constructor function type.
src/nodes/accessors/TextureNode.js(17,14): error TS8023: JSDoc '@augments module' does not match the 'extends UniformNode' clause.
src/nodes/accessors/TextureNode.js(144,13): error TS2315: Type 'UniformNode' is not generic.
src/nodes/accessors/TextureNode.js(180,26): error TS8024: JSDoc '@param' tag has name 'builder', but there is no parameter with that name.
src/nodes/accessors/TextureNode.js(192,26): error TS8024: JSDoc '@param' tag has name 'builder', but there is no parameter with that name.
src/nodes/accessors/TextureNode.js(216,26): error TS8024: JSDoc '@param' tag has name 'builder', but there is no parameter with that name.
src/nodes/accessors/TextureNode.js(239,18): error TS8024: JSDoc '@param' tag has name 'state', but there is no parameter with that name.
src/nodes/accessors/TextureNode.js(256,61): error TS2554: Expected 2 arguments, but got 1.
src/nodes/accessors/TextureNode.js(483,39): error TS2554: Expected 0 arguments, but got 1.
src/nodes/accessors/TextureNode.js(549,36): error TS2339: Property 'getSelf' does not exist on type 'TextureNode'.
src/nodes/accessors/TextureNode.js(565,36): error TS2339: Property 'getSelf' does not exist on type 'TextureNode'.
src/nodes/accessors/TextureNode.js(581,36): error TS2339: Property 'getSelf' does not exist on type 'TextureNode'.
src/nodes/accessors/TextureNode.js(609,36): error TS2339: Property 'getSelf' does not exist on type 'TextureNode'.
src/nodes/accessors/TextureNode.js(625,36): error TS2339: Property 'getSelf' does not exist on type 'TextureNode'.
src/nodes/accessors/TextureNode.js(642,36): error TS2339: Property 'getSelf' does not exist on type 'TextureNode'.
src/nodes/accessors/TextureNode.js(658,36): error TS2339: Property 'getSelf' does not exist on type 'TextureNode'.
src/nodes/accessors/TextureNode.js(713,23): error TS2351: This expression is not constructable.
  Type 'Function' has no construct signatures.
src/nodes/accessors/TextureNode.js(740,21): error TS8024: JSDoc '@param' tag has name 'value', but there is no parameter with that name.
src/nodes/accessors/TextureNode.js(741,31): error TS8024: JSDoc '@param' tag has name 'uvNode', but there is no parameter with that name.
src/nodes/accessors/TextureNode.js(742,25): error TS8024: JSDoc '@param' tag has name 'levelNode', but there is no parameter with that name.
src/nodes/accessors/TextureNode.js(743,27): error TS8024: JSDoc '@param' tag has name 'biasNode', but there is no parameter with that name.
src/nodes/accessors/TextureNode.js(746,30): error TS7019: Rest parameter 'params' implicitly has an 'any[]' type.
src/nodes/accessors/TextureSizeNode.js(25,13): error TS2315: Type 'Node' is not generic.
src/nodes/accessors/TextureSizeNode.js(50,13): error TS2315: Type 'Node' is not generic.
src/nodes/accessors/TextureSizeNode.js(75,12): error TS2315: Type 'Node' is not generic.
src/nodes/accessors/UniformArrayNode.js(30,10): error TS2345: Argument of type 'UniformArrayNode' is not assignable to parameter of type 'Node'.
  Type 'UniformArrayNode' is missing the following properties from type 'Node': nodeType, updateBeforeType, updateAfterType, uuid, and 40 more.
src/nodes/accessors/UniformArrayNode.js(46,21): error TS2554: Expected 1 arguments, but got 0.
src/nodes/accessors/UniformArrayNode.js(47,32): error TS2339: Property 'getPaddedType' does not exist on type 'Node'.
src/nodes/accessors/UniformArrayNode.js(70,14): error TS2507: Type 'NodeModule' is not a constructor function type.
src/nodes/accessors/UniformArrayNode.js(70,14): error TS8023: JSDoc '@augments module' does not match the 'extends BufferNode' clause.
src/nodes/accessors/UniformArrayNode.js(104,3): error TS2322: Type 'string | null' is not assignable to type 'string'.
  Type 'null' is not assignable to type 'string'.
src/nodes/accessors/UniformArrayNode.js(137,26): error TS8024: JSDoc '@param' tag has name 'builder', but there is no parameter with that name.
src/nodes/accessors/UniformArrayNode.js(149,26): error TS8024: JSDoc '@param' tag has name 'builder', but there is no parameter with that name.
src/nodes/accessors/UniformArrayNode.js(195,24): error TS8024: JSDoc '@param' tag has name 'frame', but there is no parameter with that name.
src/nodes/accessors/UniformArrayNode.js(209,5): error TS18048: 'value' is possibly 'undefined'.
src/nodes/accessors/UniformArrayNode.js(220,5): error TS18048: 'value' is possibly 'undefined'.
src/nodes/accessors/UniformArrayNode.js(221,5): error TS18048: 'value' is possibly 'undefined'.
src/nodes/accessors/UniformArrayNode.js(222,5): error TS18048: 'value' is possibly 'undefined'.
src/nodes/accessors/UniformArrayNode.js(234,5): error TS18048: 'value' is possibly 'undefined'.
src/nodes/accessors/UniformArrayNode.js(235,5): error TS18048: 'value' is possibly 'undefined'.
src/nodes/accessors/UniformArrayNode.js(236,5): error TS18048: 'value' is possibly 'undefined'.
src/nodes/accessors/UniformArrayNode.js(237,5): error TS18048: 'value' is possibly 'undefined'.
src/nodes/accessors/UniformArrayNode.js(248,5): error TS18048: 'value' is possibly 'undefined'.
src/nodes/accessors/UniformArrayNode.js(249,5): error TS18048: 'value' is possibly 'undefined'.
src/nodes/accessors/UniformArrayNode.js(250,5): error TS18048: 'value' is possibly 'undefined'.
src/nodes/accessors/UniformArrayNode.js(252,5): error TS18048: 'value' is possibly 'undefined'.
src/nodes/accessors/UniformArrayNode.js(253,5): error TS18048: 'value' is possibly 'undefined'.
src/nodes/accessors/UniformArrayNode.js(254,5): error TS18048: 'value' is possibly 'undefined'.
src/nodes/accessors/UniformArrayNode.js(256,5): error TS18048: 'value' is possibly 'undefined'.
src/nodes/accessors/UniformArrayNode.js(257,5): error TS18048: 'value' is possibly 'undefined'.
src/nodes/accessors/UniformArrayNode.js(258,5): error TS18048: 'value' is possibly 'undefined'.
src/nodes/accessors/UniformArrayNode.js(260,5): error TS18048: 'value' is possibly 'undefined'.
src/nodes/accessors/UniformArrayNode.js(273,6): error TS18048: 'value' is possibly 'undefined'.
src/nodes/accessors/UniformArrayNode.js(286,5): error TS18048: 'value' is possibly 'undefined'.
src/nodes/accessors/UniformArrayNode.js(287,5): error TS18048: 'value' is possibly 'undefined'.
src/nodes/accessors/UniformArrayNode.js(288,5): error TS18048: 'value' is possibly 'undefined'.
src/nodes/accessors/UniformArrayNode.js(289,5): error TS18048: 'value' is possibly 'undefined'.
src/nodes/accessors/UniformArrayNode.js(313,42): error TS2322: Type 'Int32ArrayConstructor' is not assignable to type 'Float32ArrayConstructor'.
  The types of 'prototype.filter(...).findLast' are incompatible between these types.
    Type '{ <S extends number>(predicate: (value: number, index: number, array: Int32Array<ArrayBuffer>) => value is S, thisArg?: any): S | undefined; (predicate: (value: number, index: number, array: Int32Array<...>) => unknown, thisArg?: any): number | undefined; }' is not assignable to type '{ <S extends number>(predicate: (value: number, index: number, array: Float32Array<ArrayBuffer>) => value is S, thisArg?: any): S | undefined; (predicate: (value: number, index: number, array: Float32Array<...>) => unknown, thisArg?: any): number | undefined; }'.
      Types of parameters 'predicate' and 'predicate' are incompatible.
        Type '(value: number, index: number, array: Float32Array<ArrayBuffer>) => unknown' is not assignable to type '(value: number, index: number, array: Int32Array<ArrayBuffer>) => value is any'.
          Signature '(value: number, index: number, array: Float32Array<ArrayBuffer>): unknown' must be a type predicate.
src/nodes/accessors/UniformArrayNode.js(314,42): error TS2322: Type 'Uint32ArrayConstructor' is not assignable to type 'Float32ArrayConstructor'.
  The types of 'prototype.filter(...).findLast' are incompatible between these types.
    Type '{ <S extends number>(predicate: (value: number, index: number, array: Uint32Array<ArrayBuffer>) => value is S, thisArg?: any): S | undefined; (predicate: (value: number, index: number, array: Uint32Array<...>) => unknown, thisArg?: any): number | undefined; }' is not assignable to type '{ <S extends number>(predicate: (value: number, index: number, array: Float32Array<ArrayBuffer>) => value is S, thisArg?: any): S | undefined; (predicate: (value: number, index: number, array: Float32Array<...>) => unknown, thisArg?: any): number | undefined; }'.
      Types of parameters 'predicate' and 'predicate' are incompatible.
        Type '(value: number, index: number, array: Float32Array<ArrayBuffer>) => unknown' is not assignable to type '(value: number, index: number, array: Uint32Array<ArrayBuffer>) => value is any'.
          Signature '(value: number, index: number, array: Float32Array<ArrayBuffer>): unknown' must be a type predicate.
src/nodes/accessors/UserDataNode.js(18,14): error TS2507: Type 'NodeModule' is not a constructor function type.
src/nodes/accessors/UserDataNode.js(18,14): error TS8023: JSDoc '@augments module' does not match the 'extends ReferenceNode' clause.
src/nodes/accessors/VelocityNode.js(71,35): error TS2554: Expected 2 arguments, but got 1.
src/nodes/accessors/VelocityNode.js(79,35): error TS2554: Expected 2 arguments, but got 1.
src/nodes/accessors/VelocityNode.js(87,35): error TS2554: Expected 2 arguments, but got 1.
src/nodes/accessors/VelocityNode.js(107,2): error TS2416: Property 'update' in type 'VelocityNode' is not assignable to the same property in base type 'TempNode'.
  Type '({ frameId, camera, object }: NodeFrame) => void' is not assignable to type '() => boolean | null'.
    Target signature provides too few arguments. Expected 1 or more, but got 0.
src/nodes/accessors/VelocityNode.js(154,2): error TS2416: Property 'updateAfter' in type 'VelocityNode' is not assignable to the same property in base type 'TempNode'.
  Type '({ object }: NodeFrame) => void' is not assignable to type '() => boolean | null'.
    Target signature provides too few arguments. Expected 1 or more, but got 0.
src/nodes/accessors/VelocityNode.js(163,26): error TS8024: JSDoc '@param' tag has name 'builder', but there is no parameter with that name.
src/nodes/accessors/VelocityNode.js(168,90): error TS2554: Expected 2 arguments, but got 1.
src/nodes/accessors/VertexColorNode.js(10,14): error TS2507: Type 'NodeModule' is not a constructor function type.
src/nodes/accessors/VertexColorNode.js(10,14): error TS8023: JSDoc '@augments module' does not match the 'extends AttributeNode' clause.
src/nodes/accessors/VertexColorNode.js(51,26): error TS8024: JSDoc '@param' tag has name 'builder', but there is no parameter with that name.
src/nodes/accessors/VertexColorNode.js(64,48): error TS2554: Expected 0 arguments, but got 1.
src/nodes/accessors/VertexColorNode.js(76,41): error TS2339: Property 'nodeType' does not exist on type 'VertexColorNode'.
src/nodes/code/CodeNode.js(28,41): error TS2322: Type '""' is not assignable to type '"js" | "wgsl" | "glsl" | undefined'.
src/nodes/code/CodeNode.js(95,26): error TS8024: JSDoc '@param' tag has name 'builder', but there is no parameter with that name.
src/nodes/code/CodeNode.js(106,38): error TS2554: Expected 0 arguments, but got 1.
src/nodes/code/FunctionCallNode.js(139,29): error TS7019: Rest parameter 'params' implicitly has an 'any[]' type.
src/nodes/code/FunctionNode.js(45,41): error TS2322: Type '""' is not assignable to type '"js" | "wgsl" | "glsl" | undefined'.
src/nodes/code/FunctionNode.js(150,69): error TS2345: Argument of type 'string' is not assignable to parameter of type '"js" | "wgsl" | "glsl" | undefined'.
src/nodes/code/FunctionNode.js(152,15): error TS7019: Rest parameter 'params' implicitly has an 'any[]' type.
src/nodes/code/ScriptableNode.js(15,29): error TS7019: Rest parameter 'params' implicitly has an 'any[]' type.
src/nodes/code/ScriptableNode.js(21,18): error TS2349: This expression is not callable.
  Type 'never' has no call signatures.
src/nodes/code/ScriptableNode.js(216,14): error TS2366: Function lacks ending return statement and return type does not include 'undefined'.
src/nodes/code/ScriptableNode.js(220,26): error TS2488: Type 'Object' must have a '[Symbol.iterator]()' method that returns an iterator.
src/nodes/code/ScriptableNode.js(236,14): error TS2366: Function lacks ending return statement and return type does not include 'undefined'.
src/nodes/code/ScriptableNode.js(240,26): error TS2488: Type 'Object' must have a '[Symbol.iterator]()' method that returns an iterator.
src/nodes/code/ScriptableNode.js(263,8): error TS7053: Element implicitly has an 'any' type because expression of type 'string' can't be used to index type '{}'.
  No index signature with a parameter of type 'string' was found on type '{}'.
src/nodes/code/ScriptableNode.js(265,4): error TS7053: Element implicitly has an 'any' type because expression of type 'string' can't be used to index type '{}'.
  No index signature with a parameter of type 'string' was found on type '{}'.
src/nodes/code/ScriptableNode.js(269,4): error TS7053: Element implicitly has an 'any' type because expression of type 'string' can't be used to index type '{}'.
  No index signature with a parameter of type 'string' was found on type '{}'.
src/nodes/code/ScriptableNode.js(285,10): error TS7053: Element implicitly has an 'any' type because expression of type 'string' can't be used to index type '{}'.
  No index signature with a parameter of type 'string' was found on type '{}'.
src/nodes/code/ScriptableNode.js(297,10): error TS7053: Element implicitly has an 'any' type because expression of type 'string' can't be used to index type 'Object'.
  No index signature with a parameter of type 'string' was found on type 'Object'.
src/nodes/code/ScriptableNode.js(316,4): error TS7053: Element implicitly has an 'any' type because expression of type 'string' can't be used to index type 'Object'.
  No index signature with a parameter of type 'string' was found on type 'Object'.
src/nodes/code/ScriptableNode.js(317,4): error TS7053: Element implicitly has an 'any' type because expression of type 'string' can't be used to index type 'Object'.
  No index signature with a parameter of type 'string' was found on type 'Object'.
src/nodes/code/ScriptableNode.js(323,4): error TS7053: Element implicitly has an 'any' type because expression of type 'string' can't be used to index type 'Object'.
  No index signature with a parameter of type 'string' was found on type 'Object'.
src/nodes/code/ScriptableNode.js(324,4): error TS7053: Element implicitly has an 'any' type because expression of type 'string' can't be used to index type 'Object'.
  No index signature with a parameter of type 'string' was found on type 'Object'.
src/nodes/code/ScriptableNode.js(326,15): error TS7053: Element implicitly has an 'any' type because expression of type 'string' can't be used to index type 'Object'.
  No index signature with a parameter of type 'string' was found on type 'Object'.
src/nodes/code/ScriptableNode.js(328,4): error TS7053: Element implicitly has an 'any' type because expression of type 'string' can't be used to index type 'Object'.
  No index signature with a parameter of type 'string' was found on type 'Object'.
src/nodes/code/ScriptableNode.js(329,4): error TS7053: Element implicitly has an 'any' type because expression of type 'string' can't be used to index type 'Object'.
  No index signature with a parameter of type 'string' was found on type 'Object'.
src/nodes/code/ScriptableNode.js(333,4): error TS7053: Element implicitly has an 'any' type because expression of type 'string' can't be used to index type 'Object'.
  No index signature with a parameter of type 'string' was found on type 'Object'.
src/nodes/code/ScriptableNode.js(361,19): error TS7053: Element implicitly has an 'any' type because expression of type 'string' can't be used to index type 'Object'.
  No index signature with a parameter of type 'string' was found on type 'Object'.
src/nodes/code/ScriptableNode.js(404,18): error TS7053: Element implicitly has an 'any' type because expression of type 'string' can't be used to index type 'Object'.
  No index signature with a parameter of type 'string' was found on type 'Object'.
src/nodes/code/ScriptableNode.js(424,18): error TS7053: Element implicitly has an 'any' type because expression of type 'string' can't be used to index type 'Object'.
  No index signature with a parameter of type 'string' was found on type 'Object'.
src/nodes/code/ScriptableNode.js(519,69): error TS2345: Argument of type 'null' is not assignable to parameter of type 'Node'.
src/nodes/code/ScriptableNode.js(541,20): error TS7053: Element implicitly has an 'any' type because expression of type 'string' can't be used to index type 'Object'.
  No index signature with a parameter of type 'string' was found on type 'Object'.
src/nodes/code/ScriptableNode.js(558,27): error TS2339: Property 'layout' does not exist on type 'Object'.
src/nodes/code/ScriptableNode.js(636,3): error TS2322: Type 'null' is not assignable to type 'string'.
src/nodes/code/ScriptableNode.js(656,17): error TS7053: Element implicitly has an 'any' type because expression of type 'string' can't be used to index type 'Object'.
  No index signature with a parameter of type 'string' was found on type 'Object'.
src/nodes/code/ScriptableValueNode.js(146,43): error TS2693: 'Blob' only refers to a type, but is being used as a value here.
src/nodes/core/AttributeNode.js(43,33): error TS2554: Expected 0 arguments, but got 1.
src/nodes/core/AttributeNode.js(47,2): error TS2416: Property 'getNodeType' in type 'AttributeNode' is not assignable to the same property in base type 'Node'.
  Type '(builder: any) => string | null' is not assignable to type '(builder: NodeBuilder) => string'.
    Type 'string | null' is not assignable to type 'string'.
      Type 'null' is not assignable to type 'string'.
src/nodes/core/AttributeNode.js(53,49): error TS2554: Expected 0 arguments, but got 1.
src/nodes/core/AttributeNode.js(94,26): error TS8024: JSDoc '@param' tag has name 'builder', but there is no parameter with that name.
src/nodes/core/AttributeNode.js(105,48): error TS2554: Expected 0 arguments, but got 1.
src/nodes/core/CacheNode.js(72,18): error TS7019: Rest parameter 'params' implicitly has an 'any[]' type.
src/nodes/core/ConstNode.js(45,51): error TS2554: Expected 0 arguments, but got 1.
src/nodes/core/ConstNode.js(51,34): error TS2554: Expected 0 arguments, but got 1.
src/nodes/core/ContextNode.js(89,2): error TS2416: Property 'setup' in type 'ContextNode' is not assignable to the same property in base type 'Node'.
  Type '(builder: any) => string | null' is not assignable to type '(builder: NodeBuilder) => Node | null'.
    Type 'string | null' is not assignable to type 'Node | null'.
      Type 'string' is not assignable to type 'Node'.
src/nodes/core/InputNode.js(53,2): error TS2416: Property 'getNodeType' in type 'InputNode' is not assignable to the same property in base type 'Node'.
  Type '() => string | null' is not assignable to type '(builder: NodeBuilder) => string'.
    Type 'string | null' is not assignable to type 'string'.
      Type 'null' is not assignable to type 'string'.
src/nodes/core/InputNode.js(77,3): error TS2322: Type 'string | null' is not assignable to type 'string'.
  Type 'null' is not assignable to type 'string'.
src/nodes/core/InputNode.js(77,28): error TS2554: Expected 0 arguments, but got 1.
src/nodes/core/InputNode.js(127,2): error TS2416: Property 'generate' in type 'InputNode' is not assignable to the same property in base type 'Node'.
  Type '() => void' is not assignable to type '(builder: NodeBuilder, output: string | null) => string | null'.
    Type 'void' is not assignable to type 'string | null'.
src/nodes/core/LightingModel.js(14,26): error TS8024: JSDoc '@param' tag has name 'input', but there is no parameter with that name.
src/nodes/core/LightingModel.js(15,24): error TS8024: JSDoc '@param' tag has name 'stack', but there is no parameter with that name.
src/nodes/core/LightingModel.js(16,26): error TS8024: JSDoc '@param' tag has name 'builder', but there is no parameter with that name.
src/nodes/core/LightingModel.js(25,26): error TS8024: JSDoc '@param' tag has name 'input', but there is no parameter with that name.
src/nodes/core/LightingModel.js(26,24): error TS8024: JSDoc '@param' tag has name 'stack', but there is no parameter with that name.
src/nodes/core/LightingModel.js(27,26): error TS8024: JSDoc '@param' tag has name 'builder', but there is no parameter with that name.
src/nodes/core/LightingModel.js(36,21): error TS8024: JSDoc '@param' tag has name 'input', but there is no parameter with that name.
src/nodes/core/LightingModel.js(37,24): error TS8024: JSDoc '@param' tag has name 'stack', but there is no parameter with that name.
src/nodes/core/LightingModel.js(38,26): error TS8024: JSDoc '@param' tag has name 'builder', but there is no parameter with that name.
src/nodes/core/LightingModel.js(47,21): error TS8024: JSDoc '@param' tag has name 'input', but there is no parameter with that name.
src/nodes/core/LightingModel.js(48,24): error TS8024: JSDoc '@param' tag has name 'stack', but there is no parameter with that name.
src/nodes/core/LightingModel.js(49,26): error TS8024: JSDoc '@param' tag has name 'builder', but there is no parameter with that name.
src/nodes/core/LightingModel.js(57,26): error TS8024: JSDoc '@param' tag has name 'input', but there is no parameter with that name.
src/nodes/core/LightingModel.js(58,24): error TS8024: JSDoc '@param' tag has name 'stack', but there is no parameter with that name.
src/nodes/core/LightingModel.js(59,26): error TS8024: JSDoc '@param' tag has name 'builder', but there is no parameter with that name.
src/nodes/core/LightingModel.js(69,26): error TS8024: JSDoc '@param' tag has name 'input', but there is no parameter with that name.
src/nodes/core/LightingModel.js(70,24): error TS8024: JSDoc '@param' tag has name 'stack', but there is no parameter with that name.
src/nodes/core/LightingModel.js(71,26): error TS8024: JSDoc '@param' tag has name 'builder', but there is no parameter with that name.
src/nodes/core/Node.js(134,9): error TS2540: Cannot assign to 'version' because it is a read-only property.
src/nodes/core/Node.js(148,27): error TS2339: Property 'type' does not exist on type 'Function'.
src/nodes/core/Node.js(231,15): error TS2339: Property 'self' does not exist on type 'Node'.
src/nodes/core/Node.js(239,18): error TS8024: JSDoc '@param' tag has name 'state', but there is no parameter with that name.
src/nodes/core/Node.js(253,26): error TS8024: JSDoc '@param' tag has name 'builder', but there is no parameter with that name.
src/nodes/core/Node.js(360,26): error TS8024: JSDoc '@param' tag has name 'builder', but there is no parameter with that name.
src/nodes/core/Node.js(376,3): error TS2322: Type 'string' is not assignable to type '{ NONE: string; FRAME: string; RENDER: string; OBJECT: string; }'.
src/nodes/core/Node.js(387,3): error TS2322: Type 'string' is not assignable to type '{ NONE: string; FRAME: string; RENDER: string; OBJECT: string; }'.
src/nodes/core/Node.js(398,3): error TS2322: Type 'string' is not assignable to type '{ NONE: string; FRAME: string; RENDER: string; OBJECT: string; }'.
src/nodes/core/Node.js(435,3): error TS2322: Type 'string | null' is not assignable to type 'string'.
  Type 'null' is not assignable to type 'string'.
src/nodes/core/Node.js(450,30): error TS2554: Expected 0 arguments, but got 1.
src/nodes/core/Node.js(519,14): error TS2366: Function lacks ending return statement and return type does not include 'undefined'.
src/nodes/core/Node.js(538,24): error TS8024: JSDoc '@param' tag has name 'frame', but there is no parameter with that name.
src/nodes/core/Node.js(539,14): error TS2355: A function whose declared type is neither 'undefined', 'void', nor 'any' must return a value.
src/nodes/core/Node.js(552,24): error TS8024: JSDoc '@param' tag has name 'frame', but there is no parameter with that name.
src/nodes/core/Node.js(553,14): error TS2355: A function whose declared type is neither 'undefined', 'void', nor 'any' must return a value.
src/nodes/core/Node.js(566,24): error TS8024: JSDoc '@param' tag has name 'frame', but there is no parameter with that name.
src/nodes/core/Node.js(567,14): error TS2355: A function whose declared type is neither 'undefined', 'void', nor 'any' must return a value.
src/nodes/core/Node.js(607,26): error TS2554: Expected 0 arguments, but got 1.
src/nodes/core/Node.js(664,20): error TS2554: Expected 2 arguments, but got 1.
src/nodes/core/Node.js(698,3): error TS2740: Type 'Generator<{ property: string; index: number; childNode: any; } | { property: string; childNode: any; index?: undefined; } | { property: string; index: string; childNode: any; }, void, unknown>' is missing the following properties from type 'Object[]': length, pop, push, concat, and 26 more.
src/nodes/core/Node.js(713,17): error TS2339: Property 'property' does not exist on type 'Object'.
src/nodes/core/Node.js(713,27): error TS2339: Property 'index' does not exist on type 'Object'.
src/nodes/core/Node.js(713,34): error TS2339: Property 'childNode' does not exist on type 'Object'.
src/nodes/core/Node.js(717,10): error TS7053: Element implicitly has an 'any' type because expression of type 'any' can't be used to index type '{}'.
src/nodes/core/Node.js(719,6): error TS7053: Element implicitly has an 'any' type because expression of type 'any' can't be used to index type '{}'.
src/nodes/core/Node.js(723,5): error TS7053: Element implicitly has an 'any' type because expression of type 'any' can't be used to index type '{}'.
src/nodes/core/Node.js(723,62): error TS2339: Property 'meta' does not exist on type 'Object'.
src/nodes/core/Node.js(727,5): error TS7053: Element implicitly has an 'any' type because expression of type 'any' can't be used to index type '{}'.
src/nodes/core/Node.js(727,53): error TS2339: Property 'meta' does not exist on type 'Object'.
src/nodes/core/Node.js(735,9): error TS2339: Property 'inputNodes' does not exist on type 'Object'.
src/nodes/core/Node.js(748,13): error TS2339: Property 'inputNodes' does not exist on type 'Object'.
src/nodes/core/Node.js(750,23): error TS2339: Property 'meta' does not exist on type 'Object'.
src/nodes/core/Node.js(752,33): error TS2339: Property 'inputNodes' does not exist on type 'Object'.
src/nodes/core/Node.js(754,30): error TS2339: Property 'inputNodes' does not exist on type 'Object'.
src/nodes/core/Node.js(758,31): error TS2339: Property 'inputNodes' does not exist on type 'Object'.
src/nodes/core/Node.js(764,6): error TS7053: Element implicitly has an 'any' type because expression of type 'string' can't be used to index type 'Node'.
  No index signature with a parameter of type 'string' was found on type 'Node'.
src/nodes/core/Node.js(766,29): error TS2339: Property 'inputNodes' does not exist on type 'Object'.
src/nodes/core/Node.js(770,38): error TS2339: Property 'inputNodes' does not exist on type 'Object'.
src/nodes/core/Node.js(772,25): error TS2339: Property 'inputNodes' does not exist on type 'Object'.
src/nodes/core/Node.js(774,7): error TS7053: Element implicitly has an 'any' type because expression of type 'string' can't be used to index type '{}'.
  No index signature with a parameter of type 'string' was found on type '{}'.
src/nodes/core/Node.js(778,6): error TS7053: Element implicitly has an 'any' type because expression of type 'string' can't be used to index type 'Node'.
  No index signature with a parameter of type 'string' was found on type 'Node'.
src/nodes/core/Node.js(782,24): error TS2339: Property 'inputNodes' does not exist on type 'Object'.
src/nodes/core/Node.js(784,6): error TS7053: Element implicitly has an 'any' type because expression of type 'string' can't be used to index type 'Node'.
  No index signature with a parameter of type 'string' was found on type 'Node'.
src/nodes/core/Node.js(817,14): error TS18047: 'meta' is possibly 'null'.
src/nodes/core/Node.js(817,19): error TS2339: Property 'nodes' does not exist on type 'Object'.
src/nodes/core/Node.js(832,27): error TS18047: 'meta' is possibly 'null'.
src/nodes/core/Node.js(832,32): error TS2339: Property 'nodes' does not exist on type 'Object'.
src/nodes/core/Node.js(860,39): error TS18047: 'meta' is possibly 'null'.
src/nodes/core/Node.js(860,44): error TS2339: Property 'textures' does not exist on type 'Object'.
src/nodes/core/Node.js(861,37): error TS18047: 'meta' is possibly 'null'.
src/nodes/core/Node.js(861,42): error TS2339: Property 'images' does not exist on type 'Object'.
src/nodes/core/Node.js(862,36): error TS18047: 'meta' is possibly 'null'.
src/nodes/core/Node.js(862,41): error TS2339: Property 'nodes' does not exist on type 'Object'.
src/nodes/core/NodeBuilder.js(39,32): error TS2769: No overload matches this call.
  Overload 1 of 4, '(iterable?: Iterable<readonly [Int8ArrayConstructor, string]> | null | undefined): Map<Int8ArrayConstructor, string>', gave the following error.
    Argument of type '([Int8ArrayConstructor, string] | [Int16ArrayConstructor, string] | [Int32ArrayConstructor, string] | [...] | [...] | [...] | [...])[]' is not assignable to parameter of type 'Iterable<readonly [Int8ArrayConstructor, string]>'.
      The types returned by '[Symbol.iterator]().next(...)' are incompatible between these types.
        Type 'IteratorResult<[Int8ArrayConstructor, string] | [Int16ArrayConstructor, string] | [Int32ArrayConstructor, string] | [...] | [...] | [...] | [...], undefined>' is not assignable to type 'IteratorResult<readonly [Int8ArrayConstructor, string], any>'.
          Type 'IteratorYieldResult<[Int8ArrayConstructor, string] | [Int16ArrayConstructor, string] | [Int32ArrayConstructor, string] | [...] | [...] | [...] | [...]>' is not assignable to type 'IteratorResult<readonly [Int8ArrayConstructor, string], any>'.
            Type 'IteratorYieldResult<[Int8ArrayConstructor, string] | [Int16ArrayConstructor, string] | [Int32ArrayConstructor, string] | [...] | [...] | [...] | [...]>' is not assignable to type 'IteratorYieldResult<readonly [Int8ArrayConstructor, string]>'.
              Type '[Int8ArrayConstructor, string] | [Int16ArrayConstructor, string] | [Int32ArrayConstructor, string] | [...] | [...] | [...] | [...]' is not assignable to type 'readonly [Int8ArrayConstructor, string]'.
                Type '[Int16ArrayConstructor, string]' is not assignable to type 'readonly [Int8ArrayConstructor, string]'.
                  Type at position 0 in source is not compatible with type at position 0 in target.
                    The types of 'prototype.filter(...).findLast' are incompatible between these types.
                      Type '{ <S extends number>(predicate: (value: number, index: number, array: Int16Array<ArrayBuffer>) => value is S, thisArg?: any): S | undefined; (predicate: (value: number, index: number, array: Int16Array<...>) => unknown, thisArg?: any): number | undefined; }' is not assignable to type '{ <S extends number>(predicate: (value: number, index: number, array: Int8Array<ArrayBuffer>) => value is S, thisArg?: any): S | undefined; (predicate: (value: number, index: number, array: Int8Array<...>) => unknown, thisArg?: any): number | undefined; }'.
                        Types of parameters 'predicate' and 'predicate' are incompatible.
                          Type '(value: number, index: number, array: Int8Array<ArrayBuffer>) => unknown' is not assignable to type '(value: number, index: number, array: Int16Array<ArrayBuffer>) => value is any'.
                            Signature '(value: number, index: number, array: Int8Array<ArrayBuffer>): unknown' must be a type predicate.
src/nodes/core/NodeBuilder.js(505,14): error TS2355: A function whose declared type is neither 'undefined', 'void', nor 'any' must return a value.
src/nodes/core/NodeBuilder.js(545,58): error TS7053: Element implicitly has an 'any' type because expression of type 'string' can't be used to index type 'Object'.
  No index signature with a parameter of type 'string' was found on type 'Object'.
src/nodes/core/NodeBuilder.js(553,57): error TS7053: Element implicitly has an 'any' type because expression of type 'string' can't be used to index type 'Object'.
  No index signature with a parameter of type 'string' was found on type 'Object'.
src/nodes/core/NodeBuilder.js(570,20): error TS7053: Element implicitly has an 'any' type because expression of type '"vertex" | "fragment" | "compute" | "any"' can't be used to index type 'Object'.
  Property 'vertex' does not exist on type 'Object'.
src/nodes/core/NodeBuilder.js(576,9): error TS7053: Element implicitly has an 'any' type because expression of type 'string' can't be used to index type 'Object'.
  No index signature with a parameter of type 'string' was found on type 'Object'.
src/nodes/core/NodeBuilder.js(578,5): error TS7053: Element implicitly has an 'any' type because expression of type 'string' can't be used to index type 'Object'.
  No index signature with a parameter of type 'string' was found on type 'Object'.
src/nodes/core/NodeBuilder.js(606,30): error TS7053: Element implicitly has an 'any' type because expression of type 'string' can't be used to index type 'Object'.
  No index signature with a parameter of type 'string' was found on type 'Object'.
src/nodes/core/NodeBuilder.js(608,23): error TS7053: Element implicitly has an 'any' type because expression of type 'string' can't be used to index type 'Object'.
  No index signature with a parameter of type 'string' was found on type 'Object'.
src/nodes/core/NodeBuilder.js(610,28): error TS7053: Element implicitly has an 'any' type because expression of type 'string' can't be used to index type '{}'.
  No index signature with a parameter of type 'string' was found on type '{}'.
src/nodes/core/NodeBuilder.js(610,53): error TS7053: Element implicitly has an 'any' type because expression of type 'string' can't be used to index type '{}'.
  No index signature with a parameter of type 'string' was found on type '{}'.
src/nodes/core/NodeBuilder.js(621,19): error TS7053: Element implicitly has an 'any' type because expression of type 'string' can't be used to index type '{}'.
  No index signature with a parameter of type 'string' was found on type '{}'.
src/nodes/core/NodeBuilder.js(649,4): error TS7053: Element implicitly has an 'any' type because expression of type 'string' can't be used to index type 'Object'.
  No index signature with a parameter of type 'string' was found on type 'Object'.
src/nodes/core/NodeBuilder.js(878,18): error TS2339: Property 'material' does not exist on type '{ constructor: Function; toString(): string; toLocaleString(): string; valueOf(): Object; hasOwnProperty(v: PropertyKey): boolean; isPrototypeOf(v: Object): boolean; propertyIsEnumerable(v: PropertyKey): boolean; }'.
src/nodes/core/NodeBuilder.js(916,13): error TS2339: Property 'cache' does not exist on type 'Object'.
src/nodes/core/NodeBuilder.js(916,40): error TS2339: Property 'cache' does not exist on type 'Object'.
src/nodes/core/NodeBuilder.js(918,15): error TS2339: Property 'cache' does not exist on type 'Object'.
src/nodes/core/NodeBuilder.js(926,21): error TS8024: JSDoc '@param' tag has name 'name', but there is no parameter with that name.
src/nodes/core/NodeBuilder.js(939,14): error TS2355: A function whose declared type is neither 'undefined', 'void', nor 'any' must return a value.
src/nodes/core/NodeBuilder.js(951,14): error TS2355: A function whose declared type is neither 'undefined', 'void', nor 'any' must return a value.
src/nodes/core/NodeBuilder.js(964,14): error TS2355: A function whose declared type is neither 'undefined', 'void', nor 'any' must return a value.
src/nodes/core/NodeBuilder.js(976,14): error TS2355: A function whose declared type is neither 'undefined', 'void', nor 'any' must return a value.
src/nodes/core/NodeBuilder.js(988,14): error TS2355: A function whose declared type is neither 'undefined', 'void', nor 'any' must return a value.
src/nodes/core/NodeBuilder.js(1018,12): error TS2339: Property 'usageCount' does not exist on type 'Object'.
src/nodes/core/NodeBuilder.js(1018,34): error TS2339: Property 'usageCount' does not exist on type 'Object'.
src/nodes/core/NodeBuilder.js(1018,74): error TS2339: Property 'usageCount' does not exist on type 'Object'.
src/nodes/core/NodeBuilder.js(1020,19): error TS2339: Property 'usageCount' does not exist on type 'Object'.
src/nodes/core/NodeBuilder.js(1028,22): error TS8024: JSDoc '@param' tag has name 'texture', but there is no parameter with that name.
src/nodes/core/NodeBuilder.js(1029,21): error TS8024: JSDoc '@param' tag has name 'textureProperty', but there is no parameter with that name.
src/nodes/core/NodeBuilder.js(1030,21): error TS8024: JSDoc '@param' tag has name 'uvSnippet', but there is no parameter with that name.
src/nodes/core/NodeBuilder.js(1031,14): error TS2355: A function whose declared type is neither 'undefined', 'void', nor 'any' must return a value.
src/nodes/core/NodeBuilder.js(1043,22): error TS8024: JSDoc '@param' tag has name 'texture', but there is no parameter with that name.
src/nodes/core/NodeBuilder.js(1044,21): error TS8024: JSDoc '@param' tag has name 'textureProperty', but there is no parameter with that name.
src/nodes/core/NodeBuilder.js(1045,21): error TS8024: JSDoc '@param' tag has name 'uvSnippet', but there is no parameter with that name.
src/nodes/core/NodeBuilder.js(1046,22): error TS8024: JSDoc '@param' tag has name 'depthSnippet', but there is no parameter with that name.
src/nodes/core/NodeBuilder.js(1047,21): error TS8024: JSDoc '@param' tag has name 'levelSnippet', but there is no parameter with that name.
src/nodes/core/NodeBuilder.js(1048,14): error TS2355: A function whose declared type is neither 'undefined', 'void', nor 'any' must return a value.
src/nodes/core/NodeBuilder.js(1178,52): error TS8024: JSDoc '@param' tag has name 'shaderStage', but there is no parameter with that name.
src/nodes/core/NodeBuilder.js(1227,22): error TS8024: JSDoc '@param' tag has name 'texture', but there is no parameter with that name.
src/nodes/core/NodeBuilder.js(1287,33): error TS2322: Type 'null' is not assignable to type 'string'.
src/nodes/core/NodeBuilder.js(1338,3): error TS2322: Type 'string | undefined' is not assignable to type 'string'.
  Type 'undefined' is not assignable to type 'string'.
src/nodes/core/NodeBuilder.js(1475,25): error TS2322: Type '"vertex" | "fragment" | "compute" | "any" | null' is not assignable to type '"vertex" | "fragment" | "compute" | "any" | undefined'.
  Type 'null' is not assignable to type '"vertex" | "fragment" | "compute" | "any" | undefined'.
src/nodes/core/NodeBuilder.js(1489,8): error TS18047: 'nodeData' is possibly 'null'.
src/nodes/core/NodeBuilder.js(1489,8): error TS7053: Element implicitly has an 'any' type because expression of type '"vertex" | "fragment" | "compute" | "any"' can't be used to index type 'Object'.
  Property 'vertex' does not exist on type 'Object'.
src/nodes/core/NodeBuilder.js(1489,48): error TS18047: 'nodeData' is possibly 'null'.
src/nodes/core/NodeBuilder.js(1489,48): error TS7053: Element implicitly has an 'any' type because expression of type '"vertex" | "fragment" | "compute" | "any"' can't be used to index type 'Object'.
  Property 'vertex' does not exist on type 'Object'.
src/nodes/core/NodeBuilder.js(1491,10): error TS18047: 'nodeData' is possibly 'null'.
src/nodes/core/NodeBuilder.js(1491,10): error TS7053: Element implicitly has an 'any' type because expression of type '"vertex" | "fragment" | "compute" | "any"' can't be used to index type 'Object'.
  Property 'vertex' does not exist on type 'Object'.
src/nodes/core/NodeBuilder.js(1506,19): error TS2339: Property 'properties' does not exist on type 'Object'.
src/nodes/core/NodeBuilder.js(1506,44): error TS2339: Property 'properties' does not exist on type 'Object'.
src/nodes/core/NodeBuilder.js(1521,34): error TS2339: Property 'bufferAttribute' does not exist on type 'Object'.
src/nodes/core/NodeBuilder.js(1525,32): error TS2339: Property 'index' does not exist on type 'Object'.
src/nodes/core/NodeBuilder.js(1531,13): error TS2339: Property 'bufferAttribute' does not exist on type 'Object'.
src/nodes/core/NodeBuilder.js(1547,38): error TS2322: Type '"vertex" | "fragment" | "compute" | "any" | null' is not assignable to type '"vertex" | "fragment" | "compute" | "any" | undefined'.
  Type 'null' is not assignable to type '"vertex" | "fragment" | "compute" | "any" | undefined'.
src/nodes/core/NodeBuilder.js(1551,29): error TS2339: Property 'structType' does not exist on type 'Object'.
src/nodes/core/NodeBuilder.js(1555,31): error TS2339: Property 'index' does not exist on type 'Object'.
src/nodes/core/NodeBuilder.js(1559,4): error TS7053: Element implicitly has an 'any' type because expression of type '"vertex" | "fragment" | "compute" | "any"' can't be used to index type 'Object'.
  Property 'vertex' does not exist on type 'Object'.
src/nodes/core/NodeBuilder.js(1561,13): error TS2339: Property 'structType' does not exist on type 'Object'.
src/nodes/core/NodeBuilder.js(1578,34): error TS2322: Type '"vertex" | "fragment" | "compute" | "any" | null' is not assignable to type '"vertex" | "fragment" | "compute" | "any" | undefined'.
  Type 'null' is not assignable to type '"vertex" | "fragment" | "compute" | "any" | undefined'.
src/nodes/core/NodeBuilder.js(1582,30): error TS2339: Property 'uniform' does not exist on type 'Object'.
src/nodes/core/NodeBuilder.js(1586,32): error TS2339: Property 'index' does not exist on type 'Object'.
src/nodes/core/NodeBuilder.js(1590,4): error TS7053: Element implicitly has an 'any' type because expression of type '"vertex" | "fragment" | "compute" | "any"' can't be used to index type 'Object'.
  Property 'vertex' does not exist on type 'Object'.
src/nodes/core/NodeBuilder.js(1592,13): error TS2339: Property 'uniform' does not exist on type 'Object'.
src/nodes/core/NodeBuilder.js(1611,70): error TS2322: Type '"vertex" | "fragment" | "compute" | "any" | null' is not assignable to type '"vertex" | "fragment" | "compute" | "any" | undefined'.
  Type 'null' is not assignable to type '"vertex" | "fragment" | "compute" | "any" | undefined'.
src/nodes/core/NodeBuilder.js(1615,26): error TS2339: Property 'variable' does not exist on type 'Object'.
src/nodes/core/NodeBuilder.js(1640,13): error TS2339: Property 'variable' does not exist on type 'Object'.
src/nodes/core/NodeBuilder.js(1689,30): error TS2339: Property 'varying' does not exist on type 'Object'.
src/nodes/core/NodeBuilder.js(1702,13): error TS2339: Property 'varying' does not exist on type 'Object'.
src/nodes/core/NodeBuilder.js(1718,31): error TS2322: Type '"vertex" | "fragment" | "compute" | "any" | null' is not assignable to type '"vertex" | "fragment" | "compute" | "any" | undefined'.
  Type 'null' is not assignable to type '"vertex" | "fragment" | "compute" | "any" | undefined'.
src/nodes/core/NodeBuilder.js(1722,27): error TS2339: Property 'code' does not exist on type 'Object'.
src/nodes/core/NodeBuilder.js(1733,13): error TS2339: Property 'code' does not exist on type 'Object'.
src/nodes/core/NodeBuilder.js(1752,11): error TS2339: Property 'flowCodes' does not exist on type 'Object'.
src/nodes/core/NodeBuilder.js(1752,22): error TS2339: Property 'flowCodeBlock' does not exist on type 'Object'.
src/nodes/core/NodeBuilder.js(1766,68): error TS2339: Property 'parentNodeBlock' does not exist on type 'Object'.
src/nodes/core/NodeBuilder.js(1792,30): error TS2339: Property 'flowCodes' does not exist on type 'Object'.
src/nodes/core/NodeBuilder.js(1792,54): error TS2339: Property 'flowCodes' does not exist on type 'Object'.
src/nodes/core/NodeBuilder.js(1793,30): error TS2339: Property 'flowCodeBlock' does not exist on type 'Object'.
src/nodes/core/NodeBuilder.js(1793,58): error TS2339: Property 'flowCodeBlock' does not exist on type 'Object'.
src/nodes/core/NodeBuilder.js(1811,38): error TS2339: Property 'nodeBlock' does not exist on type 'Object'.
src/nodes/core/NodeBuilder.js(1813,56): error TS2339: Property 'nodeBlock' does not exist on type 'Object'.
src/nodes/core/NodeBuilder.js(1876,52): error TS8024: JSDoc '@param' tag has name 'shaderStage', but there is no parameter with that name.
src/nodes/core/NodeBuilder.js(1918,18): error TS2551: Property 'buildFunctionCode' does not exist on type 'NodeBuilder'. Did you mean 'buildFunctionNode'?
src/nodes/core/NodeBuilder.js(1953,4): error TS7053: Element implicitly has an 'any' type because expression of type 'any' can't be used to index type '{ [Symbol.iterator](): { next: () => { value: any; done: boolean; }; }; }'.
src/nodes/core/NodeBuilder.js(1996,24): error TS2345: Argument of type 'string' is not assignable to parameter of type '"setup" | "analyze" | "generate" | null'.
src/nodes/core/NodeBuilder.js(1998,9): error TS2339: Property 'result' does not exist on type '{ code: string; }'.
src/nodes/core/NodeBuilder.js(2002,8): error TS2339: Property 'vars' does not exist on type '{ code: string; }'.
src/nodes/core/NodeBuilder.js(2002,29): error TS2345: Argument of type '"vertex" | "fragment" | "compute" | "any" | null' is not assignable to parameter of type '"vertex" | "fragment" | "compute" | "any"'.
  Type 'null' is not assignable to type '"vertex" | "fragment" | "compute" | "any"'.
src/nodes/core/NodeBuilder.js(2020,21): error TS8024: JSDoc '@param' tag has name 'op', but there is no parameter with that name.
src/nodes/core/NodeBuilder.js(2025,3): error TS2322: Type 'null' is not assignable to type 'string'.
src/nodes/core/NodeBuilder.js(2046,8): error TS2339: Property 'result' does not exist on type '{ code: string; }'.
src/nodes/core/NodeBuilder.js(2076,13): error TS2339: Property 'code' does not exist on type 'Object'.
src/nodes/core/NodeBuilder.js(2076,65): error TS2339: Property 'result' does not exist on type 'Object'.
src/nodes/core/NodeBuilder.js(2080,74): error TS2339: Property 'code' does not exist on type 'Object'.
src/nodes/core/NodeBuilder.js(2103,52): error TS8024: JSDoc '@param' tag has name 'shaderStage', but there is no parameter with that name.
src/nodes/core/NodeBuilder.js(2104,14): error TS2355: A function whose declared type is neither 'undefined', 'void', nor 'any' must return a value.
src/nodes/core/NodeBuilder.js(2116,52): error TS8024: JSDoc '@param' tag has name 'shaderStage', but there is no parameter with that name.
src/nodes/core/NodeBuilder.js(2117,14): error TS2355: A function whose declared type is neither 'undefined', 'void', nor 'any' must return a value.
src/nodes/core/NodeBuilder.js(2168,52): error TS8024: JSDoc '@param' tag has name 'shaderStage', but there is no parameter with that name.
src/nodes/core/NodeBuilder.js(2169,14): error TS2355: A function whose declared type is neither 'undefined', 'void', nor 'any' must return a value.
src/nodes/core/NodeBuilder.js(2210,10): error TS2531: Object is possibly 'null'.
src/nodes/core/NodeBuilder.js(2210,30): error TS2531: Object is possibly 'null'.
src/nodes/core/NodeBuilder.js(2304,24): error TS2345: Argument of type 'string' is not assignable to parameter of type '"setup" | "analyze" | "generate" | null'.
src/nodes/core/NodeBuilder.js(2306,22): error TS2339: Property 'vertex' does not exist on type 'Object'.
src/nodes/core/NodeBuilder.js(2306,45): error TS2339: Property 'vertex' does not exist on type 'Object'.
src/nodes/core/NodeBuilder.js(2308,58): error TS2339: Property 'vertex' does not exist on type 'Object'.
src/nodes/core/NodeBuilder.js(2314,26): error TS2345: Argument of type 'string' is not assignable to parameter of type '"vertex" | "fragment" | "compute" | "any" | null'.
src/nodes/core/NodeCache.js(53,4): error TS2322: Type 'Object | null' is not assignable to type 'Object | undefined'.
  Type 'null' is not assignable to type 'Object | undefined'.
src/nodes/core/NodeCache.js(57,3): error TS2322: Type 'Object | undefined' is not assignable to type 'Object | null'.
  Type 'undefined' is not assignable to type 'Object | null'.
src/nodes/core/NodeFunction.js(55,21): error TS8024: JSDoc '@param' tag has name 'name', but there is no parameter with that name.
src/nodes/core/NodeFunction.js(56,14): error TS2355: A function whose declared type is neither 'undefined', 'void', nor 'any' must return a value.
src/nodes/core/NodeFunctionInput.js(15,41): error TS2322: Type '""' is not assignable to type '"in" | "out" | "inout" | undefined'.
src/nodes/core/NodeParser.js(11,21): error TS8024: JSDoc '@param' tag has name 'source', but there is no parameter with that name.
src/nodes/core/NodeUtils.js(89,14): error TS2339: Property 'isNode' does not exist on type 'Object'.
src/nodes/core/NodeUtils.js(91,23): error TS2339: Property 'id' does not exist on type 'Object'.
src/nodes/core/NodeUtils.js(92,19): error TS2339: Property 'getSelf' does not exist on type 'Object'.
src/nodes/core/NodeUtils.js(122,18): error TS7053: Element implicitly has an 'any' type because expression of type 'string' can't be used to index type 'Object'.
  No index signature with a parameter of type 'string' was found on type 'Object'.
src/nodes/core/NodeUtils.js(182,2): error TS2322: Type 'string | undefined' is not assignable to type 'string'.
  Type 'undefined' is not assignable to type 'string'.
src/nodes/core/NodeUtils.js(224,13): error TS2366: Function lacks ending return statement and return type does not include 'undefined'.
src/nodes/core/OutputStructNode.js(47,2): error TS2416: Property 'setup' in type 'OutputStructNode' is not assignable to the same property in base type 'Node'.
  Type '(builder: any) => void' is not assignable to type '(builder: NodeBuilder) => Node | null'.
    Type 'void' is not assignable to type 'Node | null'.
src/nodes/core/PropertyNode.js(67,38): error TS2554: Expected 0 arguments, but got 1.
src/nodes/core/PropertyNode.js(74,26): error TS8024: JSDoc '@param' tag has name 'builder', but there is no parameter with that name.
src/nodes/core/PropertyNode.js(129,11): error TS2315: Type 'PropertyNode' is not generic.
src/nodes/core/PropertyNode.js(136,11): error TS2315: Type 'PropertyNode' is not generic.
src/nodes/core/PropertyNode.js(143,11): error TS2315: Type 'PropertyNode' is not generic.
src/nodes/core/PropertyNode.js(150,11): error TS2315: Type 'PropertyNode' is not generic.
src/nodes/core/PropertyNode.js(157,11): error TS2315: Type 'PropertyNode' is not generic.
src/nodes/core/PropertyNode.js(164,11): error TS2315: Type 'PropertyNode' is not generic.
src/nodes/core/PropertyNode.js(171,11): error TS2315: Type 'PropertyNode' is not generic.
src/nodes/core/PropertyNode.js(178,11): error TS2315: Type 'PropertyNode' is not generic.
src/nodes/core/PropertyNode.js(185,11): error TS2315: Type 'PropertyNode' is not generic.
src/nodes/core/PropertyNode.js(192,11): error TS2315: Type 'PropertyNode' is not generic.
src/nodes/core/PropertyNode.js(199,11): error TS2315: Type 'PropertyNode' is not generic.
src/nodes/core/PropertyNode.js(206,11): error TS2315: Type 'PropertyNode' is not generic.
src/nodes/core/PropertyNode.js(213,11): error TS2315: Type 'PropertyNode' is not generic.
src/nodes/core/PropertyNode.js(220,11): error TS2315: Type 'PropertyNode' is not generic.
src/nodes/core/PropertyNode.js(227,11): error TS2315: Type 'PropertyNode' is not generic.
src/nodes/core/PropertyNode.js(234,11): error TS2315: Type 'PropertyNode' is not generic.
src/nodes/core/PropertyNode.js(241,11): error TS2315: Type 'PropertyNode' is not generic.
src/nodes/core/PropertyNode.js(248,11): error TS2315: Type 'PropertyNode' is not generic.
src/nodes/core/PropertyNode.js(255,11): error TS2315: Type 'PropertyNode' is not generic.
src/nodes/core/PropertyNode.js(262,11): error TS2315: Type 'PropertyNode' is not generic.
src/nodes/core/PropertyNode.js(269,11): error TS2315: Type 'PropertyNode' is not generic.
src/nodes/core/PropertyNode.js(276,11): error TS2315: Type 'PropertyNode' is not generic.
src/nodes/core/PropertyNode.js(283,11): error TS2315: Type 'PropertyNode' is not generic.
src/nodes/core/PropertyNode.js(290,11): error TS2315: Type 'PropertyNode' is not generic.
src/nodes/core/PropertyNode.js(297,11): error TS2315: Type 'PropertyNode' is not generic.
src/nodes/core/PropertyNode.js(304,11): error TS2315: Type 'PropertyNode' is not generic.
src/nodes/core/PropertyNode.js(311,11): error TS2315: Type 'PropertyNode' is not generic.
src/nodes/core/PropertyNode.js(318,11): error TS2315: Type 'PropertyNode' is not generic.
src/nodes/core/StackNode.js(51,3): error TS2322: Type 'StackNode | null' is not assignable to type 'StackNode'.
  Type 'null' is not assignable to type 'StackNode'.
src/nodes/core/StackNode.js(102,22): error TS7009: 'new' expression, whose target lacks a construct signature, implicitly has an 'any' type.
src/nodes/core/StackNode.js(118,22): error TS7009: 'new' expression, whose target lacks a construct signature, implicitly has an 'any' type.
src/nodes/core/StackNode.js(136,32): error TS7009: 'new' expression, whose target lacks a construct signature, implicitly has an 'any' type.
src/nodes/core/StackNode.js(142,18): error TS7019: Rest parameter 'params' implicitly has an 'any[]' type.
src/nodes/core/StackNode.js(172,21): error TS2556: A spread argument must either have a tuple type or be passed to a rest parameter.
src/nodes/core/StackNode.js(185,23): error TS2556: A spread argument must either have a tuple type or be passed to a rest parameter.
src/nodes/core/TempNode.js(57,67): error TS2554: Expected 1 arguments, but got 2.
src/nodes/core/UniformGroupNode.js(87,8): error TS2540: Cannot assign to 'version' because it is a read-only property.
src/nodes/core/UniformNode.js(106,24): error TS2554: Expected 0 arguments, but got 1.
src/nodes/core/UniformNode.js(132,34): error TS2554: Expected 0 arguments, but got 1.
src/nodes/core/VarNode.js(75,3): error TS2322: Type 'boolean | null' is not assignable to type 'boolean'.
  Type 'null' is not assignable to type 'boolean'.
src/nodes/core/VarNode.js(81,38): error TS2554: Expected 0 arguments, but got 1.
src/nodes/core/VaryingNode.js(65,26): error TS8024: JSDoc '@param' tag has name 'builder', but there is no parameter with that name.
src/nodes/core/VaryingNode.js(76,38): error TS2554: Expected 0 arguments, but got 1.
src/nodes/core/VaryingNode.js(117,2): error TS2416: Property 'setup' in type 'VaryingNode' is not assignable to the same property in base type 'Node'.
  Type '(builder: any) => void' is not assignable to type '(builder: NodeBuilder) => Node | null'.
    Type 'void' is not assignable to type 'Node | null'.
src/nodes/core/VaryingNode.js(193,33): error TS7019: Rest parameter 'params' implicitly has an 'any[]' type.
src/nodes/core/VaryingNode.js(200,37): error TS7019: Rest parameter 'params' implicitly has an 'any[]' type.
src/nodes/display/BlendModes.js(18,48): error TS7031: Binding element 'base' implicitly has an 'any' type.
src/nodes/display/BlendModes.js(18,54): error TS7031: Binding element 'blend' implicitly has an 'any' type.
src/nodes/display/BlendModes.js(43,49): error TS7031: Binding element 'base' implicitly has an 'any' type.
src/nodes/display/BlendModes.js(43,55): error TS7031: Binding element 'blend' implicitly has an 'any' type.
src/nodes/display/BlendModes.js(68,50): error TS7031: Binding element 'base' implicitly has an 'any' type.
src/nodes/display/BlendModes.js(68,56): error TS7031: Binding element 'blend' implicitly has an 'any' type.
src/nodes/display/BlendModes.js(93,51): error TS7031: Binding element 'base' implicitly has an 'any' type.
src/nodes/display/BlendModes.js(93,57): error TS7031: Binding element 'blend' implicitly has an 'any' type.
src/nodes/display/BlendModes.js(115,49): error TS7031: Binding element 'base' implicitly has an 'any' type.
src/nodes/display/BlendModes.js(115,55): error TS7031: Binding element 'blend' implicitly has an 'any' type.
src/nodes/display/BumpMapNode.js(13,27): error TS7031: Binding element 'textureNode' implicitly has an 'any' type.
src/nodes/display/BumpMapNode.js(13,40): error TS7031: Binding element 'bumpScale' implicitly has an 'any' type.
src/nodes/display/ColorAdjustment.js(17,48): error TS7031: Binding element 'color' implicitly has an 'any' type.
src/nodes/display/ColorAdjustment.js(31,49): error TS7031: Binding element 'color' implicitly has an 'any' type.
src/nodes/display/ColorAdjustment.js(47,47): error TS7031: Binding element 'color' implicitly has an 'any' type.
src/nodes/display/ColorAdjustment.js(66,42): error TS7031: Binding element 'color' implicitly has an 'any' type.
src/nodes/display/ColorAdjustment.js(111,2): error TS7031: Binding element 'color' implicitly has an 'any' type.
src/nodes/display/ColorSpaceFunctions.js(13,55): error TS7031: Binding element 'color' implicitly has an 'any' type.
src/nodes/display/ColorSpaceFunctions.js(38,55): error TS7031: Binding element 'color' implicitly has an 'any' type.
src/nodes/display/FrontFacingNode.js(64,11): error TS2315: Type 'FrontFacingNode' is not generic.
src/nodes/display/FrontFacingNode.js(72,11): error TS2315: Type 'Node' is not generic.
src/nodes/display/PassNode.js(20,14): error TS2507: Type 'NodeModule' is not a constructor function type.
src/nodes/display/PassNode.js(20,14): error TS8023: JSDoc '@augments module' does not match the 'extends TextureNode' clause.
src/nodes/display/PassNode.js(47,8): error TS2339: Property 'setUpdateMatrix' does not exist on type 'PassTextureNode'.
src/nodes/display/PassNode.js(61,14): error TS2351: This expression is not constructable.
  Type 'Function' has no construct signatures.
src/nodes/display/PassNode.js(61,52): error TS2339: Property 'value' does not exist on type 'PassTextureNode'.
src/nodes/display/PassNode.js(71,14): error TS2507: Type 'NodeModule' is not a constructor function type.
src/nodes/display/PassNode.js(71,14): error TS8023: JSDoc '@augments module' does not match the 'extends PassTextureNode' clause.
src/nodes/display/PassNode.js(117,44): error TS2339: Property 'passNode' does not exist on type 'PassMultipleTextureNode'.
src/nodes/display/PassNode.js(117,99): error TS2339: Property 'passNode' does not exist on type 'PassMultipleTextureNode'.
src/nodes/display/PassNode.js(131,14): error TS2351: This expression is not constructable.
  Type 'Function' has no construct signatures.
src/nodes/display/PassNode.js(131,37): error TS2339: Property 'passNode' does not exist on type 'PassMultipleTextureNode'.
src/nodes/display/PassNode.js(300,22): error TS2554: Expected 2 arguments, but got 1.
src/nodes/display/PassNode.js(308,21): error TS2554: Expected 2 arguments, but got 1.
src/nodes/display/PassNode.js(504,19): error TS7053: Element implicitly has an 'any' type because expression of type 'string' can't be used to index type 'Object'.
  No index signature with a parameter of type 'string' was found on type 'Object'.
src/nodes/display/PassNode.js(511,4): error TS7053: Element implicitly has an 'any' type because expression of type 'string' can't be used to index type 'Object'.
  No index signature with a parameter of type 'string' was found on type 'Object'.
src/nodes/display/PassNode.js(527,25): error TS7053: Element implicitly has an 'any' type because expression of type 'string' can't be used to index type 'Object'.
  No index signature with a parameter of type 'string' was found on type 'Object'.
src/nodes/display/PassNode.js(537,4): error TS7053: Element implicitly has an 'any' type because expression of type 'string' can't be used to index type 'Object'.
  No index signature with a parameter of type 'string' was found on type 'Object'.
src/nodes/display/PassNode.js(545,11): error TS7031: Binding element 'renderer' implicitly has an 'any' type.
src/nodes/display/PassNode.js(547,44): error TS2339: Property 'samples' does not exist on type 'Object'.
src/nodes/display/PassNode.js(547,100): error TS2339: Property 'samples' does not exist on type 'Object'.
src/nodes/display/PassNode.js(560,2): error TS2416: Property 'updateBefore' in type 'PassNode' is not assignable to the same property in base type 'TempNode'.
  Type '(frame: any) => void' is not assignable to type '() => boolean | null'.
    Type 'void' is not assignable to type 'boolean | null'.
src/nodes/display/PassNode.js(650,77): error TS2345: Argument of type 'string' is not assignable to parameter of type '"color" | "depth"'.
src/nodes/display/PassNode.js(671,82): error TS2345: Argument of type 'string' is not assignable to parameter of type '"color" | "depth"'.
src/nodes/display/RenderOutputNode.js(83,11): error TS7031: Binding element 'context' implicitly has an 'any' type.
src/nodes/display/RenderOutputNode.js(123,142): error TS2345: Argument of type 'number | null' is not assignable to parameter of type 'number'.
  Type 'null' is not assignable to type 'number'.
src/nodes/display/ScreenNode.js(89,3): error TS2322: Type 'string' is not assignable to type '{ NONE: string; FRAME: string; RENDER: string; OBJECT: string; }'.
src/nodes/display/ScreenNode.js(99,2): error TS2416: Property 'update' in type 'ScreenNode' is not assignable to the same property in base type 'Node'.
  Type '({ renderer }: NodeFrame) => void' is not assignable to type '() => boolean | null'.
    Target signature provides too few arguments. Expected 1 or more, but got 0.
src/nodes/display/ScreenNode.js(142,13): error TS2554: Expected 2 arguments, but got 1.
src/nodes/display/ScreenNode.js(146,13): error TS2554: Expected 2 arguments, but got 1.
src/nodes/display/ScreenNode.js(178,16): error TS2554: Expected 2 arguments, but got 1.
src/nodes/display/ScreenNode.js(196,11): error TS2315: Type 'ScreenNode' is not generic.
src/nodes/display/ScreenNode.js(203,11): error TS2315: Type 'ScreenNode' is not generic.
src/nodes/display/ScreenNode.js(210,11): error TS2315: Type 'ScreenNode' is not generic.
src/nodes/display/ScreenNode.js(219,11): error TS2315: Type 'ScreenNode' is not generic.
src/nodes/display/ScreenNode.js(226,11): error TS2315: Type 'ScreenNode' is not generic.
src/nodes/display/ScreenNode.js(233,11): error TS2315: Type 'ScreenNode' is not generic.
src/nodes/display/ScreenNode.js(240,11): error TS2315: Type 'ScreenNode' is not generic.
src/nodes/display/ToneMappingFunctions.js(16,56): error TS7031: Binding element 'color' implicitly has an 'any' type.
src/nodes/display/ToneMappingFunctions.js(16,63): error TS7031: Binding element 'exposure' implicitly has an 'any' type.
src/nodes/display/ToneMappingFunctions.js(39,58): error TS7031: Binding element 'color' implicitly has an 'any' type.
src/nodes/display/ToneMappingFunctions.js(39,65): error TS7031: Binding element 'exposure' implicitly has an 'any' type.
src/nodes/display/ToneMappingFunctions.js(64,56): error TS7031: Binding element 'color' implicitly has an 'any' type.
src/nodes/display/ToneMappingFunctions.js(64,63): error TS7031: Binding element 'exposure' implicitly has an 'any' type.
src/nodes/display/ToneMappingFunctions.js(86,44): error TS7031: Binding element 'color' implicitly has an 'any' type.
src/nodes/display/ToneMappingFunctions.js(105,60): error TS7031: Binding element 'color' implicitly has an 'any' type.
src/nodes/display/ToneMappingFunctions.js(105,67): error TS7031: Binding element 'exposure' implicitly has an 'any' type.
src/nodes/display/ToneMappingFunctions.js(145,56): error TS7031: Binding element 'x_immutable' implicitly has an 'any' type.
src/nodes/display/ToneMappingFunctions.js(163,53): error TS7031: Binding element 'color' implicitly has an 'any' type.
src/nodes/display/ToneMappingFunctions.js(163,60): error TS7031: Binding element 'exposure' implicitly has an 'any' type.
src/nodes/display/ToneMappingFunctions.js(204,57): error TS7031: Binding element 'color' implicitly has an 'any' type.
src/nodes/display/ToneMappingFunctions.js(204,64): error TS7031: Binding element 'exposure' implicitly has an 'any' type.
src/nodes/display/ToneMappingNode.js(109,14): error TS2315: Type 'ToneMappingNode' is not generic.
src/nodes/display/ToonOutlinePassNode.js(46,10): error TS2345: Argument of type 'string' is not assignable to parameter of type '"color" | "depth"'.
src/nodes/display/ToonOutlinePassNode.js(121,12): error TS2339: Property 'isMeshToonOutlineMaterial' does not exist on type 'NodeMaterial'.
src/nodes/display/ViewportDepthNode.js(76,16): error TS2554: Expected 2 arguments, but got 1.
src/nodes/display/ViewportDepthNode.js(80,11): error TS7031: Binding element 'camera' implicitly has an 'any' type.
src/nodes/display/ViewportDepthNode.js(149,12): error TS2315: Type 'Node' is not generic.
src/nodes/display/ViewportDepthNode.js(150,12): error TS2315: Type 'Node' is not generic.
src/nodes/display/ViewportDepthNode.js(151,12): error TS2315: Type 'Node' is not generic.
src/nodes/display/ViewportDepthNode.js(152,14): error TS2315: Type 'Node' is not generic.
src/nodes/display/ViewportDepthNode.js(160,12): error TS2315: Type 'Node' is not generic.
src/nodes/display/ViewportDepthNode.js(161,12): error TS2315: Type 'Node' is not generic.
src/nodes/display/ViewportDepthNode.js(162,12): error TS2315: Type 'Node' is not generic.
src/nodes/display/ViewportDepthNode.js(163,14): error TS2315: Type 'Node' is not generic.
src/nodes/display/ViewportDepthNode.js(173,12): error TS2315: Type 'Node' is not generic.
src/nodes/display/ViewportDepthNode.js(174,12): error TS2315: Type 'Node' is not generic.
src/nodes/display/ViewportDepthNode.js(175,12): error TS2315: Type 'Node' is not generic.
src/nodes/display/ViewportDepthNode.js(176,14): error TS2315: Type 'Node' is not generic.
src/nodes/display/ViewportDepthNode.js(184,12): error TS2315: Type 'Node' is not generic.
src/nodes/display/ViewportDepthNode.js(185,12): error TS2315: Type 'Node' is not generic.
src/nodes/display/ViewportDepthNode.js(186,12): error TS2315: Type 'Node' is not generic.
src/nodes/display/ViewportDepthNode.js(187,14): error TS2315: Type 'Node' is not generic.
src/nodes/display/ViewportDepthNode.js(195,12): error TS2315: Type 'Node' is not generic.
src/nodes/display/ViewportDepthNode.js(196,12): error TS2315: Type 'Node' is not generic.
src/nodes/display/ViewportDepthNode.js(197,12): error TS2315: Type 'Node' is not generic.
src/nodes/display/ViewportDepthNode.js(198,14): error TS2315: Type 'Node' is not generic.
src/nodes/display/ViewportDepthNode.js(239,12): error TS2315: Type 'Node' is not generic.
src/nodes/display/ViewportDepthNode.js(240,12): error TS2315: Type 'Node' is not generic.
src/nodes/display/ViewportDepthNode.js(241,12): error TS2315: Type 'Node' is not generic.
src/nodes/display/ViewportDepthNode.js(242,14): error TS2315: Type 'Node' is not generic.
src/nodes/display/ViewportDepthNode.js(258,12): error TS2315: Type 'Node' is not generic.
src/nodes/display/ViewportDepthNode.js(274,12): error TS2315: Type 'Node' is not generic.
src/nodes/display/ViewportDepthNode.js(286,7): error TS2339: Property 'assign' does not exist on type 'ViewportDepthNode'.
src/nodes/display/ViewportDepthTextureNode.js(16,14): error TS2507: Type 'NodeModule' is not a constructor function type.
src/nodes/display/ViewportDepthTextureNode.js(16,14): error TS8023: JSDoc '@augments module' does not match the 'extends ViewportTextureNode' clause.
src/nodes/display/ViewportSharedTextureNode.js(16,14): error TS2507: Type 'NodeModule' is not a constructor function type.
src/nodes/display/ViewportSharedTextureNode.js(16,14): error TS8023: JSDoc '@augments module' does not match the 'extends ViewportTextureNode' clause.
src/nodes/display/ViewportTextureNode.js(21,14): error TS2507: Type 'NodeModule' is not a constructor function type.
src/nodes/display/ViewportTextureNode.js(21,14): error TS8023: JSDoc '@augments module' does not match the 'extends TextureNode' clause.
src/nodes/display/ViewportTextureNode.js(84,35): error TS2339: Property 'value' does not exist on type 'ViewportTextureNode'.
src/nodes/display/ViewportTextureNode.js(107,35): error TS2351: This expression is not constructable.
  Type 'Function' has no construct signatures.
src/nodes/display/ViewportTextureNode.js(107,58): error TS2339: Property 'uvNode' does not exist on type 'ViewportTextureNode'.
src/nodes/display/ViewportTextureNode.js(107,71): error TS2339: Property 'levelNode' does not exist on type 'ViewportTextureNode'.
src/nodes/display/ViewportTextureNode.js(107,87): error TS2339: Property 'value' does not exist on type 'ViewportTextureNode'.
src/nodes/fog/Fog.js(26,21): error TS2683: 'this' implicitly has type 'any' because it does not have a type annotation.
src/nodes/fog/Fog.js(41,39): error TS7031: Binding element 'near' implicitly has an 'any' type.
src/nodes/fog/Fog.js(41,45): error TS7031: Binding element 'far' implicitly has an 'any' type.
src/nodes/fog/Fog.js(57,41): error TS7031: Binding element 'density' implicitly has an 'any' type.
src/nodes/fog/Fog.js(73,28): error TS7031: Binding element 'color' implicitly has an 'any' type.
src/nodes/fog/Fog.js(73,35): error TS7031: Binding element 'factor' implicitly has an 'any' type.
src/nodes/functions/BasicLightingModel.js(33,2): error TS2416: Property 'indirect' in type 'BasicLightingModel' is not assignable to the same property in base type 'LightingModel'.
  Type '(context: ContextNode, stack: StackNode, builder: NodeBuilder) => void' is not assignable to type '() => void'.
    Target signature provides too few arguments. Expected 3 or more, but got 0.
src/nodes/functions/BasicLightingModel.js(68,2): error TS2416: Property 'finish' in type 'BasicLightingModel' is not assignable to the same property in base type 'LightingModel'.
  Type '(context: ContextNode, stack: StackNode, builder: NodeBuilder) => void' is not assignable to type '() => void'.
    Target signature provides too few arguments. Expected 3 or more, but got 0.
src/nodes/functions/BSDF/BRDF_Sheen.js(7,41): error TS7031: Binding element 'roughness' implicitly has an 'any' type.
src/nodes/functions/BSDF/BRDF_Sheen.js(7,52): error TS7031: Binding element 'dotNH' implicitly has an 'any' type.
src/nodes/functions/BSDF/BRDF_Sheen.js(28,41): error TS7031: Binding element 'dotNV' implicitly has an 'any' type.
src/nodes/functions/BSDF/BRDF_Sheen.js(28,48): error TS7031: Binding element 'dotNL' implicitly has an 'any' type.
src/nodes/functions/BSDF/BRDF_Sheen.js(42,42): error TS7031: Binding element 'lightDirection' implicitly has an 'any' type.
src/nodes/functions/BSDF/D_GGX.js(6,37): error TS7031: Binding element 'alpha' implicitly has an 'any' type.
src/nodes/functions/BSDF/D_GGX.js(6,44): error TS7031: Binding element 'dotNH' implicitly has an 'any' type.
src/nodes/functions/BSDF/D_GGX_Anisotropic.js(7,49): error TS7031: Binding element 'alphaT' implicitly has an 'any' type.
src/nodes/functions/BSDF/D_GGX_Anisotropic.js(7,57): error TS7031: Binding element 'alphaB' implicitly has an 'any' type.
src/nodes/functions/BSDF/D_GGX_Anisotropic.js(7,65): error TS7031: Binding element 'dotNH' implicitly has an 'any' type.
src/nodes/functions/BSDF/D_GGX_Anisotropic.js(7,72): error TS7031: Binding element 'dotTH' implicitly has an 'any' type.
src/nodes/functions/BSDF/D_GGX_Anisotropic.js(7,79): error TS7031: Binding element 'dotBH' implicitly has an 'any' type.
src/nodes/functions/BSDF/DFGApprox.js(7,41): error TS7031: Binding element 'roughness' implicitly has an 'any' type.
src/nodes/functions/BSDF/DFGApprox.js(7,52): error TS7031: Binding element 'dotNV' implicitly has an 'any' type.
src/nodes/functions/BSDF/F_Schlick.js(3,41): error TS7031: Binding element 'f0' implicitly has an 'any' type.
src/nodes/functions/BSDF/F_Schlick.js(3,45): error TS7031: Binding element 'f90' implicitly has an 'any' type.
src/nodes/functions/BSDF/F_Schlick.js(3,50): error TS7031: Binding element 'dotVH' implicitly has an 'any' type.
src/nodes/functions/BSDF/LTC.js(10,38): error TS7031: Binding element 'N' implicitly has an 'any' type.
src/nodes/functions/BSDF/LTC.js(10,41): error TS7031: Binding element 'V' implicitly has an 'any' type.
src/nodes/functions/BSDF/LTC.js(10,44): error TS7031: Binding element 'roughness' implicitly has an 'any' type.
src/nodes/functions/BSDF/LTC.js(35,59): error TS7031: Binding element 'f' implicitly has an 'any' type.
src/nodes/functions/BSDF/LTC.js(52,56): error TS7031: Binding element 'v1' implicitly has an 'any' type.
src/nodes/functions/BSDF/LTC.js(52,60): error TS7031: Binding element 'v2' implicitly has an 'any' type.
src/nodes/functions/BSDF/LTC.js(75,44): error TS7031: Binding element 'N' implicitly has an 'any' type.
src/nodes/functions/BSDF/LTC.js(75,47): error TS7031: Binding element 'V' implicitly has an 'any' type.
src/nodes/functions/BSDF/LTC.js(75,50): error TS7031: Binding element 'P' implicitly has an 'any' type.
src/nodes/functions/BSDF/LTC.js(75,53): error TS7031: Binding element 'mInv' implicitly has an 'any' type.
src/nodes/functions/BSDF/LTC.js(75,59): error TS7031: Binding element 'p0' implicitly has an 'any' type.
src/nodes/functions/BSDF/LTC.js(75,63): error TS7031: Binding element 'p1' implicitly has an 'any' type.
src/nodes/functions/BSDF/LTC.js(75,67): error TS7031: Binding element 'p2' implicitly has an 'any' type.
src/nodes/functions/BSDF/LTC.js(75,71): error TS7031: Binding element 'p3' implicitly has an 'any' type.
src/nodes/functions/BSDF/Schlick_to_F0.js(3,45): error TS7031: Binding element 'f' implicitly has an 'any' type.
src/nodes/functions/BSDF/Schlick_to_F0.js(3,48): error TS7031: Binding element 'f90' implicitly has an 'any' type.
src/nodes/functions/BSDF/Schlick_to_F0.js(3,53): error TS7031: Binding element 'dotVH' implicitly has an 'any' type.
src/nodes/functions/BSDF/V_GGX_SmithCorrelated.js(7,53): error TS7031: Binding element 'alpha' implicitly has an 'any' type.
src/nodes/functions/BSDF/V_GGX_SmithCorrelated.js(7,60): error TS7031: Binding element 'dotNL' implicitly has an 'any' type.
src/nodes/functions/BSDF/V_GGX_SmithCorrelated.js(7,67): error TS7031: Binding element 'dotNV' implicitly has an 'any' type.
src/nodes/functions/BSDF/V_GGX_SmithCorrelated_Anisotropic.js(6,65): error TS7031: Binding element 'alphaT' implicitly has an 'any' type.
src/nodes/functions/BSDF/V_GGX_SmithCorrelated_Anisotropic.js(6,73): error TS7031: Binding element 'alphaB' implicitly has an 'any' type.
src/nodes/functions/BSDF/V_GGX_SmithCorrelated_Anisotropic.js(6,81): error TS7031: Binding element 'dotTV' implicitly has an 'any' type.
src/nodes/functions/BSDF/V_GGX_SmithCorrelated_Anisotropic.js(6,88): error TS7031: Binding element 'dotBV' implicitly has an 'any' type.
src/nodes/functions/BSDF/V_GGX_SmithCorrelated_Anisotropic.js(6,95): error TS7031: Binding element 'dotTL' implicitly has an 'any' type.
src/nodes/functions/BSDF/V_GGX_SmithCorrelated_Anisotropic.js(6,102): error TS7031: Binding element 'dotBL' implicitly has an 'any' type.
src/nodes/functions/BSDF/V_GGX_SmithCorrelated_Anisotropic.js(6,109): error TS7031: Binding element 'dotNV' implicitly has an 'any' type.
src/nodes/functions/BSDF/V_GGX_SmithCorrelated_Anisotropic.js(6,116): error TS7031: Binding element 'dotNL' implicitly has an 'any' type.
src/nodes/functions/material/getAlphaHashThreshold.js(7,38): error TS7031: Binding element 'value' implicitly has an 'any' type.
src/nodes/functions/material/getAlphaHashThreshold.js(13,38): error TS7031: Binding element 'value' implicitly has an 'any' type.
src/nodes/functions/material/getAlphaHashThreshold.js(19,53): error TS7031: Binding element 'position' implicitly has an 'any' type.
src/nodes/functions/material/getParallaxCorrectNormal.js(21,56): error TS7031: Binding element 'normal' implicitly has an 'any' type.
src/nodes/functions/material/getParallaxCorrectNormal.js(21,64): error TS7031: Binding element 'cubeSize' implicitly has an 'any' type.
src/nodes/functions/material/getParallaxCorrectNormal.js(21,74): error TS7031: Binding element 'cubePos' implicitly has an 'any' type.
src/nodes/functions/material/getShIrradianceAt.js(3,49): error TS7031: Binding element 'normal' implicitly has an 'any' type.
src/nodes/functions/material/getShIrradianceAt.js(3,57): error TS7031: Binding element 'shCoefficients' implicitly has an 'any' type.
src/nodes/functions/PhongLightingModel.js(12,44): error TS7031: Binding element 'dotNH' implicitly has an 'any' type.
src/nodes/functions/PhongLightingModel.js(18,47): error TS7031: Binding element 'lightDirection' implicitly has an 'any' type.
src/nodes/functions/PhongLightingModel.js(66,24): error TS8024: JSDoc '@param' tag has name 'stack', but there is no parameter with that name.
src/nodes/functions/PhongLightingModel.js(67,26): error TS8024: JSDoc '@param' tag has name 'builder', but there is no parameter with that name.
src/nodes/functions/PhongLightingModel.js(69,2): error TS2416: Property 'direct' in type 'PhongLightingModel' is not assignable to the same property in base type 'BasicLightingModel'.
  Type '({ lightDirection, lightColor, reflectedLight }: Object) => void' is not assignable to type '() => void'.
    Target signature provides too few arguments. Expected 1 or more, but got 0.
src/nodes/functions/PhongLightingModel.js(69,12): error TS2339: Property 'lightDirection' does not exist on type 'Object'.
src/nodes/functions/PhongLightingModel.js(69,28): error TS2339: Property 'lightColor' does not exist on type 'Object'.
src/nodes/functions/PhongLightingModel.js(69,40): error TS2339: Property 'reflectedLight' does not exist on type 'Object'.
src/nodes/functions/PhongLightingModel.js(88,24): error TS8024: JSDoc '@param' tag has name 'stack', but there is no parameter with that name.
src/nodes/functions/PhongLightingModel.js(89,26): error TS8024: JSDoc '@param' tag has name 'builder', but there is no parameter with that name.
src/nodes/functions/PhysicalLightingModel.js(29,56): error TS7031: Binding element 'n' implicitly has an 'any' type.
src/nodes/functions/PhysicalLightingModel.js(29,59): error TS7031: Binding element 'v' implicitly has an 'any' type.
src/nodes/functions/PhysicalLightingModel.js(29,62): error TS7031: Binding element 'thickness' implicitly has an 'any' type.
src/nodes/functions/PhysicalLightingModel.js(29,73): error TS7031: Binding element 'ior' implicitly has an 'any' type.
src/nodes/functions/PhysicalLightingModel.js(29,78): error TS7031: Binding element 'modelMatrix' implicitly has an 'any' type.
src/nodes/functions/PhysicalLightingModel.js(56,51): error TS7031: Binding element 'roughness' implicitly has an 'any' type.
src/nodes/functions/PhysicalLightingModel.js(56,62): error TS7031: Binding element 'ior' implicitly has an 'any' type.
src/nodes/functions/PhysicalLightingModel.js(74,53): error TS7031: Binding element 'fragCoord' implicitly has an 'any' type.
src/nodes/functions/PhysicalLightingModel.js(74,64): error TS7031: Binding element 'roughness' implicitly has an 'any' type.
src/nodes/functions/PhysicalLightingModel.js(74,75): error TS7031: Binding element 'ior' implicitly has an 'any' type.
src/nodes/functions/PhysicalLightingModel.js(74,84): error TS7031: Binding element 'material' implicitly has an 'any' type.
src/nodes/functions/PhysicalLightingModel.js(87,49): error TS7031: Binding element 'transmissionDistance' implicitly has an 'any' type.
src/nodes/functions/PhysicalLightingModel.js(87,71): error TS7031: Binding element 'attenuationColor' implicitly has an 'any' type.
src/nodes/functions/PhysicalLightingModel.js(87,89): error TS7031: Binding element 'attenuationDistance' implicitly has an 'any' type.
src/nodes/functions/PhysicalLightingModel.js(112,54): error TS7031: Binding element 'n' implicitly has an 'any' type.
src/nodes/functions/PhysicalLightingModel.js(112,57): error TS7031: Binding element 'v' implicitly has an 'any' type.
src/nodes/functions/PhysicalLightingModel.js(112,60): error TS7031: Binding element 'roughness' implicitly has an 'any' type.
src/nodes/functions/PhysicalLightingModel.js(112,71): error TS7031: Binding element 'diffuseColor' implicitly has an 'any' type.
src/nodes/functions/PhysicalLightingModel.js(112,85): error TS7031: Binding element 'specularColor' implicitly has an 'any' type.
src/nodes/functions/PhysicalLightingModel.js(112,100): error TS7031: Binding element 'specularF90' implicitly has an 'any' type.
src/nodes/functions/PhysicalLightingModel.js(112,113): error TS7031: Binding element 'position' implicitly has an 'any' type.
src/nodes/functions/PhysicalLightingModel.js(112,123): error TS7031: Binding element 'modelMatrix' implicitly has an 'any' type.
src/nodes/functions/PhysicalLightingModel.js(112,136): error TS7031: Binding element 'viewMatrix' implicitly has an 'any' type.
src/nodes/functions/PhysicalLightingModel.js(112,148): error TS7031: Binding element 'projMatrix' implicitly has an 'any' type.
src/nodes/functions/PhysicalLightingModel.js(112,160): error TS7031: Binding element 'ior' implicitly has an 'any' type.
src/nodes/functions/PhysicalLightingModel.js(112,165): error TS7031: Binding element 'thickness' implicitly has an 'any' type.
src/nodes/functions/PhysicalLightingModel.js(112,176): error TS7031: Binding element 'attenuationColor' implicitly has an 'any' type.
src/nodes/functions/PhysicalLightingModel.js(112,194): error TS7031: Binding element 'attenuationDistance' implicitly has an 'any' type.
src/nodes/functions/PhysicalLightingModel.js(112,215): error TS7031: Binding element 'dispersion' implicitly has an 'any' type.
src/nodes/functions/PhysicalLightingModel.js(124,35): error TS7031: Binding element 'i' implicitly has an 'any' type.
src/nodes/functions/PhysicalLightingModel.js(235,47): error TS7031: Binding element 'outsideIOR' implicitly has an 'any' type.
src/nodes/functions/PhysicalLightingModel.js(235,59): error TS7031: Binding element 'eta2' implicitly has an 'any' type.
src/nodes/functions/PhysicalLightingModel.js(235,65): error TS7031: Binding element 'cosTheta1' implicitly has an 'any' type.
src/nodes/functions/PhysicalLightingModel.js(235,76): error TS7031: Binding element 'thinFilmThickness' implicitly has an 'any' type.
src/nodes/functions/PhysicalLightingModel.js(235,95): error TS7031: Binding element 'baseF0' implicitly has an 'any' type.
src/nodes/functions/PhysicalLightingModel.js(287,62): error TS7031: Binding element 'm' implicitly has an 'any' type.
src/nodes/functions/PhysicalLightingModel.js(317,44): error TS7031: Binding element 'normal' implicitly has an 'any' type.
src/nodes/functions/PhysicalLightingModel.js(317,52): error TS7031: Binding element 'viewDir' implicitly has an 'any' type.
src/nodes/functions/PhysicalLightingModel.js(317,61): error TS7031: Binding element 'roughness' implicitly has an 'any' type.
src/nodes/functions/PhysicalLightingModel.js(478,2): error TS2416: Property 'start' in type 'PhysicalLightingModel' is not assignable to the same property in base type 'LightingModel'.
  Type '(context: ContextNode) => void' is not assignable to type '() => void'.
    Target signature provides too few arguments. Expected 1 or more, but got 0.
src/nodes/functions/PhysicalLightingModel.js(572,24): error TS8024: JSDoc '@param' tag has name 'stack', but there is no parameter with that name.
src/nodes/functions/PhysicalLightingModel.js(573,26): error TS8024: JSDoc '@param' tag has name 'builder', but there is no parameter with that name.
src/nodes/functions/PhysicalLightingModel.js(575,2): error TS2416: Property 'direct' in type 'PhysicalLightingModel' is not assignable to the same property in base type 'LightingModel'.
  Type '({ lightDirection, lightColor, reflectedLight }: Object) => void' is not assignable to type '() => void'.
    Target signature provides too few arguments. Expected 1 or more, but got 0.
src/nodes/functions/PhysicalLightingModel.js(575,12): error TS2339: Property 'lightDirection' does not exist on type 'Object'.
src/nodes/functions/PhysicalLightingModel.js(575,28): error TS2339: Property 'lightColor' does not exist on type 'Object'.
src/nodes/functions/PhysicalLightingModel.js(575,40): error TS2339: Property 'reflectedLight' does not exist on type 'Object'.
src/nodes/functions/PhysicalLightingModel.js(606,24): error TS8024: JSDoc '@param' tag has name 'stack', but there is no parameter with that name.
src/nodes/functions/PhysicalLightingModel.js(607,26): error TS8024: JSDoc '@param' tag has name 'builder', but there is no parameter with that name.
src/nodes/functions/PhysicalLightingModel.js(609,2): error TS2416: Property 'directRectArea' in type 'PhysicalLightingModel' is not assignable to the same property in base type 'LightingModel'.
  Type '({ lightColor, lightPosition, halfWidth, halfHeight, reflectedLight, ltc_1, ltc_2 }: Object) => void' is not assignable to type '() => void'.
    Target signature provides too few arguments. Expected 1 or more, but got 0.
src/nodes/functions/PhysicalLightingModel.js(609,20): error TS2339: Property 'lightColor' does not exist on type 'Object'.
src/nodes/functions/PhysicalLightingModel.js(609,32): error TS2339: Property 'lightPosition' does not exist on type 'Object'.
src/nodes/functions/PhysicalLightingModel.js(609,47): error TS2339: Property 'halfWidth' does not exist on type 'Object'.
src/nodes/functions/PhysicalLightingModel.js(609,58): error TS2339: Property 'halfHeight' does not exist on type 'Object'.
src/nodes/functions/PhysicalLightingModel.js(609,70): error TS2339: Property 'reflectedLight' does not exist on type 'Object'.
src/nodes/functions/PhysicalLightingModel.js(609,86): error TS2339: Property 'ltc_1' does not exist on type 'Object'.
src/nodes/functions/PhysicalLightingModel.js(609,93): error TS2339: Property 'ltc_2' does not exist on type 'Object'.
src/nodes/functions/PhysicalLightingModel.js(648,2): error TS2416: Property 'indirect' in type 'PhysicalLightingModel' is not assignable to the same property in base type 'LightingModel'.
  Type '(context: ContextNode, stack: StackNode, builder: NodeBuilder) => void' is not assignable to type '() => void'.
    Target signature provides too few arguments. Expected 3 or more, but got 0.
src/nodes/functions/PhysicalLightingModel.js(650,34): error TS2554: Expected 1 arguments, but got 3.
src/nodes/functions/PhysicalLightingModel.js(651,35): error TS2554: Expected 1 arguments, but got 3.
src/nodes/functions/PhysicalLightingModel.js(652,35): error TS2554: Expected 1 arguments, but got 3.
src/nodes/functions/PhysicalLightingModel.js(660,24): error TS8024: JSDoc '@param' tag has name 'stack', but there is no parameter with that name.
src/nodes/functions/PhysicalLightingModel.js(661,26): error TS8024: JSDoc '@param' tag has name 'builder', but there is no parameter with that name.
src/nodes/functions/PhysicalLightingModel.js(673,24): error TS8024: JSDoc '@param' tag has name 'stack', but there is no parameter with that name.
src/nodes/functions/PhysicalLightingModel.js(674,26): error TS8024: JSDoc '@param' tag has name 'builder', but there is no parameter with that name.
src/nodes/functions/PhysicalLightingModel.js(729,24): error TS8024: JSDoc '@param' tag has name 'stack', but there is no parameter with that name.
src/nodes/functions/PhysicalLightingModel.js(730,26): error TS8024: JSDoc '@param' tag has name 'builder', but there is no parameter with that name.
src/nodes/functions/PhysicalLightingModel.js(732,2): error TS2416: Property 'ambientOcclusion' in type 'PhysicalLightingModel' is not assignable to the same property in base type 'LightingModel'.
  Type '({ ambientOcclusion, reflectedLight }: ContextNode) => void' is not assignable to type '() => void'.
    Target signature provides too few arguments. Expected 1 or more, but got 0.
src/nodes/functions/PhysicalLightingModel.js(762,24): error TS8024: JSDoc '@param' tag has name 'stack', but there is no parameter with that name.
src/nodes/functions/PhysicalLightingModel.js(763,26): error TS8024: JSDoc '@param' tag has name 'builder', but there is no parameter with that name.
src/nodes/functions/PhysicalLightingModel.js(765,2): error TS2416: Property 'finish' in type 'PhysicalLightingModel' is not assignable to the same property in base type 'LightingModel'.
  Type '(context: ContextNode) => void' is not assignable to type '() => void'.
    Target signature provides too few arguments. Expected 1 or more, but got 0.
src/nodes/functions/ShadowMaskModel.js(33,2): error TS2416: Property 'direct' in type 'ShadowMaskModel' is not assignable to the same property in base type 'LightingModel'.
  Type '({ shadowMask }: Object) => void' is not assignable to type '() => void'.
    Target signature provides too few arguments. Expected 1 or more, but got 0.
src/nodes/functions/ShadowMaskModel.js(33,12): error TS2339: Property 'shadowMask' does not exist on type 'Object'.
src/nodes/functions/ShadowMaskModel.js(44,2): error TS2416: Property 'finish' in type 'ShadowMaskModel' is not assignable to the same property in base type 'LightingModel'.
  Type '(context: ContextNode) => void' is not assignable to type '() => void'.
    Target signature provides too few arguments. Expected 1 or more, but got 0.
src/nodes/functions/ToonLightingModel.js(9,53): error TS7031: Binding element 'normal' implicitly has an 'any' type.
src/nodes/functions/ToonLightingModel.js(9,61): error TS7031: Binding element 'lightDirection' implicitly has an 'any' type.
src/nodes/functions/ToonLightingModel.js(9,77): error TS7031: Binding element 'builder' implicitly has an 'any' type.
src/nodes/functions/ToonLightingModel.js(17,69): error TS2339: Property 'context' does not exist on type 'MaterialReferenceNode'.
src/nodes/functions/ToonLightingModel.js(46,2): error TS2416: Property 'direct' in type 'ToonLightingModel' is not assignable to the same property in base type 'LightingModel'.
  Type '({ lightDirection, lightColor, reflectedLight }: Object, stack: StackNode, builder: NodeBuilder) => void' is not assignable to type '() => void'.
    Target signature provides too few arguments. Expected 3 or more, but got 0.
src/nodes/functions/ToonLightingModel.js(46,12): error TS2339: Property 'lightDirection' does not exist on type 'Object'.
src/nodes/functions/ToonLightingModel.js(46,28): error TS2339: Property 'lightColor' does not exist on type 'Object'.
src/nodes/functions/ToonLightingModel.js(46,40): error TS2339: Property 'reflectedLight' does not exist on type 'Object'.
src/nodes/functions/ToonLightingModel.js(58,24): error TS8024: JSDoc '@param' tag has name 'stack', but there is no parameter with that name.
src/nodes/functions/ToonLightingModel.js(59,26): error TS8024: JSDoc '@param' tag has name 'builder', but there is no parameter with that name.
src/nodes/functions/ToonLightingModel.js(61,2): error TS2416: Property 'indirect' in type 'ToonLightingModel' is not assignable to the same property in base type 'LightingModel'.
  Type '({ ambientOcclusion, irradiance, reflectedLight }: ContextNode) => void' is not assignable to type '() => void'.
    Target signature provides too few arguments. Expected 1 or more, but got 0.
src/nodes/geometry/RangeNode.js(39,13): error TS2315: Type 'Node' is not generic.
src/nodes/geometry/RangeNode.js(40,13): error TS2315: Type 'Node' is not generic.
src/nodes/geometry/RangeNode.js(49,13): error TS2315: Type 'Node' is not generic.
src/nodes/geometry/RangeNode.js(57,13): error TS2315: Type 'Node' is not generic.
src/nodes/geometry/RangeNode.js(139,22): error TS2345: Argument of type 'Float32Array<ArrayBuffer>' is not assignable to parameter of type 'any[]'.
  Type 'Float32Array<ArrayBuffer>' is missing the following properties from type 'any[]': pop, push, concat, shift, and 6 more.
src/nodes/geometry/RangeNode.js(139,52): error TS2339: Property 'element' does not exist on type 'BufferNode'.
src/nodes/geometry/RangeNode.js(145,53): error TS2339: Property 'id' does not exist on type 'RangeNode'.
src/nodes/geometry/RangeNode.js(147,58): error TS2339: Property 'convert' does not exist on type 'BufferAttributeNode'.
src/nodes/geometry/RangeNode.js(169,12): error TS2315: Type 'Node' is not generic.
src/nodes/geometry/RangeNode.js(170,12): error TS2315: Type 'Node' is not generic.
src/nodes/gpgpu/AtomicFunctionNode.js(93,2): error TS2416: Property 'generate' in type 'AtomicFunctionNode' is not assignable to the same property in base type 'TempNode'.
  Type '(builder: any) => void' is not assignable to type '(builder: NodeBuilder, output: string | null) => string | null'.
    Type 'void' is not assignable to type 'string | null'.
src/nodes/gpgpu/BarrierNode.js(28,2): error TS2416: Property 'generate' in type 'BarrierNode' is not assignable to the same property in base type 'Node'.
  Type '(builder: any) => void' is not assignable to type '(builder: NodeBuilder, output: string | null) => string | null'.
    Type 'void' is not assignable to type 'string | null'.
src/nodes/gpgpu/ComputeBuiltinNode.js(48,2): error TS2416: Property 'getHash' in type 'ComputeBuiltinNode' is not assignable to the same property in base type 'Node'.
  Type '(builder: NodeBuilder) => string' is not assignable to type '() => string'.
    Target signature provides too few arguments. Expected 1 or more, but got 0.
src/nodes/gpgpu/ComputeBuiltinNode.js(50,31): error TS2554: Expected 0 arguments, but got 1.
src/nodes/gpgpu/ComputeBuiltinNode.js(57,26): error TS8024: JSDoc '@param' tag has name 'builder', but there is no parameter with that name.
src/nodes/gpgpu/ComputeBuiltinNode.js(62,3): error TS2322: Type 'string | null' is not assignable to type 'string'.
  Type 'null' is not assignable to type 'string'.
src/nodes/gpgpu/ComputeBuiltinNode.js(83,26): error TS8024: JSDoc '@param' tag has name 'builder', but there is no parameter with that name.
src/nodes/gpgpu/ComputeBuiltinNode.js(105,44): error TS2554: Expected 0 arguments, but got 1.
src/nodes/gpgpu/ComputeBuiltinNode.js(106,38): error TS2554: Expected 0 arguments, but got 1.
src/nodes/gpgpu/ComputeNode.js(74,8): error TS2540: Cannot assign to 'version' because it is a read-only property.
src/nodes/gpgpu/ComputeNode.js(98,3): error TS2322: Type 'null' is not assignable to type 'Function'.
src/nodes/gpgpu/ComputeNode.js(162,2): error TS2416: Property 'updateBefore' in type 'ComputeNode' is not assignable to the same property in base type 'Node'.
  Type '({ renderer }: NodeFrame) => void' is not assignable to type '() => boolean | null'.
    Target signature provides too few arguments. Expected 1 or more, but got 0.
src/nodes/gpgpu/ComputeNode.js(168,2): error TS2416: Property 'generate' in type 'ComputeNode' is not assignable to the same property in base type 'Node'.
  Type '(builder: any) => void' is not assignable to type '(builder: NodeBuilder, output: string | null) => string | null'.
    Type 'void' is not assignable to type 'string | null'.
src/nodes/gpgpu/WorkgroupInfoNode.js(167,26): error TS8024: JSDoc '@param' tag has name 'builder', but there is no parameter with that name.
src/nodes/gpgpu/WorkgroupInfoNode.js(190,74): error TS2339: Property 'id' does not exist on type 'WorkgroupInfoNode'.
src/nodes/lighting/AmbientLightNode.js(27,11): error TS7031: Binding element 'context' implicitly has an 'any' type.
src/nodes/lighting/AnalyticLightNode.js(53,52): error TS2554: Expected 2 arguments, but got 1.
src/nodes/lighting/AnalyticLightNode.js(126,10): error TS2554: Expected 2 arguments, but got 1.
src/nodes/lighting/AnalyticLightNode.js(157,40): error TS2554: Expected 0 arguments, but got 1.
src/nodes/lighting/AnalyticLightNode.js(182,2): error TS2416: Property 'setup' in type 'AnalyticLightNode' is not assignable to the same property in base type 'LightingNode'.
  Type '(builder: NodeBuilder) => void' is not assignable to type '(builder: NodeBuilder) => Node | null'.
    Type 'void' is not assignable to type 'Node | null'.
src/nodes/lighting/AnalyticLightNode.js(209,24): error TS8024: JSDoc '@param' tag has name 'frame', but there is no parameter with that name.
src/nodes/lighting/AnalyticLightNode.js(211,2): error TS2416: Property 'update' in type 'AnalyticLightNode' is not assignable to the same property in base type 'LightingNode'.
  Type '() => void' is not assignable to type '() => boolean | null'.
    Type 'void' is not assignable to type 'boolean | null'.
src/nodes/lighting/AONode.js(37,2): error TS2416: Property 'setup' in type 'AONode' is not assignable to the same property in base type 'LightingNode'.
  Type '(builder: any) => void' is not assignable to type '(builder: NodeBuilder) => Node | null'.
    Type 'void' is not assignable to type 'Node | null'.
src/nodes/lighting/BasicEnvironmentNode.js(39,2): error TS2416: Property 'setup' in type 'BasicEnvironmentNode' is not assignable to the same property in base type 'LightingNode'.
  Type '(builder: any) => void' is not assignable to type '(builder: NodeBuilder) => Node | null'.
    Type 'void' is not assignable to type 'Node | null'.
src/nodes/lighting/BasicLightMapNode.js(37,2): error TS2416: Property 'setup' in type 'BasicLightMapNode' is not assignable to the same property in base type 'LightingNode'.
  Type '(builder: any) => void' is not assignable to type '(builder: NodeBuilder) => Node | null'.
    Type 'void' is not assignable to type 'Node | null'.
src/nodes/lighting/EnvironmentNode.js(48,2): error TS2416: Property 'setup' in type 'EnvironmentNode' is not assignable to the same property in base type 'LightingNode'.
  Type '(builder: any) => void' is not assignable to type '(builder: NodeBuilder) => Node | null'.
    Type 'void' is not assignable to type 'Node | null'.
src/nodes/lighting/EnvironmentNode.js(83,27): error TS2554: Expected 2 arguments, but got 1.
src/nodes/lighting/EnvironmentNode.js(84,29): error TS2554: Expected 2 arguments, but got 1.
src/nodes/lighting/EnvironmentNode.js(99,37): error TS2554: Expected 2 arguments, but got 1.
src/nodes/lighting/HemisphereLightNode.js(51,26): error TS2554: Expected 2 arguments, but got 1.
src/nodes/lighting/HemisphereLightNode.js(60,2): error TS2416: Property 'update' in type 'HemisphereLightNode' is not assignable to the same property in base type 'AnalyticLightNode'.
  Type '(frame: NodeFrame) => void' is not assignable to type '() => void'.
    Target signature provides too few arguments. Expected 1 or more, but got 0.
src/nodes/lighting/HemisphereLightNode.js(64,17): error TS2554: Expected 0 arguments, but got 1.
src/nodes/lighting/IrradianceNode.js(36,2): error TS2416: Property 'setup' in type 'IrradianceNode' is not assignable to the same property in base type 'LightingNode'.
  Type '(builder: any) => void' is not assignable to type '(builder: NodeBuilder) => Node | null'.
    Type 'void' is not assignable to type 'Node | null'.
src/nodes/lighting/LightingContextNode.js(105,14): error TS2339: Property 'lightingModel' does not exist on type 'Object'.
src/nodes/lighting/LightProbeNode.js(38,21): error TS2554: Expected 2 arguments, but got 1.
src/nodes/lighting/LightProbeNode.js(47,2): error TS2416: Property 'update' in type 'LightProbeNode' is not assignable to the same property in base type 'AnalyticLightNode'.
  Type '(frame: NodeFrame) => void' is not assignable to type '() => void'.
    Target signature provides too few arguments. Expected 1 or more, but got 0.
src/nodes/lighting/LightProbeNode.js(51,17): error TS2554: Expected 0 arguments, but got 1.
src/nodes/lighting/LightsNode.js(56,13): error TS2315: Type 'Node' is not generic.
src/nodes/lighting/LightsNode.js(63,13): error TS2315: Type 'Node' is not generic.
src/nodes/lighting/LightsNode.js(70,13): error TS2315: Type 'Node' is not generic.
src/nodes/lighting/LightsNode.js(138,2): error TS2416: Property 'getHash' in type 'LightsNode' is not assignable to the same property in base type 'Node'.
  Type '(builder: NodeBuilder) => string' is not assignable to type '() => string'.
    Target signature provides too few arguments. Expected 1 or more, but got 0.
src/nodes/lighting/LightsNode.js(146,29): error TS2531: Object is possibly 'null'.
src/nodes/lighting/LightsNode.js(264,14): error TS2315: Type 'Node' is not generic.
src/nodes/lighting/LightsNode.js(294,31): error TS2345: Argument of type 'LightingNode[] | null' is not assignable to parameter of type 'LightingNode[]'.
  Type 'null' is not assignable to type 'LightingNode[]'.
src/nodes/lighting/PointLightNode.js(10,41): error TS7031: Binding element 'color' implicitly has an 'any' type.
src/nodes/lighting/PointLightNode.js(10,48): error TS7031: Binding element 'lightViewPosition' implicitly has an 'any' type.
src/nodes/lighting/PointLightNode.js(10,67): error TS7031: Binding element 'cutoffDistance' implicitly has an 'any' type.
src/nodes/lighting/PointLightNode.js(10,83): error TS7031: Binding element 'decayExponent' implicitly has an 'any' type.
src/nodes/lighting/PointLightNode.js(64,29): error TS2554: Expected 2 arguments, but got 1.
src/nodes/lighting/PointLightNode.js(71,28): error TS2554: Expected 2 arguments, but got 1.
src/nodes/lighting/PointLightNode.js(80,2): error TS2416: Property 'update' in type 'PointLightNode' is not assignable to the same property in base type 'AnalyticLightNode'.
  Type '(frame: NodeFrame) => void' is not assignable to type '() => void'.
    Target signature provides too few arguments. Expected 1 or more, but got 0.
src/nodes/lighting/PointLightNode.js(84,17): error TS2554: Expected 0 arguments, but got 1.
src/nodes/lighting/PointShadowNode.js(35,47): error TS7031: Binding element 'pos' implicitly has an 'any' type.
src/nodes/lighting/PointShadowNode.js(35,52): error TS7031: Binding element 'texelSizeY' implicitly has an 'any' type.
src/nodes/lighting/PointShadowNode.js(101,61): error TS7031: Binding element 'depthTexture' implicitly has an 'any' type.
src/nodes/lighting/PointShadowNode.js(101,75): error TS7031: Binding element 'bd3D' implicitly has an 'any' type.
src/nodes/lighting/PointShadowNode.js(101,81): error TS7031: Binding element 'dp' implicitly has an 'any' type.
src/nodes/lighting/PointShadowNode.js(101,85): error TS7031: Binding element 'texelSize' implicitly has an 'any' type.
src/nodes/lighting/PointShadowNode.js(107,56): error TS7031: Binding element 'depthTexture' implicitly has an 'any' type.
src/nodes/lighting/PointShadowNode.js(107,70): error TS7031: Binding element 'bd3D' implicitly has an 'any' type.
src/nodes/lighting/PointShadowNode.js(107,76): error TS7031: Binding element 'dp' implicitly has an 'any' type.
src/nodes/lighting/PointShadowNode.js(107,80): error TS7031: Binding element 'texelSize' implicitly has an 'any' type.
src/nodes/lighting/PointShadowNode.js(107,91): error TS7031: Binding element 'shadow' implicitly has an 'any' type.
src/nodes/lighting/PointShadowNode.js(125,49): error TS7031: Binding element 'filterFn' implicitly has an 'any' type.
src/nodes/lighting/PointShadowNode.js(125,59): error TS7031: Binding element 'depthTexture' implicitly has an 'any' type.
src/nodes/lighting/PointShadowNode.js(125,73): error TS7031: Binding element 'shadowCoord' implicitly has an 'any' type.
src/nodes/lighting/PointShadowNode.js(125,86): error TS7031: Binding element 'shadow' implicitly has an 'any' type.
src/nodes/lighting/PointShadowNode.js(132,26): error TS2554: Expected 2 arguments, but got 1.
src/nodes/lighting/PointShadowNode.js(133,25): error TS2554: Expected 2 arguments, but got 1.
src/nodes/lighting/PointShadowNode.js(135,18): error TS2554: Expected 2 arguments, but got 1.
src/nodes/lighting/PointShadowNode.js(142,79): error TS2339: Property 'sub' does not exist on type 'Node'.
src/nodes/lighting/PointShadowNode.js(147,46): error TS2339: Property 'mul' does not exist on type 'UniformNode'.
src/nodes/lighting/PointShadowNode.js(166,14): error TS2507: Type 'NodeModule' is not a constructor function type.
src/nodes/lighting/PointShadowNode.js(166,14): error TS8023: JSDoc '@augments module' does not match the 'extends ShadowNode' clause.
src/nodes/lighting/PointShadowNode.js(241,11): error TS2339: Property 'shadow' does not exist on type 'PointShadowNode'.
src/nodes/lighting/PointShadowNode.js(241,19): error TS2339: Property 'shadowMap' does not exist on type 'PointShadowNode'.
src/nodes/lighting/PointShadowNode.js(241,30): error TS2339: Property 'light' does not exist on type 'PointShadowNode'.
src/nodes/lighting/RectAreaLightNode.js(43,21): error TS2554: Expected 2 arguments, but got 1.
src/nodes/lighting/RectAreaLightNode.js(50,20): error TS2554: Expected 2 arguments, but got 1.
src/nodes/lighting/RectAreaLightNode.js(68,2): error TS2416: Property 'update' in type 'RectAreaLightNode' is not assignable to the same property in base type 'AnalyticLightNode'.
  Type '(frame: NodeFrame) => void' is not assignable to type '() => void'.
    Target signature provides too few arguments. Expected 1 or more, but got 0.
src/nodes/lighting/RectAreaLightNode.js(70,17): error TS2554: Expected 0 arguments, but got 1.
src/nodes/lighting/ShadowBaseNode.js(63,27): error TS7008: Member 'Material' implicitly has an 'any' type.
src/nodes/lighting/ShadowBaseNode.js(89,11): error TS2315: Type 'Node' is not generic.
src/nodes/lighting/ShadowNode.js(25,46): error TS7031: Binding element 'position' implicitly has an 'any' type.
src/nodes/lighting/ShadowNode.js(25,56): error TS7031: Binding element 'cameraNear' implicitly has an 'any' type.
src/nodes/lighting/ShadowNode.js(25,68): error TS7031: Binding element 'cameraFar' implicitly has an 'any' type.
src/nodes/lighting/ShadowNode.js(81,56): error TS7031: Binding element 'depthTexture' implicitly has an 'any' type.
src/nodes/lighting/ShadowNode.js(81,70): error TS7031: Binding element 'shadowCoord' implicitly has an 'any' type.
src/nodes/lighting/ShadowNode.js(97,54): error TS7031: Binding element 'depthTexture' implicitly has an 'any' type.
src/nodes/lighting/ShadowNode.js(97,68): error TS7031: Binding element 'shadowCoord' implicitly has an 'any' type.
src/nodes/lighting/ShadowNode.js(97,81): error TS7031: Binding element 'shadow' implicitly has an 'any' type.
src/nodes/lighting/ShadowNode.js(146,58): error TS7031: Binding element 'depthTexture' implicitly has an 'any' type.
src/nodes/lighting/ShadowNode.js(146,72): error TS7031: Binding element 'shadowCoord' implicitly has an 'any' type.
src/nodes/lighting/ShadowNode.js(146,85): error TS7031: Binding element 'shadow' implicitly has an 'any' type.
src/nodes/lighting/ShadowNode.js(211,54): error TS7031: Binding element 'depthTexture' implicitly has an 'any' type.
src/nodes/lighting/ShadowNode.js(211,68): error TS7031: Binding element 'shadowCoord' implicitly has an 'any' type.
src/nodes/lighting/ShadowNode.js(244,47): error TS7031: Binding element 'samples' implicitly has an 'any' type.
src/nodes/lighting/ShadowNode.js(244,56): error TS7031: Binding element 'radius' implicitly has an 'any' type.
src/nodes/lighting/ShadowNode.js(244,64): error TS7031: Binding element 'size' implicitly has an 'any' type.
src/nodes/lighting/ShadowNode.js(244,70): error TS7031: Binding element 'shadowPass' implicitly has an 'any' type.
src/nodes/lighting/ShadowNode.js(252,83): error TS7031: Binding element 'i' implicitly has an 'any' type.
src/nodes/lighting/ShadowNode.js(281,49): error TS7031: Binding element 'samples' implicitly has an 'any' type.
src/nodes/lighting/ShadowNode.js(281,58): error TS7031: Binding element 'radius' implicitly has an 'any' type.
src/nodes/lighting/ShadowNode.js(281,66): error TS7031: Binding element 'size' implicitly has an 'any' type.
src/nodes/lighting/ShadowNode.js(281,72): error TS7031: Binding element 'shadowPass' implicitly has an 'any' type.
src/nodes/lighting/ShadowNode.js(289,83): error TS7031: Binding element 'i' implicitly has an 'any' type.
src/nodes/lighting/ShadowNode.js(317,14): error TS2507: Type 'NodeModule' is not a constructor function type.
src/nodes/lighting/ShadowNode.js(317,14): error TS8023: JSDoc '@augments module' does not match the 'extends ShadowBaseNode' clause.
src/nodes/lighting/ShadowNode.js(512,11): error TS2339: Property 'light' does not exist on type 'ShadowNode'.
src/nodes/lighting/ShadowNode.js(570,67): error TS2353: Object literal may only specify known properties, and 'shadowTexture' does not exist in type '{ filterFn: Function; depthTexture: DepthTexture; shadowCoord: Node<any>; shadow: LightShadow; }'.
src/nodes/lighting/ShadowNode.js(573,86): error TS2339: Property 'mul' does not exist on type 'ReferenceNode'.
src/nodes/lighting/ShadowNode.js(597,9): error TS2339: Property 'setupShadowPosition' does not exist on type 'ShadowNode'.
src/nodes/lighting/ShadowNode.js(633,30): error TS2339: Property 'light' does not exist on type 'ShadowNode'.
src/nodes/lighting/ShadowNode.js(651,22): error TS2339: Property 'light' does not exist on type 'ShadowNode'.
src/nodes/lighting/ShadowNode.js(670,90): error TS7019: Rest parameter 'params' implicitly has an 'any[]' type.
src/nodes/lighting/ShadowNode.js(676,34): error TS2339: Property 'useVelocity' does not exist on type 'Object'.
src/nodes/lighting/ShadowNode.js(721,3): error TS2322: Type 'NodeMaterial | null' is not assignable to type 'MeshBasicMaterial'.
  Type 'null' is not assignable to type 'MeshBasicMaterial'.
src/nodes/lighting/ShadowNode.js(725,3): error TS2322: Type 'NodeMaterial | null' is not assignable to type 'MeshBasicMaterial'.
  Type 'null' is not assignable to type 'MeshBasicMaterial'.
src/nodes/lighting/ShadowNode.js(743,4): error TS2531: Object is possibly 'null'.
src/nodes/lighting/ShadowNode.js(753,4): error TS2531: Object is possibly 'null'.
src/nodes/lighting/SpotLightNode.js(37,22): error TS2554: Expected 2 arguments, but got 1.
src/nodes/lighting/SpotLightNode.js(44,26): error TS2554: Expected 2 arguments, but got 1.
src/nodes/lighting/SpotLightNode.js(51,29): error TS2554: Expected 2 arguments, but got 1.
src/nodes/lighting/SpotLightNode.js(58,28): error TS2554: Expected 2 arguments, but got 1.
src/nodes/lighting/SpotLightNode.js(67,2): error TS2416: Property 'update' in type 'SpotLightNode' is not assignable to the same property in base type 'AnalyticLightNode'.
  Type '(frame: NodeFrame) => void' is not assignable to type '() => void'.
    Target signature provides too few arguments. Expected 1 or more, but got 0.
src/nodes/lighting/SpotLightNode.js(69,17): error TS2554: Expected 0 arguments, but got 1.
src/nodes/materialx/lib/mx_hsv.js(8,50): error TS7031: Binding element 'hsv' implicitly has an 'any' type.
src/nodes/materialx/lib/mx_hsv.js(67,50): error TS7031: Binding element 'c_immutable' implicitly has an 'any' type.
src/nodes/materialx/lib/mx_noise.js(12,48): error TS7031: Binding element 'b_immutable' implicitly has an 'any' type.
src/nodes/materialx/lib/mx_noise.js(12,61): error TS7031: Binding element 't_immutable' implicitly has an 'any' type.
src/nodes/materialx/lib/mx_noise.js(12,74): error TS7031: Binding element 'f_immutable' implicitly has an 'any' type.
src/nodes/materialx/lib/mx_noise.js(30,51): error TS7031: Binding element 'val_immutable' implicitly has an 'any' type.
src/nodes/materialx/lib/mx_noise.js(30,66): error TS7031: Binding element 'b_immutable' implicitly has an 'any' type.
src/nodes/materialx/lib/mx_noise.js(46,47): error TS7031: Binding element 'x_immutable' implicitly has an 'any' type.
src/nodes/materialx/lib/mx_noise.js(60,51): error TS7031: Binding element 'x_immutable' implicitly has an 'any' type.
src/nodes/materialx/lib/mx_noise.js(60,64): error TS7031: Binding element 'i' implicitly has an 'any' type.
src/nodes/materialx/lib/mx_noise.js(69,50): error TS7031: Binding element 'v0_immutable' implicitly has an 'any' type.
src/nodes/materialx/lib/mx_noise.js(69,64): error TS7031: Binding element 'v1_immutable' implicitly has an 'any' type.
src/nodes/materialx/lib/mx_noise.js(69,78): error TS7031: Binding element 'v2_immutable' implicitly has an 'any' type.
src/nodes/materialx/lib/mx_noise.js(69,92): error TS7031: Binding element 'v3_immutable' implicitly has an 'any' type.
src/nodes/materialx/lib/mx_noise.js(69,106): error TS7031: Binding element 's_immutable' implicitly has an 'any' type.
src/nodes/materialx/lib/mx_noise.js(69,119): error TS7031: Binding element 't_immutable' implicitly has an 'any' type.
src/nodes/materialx/lib/mx_noise.js(94,50): error TS7031: Binding element 'v0_immutable' implicitly has an 'any' type.
src/nodes/materialx/lib/mx_noise.js(94,64): error TS7031: Binding element 'v1_immutable' implicitly has an 'any' type.
src/nodes/materialx/lib/mx_noise.js(94,78): error TS7031: Binding element 'v2_immutable' implicitly has an 'any' type.
src/nodes/materialx/lib/mx_noise.js(94,92): error TS7031: Binding element 'v3_immutable' implicitly has an 'any' type.
src/nodes/materialx/lib/mx_noise.js(94,106): error TS7031: Binding element 's_immutable' implicitly has an 'any' type.
src/nodes/materialx/lib/mx_noise.js(94,119): error TS7031: Binding element 't_immutable' implicitly has an 'any' type.
src/nodes/materialx/lib/mx_noise.js(121,51): error TS7031: Binding element 'v0_immutable' implicitly has an 'any' type.
src/nodes/materialx/lib/mx_noise.js(121,65): error TS7031: Binding element 'v1_immutable' implicitly has an 'any' type.
src/nodes/materialx/lib/mx_noise.js(121,79): error TS7031: Binding element 'v2_immutable' implicitly has an 'any' type.
src/nodes/materialx/lib/mx_noise.js(121,93): error TS7031: Binding element 'v3_immutable' implicitly has an 'any' type.
src/nodes/materialx/lib/mx_noise.js(121,107): error TS7031: Binding element 'v4_immutable' implicitly has an 'any' type.
src/nodes/materialx/lib/mx_noise.js(121,121): error TS7031: Binding element 'v5_immutable' implicitly has an 'any' type.
src/nodes/materialx/lib/mx_noise.js(121,135): error TS7031: Binding element 'v6_immutable' implicitly has an 'any' type.
src/nodes/materialx/lib/mx_noise.js(121,149): error TS7031: Binding element 'v7_immutable' implicitly has an 'any' type.
src/nodes/materialx/lib/mx_noise.js(121,163): error TS7031: Binding element 's_immutable' implicitly has an 'any' type.
src/nodes/materialx/lib/mx_noise.js(121,176): error TS7031: Binding element 't_immutable' implicitly has an 'any' type.
src/nodes/materialx/lib/mx_noise.js(121,189): error TS7031: Binding element 'r_immutable' implicitly has an 'any' type.
src/nodes/materialx/lib/mx_noise.js(158,51): error TS7031: Binding element 'v0_immutable' implicitly has an 'any' type.
src/nodes/materialx/lib/mx_noise.js(158,65): error TS7031: Binding element 'v1_immutable' implicitly has an 'any' type.
src/nodes/materialx/lib/mx_noise.js(158,79): error TS7031: Binding element 'v2_immutable' implicitly has an 'any' type.
src/nodes/materialx/lib/mx_noise.js(158,93): error TS7031: Binding element 'v3_immutable' implicitly has an 'any' type.
src/nodes/materialx/lib/mx_noise.js(158,107): error TS7031: Binding element 'v4_immutable' implicitly has an 'any' type.
src/nodes/materialx/lib/mx_noise.js(158,121): error TS7031: Binding element 'v5_immutable' implicitly has an 'any' type.
src/nodes/materialx/lib/mx_noise.js(158,135): error TS7031: Binding element 'v6_immutable' implicitly has an 'any' type.
src/nodes/materialx/lib/mx_noise.js(158,149): error TS7031: Binding element 'v7_immutable' implicitly has an 'any' type.
src/nodes/materialx/lib/mx_noise.js(158,163): error TS7031: Binding element 's_immutable' implicitly has an 'any' type.
src/nodes/materialx/lib/mx_noise.js(158,176): error TS7031: Binding element 't_immutable' implicitly has an 'any' type.
src/nodes/materialx/lib/mx_noise.js(158,189): error TS7031: Binding element 'r_immutable' implicitly has an 'any' type.
src/nodes/materialx/lib/mx_noise.js(197,58): error TS7031: Binding element 'hash_immutable' implicitly has an 'any' type.
src/nodes/materialx/lib/mx_noise.js(197,74): error TS7031: Binding element 'x_immutable' implicitly has an 'any' type.
src/nodes/materialx/lib/mx_noise.js(197,87): error TS7031: Binding element 'y_immutable' implicitly has an 'any' type.
src/nodes/materialx/lib/mx_noise.js(218,58): error TS7031: Binding element 'hash_immutable' implicitly has an 'any' type.
src/nodes/materialx/lib/mx_noise.js(218,74): error TS7031: Binding element 'x_immutable' implicitly has an 'any' type.
src/nodes/materialx/lib/mx_noise.js(218,87): error TS7031: Binding element 'y_immutable' implicitly has an 'any' type.
src/nodes/materialx/lib/mx_noise.js(218,100): error TS7031: Binding element 'z_immutable' implicitly has an 'any' type.
src/nodes/materialx/lib/mx_noise.js(243,57): error TS7031: Binding element 'hash_immutable' implicitly has an 'any' type.
src/nodes/materialx/lib/mx_noise.js(243,73): error TS7031: Binding element 'x_immutable' implicitly has an 'any' type.
src/nodes/materialx/lib/mx_noise.js(243,86): error TS7031: Binding element 'y_immutable' implicitly has an 'any' type.
src/nodes/materialx/lib/mx_noise.js(249,15): error TS2349: This expression is not callable.
  Type 'FunctionOverloadingNode' has no call signatures.
src/nodes/materialx/lib/mx_noise.js(249,50): error TS2349: This expression is not callable.
  Type 'FunctionOverloadingNode' has no call signatures.
src/nodes/materialx/lib/mx_noise.js(249,85): error TS2349: This expression is not callable.
  Type 'FunctionOverloadingNode' has no call signatures.
src/nodes/materialx/lib/mx_noise.js(261,57): error TS7031: Binding element 'hash_immutable' implicitly has an 'any' type.
src/nodes/materialx/lib/mx_noise.js(261,73): error TS7031: Binding element 'x_immutable' implicitly has an 'any' type.
src/nodes/materialx/lib/mx_noise.js(261,86): error TS7031: Binding element 'y_immutable' implicitly has an 'any' type.
src/nodes/materialx/lib/mx_noise.js(261,99): error TS7031: Binding element 'z_immutable' implicitly has an 'any' type.
src/nodes/materialx/lib/mx_noise.js(268,15): error TS2349: This expression is not callable.
  Type 'FunctionOverloadingNode' has no call signatures.
src/nodes/materialx/lib/mx_noise.js(268,53): error TS2349: This expression is not callable.
  Type 'FunctionOverloadingNode' has no call signatures.
src/nodes/materialx/lib/mx_noise.js(268,91): error TS2349: This expression is not callable.
  Type 'FunctionOverloadingNode' has no call signatures.
src/nodes/materialx/lib/mx_noise.js(283,60): error TS7031: Binding element 'v_immutable' implicitly has an 'any' type.
src/nodes/materialx/lib/mx_noise.js(297,60): error TS7031: Binding element 'v_immutable' implicitly has an 'any' type.
src/nodes/materialx/lib/mx_noise.js(311,60): error TS7031: Binding element 'v_immutable' implicitly has an 'any' type.
src/nodes/materialx/lib/mx_noise.js(327,60): error TS7031: Binding element 'v_immutable' implicitly has an 'any' type.
src/nodes/materialx/lib/mx_noise.js(343,48): error TS7031: Binding element 'x_immutable' implicitly has an 'any' type.
src/nodes/materialx/lib/mx_noise.js(343,61): error TS7031: Binding element 'k_immutable' implicitly has an 'any' type.
src/nodes/materialx/lib/mx_noise.js(359,47): error TS7031: Binding element 'a' implicitly has an 'any' type.
src/nodes/materialx/lib/mx_noise.js(359,50): error TS7031: Binding element 'b' implicitly has an 'any' type.
src/nodes/materialx/lib/mx_noise.js(359,53): error TS7031: Binding element 'c' implicitly has an 'any' type.
src/nodes/materialx/lib/mx_noise.js(382,49): error TS7031: Binding element 'a_immutable' implicitly has an 'any' type.
src/nodes/materialx/lib/mx_noise.js(382,62): error TS7031: Binding element 'b_immutable' implicitly has an 'any' type.
src/nodes/materialx/lib/mx_noise.js(382,75): error TS7031: Binding element 'c_immutable' implicitly has an 'any' type.
src/nodes/materialx/lib/mx_noise.js(414,52): error TS7031: Binding element 'bits_immutable' implicitly has an 'any' type.
src/nodes/materialx/lib/mx_noise.js(428,46): error TS7031: Binding element 't_immutable' implicitly has an 'any' type.
src/nodes/materialx/lib/mx_noise.js(442,52): error TS7031: Binding element 'x_immutable' implicitly has an 'any' type.
src/nodes/materialx/lib/mx_noise.js(458,52): error TS7031: Binding element 'x_immutable' implicitly has an 'any' type.
src/nodes/materialx/lib/mx_noise.js(458,65): error TS7031: Binding element 'y_immutable' implicitly has an 'any' type.
src/nodes/materialx/lib/mx_noise.js(479,52): error TS7031: Binding element 'x_immutable' implicitly has an 'any' type.
src/nodes/materialx/lib/mx_noise.js(479,65): error TS7031: Binding element 'y_immutable' implicitly has an 'any' type.
src/nodes/materialx/lib/mx_noise.js(479,78): error TS7031: Binding element 'z_immutable' implicitly has an 'any' type.
src/nodes/materialx/lib/mx_noise.js(503,52): error TS7031: Binding element 'x_immutable' implicitly has an 'any' type.
src/nodes/materialx/lib/mx_noise.js(503,65): error TS7031: Binding element 'y_immutable' implicitly has an 'any' type.
src/nodes/materialx/lib/mx_noise.js(503,78): error TS7031: Binding element 'z_immutable' implicitly has an 'any' type.
src/nodes/materialx/lib/mx_noise.js(503,91): error TS7031: Binding element 'xx_immutable' implicitly has an 'any' type.
src/nodes/materialx/lib/mx_noise.js(531,52): error TS7031: Binding element 'x_immutable' implicitly has an 'any' type.
src/nodes/materialx/lib/mx_noise.js(531,65): error TS7031: Binding element 'y_immutable' implicitly has an 'any' type.
src/nodes/materialx/lib/mx_noise.js(531,78): error TS7031: Binding element 'z_immutable' implicitly has an 'any' type.
src/nodes/materialx/lib/mx_noise.js(531,91): error TS7031: Binding element 'xx_immutable' implicitly has an 'any' type.
src/nodes/materialx/lib/mx_noise.js(531,105): error TS7031: Binding element 'yy_immutable' implicitly has an 'any' type.
src/nodes/materialx/lib/mx_noise.js(564,53): error TS7031: Binding element 'x_immutable' implicitly has an 'any' type.
src/nodes/materialx/lib/mx_noise.js(564,66): error TS7031: Binding element 'y_immutable' implicitly has an 'any' type.
src/nodes/materialx/lib/mx_noise.js(568,18): error TS2349: This expression is not callable.
  Type 'FunctionOverloadingNode' has no call signatures.
src/nodes/materialx/lib/mx_noise.js(585,53): error TS7031: Binding element 'x_immutable' implicitly has an 'any' type.
src/nodes/materialx/lib/mx_noise.js(585,66): error TS7031: Binding element 'y_immutable' implicitly has an 'any' type.
src/nodes/materialx/lib/mx_noise.js(585,79): error TS7031: Binding element 'z_immutable' implicitly has an 'any' type.
src/nodes/materialx/lib/mx_noise.js(590,18): error TS2349: This expression is not callable.
  Type 'FunctionOverloadingNode' has no call signatures.
src/nodes/materialx/lib/mx_noise.js(610,62): error TS7031: Binding element 'p_immutable' implicitly has an 'any' type.
src/nodes/materialx/lib/mx_noise.js(618,24): error TS2349: This expression is not callable.
  Type 'FunctionOverloadingNode' has no call signatures.
src/nodes/materialx/lib/mx_noise.js(618,35): error TS2349: This expression is not callable.
  Type 'FunctionOverloadingNode' has no call signatures.
src/nodes/materialx/lib/mx_noise.js(618,54): error TS2349: This expression is not callable.
  Type 'FunctionOverloadingNode' has no call signatures.
src/nodes/materialx/lib/mx_noise.js(618,85): error TS2349: This expression is not callable.
  Type 'FunctionOverloadingNode' has no call signatures.
src/nodes/materialx/lib/mx_noise.js(618,104): error TS2349: This expression is not callable.
  Type 'FunctionOverloadingNode' has no call signatures.
src/nodes/materialx/lib/mx_noise.js(618,162): error TS2349: This expression is not callable.
  Type 'FunctionOverloadingNode' has no call signatures.
src/nodes/materialx/lib/mx_noise.js(618,181): error TS2349: This expression is not callable.
  Type 'FunctionOverloadingNode' has no call signatures.
src/nodes/materialx/lib/mx_noise.js(618,239): error TS2349: This expression is not callable.
  Type 'FunctionOverloadingNode' has no call signatures.
src/nodes/materialx/lib/mx_noise.js(618,258): error TS2349: This expression is not callable.
  Type 'FunctionOverloadingNode' has no call signatures.
src/nodes/materialx/lib/mx_noise.js(620,9): error TS2349: This expression is not callable.
  Type 'FunctionOverloadingNode' has no call signatures.
src/nodes/materialx/lib/mx_noise.js(630,62): error TS7031: Binding element 'p_immutable' implicitly has an 'any' type.
src/nodes/materialx/lib/mx_noise.js(640,24): error TS2349: This expression is not callable.
  Type 'FunctionOverloadingNode' has no call signatures.
src/nodes/materialx/lib/mx_noise.js(640,36): error TS2349: This expression is not callable.
  Type 'FunctionOverloadingNode' has no call signatures.
src/nodes/materialx/lib/mx_noise.js(640,55): error TS2349: This expression is not callable.
  Type 'FunctionOverloadingNode' has no call signatures.
src/nodes/materialx/lib/mx_noise.js(640,93): error TS2349: This expression is not callable.
  Type 'FunctionOverloadingNode' has no call signatures.
src/nodes/materialx/lib/mx_noise.js(640,112): error TS2349: This expression is not callable.
  Type 'FunctionOverloadingNode' has no call signatures.
src/nodes/materialx/lib/mx_noise.js(640,177): error TS2349: This expression is not callable.
  Type 'FunctionOverloadingNode' has no call signatures.
src/nodes/materialx/lib/mx_noise.js(640,196): error TS2349: This expression is not callable.
  Type 'FunctionOverloadingNode' has no call signatures.
src/nodes/materialx/lib/mx_noise.js(640,261): error TS2349: This expression is not callable.
  Type 'FunctionOverloadingNode' has no call signatures.
src/nodes/materialx/lib/mx_noise.js(640,280): error TS2349: This expression is not callable.
  Type 'FunctionOverloadingNode' has no call signatures.
src/nodes/materialx/lib/mx_noise.js(640,372): error TS2349: This expression is not callable.
  Type 'FunctionOverloadingNode' has no call signatures.
src/nodes/materialx/lib/mx_noise.js(640,391): error TS2349: This expression is not callable.
  Type 'FunctionOverloadingNode' has no call signatures.
src/nodes/materialx/lib/mx_noise.js(640,456): error TS2349: This expression is not callable.
  Type 'FunctionOverloadingNode' has no call signatures.
src/nodes/materialx/lib/mx_noise.js(640,475): error TS2349: This expression is not callable.
  Type 'FunctionOverloadingNode' has no call signatures.
src/nodes/materialx/lib/mx_noise.js(640,567): error TS2349: This expression is not callable.
  Type 'FunctionOverloadingNode' has no call signatures.
src/nodes/materialx/lib/mx_noise.js(640,586): error TS2349: This expression is not callable.
  Type 'FunctionOverloadingNode' has no call signatures.
src/nodes/materialx/lib/mx_noise.js(640,678): error TS2349: This expression is not callable.
  Type 'FunctionOverloadingNode' has no call signatures.
src/nodes/materialx/lib/mx_noise.js(640,697): error TS2349: This expression is not callable.
  Type 'FunctionOverloadingNode' has no call signatures.
src/nodes/materialx/lib/mx_noise.js(642,9): error TS2349: This expression is not callable.
  Type 'FunctionOverloadingNode' has no call signatures.
src/nodes/materialx/lib/mx_noise.js(654,61): error TS7031: Binding element 'p_immutable' implicitly has an 'any' type.
src/nodes/materialx/lib/mx_noise.js(662,23): error TS2349: This expression is not callable.
  Type 'FunctionOverloadingNode' has no call signatures.
src/nodes/materialx/lib/mx_noise.js(662,34): error TS2349: This expression is not callable.
  Type 'FunctionOverloadingNode' has no call signatures.
src/nodes/materialx/lib/mx_noise.js(662,52): error TS2349: This expression is not callable.
  Type 'FunctionOverloadingNode' has no call signatures.
src/nodes/materialx/lib/mx_noise.js(662,84): error TS2349: This expression is not callable.
  Type 'FunctionOverloadingNode' has no call signatures.
src/nodes/materialx/lib/mx_noise.js(662,102): error TS2349: This expression is not callable.
  Type 'FunctionOverloadingNode' has no call signatures.
src/nodes/materialx/lib/mx_noise.js(662,161): error TS2349: This expression is not callable.
  Type 'FunctionOverloadingNode' has no call signatures.
src/nodes/materialx/lib/mx_noise.js(662,179): error TS2349: This expression is not callable.
  Type 'FunctionOverloadingNode' has no call signatures.
src/nodes/materialx/lib/mx_noise.js(662,238): error TS2349: This expression is not callable.
  Type 'FunctionOverloadingNode' has no call signatures.
src/nodes/materialx/lib/mx_noise.js(662,256): error TS2349: This expression is not callable.
  Type 'FunctionOverloadingNode' has no call signatures.
src/nodes/materialx/lib/mx_noise.js(664,9): error TS2349: This expression is not callable.
  Type 'FunctionOverloadingNode' has no call signatures.
src/nodes/materialx/lib/mx_noise.js(674,61): error TS7031: Binding element 'p_immutable' implicitly has an 'any' type.
src/nodes/materialx/lib/mx_noise.js(684,23): error TS2349: This expression is not callable.
  Type 'FunctionOverloadingNode' has no call signatures.
src/nodes/materialx/lib/mx_noise.js(684,35): error TS2349: This expression is not callable.
  Type 'FunctionOverloadingNode' has no call signatures.
src/nodes/materialx/lib/mx_noise.js(684,53): error TS2349: This expression is not callable.
  Type 'FunctionOverloadingNode' has no call signatures.
src/nodes/materialx/lib/mx_noise.js(684,92): error TS2349: This expression is not callable.
  Type 'FunctionOverloadingNode' has no call signatures.
src/nodes/materialx/lib/mx_noise.js(684,110): error TS2349: This expression is not callable.
  Type 'FunctionOverloadingNode' has no call signatures.
src/nodes/materialx/lib/mx_noise.js(684,176): error TS2349: This expression is not callable.
  Type 'FunctionOverloadingNode' has no call signatures.
src/nodes/materialx/lib/mx_noise.js(684,194): error TS2349: This expression is not callable.
  Type 'FunctionOverloadingNode' has no call signatures.
src/nodes/materialx/lib/mx_noise.js(684,260): error TS2349: This expression is not callable.
  Type 'FunctionOverloadingNode' has no call signatures.
src/nodes/materialx/lib/mx_noise.js(684,278): error TS2349: This expression is not callable.
  Type 'FunctionOverloadingNode' has no call signatures.
src/nodes/materialx/lib/mx_noise.js(684,371): error TS2349: This expression is not callable.
  Type 'FunctionOverloadingNode' has no call signatures.
src/nodes/materialx/lib/mx_noise.js(684,389): error TS2349: This expression is not callable.
  Type 'FunctionOverloadingNode' has no call signatures.
src/nodes/materialx/lib/mx_noise.js(684,455): error TS2349: This expression is not callable.
  Type 'FunctionOverloadingNode' has no call signatures.
src/nodes/materialx/lib/mx_noise.js(684,473): error TS2349: This expression is not callable.
  Type 'FunctionOverloadingNode' has no call signatures.
src/nodes/materialx/lib/mx_noise.js(684,566): error TS2349: This expression is not callable.
  Type 'FunctionOverloadingNode' has no call signatures.
src/nodes/materialx/lib/mx_noise.js(684,584): error TS2349: This expression is not callable.
  Type 'FunctionOverloadingNode' has no call signatures.
src/nodes/materialx/lib/mx_noise.js(684,677): error TS2349: This expression is not callable.
  Type 'FunctionOverloadingNode' has no call signatures.
src/nodes/materialx/lib/mx_noise.js(684,695): error TS2349: This expression is not callable.
  Type 'FunctionOverloadingNode' has no call signatures.
src/nodes/materialx/lib/mx_noise.js(686,9): error TS2349: This expression is not callable.
  Type 'FunctionOverloadingNode' has no call signatures.
src/nodes/materialx/lib/mx_noise.js(698,60): error TS7031: Binding element 'p_immutable' implicitly has an 'any' type.
src/nodes/materialx/lib/mx_noise.js(703,24): error TS2349: This expression is not callable.
  Type 'FunctionOverloadingNode' has no call signatures.
src/nodes/materialx/lib/mx_noise.js(713,60): error TS7031: Binding element 'p_immutable' implicitly has an 'any' type.
src/nodes/materialx/lib/mx_noise.js(719,24): error TS2349: This expression is not callable.
  Type 'FunctionOverloadingNode' has no call signatures.
src/nodes/materialx/lib/mx_noise.js(729,60): error TS7031: Binding element 'p_immutable' implicitly has an 'any' type.
src/nodes/materialx/lib/mx_noise.js(736,24): error TS2349: This expression is not callable.
  Type 'FunctionOverloadingNode' has no call signatures.
src/nodes/materialx/lib/mx_noise.js(746,60): error TS7031: Binding element 'p_immutable' implicitly has an 'any' type.
src/nodes/materialx/lib/mx_noise.js(754,24): error TS2349: This expression is not callable.
  Type 'FunctionOverloadingNode' has no call signatures.
src/nodes/materialx/lib/mx_noise.js(766,59): error TS7031: Binding element 'p_immutable' implicitly has an 'any' type.
src/nodes/materialx/lib/mx_noise.js(771,30): error TS2349: This expression is not callable.
  Type 'FunctionOverloadingNode' has no call signatures.
src/nodes/materialx/lib/mx_noise.js(771,76): error TS2349: This expression is not callable.
  Type 'FunctionOverloadingNode' has no call signatures.
src/nodes/materialx/lib/mx_noise.js(771,122): error TS2349: This expression is not callable.
  Type 'FunctionOverloadingNode' has no call signatures.
src/nodes/materialx/lib/mx_noise.js(781,59): error TS7031: Binding element 'p_immutable' implicitly has an 'any' type.
src/nodes/materialx/lib/mx_noise.js(787,30): error TS2349: This expression is not callable.
  Type 'FunctionOverloadingNode' has no call signatures.
src/nodes/materialx/lib/mx_noise.js(787,80): error TS2349: This expression is not callable.
  Type 'FunctionOverloadingNode' has no call signatures.
src/nodes/materialx/lib/mx_noise.js(787,130): error TS2349: This expression is not callable.
  Type 'FunctionOverloadingNode' has no call signatures.
src/nodes/materialx/lib/mx_noise.js(797,59): error TS7031: Binding element 'p_immutable' implicitly has an 'any' type.
src/nodes/materialx/lib/mx_noise.js(804,30): error TS2349: This expression is not callable.
  Type 'FunctionOverloadingNode' has no call signatures.
src/nodes/materialx/lib/mx_noise.js(804,84): error TS2349: This expression is not callable.
  Type 'FunctionOverloadingNode' has no call signatures.
src/nodes/materialx/lib/mx_noise.js(804,138): error TS2349: This expression is not callable.
  Type 'FunctionOverloadingNode' has no call signatures.
src/nodes/materialx/lib/mx_noise.js(814,59): error TS7031: Binding element 'p_immutable' implicitly has an 'any' type.
src/nodes/materialx/lib/mx_noise.js(822,30): error TS2349: This expression is not callable.
  Type 'FunctionOverloadingNode' has no call signatures.
src/nodes/materialx/lib/mx_noise.js(822,88): error TS2349: This expression is not callable.
  Type 'FunctionOverloadingNode' has no call signatures.
src/nodes/materialx/lib/mx_noise.js(822,146): error TS2349: This expression is not callable.
  Type 'FunctionOverloadingNode' has no call signatures.
src/nodes/materialx/lib/mx_noise.js(834,61): error TS7031: Binding element 'p_immutable' implicitly has an 'any' type.
src/nodes/materialx/lib/mx_noise.js(834,74): error TS7031: Binding element 'octaves_immutable' implicitly has an 'any' type.
src/nodes/materialx/lib/mx_noise.js(834,93): error TS7031: Binding element 'lacunarity_immutable' implicitly has an 'any' type.
src/nodes/materialx/lib/mx_noise.js(834,115): error TS7031: Binding element 'diminish_immutable' implicitly has an 'any' type.
src/nodes/materialx/lib/mx_noise.js(845,36): error TS2349: This expression is not callable.
  Type 'FunctionOverloadingNode' has no call signatures.
src/nodes/materialx/lib/mx_noise.js(864,60): error TS7031: Binding element 'p_immutable' implicitly has an 'any' type.
src/nodes/materialx/lib/mx_noise.js(864,73): error TS7031: Binding element 'octaves_immutable' implicitly has an 'any' type.
src/nodes/materialx/lib/mx_noise.js(864,92): error TS7031: Binding element 'lacunarity_immutable' implicitly has an 'any' type.
src/nodes/materialx/lib/mx_noise.js(864,114): error TS7031: Binding element 'diminish_immutable' implicitly has an 'any' type.
src/nodes/materialx/lib/mx_noise.js(875,36): error TS2349: This expression is not callable.
  Type 'FunctionOverloadingNode' has no call signatures.
src/nodes/materialx/lib/mx_noise.js(894,60): error TS7031: Binding element 'p_immutable' implicitly has an 'any' type.
src/nodes/materialx/lib/mx_noise.js(894,73): error TS7031: Binding element 'octaves_immutable' implicitly has an 'any' type.
src/nodes/materialx/lib/mx_noise.js(894,92): error TS7031: Binding element 'lacunarity_immutable' implicitly has an 'any' type.
src/nodes/materialx/lib/mx_noise.js(894,114): error TS7031: Binding element 'diminish_immutable' implicitly has an 'any' type.
src/nodes/materialx/lib/mx_noise.js(914,60): error TS7031: Binding element 'p_immutable' implicitly has an 'any' type.
src/nodes/materialx/lib/mx_noise.js(914,73): error TS7031: Binding element 'octaves_immutable' implicitly has an 'any' type.
src/nodes/materialx/lib/mx_noise.js(914,92): error TS7031: Binding element 'lacunarity_immutable' implicitly has an 'any' type.
src/nodes/materialx/lib/mx_noise.js(914,114): error TS7031: Binding element 'diminish_immutable' implicitly has an 'any' type.
src/nodes/materialx/lib/mx_noise.js(936,59): error TS7031: Binding element 'p_immutable' implicitly has an 'any' type.
src/nodes/materialx/lib/mx_noise.js(936,72): error TS7031: Binding element 'x_immutable' implicitly has an 'any' type.
src/nodes/materialx/lib/mx_noise.js(936,85): error TS7031: Binding element 'y_immutable' implicitly has an 'any' type.
src/nodes/materialx/lib/mx_noise.js(936,98): error TS7031: Binding element 'xoff_immutable' implicitly has an 'any' type.
src/nodes/materialx/lib/mx_noise.js(936,114): error TS7031: Binding element 'yoff_immutable' implicitly has an 'any' type.
src/nodes/materialx/lib/mx_noise.js(936,130): error TS7031: Binding element 'jitter_immutable' implicitly has an 'any' type.
src/nodes/materialx/lib/mx_noise.js(936,148): error TS7031: Binding element 'metric_immutable' implicitly has an 'any' type.
src/nodes/materialx/lib/mx_noise.js(945,20): error TS2349: This expression is not callable.
  Type 'FunctionOverloadingNode' has no call signatures.
src/nodes/materialx/lib/mx_noise.js(981,59): error TS7031: Binding element 'p_immutable' implicitly has an 'any' type.
src/nodes/materialx/lib/mx_noise.js(981,72): error TS7031: Binding element 'x_immutable' implicitly has an 'any' type.
src/nodes/materialx/lib/mx_noise.js(981,85): error TS7031: Binding element 'y_immutable' implicitly has an 'any' type.
src/nodes/materialx/lib/mx_noise.js(981,98): error TS7031: Binding element 'z_immutable' implicitly has an 'any' type.
src/nodes/materialx/lib/mx_noise.js(981,111): error TS7031: Binding element 'xoff_immutable' implicitly has an 'any' type.
src/nodes/materialx/lib/mx_noise.js(981,127): error TS7031: Binding element 'yoff_immutable' implicitly has an 'any' type.
src/nodes/materialx/lib/mx_noise.js(981,143): error TS7031: Binding element 'zoff_immutable' implicitly has an 'any' type.
src/nodes/materialx/lib/mx_noise.js(981,159): error TS7031: Binding element 'jitter_immutable' implicitly has an 'any' type.
src/nodes/materialx/lib/mx_noise.js(981,177): error TS7031: Binding element 'metric_immutable' implicitly has an 'any' type.
src/nodes/materialx/lib/mx_noise.js(992,20): error TS2349: This expression is not callable.
  Type 'FunctionOverloadingNode' has no call signatures.
src/nodes/materialx/lib/mx_noise.js(1031,62): error TS7031: Binding element 'p_immutable' implicitly has an 'any' type.
src/nodes/materialx/lib/mx_noise.js(1031,75): error TS7031: Binding element 'jitter_immutable' implicitly has an 'any' type.
src/nodes/materialx/lib/mx_noise.js(1031,93): error TS7031: Binding element 'metric_immutable' implicitly has an 'any' type.
src/nodes/materialx/lib/mx_noise.js(1040,71): error TS7031: Binding element 'x' implicitly has an 'any' type.
src/nodes/materialx/lib/mx_noise.js(1042,72): error TS7031: Binding element 'y' implicitly has an 'any' type.
src/nodes/materialx/lib/mx_noise.js(1044,24): error TS2349: This expression is not callable.
  Type 'FunctionOverloadingNode' has no call signatures.
src/nodes/materialx/lib/mx_noise.js(1069,61): error TS7031: Binding element 'p_immutable' implicitly has an 'any' type.
src/nodes/materialx/lib/mx_noise.js(1069,74): error TS7031: Binding element 'jitter_immutable' implicitly has an 'any' type.
src/nodes/materialx/lib/mx_noise.js(1069,92): error TS7031: Binding element 'metric_immutable' implicitly has an 'any' type.
src/nodes/materialx/lib/mx_noise.js(1078,71): error TS7031: Binding element 'x' implicitly has an 'any' type.
src/nodes/materialx/lib/mx_noise.js(1080,72): error TS7031: Binding element 'y' implicitly has an 'any' type.
src/nodes/materialx/lib/mx_noise.js(1082,24): error TS2349: This expression is not callable.
  Type 'FunctionOverloadingNode' has no call signatures.
src/nodes/materialx/lib/mx_noise.js(1117,61): error TS7031: Binding element 'p_immutable' implicitly has an 'any' type.
src/nodes/materialx/lib/mx_noise.js(1117,74): error TS7031: Binding element 'jitter_immutable' implicitly has an 'any' type.
src/nodes/materialx/lib/mx_noise.js(1117,92): error TS7031: Binding element 'metric_immutable' implicitly has an 'any' type.
src/nodes/materialx/lib/mx_noise.js(1126,71): error TS7031: Binding element 'x' implicitly has an 'any' type.
src/nodes/materialx/lib/mx_noise.js(1128,72): error TS7031: Binding element 'y' implicitly has an 'any' type.
src/nodes/materialx/lib/mx_noise.js(1130,24): error TS2349: This expression is not callable.
  Type 'FunctionOverloadingNode' has no call signatures.
src/nodes/materialx/lib/mx_noise.js(1171,62): error TS7031: Binding element 'p_immutable' implicitly has an 'any' type.
src/nodes/materialx/lib/mx_noise.js(1171,75): error TS7031: Binding element 'jitter_immutable' implicitly has an 'any' type.
src/nodes/materialx/lib/mx_noise.js(1171,93): error TS7031: Binding element 'metric_immutable' implicitly has an 'any' type.
src/nodes/materialx/lib/mx_noise.js(1180,71): error TS7031: Binding element 'x' implicitly has an 'any' type.
src/nodes/materialx/lib/mx_noise.js(1182,72): error TS7031: Binding element 'y' implicitly has an 'any' type.
src/nodes/materialx/lib/mx_noise.js(1184,73): error TS7031: Binding element 'z' implicitly has an 'any' type.
src/nodes/materialx/lib/mx_noise.js(1186,25): error TS2349: This expression is not callable.
  Type 'FunctionOverloadingNode' has no call signatures.
src/nodes/materialx/lib/mx_noise.js(1215,61): error TS7031: Binding element 'p_immutable' implicitly has an 'any' type.
src/nodes/materialx/lib/mx_noise.js(1215,74): error TS7031: Binding element 'jitter_immutable' implicitly has an 'any' type.
src/nodes/materialx/lib/mx_noise.js(1215,92): error TS7031: Binding element 'metric_immutable' implicitly has an 'any' type.
src/nodes/materialx/lib/mx_noise.js(1224,71): error TS7031: Binding element 'x' implicitly has an 'any' type.
src/nodes/materialx/lib/mx_noise.js(1226,72): error TS7031: Binding element 'y' implicitly has an 'any' type.
src/nodes/materialx/lib/mx_noise.js(1228,73): error TS7031: Binding element 'z' implicitly has an 'any' type.
src/nodes/materialx/lib/mx_noise.js(1230,25): error TS2349: This expression is not callable.
  Type 'FunctionOverloadingNode' has no call signatures.
src/nodes/materialx/lib/mx_noise.js(1269,61): error TS7031: Binding element 'p_immutable' implicitly has an 'any' type.
src/nodes/materialx/lib/mx_noise.js(1269,74): error TS7031: Binding element 'jitter_immutable' implicitly has an 'any' type.
src/nodes/materialx/lib/mx_noise.js(1269,92): error TS7031: Binding element 'metric_immutable' implicitly has an 'any' type.
src/nodes/materialx/lib/mx_noise.js(1278,71): error TS7031: Binding element 'x' implicitly has an 'any' type.
src/nodes/materialx/lib/mx_noise.js(1280,72): error TS7031: Binding element 'y' implicitly has an 'any' type.
src/nodes/materialx/lib/mx_noise.js(1282,73): error TS7031: Binding element 'z' implicitly has an 'any' type.
src/nodes/materialx/lib/mx_noise.js(1284,25): error TS2349: This expression is not callable.
  Type 'FunctionOverloadingNode' has no call signatures.
src/nodes/materialx/lib/mx_transform_color.js(8,68): error TS7031: Binding element 'color_immutable' implicitly has an 'any' type.
src/nodes/materialx/MaterialXNodes.js(44,80): error TS2349: This expression is not callable.
  Type 'FunctionOverloadingNode' has no call signatures.
src/nodes/materialx/MaterialXNodes.js(46,79): error TS2349: This expression is not callable.
  Type 'FunctionOverloadingNode' has no call signatures.
src/nodes/materialx/MaterialXNodes.js(51,27): error TS2349: This expression is not callable.
  Type 'FunctionOverloadingNode' has no call signatures.
src/nodes/materialx/MaterialXNodes.js(51,61): error TS2349: This expression is not callable.
  Type 'FunctionOverloadingNode' has no call signatures.
src/nodes/materialx/MaterialXNodes.js(57,73): error TS2349: This expression is not callable.
  Type 'FunctionOverloadingNode' has no call signatures.
src/nodes/materialx/MaterialXNodes.js(58,72): error TS2349: This expression is not callable.
  Type 'FunctionOverloadingNode' has no call signatures.
src/nodes/materialx/MaterialXNodes.js(59,72): error TS2349: This expression is not callable.
  Type 'FunctionOverloadingNode' has no call signatures.
src/nodes/materialx/MaterialXNodes.js(61,59): error TS2349: This expression is not callable.
  Type 'FunctionOverloadingNode' has no call signatures.
src/nodes/math/ConditionalNode.js(102,2): error TS2416: Property 'setup' in type 'ConditionalNode' is not assignable to the same property in base type 'Node'.
  Type '(builder: any) => void' is not assignable to type '(builder: NodeBuilder) => Node | null'.
    Type 'void' is not assignable to type 'Node | null'.
src/nodes/math/ConditionalNode.js(104,34): error TS2339: Property 'cache' does not exist on type 'Node'.
src/nodes/math/ConditionalNode.js(105,30): error TS2339: Property 'cache' does not exist on type 'Node'.
src/nodes/math/ConditionalNode.js(106,50): error TS2339: Property 'cache' does not exist on type 'Node'.
src/nodes/math/Hash.js(12,43): error TS7031: Binding element 'seed' implicitly has an 'any' type.
src/nodes/math/MathNode.js(911,43): error TS7031: Binding element 'uv' implicitly has an 'any' type.
src/nodes/math/OperatorNode.js(87,2): error TS2416: Property 'getNodeType' in type 'OperatorNode' is not assignable to the same property in base type 'TempNode'.
  Type '(builder: NodeBuilder, output: string) => string' is not assignable to type '(builder: NodeBuilder) => string'.
    Target signature provides too few arguments. Expected 2 or more, but got 1.
src/nodes/math/TriNoise3D.js(8,35): error TS7031: Binding element 'x' implicitly has an 'any' type.
src/nodes/math/TriNoise3D.js(20,36): error TS7031: Binding element 'p' implicitly has an 'any' type.
src/nodes/math/TriNoise3D.js(41,49): error TS7031: Binding element 'position' implicitly has an 'any' type.
src/nodes/math/TriNoise3D.js(41,59): error TS7031: Binding element 'speed' implicitly has an 'any' type.
src/nodes/math/TriNoise3D.js(41,66): error TS7031: Binding element 'time' implicitly has an 'any' type.
src/nodes/parsers/GLSLNodeFunction.js(67,9): error TS2322: Type 'null' is not assignable to type 'number'.
src/nodes/parsers/GLSLNodeFunction.js(71,59): error TS2345: Argument of type 'string' is not assignable to parameter of type '"in" | "out" | "inout" | undefined'.
src/nodes/parsers/GLSLNodeParser.js(17,2): error TS2416: Property 'parseFunction' in type 'GLSLNodeParser' is not assignable to the same property in base type 'NodeParser'.
  Type '(source: string) => GLSLNodeFunction' is not assignable to type '() => NodeFunction'.
    Target signature provides too few arguments. Expected 1 or more, but got 0.
src/nodes/pmrem/PMREMNode.js(53,16): error TS2551: Property 'isCubeTexture' does not exist on type 'Texture'. Did you mean 'isTexture'?
src/nodes/pmrem/PMREMNode.js(61,5): error TS2322: Type 'null' is not assignable to type 'Texture'.
src/nodes/pmrem/PMREMNode.js(74,5): error TS2322: Type 'null' is not assignable to type 'Texture'.
src/nodes/pmrem/PMREMNode.js(177,17): error TS2554: Expected 2 arguments, but got 1.
src/nodes/pmrem/PMREMNode.js(185,18): error TS2554: Expected 2 arguments, but got 1.
src/nodes/pmrem/PMREMNode.js(193,18): error TS2554: Expected 2 arguments, but got 1.
src/nodes/pmrem/PMREMNode.js(239,2): error TS2416: Property 'updateBefore' in type 'PMREMNode' is not assignable to the same property in base type 'TempNode'.
  Type '() => void' is not assignable to type '() => boolean | null'.
    Type 'void' is not assignable to type 'boolean | null'.
src/nodes/pmrem/PMREMNode.js(248,17): error TS2339: Property 'isPMREMTexture' does not exist on type 'Texture'.
src/nodes/pmrem/PMREMNode.js(280,22): error TS2554: Expected 0 arguments, but got 1.
src/nodes/pmrem/PMREMNode.js(296,79): error TS2339: Property 'isPMREMTexture' does not exist on type 'Texture'.
src/nodes/pmrem/PMREMUtils.js(27,39): error TS7031: Binding element 'direction' implicitly has an 'any' type.
src/nodes/pmrem/PMREMUtils.js(69,37): error TS7031: Binding element 'direction' implicitly has an 'any' type.
src/nodes/pmrem/PMREMUtils.js(69,48): error TS7031: Binding element 'face' implicitly has an 'any' type.
src/nodes/pmrem/PMREMUtils.js(110,46): error TS7031: Binding element 'roughness' implicitly has an 'any' type.
src/nodes/pmrem/PMREMUtils.js(147,51): error TS7031: Binding element 'uv_immutable' implicitly has an 'any' type.
src/nodes/pmrem/PMREMUtils.js(147,65): error TS7031: Binding element 'face' implicitly has an 'any' type.
src/nodes/pmrem/PMREMUtils.js(195,52): error TS7031: Binding element 'envMap' implicitly has an 'any' type.
src/nodes/pmrem/PMREMUtils.js(195,60): error TS7031: Binding element 'sampleDir_immutable' implicitly has an 'any' type.
src/nodes/pmrem/PMREMUtils.js(195,81): error TS7031: Binding element 'roughness_immutable' implicitly has an 'any' type.
src/nodes/pmrem/PMREMUtils.js(195,102): error TS7031: Binding element 'CUBEUV_TEXEL_WIDTH' implicitly has an 'any' type.
src/nodes/pmrem/PMREMUtils.js(195,122): error TS7031: Binding element 'CUBEUV_TEXEL_HEIGHT' implicitly has an 'any' type.
src/nodes/pmrem/PMREMUtils.js(195,143): error TS7031: Binding element 'CUBEUV_MAX_MIP' implicitly has an 'any' type.
src/nodes/pmrem/PMREMUtils.js(217,46): error TS7031: Binding element 'envMap' implicitly has an 'any' type.
src/nodes/pmrem/PMREMUtils.js(217,54): error TS7031: Binding element 'direction_immutable' implicitly has an 'any' type.
src/nodes/pmrem/PMREMUtils.js(217,75): error TS7031: Binding element 'mipInt_immutable' implicitly has an 'any' type.
src/nodes/pmrem/PMREMUtils.js(217,93): error TS7031: Binding element 'CUBEUV_TEXEL_WIDTH' implicitly has an 'any' type.
src/nodes/pmrem/PMREMUtils.js(217,113): error TS7031: Binding element 'CUBEUV_TEXEL_HEIGHT' implicitly has an 'any' type.
src/nodes/pmrem/PMREMUtils.js(217,134): error TS7031: Binding element 'CUBEUV_MAX_MIP' implicitly has an 'any' type.
src/nodes/pmrem/PMREMUtils.js(244,41): error TS7031: Binding element 'envMap' implicitly has an 'any' type.
src/nodes/pmrem/PMREMUtils.js(244,49): error TS7031: Binding element 'mipInt' implicitly has an 'any' type.
src/nodes/pmrem/PMREMUtils.js(244,57): error TS7031: Binding element 'outputDirection' implicitly has an 'any' type.
src/nodes/pmrem/PMREMUtils.js(244,74): error TS7031: Binding element 'theta' implicitly has an 'any' type.
src/nodes/pmrem/PMREMUtils.js(244,81): error TS7031: Binding element 'axis' implicitly has an 'any' type.
src/nodes/pmrem/PMREMUtils.js(244,87): error TS7031: Binding element 'CUBEUV_TEXEL_WIDTH' implicitly has an 'any' type.
src/nodes/pmrem/PMREMUtils.js(244,107): error TS7031: Binding element 'CUBEUV_TEXEL_HEIGHT' implicitly has an 'any' type.
src/nodes/pmrem/PMREMUtils.js(244,128): error TS7031: Binding element 'CUBEUV_MAX_MIP' implicitly has an 'any' type.
src/nodes/pmrem/PMREMUtils.js(257,43): error TS7031: Binding element 'n' implicitly has an 'any' type.
src/nodes/pmrem/PMREMUtils.js(257,46): error TS7031: Binding element 'latitudinal' implicitly has an 'any' type.
src/nodes/pmrem/PMREMUtils.js(257,59): error TS7031: Binding element 'poleAxis' implicitly has an 'any' type.
src/nodes/pmrem/PMREMUtils.js(257,69): error TS7031: Binding element 'outputDirection' implicitly has an 'any' type.
src/nodes/pmrem/PMREMUtils.js(257,86): error TS7031: Binding element 'weights' implicitly has an 'any' type.
src/nodes/pmrem/PMREMUtils.js(257,95): error TS7031: Binding element 'samples' implicitly has an 'any' type.
src/nodes/pmrem/PMREMUtils.js(257,104): error TS7031: Binding element 'dTheta' implicitly has an 'any' type.
src/nodes/pmrem/PMREMUtils.js(257,112): error TS7031: Binding element 'mipInt' implicitly has an 'any' type.
src/nodes/pmrem/PMREMUtils.js(257,120): error TS7031: Binding element 'envMap' implicitly has an 'any' type.
src/nodes/pmrem/PMREMUtils.js(257,128): error TS7031: Binding element 'CUBEUV_TEXEL_WIDTH' implicitly has an 'any' type.
src/nodes/pmrem/PMREMUtils.js(257,148): error TS7031: Binding element 'CUBEUV_TEXEL_HEIGHT' implicitly has an 'any' type.
src/nodes/pmrem/PMREMUtils.js(257,169): error TS7031: Binding element 'CUBEUV_MAX_MIP' implicitly has an 'any' type.
src/nodes/pmrem/PMREMUtils.js(272,41): error TS7031: Binding element 'i' implicitly has an 'any' type.
src/nodes/shapes/Shapes.js(14,54): error TS7031: Binding element 'renderer' implicitly has an 'any' type.
src/nodes/shapes/Shapes.js(14,64): error TS7031: Binding element 'material' implicitly has an 'any' type.
src/nodes/tsl/TSLCore.js(51,14): error TS7019: Rest parameter 'params' implicitly has an 'any[]' type.
src/nodes/tsl/TSLCore.js(63,33): error TS7019: Rest parameter 'params' implicitly has an 'any[]' type.
src/nodes/tsl/TSLCore.js(63,92): error TS7019: Rest parameter 'params' implicitly has an 'any[]' type.
src/nodes/tsl/TSLCore.js(73,33): error TS7019: Rest parameter 'params' implicitly has an 'any[]' type.
src/nodes/tsl/TSLCore.js(73,108): error TS7019: Rest parameter 'params' implicitly has an 'any[]' type.
src/nodes/tsl/TSLCore.js(113,55): error TS2345: Argument of type 'ConstNode' is not assignable to parameter of type 'Node'.
  The types returned by 'getNodeType(...)' are incompatible between these types.
    Type 'string | null' is not assignable to type 'string'.
      Type 'null' is not assignable to type 'string'.
src/nodes/tsl/TSLCore.js(148,7): error TS7023: 'ShaderNodeObject' implicitly has return type 'any' because it does not have a return type annotation and is referenced directly or indirectly in one of its return expressions.
src/nodes/tsl/TSLCore.js(213,12): error TS7019: Rest parameter 'params' implicitly has an 'any[]' type.
src/nodes/tsl/TSLCore.js(223,12): error TS7019: Rest parameter 'params' implicitly has an 'any[]' type.
src/nodes/tsl/TSLCore.js(231,12): error TS7019: Rest parameter 'params' implicitly has an 'any[]' type.
src/nodes/tsl/TSLCore.js(241,51): error TS7019: Rest parameter 'params' implicitly has an 'any[]' type.
src/nodes/tsl/TSLCore.js(414,31): error TS2769: No overload matches this call.
  Overload 1 of 4, '(iterable?: Iterable<readonly [any, any]> | null | undefined): Map<any, any>', gave the following error.
    Argument of type 'ConstNode[]' is not assignable to parameter of type 'Iterable<readonly [any, any]>'.
      The types returned by '[Symbol.iterator]().next(...)' are incompatible between these types.
        Type 'IteratorResult<ConstNode, undefined>' is not assignable to type 'IteratorResult<readonly [any, any], any>'.
          Type 'IteratorYieldResult<ConstNode>' is not assignable to type 'IteratorResult<readonly [any, any], any>'.
            Type 'IteratorYieldResult<ConstNode>' is not assignable to type 'IteratorYieldResult<readonly [any, any]>'.
              Type 'ConstNode' is not assignable to type 'readonly [any, any]'.
  Overload 2 of 4, '(entries?: readonly (readonly [any, any])[] | null | undefined): Map<any, any>', gave the following error.
    Argument of type 'ConstNode[]' is not assignable to parameter of type 'readonly (readonly [any, any])[]'.
      Type 'ConstNode' is not assignable to type 'readonly [any, any]'.
src/nodes/tsl/TSLCore.js(414,81): error TS2551: Property 'value' does not exist on type '[any, any]'. Did you mean 'values'?
src/nodes/tsl/TSLCore.js(417,33): error TS2769: No overload matches this call.
  Overload 1 of 4, '(iterable?: Iterable<readonly [any, any]> | null | undefined): Map<any, any>', gave the following error.
    Argument of type 'ConstNode[]' is not assignable to parameter of type 'Iterable<readonly [any, any]>'.
      The types returned by '[Symbol.iterator]().next(...)' are incompatible between these types.
        Type 'IteratorResult<ConstNode, undefined>' is not assignable to type 'IteratorResult<readonly [any, any], any>'.
          Type 'IteratorYieldResult<ConstNode>' is not assignable to type 'IteratorResult<readonly [any, any], any>'.
            Type 'IteratorYieldResult<ConstNode>' is not assignable to type 'IteratorYieldResult<readonly [any, any]>'.
              Type 'ConstNode' is not assignable to type 'readonly [any, any]'.
  Overload 2 of 4, '(entries?: readonly (readonly [any, any])[] | null | undefined): Map<any, any>', gave the following error.
    Argument of type 'ConstNode[]' is not assignable to parameter of type 'readonly (readonly [any, any])[]'.
      Type 'ConstNode' is not assignable to type 'readonly [any, any]'.
src/nodes/tsl/TSLCore.js(417,82): error TS2551: Property 'value' does not exist on type '[any, any]'. Did you mean 'values'?
src/nodes/tsl/TSLCore.js(459,11): error TS7019: Rest parameter 'params' implicitly has an 'any[]' type.
src/nodes/tsl/TSLCore.js(467,61): error TS2339: Property 'has' does not exist on type 'never'.
src/nodes/tsl/TSLCore.js(469,32): error TS2339: Property 'get' does not exist on type 'never'.
src/nodes/tsl/TSLCore.js(504,14): error TS7023: 'nodeObject' implicitly has return type 'any' because it does not have a return type annotation and is referenced directly or indirectly in one of its return expressions.
src/nodes/tsl/TSLCore.js(505,55): error TS7009: 'new' expression, whose target lacks a construct signature, implicitly has an 'any' type.
src/nodes/tsl/TSLCore.js(506,53): error TS7009: 'new' expression, whose target lacks a construct signature, implicitly has an 'any' type.
src/nodes/tsl/TSLCore.js(507,28): error TS7019: Rest parameter 'params' implicitly has an 'any[]' type.
src/nodes/tsl/TSLCore.js(507,43): error TS7009: 'new' expression, whose target lacks a construct signature, implicitly has an 'any' type.
src/nodes/tsl/TSLCore.js(508,32): error TS7019: Rest parameter 'params' implicitly has an 'any[]' type.
src/nodes/tsl/TSLCore.js(508,47): error TS7009: 'new' expression, whose target lacks a construct signature, implicitly has an 'any' type.
src/nodes/tsl/TSLCore.js(512,21): error TS7009: 'new' expression, whose target lacks a construct signature, implicitly has an 'any' type.
src/nodes/tsl/TSLCore.js(514,15): error TS7019: Rest parameter 'params' implicitly has an 'any[]' type.
src/nodes/tsl/TSLCore.js(596,21): error TS7019: Rest parameter 'params' implicitly has an 'any[]' type.
src/nodes/tsl/TSLCore.js(610,22): error TS7009: 'new' expression, whose target lacks a construct signature, implicitly has an 'any' type.
src/nodes/tsl/TSLCore.js(612,22): error TS7009: 'new' expression, whose target lacks a construct signature, implicitly has an 'any' type.
src/nodes/tsl/TSLCore.js(612,48): error TS2345: Argument of type 'Map<any, any>' is not assignable to parameter of type 'null | undefined'.
src/nodes/tsl/TSLCore.js(613,20): error TS7009: 'new' expression, whose target lacks a construct signature, implicitly has an 'any' type.
src/nodes/tsl/TSLCore.js(613,44): error TS2345: Argument of type 'Map<any, any>' is not assignable to parameter of type 'null | undefined'.
src/nodes/tsl/TSLCore.js(614,21): error TS7009: 'new' expression, whose target lacks a construct signature, implicitly has an 'any' type.
src/nodes/tsl/TSLCore.js(614,46): error TS2345: Argument of type 'Map<any, any>' is not assignable to parameter of type 'null | undefined'.
src/nodes/tsl/TSLCore.js(615,21): error TS7009: 'new' expression, whose target lacks a construct signature, implicitly has an 'any' type.
src/nodes/tsl/TSLCore.js(615,46): error TS2345: Argument of type 'Map<any, any>' is not assignable to parameter of type 'null | undefined'.
src/nodes/tsl/TSLCore.js(617,21): error TS7009: 'new' expression, whose target lacks a construct signature, implicitly has an 'any' type.
src/nodes/tsl/TSLCore.js(618,22): error TS7009: 'new' expression, whose target lacks a construct signature, implicitly has an 'any' type.
src/nodes/tsl/TSLCore.js(619,22): error TS7009: 'new' expression, whose target lacks a construct signature, implicitly has an 'any' type.
src/nodes/tsl/TSLCore.js(620,22): error TS7009: 'new' expression, whose target lacks a construct signature, implicitly has an 'any' type.
src/nodes/tsl/TSLCore.js(622,21): error TS7009: 'new' expression, whose target lacks a construct signature, implicitly has an 'any' type.
src/nodes/tsl/TSLCore.js(623,22): error TS7009: 'new' expression, whose target lacks a construct signature, implicitly has an 'any' type.
src/nodes/tsl/TSLCore.js(624,22): error TS7009: 'new' expression, whose target lacks a construct signature, implicitly has an 'any' type.
src/nodes/tsl/TSLCore.js(625,22): error TS7009: 'new' expression, whose target lacks a construct signature, implicitly has an 'any' type.
src/nodes/tsl/TSLCore.js(627,21): error TS7009: 'new' expression, whose target lacks a construct signature, implicitly has an 'any' type.
src/nodes/tsl/TSLCore.js(628,22): error TS7009: 'new' expression, whose target lacks a construct signature, implicitly has an 'any' type.
src/nodes/tsl/TSLCore.js(629,22): error TS7009: 'new' expression, whose target lacks a construct signature, implicitly has an 'any' type.
src/nodes/tsl/TSLCore.js(630,22): error TS7009: 'new' expression, whose target lacks a construct signature, implicitly has an 'any' type.
src/nodes/tsl/TSLCore.js(632,21): error TS7009: 'new' expression, whose target lacks a construct signature, implicitly has an 'any' type.
src/nodes/tsl/TSLCore.js(633,21): error TS7009: 'new' expression, whose target lacks a construct signature, implicitly has an 'any' type.
src/nodes/tsl/TSLCore.js(634,21): error TS7009: 'new' expression, whose target lacks a construct signature, implicitly has an 'any' type.
src/nodes/utils/ConvertNode.js(67,3): error TS2322: Type 'string | null' is not assignable to type 'string'.
  Type 'null' is not assignable to type 'string'.
src/nodes/utils/CubeMapNode.js(50,3): error TS2322: Type 'null' is not assignable to type 'CubeTexture'.
src/nodes/utils/CubeMapNode.js(84,2): error TS2416: Property 'updateBefore' in type 'CubeMapNode' is not assignable to the same property in base type 'TempNode'.
  Type '(frame: any) => void' is not assignable to type '() => boolean | null'.
    Type 'void' is not assignable to type 'boolean | null'.
src/nodes/utils/CubeMapNode.js(193,24): error TS2339: Property 'target' does not exist on type 'Object'.
src/nodes/utils/FunctionOverloadingNode.js(67,26): error TS8024: JSDoc '@param' tag has name 'builder', but there is no parameter with that name.
src/nodes/utils/FunctionOverloadingNode.js(72,34): error TS2339: Property 'shaderNode' does not exist on type 'Function'.
src/nodes/utils/FunctionOverloadingNode.js(89,37): error TS2339: Property 'shaderNode' does not exist on type 'Function'.
src/nodes/utils/FunctionOverloadingNode.js(132,46): error TS2721: Cannot invoke an object which is possibly 'null'.
src/nodes/utils/FunctionOverloadingNode.js(153,51): error TS2322: Type '(...params: any[]) => any' is not assignable to type 'FunctionOverloadingNode'.
src/nodes/utils/FunctionOverloadingNode.js(153,53): error TS7019: Rest parameter 'params' implicitly has an 'any[]' type.
src/nodes/utils/LoopNode.js(90,4): error TS7053: Element implicitly has an 'any' type because expression of type 'any' can't be used to index type '{}'.
src/nodes/utils/LoopNode.js(113,11): error TS2339: Property 'returnsNode' does not exist on type 'Object'.
src/nodes/utils/LoopNode.js(119,2): error TS2416: Property 'setup' in type 'LoopNode' is not assignable to the same property in base type 'Node'.
  Type '(builder: any) => void' is not assignable to type '(builder: NodeBuilder) => Node | null'.
    Type 'void' is not assignable to type 'Node | null'.
src/nodes/utils/LoopNode.js(132,32): error TS2339: Property 'stackNode' does not exist on type 'Object'.
src/nodes/utils/LoopNode.js(232,37): error TS2339: Property 'returnsNode' does not exist on type 'Object'.
src/nodes/utils/LoopNode.js(232,62): error TS2339: Property 'returnsNode' does not exist on type 'Object'.
src/nodes/utils/LoopNode.js(259,83): error TS2345: Argument of type '"int"' is not assignable to parameter of type 'null | undefined'.
src/nodes/utils/MaxMipLevelNode.js(15,14): error TS2507: Type 'NodeModule' is not a constructor function type.
src/nodes/utils/MaxMipLevelNode.js(15,14): error TS8023: JSDoc '@augments module' does not match the 'extends UniformNode' clause.
src/nodes/utils/PostProcessingUtils.js(18,54): error TS7031: Binding element 'screenPosition' implicitly has an 'any' type.
src/nodes/utils/PostProcessingUtils.js(18,70): error TS7031: Binding element 'depth' implicitly has an 'any' type.
src/nodes/utils/PostProcessingUtils.js(18,77): error TS7031: Binding element 'projectionMatrixInverse' implicitly has an 'any' type.
src/nodes/utils/PostProcessingUtils.js(48,56): error TS7031: Binding element 'viewPosition' implicitly has an 'any' type.
src/nodes/utils/PostProcessingUtils.js(48,70): error TS7031: Binding element 'projectionMatrix' implicitly has an 'any' type.
src/nodes/utils/PostProcessingUtils.js(66,57): error TS7031: Binding element 'uv' implicitly has an 'any' type.
src/nodes/utils/PostProcessingUtils.js(66,61): error TS7031: Binding element 'depthTexture' implicitly has an 'any' type.
src/nodes/utils/PostProcessingUtils.js(66,75): error TS7031: Binding element 'projectionMatrixInverse' implicitly has an 'any' type.
src/nodes/utils/PostProcessingUtils.js(71,44): error TS2339: Property 'toVar' does not exist on type 'TextureNode'.
src/nodes/utils/PostProcessingUtils.js(73,65): error TS2339: Property 'toVar' does not exist on type 'TextureNode'.
src/nodes/utils/PostProcessingUtils.js(74,65): error TS2339: Property 'toVar' does not exist on type 'TextureNode'.
src/nodes/utils/PostProcessingUtils.js(75,65): error TS2339: Property 'toVar' does not exist on type 'TextureNode'.
src/nodes/utils/PostProcessingUtils.js(76,65): error TS2339: Property 'toVar' does not exist on type 'TextureNode'.
src/nodes/utils/PostProcessingUtils.js(77,65): error TS2339: Property 'toVar' does not exist on type 'TextureNode'.
src/nodes/utils/PostProcessingUtils.js(78,65): error TS2339: Property 'toVar' does not exist on type 'TextureNode'.
src/nodes/utils/PostProcessingUtils.js(79,65): error TS2339: Property 'toVar' does not exist on type 'TextureNode'.
src/nodes/utils/PostProcessingUtils.js(80,65): error TS2339: Property 'toVar' does not exist on type 'TextureNode'.
src/nodes/utils/ReflectorNode.js(51,14): error TS2507: Type 'NodeModule' is not a constructor function type.
src/nodes/utils/ReflectorNode.js(51,14): error TS8023: JSDoc '@augments module' does not match the 'extends TextureNode' clause.
src/nodes/utils/ReflectorNode.js(84,76): error TS2345: Argument of type 'this' is not assignable to parameter of type 'TextureNode'.
  Type 'ReflectorNode' is missing the following properties from type 'TextureNode': isTextureNode, uvNode, levelNode, biasNode, and 35 more.
src/nodes/utils/ReflectorNode.js(95,8): error TS2339: Property 'setUpdateMatrix' does not exist on type 'ReflectorNode'.
src/nodes/utils/ReflectorNode.js(106,3): error TS2322: Type 'ReflectorBaseNode | null' is not assignable to type 'ReflectorBaseNode'.
  Type 'null' is not assignable to type 'ReflectorBaseNode'.
src/nodes/utils/ReflectorNode.js(117,10): error TS2531: Object is possibly 'null'.
src/nodes/utils/ReflectorNode.js(131,9): error TS2531: Object is possibly 'null'.
src/nodes/utils/ReflectorNode.js(139,5): error TS2322: Type 'ReflectorBaseNode | null' is not assignable to type 'ReflectorBaseNode | undefined'.
  Type 'null' is not assignable to type 'ReflectorBaseNode | undefined'.
src/nodes/utils/ReflectorNode.js(144,3): error TS2322: Type 'Node | null' is not assignable to type 'Node'.
  Type 'null' is not assignable to type 'Node'.
src/nodes/utils/ReflectorNode.js(151,38): error TS2531: Object is possibly 'null'.
src/nodes/utils/ReflectorNode.js(159,23): error TS2351: This expression is not constructable.
  Type 'Function' has no construct signatures.
src/nodes/utils/ReflectorNode.js(159,46): error TS2551: Property 'reflectorNode' does not exist on type 'ReflectorNode'. Did you mean 'reflector'?
src/nodes/utils/ReflectorNode.js(364,2): error TS2416: Property 'updateBefore' in type 'ReflectorBaseNode' is not assignable to the same property in base type 'Node'.
  Type '(frame: any) => false | undefined' is not assignable to type '() => boolean | null'.
    Type 'false | undefined' is not assignable to type 'boolean | null'.
      Type 'undefined' is not assignable to type 'boolean | null'.
src/nodes/utils/ReflectorNode.js(455,21): error TS2551: Property 'getDepthNode' does not exist on type 'TextureNode'. Did you mean 'depthNode'?
src/nodes/utils/RemapNode.js(86,16): error TS2339: Property 'sub' does not exist on type 'Node'.
src/nodes/utils/RemapNode.js(86,49): error TS2339: Property 'sub' does not exist on type 'Node'.
src/nodes/utils/RemapNode.js(90,29): error TS2339: Property 'sub' does not exist on type 'Node'.
src/nodes/utils/RTTNode.js(22,14): error TS2507: Type 'NodeModule' is not a constructor function type.
src/nodes/utils/RTTNode.js(22,14): error TS8023: JSDoc '@augments module' does not match the 'extends TextureNode' clause.
src/nodes/utils/RTTNode.js(42,42): error TS2345: Argument of type 'number | null' is not assignable to parameter of type 'number | undefined'.
  Type 'null' is not assignable to type 'number | undefined'.
src/nodes/utils/RTTNode.js(181,17): error TS2345: Argument of type 'number | null' is not assignable to parameter of type 'number'.
  Type 'null' is not assignable to type 'number'.
src/nodes/utils/RTTNode.js(185,18): error TS7031: Binding element 'renderer' implicitly has an 'any' type.
src/nodes/utils/RTTNode.js(205,27): error TS2339: Property 'fragmentNode' does not exist on type 'MeshBasicMaterial'.
src/nodes/utils/RTTNode.js(221,41): error TS2339: Property 'value' does not exist on type 'RTTNode'.
src/nodes/utils/RTTNode.js(221,53): error TS2551: Property 'uvNode' does not exist on type 'RTTNode'. Did you mean 'node'?
src/nodes/utils/RTTNode.js(221,66): error TS2339: Property 'levelNode' does not exist on type 'RTTNode'.
src/nodes/utils/RTTNode.js(222,26): error TS2339: Property 'sampler' does not exist on type 'RTTNode'.
src/nodes/utils/RTTNode.js(238,22): error TS8024: JSDoc '@param' tag has name 'width', but there is no parameter with that name.
src/nodes/utils/RTTNode.js(239,22): error TS8024: JSDoc '@param' tag has name 'height', but there is no parameter with that name.
src/nodes/utils/RTTNode.js(240,21): error TS8024: JSDoc '@param' tag has name 'options', but there is no parameter with that name.
src/nodes/utils/RTTNode.js(243,28): error TS7019: Rest parameter 'params' implicitly has an 'any[]' type.
src/nodes/utils/RTTNode.js(250,22): error TS8024: JSDoc '@param' tag has name 'width', but there is no parameter with that name.
src/nodes/utils/RTTNode.js(251,22): error TS8024: JSDoc '@param' tag has name 'height', but there is no parameter with that name.
src/nodes/utils/RTTNode.js(252,21): error TS8024: JSDoc '@param' tag has name 'options', but there is no parameter with that name.
src/nodes/utils/RTTNode.js(255,41): error TS7019: Rest parameter 'params' implicitly has an 'any[]' type.
src/nodes/utils/SpriteSheetUVNode.js(29,13): error TS2315: Type 'Node' is not generic.
src/nodes/utils/SpriteSheetUVNode.js(30,13): error TS2315: Type 'Node' is not generic.
src/nodes/utils/SpriteSheetUVNode.js(31,13): error TS2315: Type 'Node' is not generic.
src/nodes/utils/SpriteSheetUVNode.js(40,13): error TS2315: Type 'Node' is not generic.
src/nodes/utils/SpriteSheetUVNode.js(47,13): error TS2315: Type 'Node' is not generic.
src/nodes/utils/SpriteSheetUVNode.js(54,13): error TS2315: Type 'Node' is not generic.
src/nodes/utils/SpriteSheetUVNode.js(86,12): error TS2315: Type 'Node' is not generic.
src/nodes/utils/SpriteSheetUVNode.js(87,12): error TS2315: Type 'Node' is not generic.
src/nodes/utils/SpriteSheetUVNode.js(88,12): error TS2315: Type 'Node' is not generic.
src/nodes/utils/SpriteUtils.js(30,36): error TS2339: Property 'x' does not exist on type 'never'.
src/nodes/utils/SpriteUtils.js(31,36): error TS2339: Property 'y' does not exist on type 'never'.
src/nodes/utils/SpriteUtils.js(32,36): error TS2339: Property 'z' does not exist on type 'never'.
src/nodes/utils/StorageArrayElementNode.js(68,19): error TS2339: Property 'isPBO' does not exist on type 'Node'.
src/nodes/utils/StorageArrayElementNode.js(90,19): error TS2339: Property 'isPBO' does not exist on type 'Node'.
src/nodes/utils/StorageArrayElementNode.js(90,77): error TS2339: Property 'value' does not exist on type 'Node'.
src/nodes/utils/Timer.js(11,35): error TS2554: Expected 2 arguments, but got 1.
src/nodes/utils/Timer.js(18,40): error TS2554: Expected 2 arguments, but got 1.
src/nodes/utils/TriplanarTexturesNode.js(33,13): error TS2315: Type 'Node' is not generic.
src/nodes/utils/TriplanarTexturesNode.js(34,13): error TS2315: Type 'Node' is not generic.
src/nodes/utils/TriplanarTexturesNode.js(35,13): error TS2315: Type 'Node' is not generic.
src/nodes/utils/TriplanarTexturesNode.js(54,3): error TS2322: Type 'Node | null' is not assignable to type 'Node'.
  Type 'null' is not assignable to type 'Node'.
src/nodes/utils/TriplanarTexturesNode.js(62,3): error TS2322: Type 'Node | null' is not assignable to type 'Node'.
  Type 'null' is not assignable to type 'Node'.
src/nodes/utils/TriplanarTexturesNode.js(67,13): error TS2315: Type 'Node' is not generic.
src/nodes/utils/TriplanarTexturesNode.js(75,13): error TS2315: Type 'Node' is not generic.
src/nodes/utils/TriplanarTexturesNode.js(83,13): error TS2315: Type 'Node' is not generic.
src/nodes/utils/TriplanarTexturesNode.js(106,33): error TS2339: Property 'value' does not exist on type 'Node'.
src/nodes/utils/TriplanarTexturesNode.js(107,57): error TS2339: Property 'value' does not exist on type 'Node'.
src/nodes/utils/TriplanarTexturesNode.js(108,57): error TS2339: Property 'value' does not exist on type 'Node'.
src/nodes/utils/TriplanarTexturesNode.js(129,12): error TS2315: Type 'Node' is not generic.
src/nodes/utils/TriplanarTexturesNode.js(130,12): error TS2315: Type 'Node' is not generic.
src/nodes/utils/TriplanarTexturesNode.js(131,12): error TS2315: Type 'Node' is not generic.
src/nodes/utils/TriplanarTexturesNode.js(140,18): error TS8024: JSDoc '@param' tag has name 'textureXNode', but there is no parameter with that name.
src/nodes/utils/TriplanarTexturesNode.js(141,20): error TS8024: JSDoc '@param' tag has name 'textureYNode', but there is no parameter with that name.
src/nodes/utils/TriplanarTexturesNode.js(142,20): error TS8024: JSDoc '@param' tag has name 'textureZNode', but there is no parameter with that name.
src/nodes/utils/TriplanarTexturesNode.js(143,12): error TS2315: Type 'Node' is not generic.
src/nodes/utils/TriplanarTexturesNode.js(143,27): error TS8024: JSDoc '@param' tag has name 'scaleNode', but there is no parameter with that name.
src/nodes/utils/TriplanarTexturesNode.js(144,12): error TS2315: Type 'Node' is not generic.
src/nodes/utils/TriplanarTexturesNode.js(144,26): error TS8024: JSDoc '@param' tag has name 'positionNode', but there is no parameter with that name.
src/nodes/utils/TriplanarTexturesNode.js(145,12): error TS2315: Type 'Node' is not generic.
src/nodes/utils/TriplanarTexturesNode.js(145,26): error TS8024: JSDoc '@param' tag has name 'normalNode', but there is no parameter with that name.
src/nodes/utils/TriplanarTexturesNode.js(148,35): error TS7019: Rest parameter 'params' implicitly has an 'any[]' type.
src/nodes/utils/UVUtils.js(15,47): error TS7031: Binding element 'uv' implicitly has an 'any' type.
src/nodes/utils/UVUtils.js(15,51): error TS7031: Binding element 'rotation' implicitly has an 'any' type.
src/nodes/utils/UVUtils.js(30,49): error TS7031: Binding element 'uv' implicitly has an 'any' type.
src/nodes/utils/UVUtils.js(30,53): error TS7031: Binding element 'strength' implicitly has an 'any' type.
src/objects/BatchedMesh.js(37,3): error TS7008: Member 'pool' implicitly has an 'any[]' type.
src/objects/BatchedMesh.js(38,3): error TS7008: Member 'list' implicitly has an 'any[]' type.
src/objects/BatchedMesh.js(182,3): error TS7008: Member '_instanceInfo' implicitly has an 'any[]' type.
src/objects/BatchedMesh.js(183,3): error TS7008: Member '_geometryInfo' implicitly has an 'any[]' type.
src/objects/BatchedMesh.js(186,3): error TS7008: Member '_availableInstanceIds' implicitly has an 'any[]' type.
src/objects/BatchedMesh.js(187,3): error TS7008: Member '_availableGeometryIds' implicitly has an 'any[]' type.
src/objects/BatchedMesh.js(233,44): error TS2345: Argument of type 'Float32Array<ArrayBuffer>' is not assignable to parameter of type 'null | undefined'.
src/objects/BatchedMesh.js(245,44): error TS2345: Argument of type 'Uint32Array<ArrayBuffer>' is not assignable to parameter of type 'null | undefined'.
src/objects/BatchedMesh.js(258,42): error TS2345: Argument of type 'Float32Array<ArrayBuffer>' is not assignable to parameter of type 'null | undefined'.
src/objects/BatchedMesh.js(752,24): error TS7053: Element implicitly has an 'any' type because expression of type 'string' can't be used to index type '{}'.
  No index signature with a parameter of type 'string' was found on type '{}'.
src/objects/BatchedMesh.js(792,41): error TS2339: Property 'position' does not exist on type '{}'.
src/objects/BatchedMesh.js(834,41): error TS2339: Property 'position' does not exist on type '{}'.
src/objects/BatchedMesh.js(954,10): error TS2339: Property 'vertexStart' does not exist on type '{}'.
src/objects/BatchedMesh.js(955,10): error TS2339: Property 'vertexCount' does not exist on type '{}'.
src/objects/BatchedMesh.js(956,10): error TS2339: Property 'reservedVertexCount' does not exist on type '{}'.
src/objects/BatchedMesh.js(958,10): error TS2339: Property 'indexStart' does not exist on type '{}'.
src/objects/BatchedMesh.js(959,10): error TS2339: Property 'indexCount' does not exist on type '{}'.
src/objects/BatchedMesh.js(960,10): error TS2339: Property 'reservedIndexCount' does not exist on type '{}'.
src/objects/BatchedMesh.js(962,10): error TS2339: Property 'start' does not exist on type '{}'.
src/objects/BatchedMesh.js(963,10): error TS2339: Property 'count' does not exist on type '{}'.
src/objects/BatchedMesh.js(1004,3): error TS18047: 'indirectTexture' is possibly 'null'.
src/objects/BatchedMesh.js(1006,22): error TS18047: 'indirectTexture' is possibly 'null'.
src/objects/BatchedMesh.js(1006,50): error TS2531: Object is possibly 'null'.
src/objects/BatchedMesh.js(1073,23): error TS7053: Element implicitly has an 'any' type because expression of type 'string' can't be used to index type '{}'.
  No index signature with a parameter of type 'string' was found on type '{}'.
src/objects/BatchedMesh.js(1073,60): error TS7053: Element implicitly has an 'any' type because expression of type 'string' can't be used to index type '{}'.
  No index signature with a parameter of type 'string' was found on type '{}'.
src/objects/BatchedMesh.js(1134,3): error TS2322: Type 'null' is not assignable to type 'MeshBasicMaterial'.
src/objects/BatchedMesh.js(1190,3): error TS2531: Object is possibly 'null'.
src/objects/BatchedMesh.js(1225,25): error TS18047: 'indirectTexture' is possibly 'null'.
src/objects/BatchedMesh.js(1297,5): error TS18047: 'indirectArray' is possibly 'null'.
src/objects/BatchedMesh.js(1328,7): error TS18047: 'indirectArray' is possibly 'null'.
src/objects/BatchedMesh.js(1339,3): error TS18047: 'indirectTexture' is possibly 'null'.
src/objects/InstancedMesh.js(232,41): error TS2345: Argument of type 'Float32Array<ArrayBuffer>' is not assignable to parameter of type 'null | undefined'.
src/objects/Line.js(56,50): error TS2339: Property 'position' does not exist on type '{}'.
src/objects/Line.js(103,47): error TS2339: Property 'scale' does not exist on type 'Line'.
src/objects/Line.js(103,62): error TS2339: Property 'scale' does not exist on type 'Line'.
src/objects/Line.js(103,77): error TS2339: Property 'scale' does not exist on type 'Line'.
src/objects/Line.js(106,21): error TS2339: Property 'isLineSegments' does not exist on type 'Line'.
src/objects/Line.js(110,40): error TS2339: Property 'position' does not exist on type '{}'.
src/objects/Line.js(132,14): error TS2339: Property 'isLineLoop' does not exist on type 'Line'.
src/objects/Line.js(164,14): error TS2339: Property 'isLineLoop' does not exist on type 'Line'.
src/objects/Line.js(189,27): error TS7053: Element implicitly has an 'any' type because expression of type 'string' can't be used to index type '{}'.
  No index signature with a parameter of type 'string' was found on type '{}'.
src/objects/Line.js(193,5): error TS7008: Member 'morphTargetInfluences' implicitly has an 'any[]' type.
src/objects/Line.js(201,6): error TS7053: Element implicitly has an 'any' type because expression of type 'any' can't be used to index type '{}'.
src/objects/LineSegments.js(28,50): error TS2339: Property 'position' does not exist on type '{}'.
src/objects/LOD.js(55,23): error TS2339: Property 'levels' does not exist on type 'LOD'.
src/objects/LOD.js(79,23): error TS2339: Property 'levels' does not exist on type 'LOD'.
src/objects/LOD.js(108,23): error TS2339: Property 'levels' does not exist on type 'LOD'.
src/objects/LOD.js(142,23): error TS2339: Property 'levels' does not exist on type 'LOD'.
src/objects/LOD.js(158,23): error TS2339: Property 'levels' does not exist on type 'LOD'.
src/objects/LOD.js(210,48): error TS2339: Property 'autoUpdate' does not exist on type '{ uuid: string; type: string; name: string; castShadow: boolean; receiveShadow: boolean; visible: boolean; frustumCulled: boolean; renderOrder: number; userData: {}; layers: number; matrix: any[]; up: any; ... 28 more ...; animations: any[]; }'.
src/objects/LOD.js(212,15): error TS2339: Property 'levels' does not exist on type '{ uuid: string; type: string; name: string; castShadow: boolean; receiveShadow: boolean; visible: boolean; frustumCulled: boolean; renderOrder: number; userData: {}; layers: number; matrix: any[]; up: any; ... 28 more ...; animations: any[]; }'.
src/objects/LOD.js(214,23): error TS2339: Property 'levels' does not exist on type 'LOD'.
src/objects/LOD.js(220,16): error TS2339: Property 'levels' does not exist on type '{ uuid: string; type: string; name: string; castShadow: boolean; receiveShadow: boolean; visible: boolean; frustumCulled: boolean; renderOrder: number; userData: {}; layers: number; matrix: any[]; up: any; ... 28 more ...; animations: any[]; }'.
src/objects/Mesh.js(76,27): error TS7053: Element implicitly has an 'any' type because expression of type 'string' can't be used to index type '{}'.
  No index signature with a parameter of type 'string' was found on type '{}'.
src/objects/Mesh.js(80,5): error TS7008: Member 'morphTargetInfluences' implicitly has an 'any[]' type.
src/objects/Mesh.js(101,40): error TS2339: Property 'position' does not exist on type '{}'.
src/objects/Mesh.js(102,50): error TS2339: Property 'position' does not exist on type '{}'.
src/objects/Mesh.js(196,40): error TS2339: Property 'position' does not exist on type '{}'.
src/objects/Mesh.js(197,34): error TS2339: Property 'uv' does not exist on type '{}'.
src/objects/Mesh.js(198,35): error TS2339: Property 'uv1' does not exist on type '{}'.
src/objects/Mesh.js(199,38): error TS2339: Property 'normal' does not exist on type '{}'.
src/objects/Mesh.js(227,21): error TS2339: Property 'faceIndex' does not exist on type '{ distance: any; point: any; object: any; }'.
src/objects/Mesh.js(228,21): error TS2339: Property 'face' does not exist on type '{ distance: any; point: any; object: any; }'.
src/objects/Mesh.js(252,20): error TS2339: Property 'faceIndex' does not exist on type '{ distance: any; point: any; object: any; }'.
src/objects/Mesh.js(285,21): error TS2339: Property 'faceIndex' does not exist on type '{ distance: any; point: any; object: any; }'.
src/objects/Mesh.js(286,21): error TS2339: Property 'face' does not exist on type '{ distance: any; point: any; object: any; }'.
src/objects/Mesh.js(310,20): error TS2339: Property 'faceIndex' does not exist on type '{ distance: any; point: any; object: any; }'.
src/objects/Mesh.js(371,17): error TS2339: Property 'uv' does not exist on type '{ distance: any; point: any; object: any; }'.
src/objects/Mesh.js(377,17): error TS2339: Property 'uv1' does not exist on type '{ distance: any; point: any; object: any; }'.
src/objects/Mesh.js(383,17): error TS2339: Property 'normal' does not exist on type '{ distance: any; point: any; object: any; }'.
src/objects/Mesh.js(385,22): error TS2339: Property 'normal' does not exist on type '{ distance: any; point: any; object: any; }'.
src/objects/Mesh.js(387,18): error TS2339: Property 'normal' does not exist on type '{ distance: any; point: any; object: any; }'.
src/objects/Mesh.js(403,16): error TS2339: Property 'face' does not exist on type '{ distance: any; point: any; object: any; }'.
src/objects/Mesh.js(404,16): error TS2339: Property 'barycoord' does not exist on type '{ distance: any; point: any; object: any; }'.
src/objects/Points.js(64,47): error TS2339: Property 'scale' does not exist on type 'Points'.
src/objects/Points.js(64,62): error TS2339: Property 'scale' does not exist on type 'Points'.
src/objects/Points.js(64,77): error TS2339: Property 'scale' does not exist on type 'Points'.
src/objects/Points.js(69,40): error TS2339: Property 'position' does not exist on type '{}'.
src/objects/Points.js(112,27): error TS7053: Element implicitly has an 'any' type because expression of type 'string' can't be used to index type '{}'.
  No index signature with a parameter of type 'string' was found on type '{}'.
src/objects/Points.js(116,5): error TS7008: Member 'morphTargetInfluences' implicitly has an 'any[]' type.
src/objects/Points.js(124,6): error TS7053: Element implicitly has an 'any' type because expression of type 'any' can't be used to index type '{}'.
src/objects/Skeleton.js(143,27): error TS2345: Argument of type 'Float32Array<ArrayBuffer> | null' is not assignable to parameter of type 'any[] | undefined'.
  Type 'null' is not assignable to type 'any[] | undefined'.
src/objects/Skeleton.js(175,21): error TS2345: Argument of type 'Float32Array<ArrayBuffer> | null' is not assignable to parameter of type 'ArrayLike<number>'.
  Type 'null' is not assignable to type 'ArrayLike<number>'.
src/objects/Skeleton.js(177,40): error TS2345: Argument of type 'Float32Array<ArrayBuffer>' is not assignable to parameter of type 'null | undefined'.
src/objects/Skeleton.js(256,8): error TS2339: Property 'uuid' does not exist on type '{ metadata: { version: number; type: string; generator: string; }; bones: never[]; boneInverses: never[]; }'.
src/objects/Skeleton.js(264,21): error TS2345: Argument of type 'any' is not assignable to parameter of type 'never'.
src/objects/Skeleton.js(267,28): error TS2345: Argument of type 'any' is not assignable to parameter of type 'never'.
src/objects/SkinnedMesh.js(179,47): error TS2339: Property 'skinWeight' does not exist on type '{}'.
src/objects/SkinnedMesh.js(228,55): error TS2339: Property 'skinIndex' does not exist on type '{}'.
src/objects/SkinnedMesh.js(229,56): error TS2339: Property 'skinWeight' does not exist on type '{}'.
src/objects/Sprite.js(76,8): error TS2339: Property 'modelViewMatrix' does not exist on type 'Sprite'.
src/objects/Sprite.js(78,43): error TS2339: Property 'modelViewMatrix' does not exist on type 'Sprite'.
src/renderers/common/Animation.js(99,3): error TS2322: Type 'Function | null' is not assignable to type 'Function'.
  Type 'null' is not assignable to type 'Function'.
src/renderers/common/Attributes.js(48,3): error TS2322: Type 'Object | null' is not assignable to type 'Object'.
  Type 'null' is not assignable to type 'Object'.
src/renderers/common/Attributes.js(63,13): error TS2339: Property 'version' does not exist on type 'Object'.
src/renderers/common/Attributes.js(83,9): error TS2339: Property 'version' does not exist on type 'Object'.
src/renderers/common/Attributes.js(89,14): error TS2339: Property 'version' does not exist on type 'Object'.
src/renderers/common/Attributes.js(93,10): error TS2339: Property 'version' does not exist on type 'Object'.
src/renderers/common/Backend.js(41,13): error TS2314: Generic type 'WeakMap<K, V>' requires 2 type argument(s).
src/renderers/common/Backend.js(70,14): error TS2314: Generic type 'Promise<T>' requires 1 type argument(s).
src/renderers/common/Backend.js(85,6): error TS2355: A function whose declared type is neither 'undefined', 'void', nor 'any' must return a value.
src/renderers/common/Backend.js(85,6): error TS2378: A 'get' accessor must return a value.
src/renderers/common/Backend.js(95,28): error TS8024: JSDoc '@param' tag has name 'renderContext', but there is no parameter with that name.
src/renderers/common/Backend.js(105,28): error TS8024: JSDoc '@param' tag has name 'renderContext', but there is no parameter with that name.
src/renderers/common/Backend.js(115,31): error TS8024: JSDoc '@param' tag has name 'computeGroup', but there is no parameter with that name.
src/renderers/common/Backend.js(125,31): error TS8024: JSDoc '@param' tag has name 'computeGroup', but there is no parameter with that name.
src/renderers/common/Backend.js(135,27): error TS8024: JSDoc '@param' tag has name 'renderObject', but there is no parameter with that name.
src/renderers/common/Backend.js(136,19): error TS8024: JSDoc '@param' tag has name 'info', but there is no parameter with that name.
src/renderers/common/Backend.js(146,31): error TS8024: JSDoc '@param' tag has name 'computeGroup', but there is no parameter with that name.
src/renderers/common/Backend.js(147,19): error TS8024: JSDoc '@param' tag has name 'computeNode', but there is no parameter with that name.
src/renderers/common/Backend.js(148,31): error TS8024: JSDoc '@param' tag has name 'bindings', but there is no parameter with that name.
src/renderers/common/Backend.js(149,30): error TS8024: JSDoc '@param' tag has name 'computePipeline', but there is no parameter with that name.
src/renderers/common/Backend.js(159,32): error TS8024: JSDoc '@param' tag has name 'program', but there is no parameter with that name.
src/renderers/common/Backend.js(167,32): error TS8024: JSDoc '@param' tag has name 'program', but there is no parameter with that name.
src/renderers/common/Backend.js(177,24): error TS8024: JSDoc '@param' tag has name 'bindGroup', but there is no parameter with that name.
src/renderers/common/Backend.js(178,31): error TS8024: JSDoc '@param' tag has name 'bindings', but there is no parameter with that name.
src/renderers/common/Backend.js(179,21): error TS8024: JSDoc '@param' tag has name 'cacheIndex', but there is no parameter with that name.
src/renderers/common/Backend.js(180,21): error TS8024: JSDoc '@param' tag has name 'version', but there is no parameter with that name.
src/renderers/common/Backend.js(188,24): error TS8024: JSDoc '@param' tag has name 'bindGroup', but there is no parameter with that name.
src/renderers/common/Backend.js(189,31): error TS8024: JSDoc '@param' tag has name 'bindings', but there is no parameter with that name.
src/renderers/common/Backend.js(190,21): error TS8024: JSDoc '@param' tag has name 'cacheIndex', but there is no parameter with that name.
src/renderers/common/Backend.js(191,21): error TS8024: JSDoc '@param' tag has name 'version', but there is no parameter with that name.
src/renderers/common/Backend.js(199,21): error TS8024: JSDoc '@param' tag has name 'binding', but there is no parameter with that name.
src/renderers/common/Backend.js(209,27): error TS8024: JSDoc '@param' tag has name 'renderObject', but there is no parameter with that name.
src/renderers/common/Backend.js(210,19): error TS2314: Generic type 'Promise<T>' requires 1 type argument(s).
src/renderers/common/Backend.js(210,29): error TS8024: JSDoc '@param' tag has name 'promises', but there is no parameter with that name.
src/renderers/common/Backend.js(218,30): error TS8024: JSDoc '@param' tag has name 'computePipeline', but there is no parameter with that name.
src/renderers/common/Backend.js(219,31): error TS8024: JSDoc '@param' tag has name 'bindings', but there is no parameter with that name.
src/renderers/common/Backend.js(229,27): error TS8024: JSDoc '@param' tag has name 'renderObject', but there is no parameter with that name.
src/renderers/common/Backend.js(230,14): error TS2355: A function whose declared type is neither 'undefined', 'void', nor 'any' must return a value.
src/renderers/common/Backend.js(238,27): error TS8024: JSDoc '@param' tag has name 'renderObject', but there is no parameter with that name.
src/renderers/common/Backend.js(239,14): error TS2355: A function whose declared type is neither 'undefined', 'void', nor 'any' must return a value.
src/renderers/common/Backend.js(249,27): error TS8024: JSDoc '@param' tag has name 'renderObject', but there is no parameter with that name.
src/renderers/common/Backend.js(250,23): error TS8024: JSDoc '@param' tag has name 'renderer', but there is no parameter with that name.
src/renderers/common/Backend.js(261,22): error TS8024: JSDoc '@param' tag has name 'texture', but there is no parameter with that name.
src/renderers/common/Backend.js(269,22): error TS8024: JSDoc '@param' tag has name 'texture', but there is no parameter with that name.
src/renderers/common/Backend.js(278,22): error TS8024: JSDoc '@param' tag has name 'texture', but there is no parameter with that name.
src/renderers/common/Backend.js(286,22): error TS8024: JSDoc '@param' tag has name 'texture', but there is no parameter with that name.
src/renderers/common/Backend.js(287,22): error TS8024: JSDoc '@param' tag has name 'options', but there is no parameter with that name.
src/renderers/common/Backend.js(295,22): error TS8024: JSDoc '@param' tag has name 'texture', but there is no parameter with that name.
src/renderers/common/Backend.js(296,22): error TS8024: JSDoc '@param' tag has name 'options', but there is no parameter with that name.
src/renderers/common/Backend.js(304,22): error TS8024: JSDoc '@param' tag has name 'texture', but there is no parameter with that name.
src/renderers/common/Backend.js(312,22): error TS8024: JSDoc '@param' tag has name 'texture', but there is no parameter with that name.
src/renderers/common/Backend.js(321,22): error TS8024: JSDoc '@param' tag has name 'texture', but there is no parameter with that name.
src/renderers/common/Backend.js(322,21): error TS8024: JSDoc '@param' tag has name 'x', but there is no parameter with that name.
src/renderers/common/Backend.js(323,21): error TS8024: JSDoc '@param' tag has name 'y', but there is no parameter with that name.
src/renderers/common/Backend.js(324,21): error TS8024: JSDoc '@param' tag has name 'width', but there is no parameter with that name.
src/renderers/common/Backend.js(325,21): error TS8024: JSDoc '@param' tag has name 'height', but there is no parameter with that name.
src/renderers/common/Backend.js(326,21): error TS8024: JSDoc '@param' tag has name 'faceIndex', but there is no parameter with that name.
src/renderers/common/Backend.js(335,22): error TS8024: JSDoc '@param' tag has name 'srcTexture', but there is no parameter with that name.
src/renderers/common/Backend.js(336,22): error TS8024: JSDoc '@param' tag has name 'dstTexture', but there is no parameter with that name.
src/renderers/common/Backend.js(337,24): error TS8024: JSDoc '@param' tag has name 'srcRegion', but there is no parameter with that name.
src/renderers/common/Backend.js(338,34): error TS8024: JSDoc '@param' tag has name 'dstPosition', but there is no parameter with that name.
src/renderers/common/Backend.js(339,22): error TS8024: JSDoc '@param' tag has name 'level', but there is no parameter with that name.
src/renderers/common/Backend.js(347,21): error TS8024: JSDoc '@param' tag has name 'texture', but there is no parameter with that name.
src/renderers/common/Backend.js(348,27): error TS8024: JSDoc '@param' tag has name 'renderContext', but there is no parameter with that name.
src/renderers/common/Backend.js(349,21): error TS8024: JSDoc '@param' tag has name 'rectangle', but there is no parameter with that name.
src/renderers/common/Backend.js(359,30): error TS8024: JSDoc '@param' tag has name 'attribute', but there is no parameter with that name.
src/renderers/common/Backend.js(367,30): error TS8024: JSDoc '@param' tag has name 'attribute', but there is no parameter with that name.
src/renderers/common/Backend.js(375,30): error TS8024: JSDoc '@param' tag has name 'attribute', but there is no parameter with that name.
src/renderers/common/Backend.js(383,30): error TS8024: JSDoc '@param' tag has name 'attribute', but there is no parameter with that name.
src/renderers/common/Backend.js(391,30): error TS8024: JSDoc '@param' tag has name 'attribute', but there is no parameter with that name.
src/renderers/common/Backend.js(401,14): error TS2355: A function whose declared type is neither 'undefined', 'void', nor 'any' must return a value.
src/renderers/common/Backend.js(417,28): error TS8024: JSDoc '@param' tag has name 'renderContext', but there is no parameter with that name.
src/renderers/common/Backend.js(429,28): error TS8024: JSDoc '@param' tag has name 'renderContext', but there is no parameter with that name.
src/renderers/common/Backend.js(430,23): error TS8024: JSDoc '@param' tag has name 'object', but there is no parameter with that name.
src/renderers/common/Backend.js(431,14): error TS2355: A function whose declared type is neither 'undefined', 'void', nor 'any' must return a value.
src/renderers/common/Backend.js(440,28): error TS8024: JSDoc '@param' tag has name 'renderContext', but there is no parameter with that name.
src/renderers/common/Backend.js(441,21): error TS8024: JSDoc '@param' tag has name 'type', but there is no parameter with that name.
src/renderers/common/Backend.js(442,14): error TS2314: Generic type 'Promise<T>' requires 1 type argument(s).
src/renderers/common/Backend.js(452,14): error TS2314: Generic type 'Promise<T>' requires 1 type argument(s).
src/renderers/common/Backend.js(461,37): error TS8024: JSDoc '@param' tag has name 'attribute', but there is no parameter with that name.
src/renderers/common/Backend.js(462,14): error TS2355: A function whose declared type is neither 'undefined', 'void', nor 'any' must return a value.
src/renderers/common/Backend.js(471,21): error TS8024: JSDoc '@param' tag has name 'name', but there is no parameter with that name.
src/renderers/common/Backend.js(472,14): error TS2355: A function whose declared type is neither 'undefined', 'void', nor 'any' must return a value.
src/renderers/common/Backend.js(480,21): error TS8024: JSDoc '@param' tag has name 'name', but there is no parameter with that name.
src/renderers/common/Backend.js(481,14): error TS2355: A function whose declared type is neither 'undefined', 'void', nor 'any' must return a value.
src/renderers/common/Backend.js(489,14): error TS2355: A function whose declared type is neither 'undefined', 'void', nor 'any' must return a value.
src/renderers/common/Backend.js(510,22): error TS8024: JSDoc '@param' tag has name 'boolean', but there is no parameter with that name.
src/renderers/common/Backend.js(546,35): error TS2339: Property 'canvas' does not exist on type 'Object'.
src/renderers/common/Backend.js(546,76): error TS2339: Property 'canvas' does not exist on type 'Object'.
src/renderers/common/Background.js(86,35): error TS2339: Property 'backgroundMesh' does not exist on type 'Object'.
src/renderers/common/Background.js(92,38): error TS2339: Property 'mul' does not exist on type 'SceneNode'.
src/renderers/common/Background.js(109,15): error TS2339: Property 'backgroundMeshNode' does not exist on type 'Object'.
src/renderers/common/Background.js(110,15): error TS2339: Property 'backgroundMesh' does not exist on type 'Object'.
src/renderers/common/Background.js(110,92): error TS2345: Argument of type 'NodeMaterial' is not assignable to parameter of type 'MeshBasicMaterial'.
  Type 'NodeMaterial' is missing the following properties from type 'MeshBasicMaterial': isMeshBasicMaterial, color, map, lightMap, and 14 more.
src/renderers/common/Background.js(124,19): error TS2339: Property 'backgroundCacheKey' does not exist on type 'Object'.
src/renderers/common/Background.js(126,15): error TS2339: Property 'backgroundMeshNode' does not exist on type 'Object'.
src/renderers/common/Background.js(127,15): error TS2339: Property 'backgroundMeshNode' does not exist on type 'Object'.
src/renderers/common/Background.js(131,15): error TS2339: Property 'backgroundCacheKey' does not exist on type 'Object'.
src/renderers/common/Binding.js(54,29): error TS2351: This expression is not constructable.
  Type 'Function' has no construct signatures.
src/renderers/common/Bindings.js(86,19): error TS2339: Property 'bindGroup' does not exist on type 'Object'.
src/renderers/common/Bindings.js(94,15): error TS2339: Property 'bindGroup' does not exist on type 'Object'.
src/renderers/common/Bindings.js(118,19): error TS2339: Property 'bindGroup' does not exist on type 'Object'.
src/renderers/common/Bindings.js(124,15): error TS2339: Property 'bindGroup' does not exist on type 'Object'.
src/renderers/common/Bindings.js(286,19): error TS2339: Property 'needsMipmap' does not exist on type 'Object'.
src/renderers/common/Bindings.js(288,71): error TS2339: Property 'needsMipmap' does not exist on type 'Object'.
src/renderers/common/Bindings.js(292,19): error TS2339: Property 'needsMipmap' does not exist on type 'Object'.
src/renderers/common/BundleGroup.js(77,30): error TS2540: Cannot assign to 'version' because it is a read-only property.
src/renderers/common/ChainMap.js(19,13): error TS2314: Generic type 'WeakMap<K, V>' requires 2 type argument(s).
src/renderers/common/ClippingContext.js(160,9): error TS2540: Cannot assign to 'parentVersion' because it is a read-only property.
src/renderers/common/ClippingContext.js(216,9): error TS2540: Cannot assign to 'version' because it is a read-only property.
src/renderers/common/Color4.js(42,2): error TS2416: Property 'set' in type 'Color4' is not assignable to the same property in base type 'Color'.
  Type '(r: string | number, g: number, b: number, a?: number | undefined) => Color4' is not assignable to type '(r: any, g: any, b: any) => this'.
    Type 'Color4' is not assignable to type 'this'.
      'Color4' is assignable to the constraint of type 'this', but 'this' could be instantiated with a different subtype of constraint 'Color4'.
src/renderers/common/Color4.js(56,2): error TS2416: Property 'copy' in type 'Color4' is not assignable to the same property in base type 'Color'.
  Type '(color: Color4) => Color4' is not assignable to type '(color: any) => this'.
    Type 'Color4' is not assignable to type 'this'.
      'Color4' is assignable to the constraint of type 'this', but 'this' could be instantiated with a different subtype of constraint 'Color4'.
src/renderers/common/Color4.js(71,14): error TS2351: This expression is not constructable.
  Type 'Function' has no construct signatures.
src/renderers/common/CubeRenderTarget.js(38,2): error TS2416: Property 'fromEquirectangularTexture' in type 'CubeRenderTarget' is not assignable to the same property in base type 'WebGLCubeRenderTarget'.
  Type '(renderer: Renderer, texture: Texture) => CubeRenderTarget' is not assignable to type '(renderer: any, texture: any) => this'.
    Type 'CubeRenderTarget' is not assignable to type 'this'.
      'CubeRenderTarget' is assignable to the constraint of type 'this', but 'this' could be instantiated with a different subtype of constraint 'CubeRenderTarget'.
src/renderers/common/CubeRenderTarget.js(61,36): error TS2345: Argument of type 'NodeMaterial' is not assignable to parameter of type 'MeshBasicMaterial'.
  Type 'NodeMaterial' is missing the following properties from type 'MeshBasicMaterial': isMeshBasicMaterial, color, map, lightMap, and 14 more.
src/renderers/common/DataMap.js(18,13): error TS2314: Generic type 'WeakMap<K, V>' requires 2 type argument(s).
src/renderers/common/extras/PMREMGenerator.js(82,54): error TS2554: Expected 2 arguments, but got 1.
src/renderers/common/extras/PMREMGenerator.js(105,3): error TS7022: '_pingPongRenderTarget' implicitly has type 'any' because it does not have a type annotation and is referenced directly or indirectly in its own initializer.
src/renderers/common/extras/PMREMGenerator.js(109,3): error TS7008: Member '_lodPlanes' implicitly has an 'any[]' type.
src/renderers/common/extras/PMREMGenerator.js(110,3): error TS7008: Member '_sizeLods' implicitly has an 'any[]' type.
src/renderers/common/extras/PMREMGenerator.js(111,3): error TS7008: Member '_sigmas' implicitly has an 'any[]' type.
src/renderers/common/extras/PMREMGenerator.js(112,3): error TS7008: Member '_lodMeshes' implicitly has an 'any[]' type.
src/renderers/common/extras/PMREMGenerator.js(117,3): error TS7008: Member '_backgroundBox' implicitly has an 'any' type.
src/renderers/common/extras/PMREMGenerator.js(304,15): error TS2314: Generic type 'Promise<T>' requires 1 type argument(s).
src/renderers/common/extras/PMREMGenerator.js(321,15): error TS2314: Generic type 'Promise<T>' requires 1 type argument(s).
src/renderers/common/extras/PMREMGenerator.js(583,3): error TS18047: 'material' is possibly 'null'.
src/renderers/common/extras/PMREMGenerator.js(672,42): error TS2345: Argument of type 'NodeMaterial | null' is not assignable to parameter of type 'WeakKey'.
  Type 'null' is not assignable to type 'WeakKey'.
src/renderers/common/extras/PMREMGenerator.js(813,37): error TS2345: Argument of type 'null' is not assignable to parameter of type 'MeshBasicMaterial | undefined'.
src/renderers/common/extras/PMREMGenerator.js(859,18): error TS2554: Expected 2 arguments, but got 1.
src/renderers/common/extras/PMREMGenerator.js(860,19): error TS2554: Expected 2 arguments, but got 1.
src/renderers/common/extras/PMREMGenerator.js(861,17): error TS2554: Expected 2 arguments, but got 1.
src/renderers/common/extras/PMREMGenerator.js(863,22): error TS2554: Expected 2 arguments, but got 1.
src/renderers/common/extras/PMREMGenerator.js(864,18): error TS2554: Expected 2 arguments, but got 1.
src/renderers/common/extras/PMREMGenerator.js(866,17): error TS2554: Expected 2 arguments, but got 1.
src/renderers/common/extras/PMREMGenerator.js(887,80): error TS2339: Property 'equal' does not exist on type 'UniformNode'.
src/renderers/common/Geometries.js(153,56): error TS2339: Property 'initialized' does not exist on type 'Object'.
src/renderers/common/Geometries.js(180,16): error TS2339: Property 'initialized' does not exist on type 'Object'.
src/renderers/common/Info.js(114,15): error TS2339: Property 'drawCalls' does not exist on type 'Object'.
src/renderers/common/Info.js(118,16): error TS2339: Property 'triangles' does not exist on type 'Object'.
src/renderers/common/Info.js(122,16): error TS2339: Property 'points' does not exist on type 'Object'.
src/renderers/common/Info.js(126,16): error TS2339: Property 'lines' does not exist on type 'Object'.
src/renderers/common/Info.js(130,16): error TS2339: Property 'lines' does not exist on type 'Object'.
src/renderers/common/Info.js(148,21): error TS2339: Property 'timestampCalls' does not exist on type 'Object'.
src/renderers/common/Info.js(150,17): error TS2339: Property 'timestamp' does not exist on type 'Object'.
src/renderers/common/Info.js(155,16): error TS2339: Property 'timestamp' does not exist on type 'Object'.
src/renderers/common/Info.js(157,16): error TS2339: Property 'timestampCalls' does not exist on type 'Object'.
src/renderers/common/Info.js(160,21): error TS2339: Property 'timestampCalls' does not exist on type 'Object'.
src/renderers/common/Info.js(160,52): error TS2339: Property 'previousFrameCalls' does not exist on type 'Object'.
src/renderers/common/Info.js(162,17): error TS2339: Property 'timestampCalls' does not exist on type 'Object'.
src/renderers/common/Info.js(174,48): error TS2339: Property 'frameCalls' does not exist on type 'Object'.
src/renderers/common/Info.js(175,15): error TS2339: Property 'previousFrameCalls' does not exist on type 'Object'.
src/renderers/common/Info.js(177,50): error TS2339: Property 'frameCalls' does not exist on type 'Object'.
src/renderers/common/Info.js(178,16): error TS2339: Property 'previousFrameCalls' does not exist on type 'Object'.
src/renderers/common/Info.js(181,15): error TS2339: Property 'drawCalls' does not exist on type 'Object'.
src/renderers/common/Info.js(182,15): error TS2339: Property 'frameCalls' does not exist on type 'Object'.
src/renderers/common/Info.js(183,16): error TS2339: Property 'frameCalls' does not exist on type 'Object'.
src/renderers/common/Info.js(185,15): error TS2339: Property 'triangles' does not exist on type 'Object'.
src/renderers/common/Info.js(186,15): error TS2339: Property 'points' does not exist on type 'Object'.
src/renderers/common/Info.js(187,15): error TS2339: Property 'lines' does not exist on type 'Object'.
src/renderers/common/Info.js(199,8): error TS2540: Cannot assign to 'calls' because it is a read-only property.
src/renderers/common/Info.js(201,15): error TS2339: Property 'calls' does not exist on type 'Object'.
src/renderers/common/Info.js(202,16): error TS2339: Property 'calls' does not exist on type 'Object'.
src/renderers/common/Info.js(204,15): error TS2339: Property 'timestamp' does not exist on type 'Object'.
src/renderers/common/Info.js(205,16): error TS2339: Property 'timestamp' does not exist on type 'Object'.
src/renderers/common/Info.js(206,15): error TS2339: Property 'geometries' does not exist on type 'Object'.
src/renderers/common/Info.js(207,15): error TS2339: Property 'textures' does not exist on type 'Object'.
src/renderers/common/nodes/NodeBuilderState.js(35,3): error TS2322: Type 'string | null' is not assignable to type 'string'.
  Type 'null' is not assignable to type 'string'.
src/renderers/common/nodes/NodeBuilderState.js(42,3): error TS2322: Type 'string | null' is not assignable to type 'string'.
  Type 'null' is not assignable to type 'string'.
src/renderers/common/nodes/NodeBuilderState.js(49,3): error TS2322: Type 'string | null' is not assignable to type 'string'.
  Type 'null' is not assignable to type 'string'.
src/renderers/common/nodes/NodeBuilderState.js(129,87): error TS2345: Argument of type 'BindGroup' is not assignable to parameter of type 'Binding[]'.
  Type 'BindGroup' is missing the following properties from type 'Binding[]': length, pop, push, concat, and 35 more.
src/renderers/common/nodes/NodeLibrary.js(19,21): error TS2503: Cannot find namespace 'Light'.
src/renderers/common/nodes/NodeLibrary.js(19,39): error TS2503: Cannot find namespace 'AnalyticLightNode'.
src/renderers/common/nodes/NodeLibrary.js(26,24): error TS2503: Cannot find namespace 'NodeMaterial'.
src/renderers/common/nodes/NodeLibrary.js(102,14): error TS2503: Cannot find namespace 'NodeMaterial'.
src/renderers/common/nodes/NodeLibrary.js(113,13): error TS2503: Cannot find namespace 'NodeMaterial'.
src/renderers/common/nodes/NodeLibrary.js(125,13): error TS2503: Cannot find namespace 'Light'.
src/renderers/common/nodes/NodeLibrary.js(126,14): error TS2503: Cannot find namespace 'AnalyticLightNode'.
src/renderers/common/nodes/NodeLibrary.js(137,13): error TS2503: Cannot find namespace 'AnalyticLightNode'.
src/renderers/common/nodes/NodeLibrary.js(138,13): error TS2503: Cannot find namespace 'Light'.
src/renderers/common/nodes/NodeLibrary.js(151,13): error TS2314: Generic type 'Map<K, V>' requires 2 type argument(s).
src/renderers/common/nodes/NodeLibrary.js(174,13): error TS2314: Generic type 'WeakMap<K, V>' requires 2 type argument(s).
src/renderers/common/nodes/Nodes.js(80,27): error TS2314: Generic type 'WeakMap<K, V>' requires 2 type argument(s).
src/renderers/common/nodes/Nodes.js(108,27): error TS2339: Property 'renderId' does not exist on type 'Object'.
src/renderers/common/nodes/Nodes.js(110,23): error TS2339: Property 'renderId' does not exist on type 'Object'.
src/renderers/common/nodes/Nodes.js(127,27): error TS2339: Property 'frameId' does not exist on type 'Object'.
src/renderers/common/nodes/Nodes.js(129,23): error TS2339: Property 'frameId' does not exist on type 'Object'.
src/renderers/common/nodes/Nodes.js(183,43): error TS2339: Property 'nodeBuilderState' does not exist on type 'Object'.
src/renderers/common/nodes/Nodes.js(214,21): error TS2339: Property 'nodeBuilderState' does not exist on type 'Object'.
src/renderers/common/nodes/Nodes.js(232,48): error TS2339: Property 'nodeBuilderState' does not exist on type 'Object'.
src/renderers/common/nodes/Nodes.js(257,38): error TS2339: Property 'nodeBuilderState' does not exist on type 'Object'.
src/renderers/common/nodes/Nodes.js(266,16): error TS2339: Property 'nodeBuilderState' does not exist on type 'Object'.
src/renderers/common/nodes/Nodes.js(319,19): error TS2339: Property 'environmentNode' does not exist on type 'Object'.
src/renderers/common/nodes/Nodes.js(321,33): error TS2339: Property 'environmentNode' does not exist on type 'Object'.
src/renderers/common/nodes/Nodes.js(352,19): error TS2339: Property 'backgroundNode' does not exist on type 'Object'.
src/renderers/common/nodes/Nodes.js(354,32): error TS2339: Property 'backgroundNode' does not exist on type 'Object'.
src/renderers/common/nodes/Nodes.js(374,45): error TS2339: Property 'fogNode' does not exist on type 'Object'.
src/renderers/common/nodes/Nodes.js(448,72): error TS2339: Property 'backgroundBlurriness' does not exist on type 'Object'.
src/renderers/common/nodes/Nodes.js(448,148): error TS2339: Property 'backgroundBlurriness' does not exist on type 'Object'.
src/renderers/common/nodes/Nodes.js(450,19): error TS2339: Property 'background' does not exist on type 'Object'.
src/renderers/common/nodes/Nodes.js(490,15): error TS2339: Property 'backgroundNode' does not exist on type 'Object'.
src/renderers/common/nodes/Nodes.js(491,15): error TS2339: Property 'background' does not exist on type 'Object'.
src/renderers/common/nodes/Nodes.js(492,15): error TS2339: Property 'backgroundBlurriness' does not exist on type 'Object'.
src/renderers/common/nodes/Nodes.js(496,25): error TS2339: Property 'backgroundNode' does not exist on type 'Object'.
src/renderers/common/nodes/Nodes.js(498,21): error TS2339: Property 'backgroundNode' does not exist on type 'Object'.
src/renderers/common/nodes/Nodes.js(499,21): error TS2339: Property 'background' does not exist on type 'Object'.
src/renderers/common/nodes/Nodes.js(545,19): error TS2339: Property 'fog' does not exist on type 'Object'.
src/renderers/common/nodes/Nodes.js(572,15): error TS2339: Property 'fogNode' does not exist on type 'Object'.
src/renderers/common/nodes/Nodes.js(573,15): error TS2339: Property 'fog' does not exist on type 'Object'.
src/renderers/common/nodes/Nodes.js(579,21): error TS2339: Property 'fogNode' does not exist on type 'Object'.
src/renderers/common/nodes/Nodes.js(580,21): error TS2339: Property 'fog' does not exist on type 'Object'.
src/renderers/common/nodes/Nodes.js(599,19): error TS2339: Property 'environment' does not exist on type 'Object'.
src/renderers/common/nodes/Nodes.js(619,15): error TS2339: Property 'environmentNode' does not exist on type 'Object'.
src/renderers/common/nodes/Nodes.js(620,15): error TS2339: Property 'environment' does not exist on type 'Object'.
src/renderers/common/nodes/Nodes.js(624,25): error TS2339: Property 'environmentNode' does not exist on type 'Object'.
src/renderers/common/nodes/Nodes.js(626,21): error TS2339: Property 'environmentNode' does not exist on type 'Object'.
src/renderers/common/nodes/Nodes.js(627,21): error TS2339: Property 'environment' does not exist on type 'Object'.
src/renderers/common/Pipelines.js(61,27): error TS2314: Generic type 'Map<K, V>' requires 2 type argument(s).
src/renderers/common/Pipelines.js(86,34): error TS2339: Property 'pipeline' does not exist on type 'Object'.
src/renderers/common/Pipelines.js(135,9): error TS2339: Property 'version' does not exist on type 'Object'.
src/renderers/common/Pipelines.js(136,9): error TS2339: Property 'pipeline' does not exist on type 'Object'.
src/renderers/common/Pipelines.js(140,15): error TS2339: Property 'pipeline' does not exist on type 'Object'.
src/renderers/common/Pipelines.js(148,19): error TS2314: Generic type 'Promise<T>' requires 1 type argument(s).
src/renderers/common/Pipelines.js(159,34): error TS2339: Property 'pipeline' does not exist on type 'Object'.
src/renderers/common/Pipelines.js(229,9): error TS2339: Property 'pipeline' does not exist on type 'Object'.
src/renderers/common/Pipelines.js(233,15): error TS2339: Property 'pipeline' does not exist on type 'Object'.
src/renderers/common/Pipelines.js(245,39): error TS2339: Property 'pipeline' does not exist on type 'Object'.
src/renderers/common/Pipelines.js(346,19): error TS2314: Generic type 'Promise<T>' requires 1 type argument(s).
src/renderers/common/Pipelines.js(426,24): error TS2339: Property 'code' does not exist on type 'Object'.
src/renderers/common/Pipelines.js(427,25): error TS2339: Property 'stage' does not exist on type 'Object'.
src/renderers/common/Pipelines.js(444,15): error TS2339: Property 'pipeline' does not exist on type 'Object'.
src/renderers/common/Pipelines.js(444,46): error TS2339: Property 'version' does not exist on type 'Object'.
src/renderers/common/Pipelines.js(459,15): error TS2339: Property 'pipeline' does not exist on type 'Object'.
src/renderers/common/PostProcessing.js(136,28): error TS2339: Property 'fragmentNode' does not exist on type 'MeshBasicMaterial'.
src/renderers/common/PostProcessing.js(151,14): error TS2314: Generic type 'Promise<T>' requires 1 type argument(s).
src/renderers/common/QuadMesh.js(83,14): error TS2314: Generic type 'Promise<T>' requires 1 type argument(s).
src/renderers/common/RenderContext.js(255,25): error TS18047: 'textures' is possibly 'null'.
src/renderers/common/Renderer.js(251,3): error TS2322: Type 'Function | null' is not assignable to type 'Function'.
  Type 'null' is not assignable to type 'Function'.
src/renderers/common/Renderer.js(593,13): error TS2314: Generic type 'Promise<T>' requires 1 type argument(s).
src/renderers/common/Renderer.js(602,19): error TS2314: Generic type 'Promise<T>' requires 1 type argument(s).
src/renderers/common/Renderer.js(673,24): error TS2531: Object is possibly 'null'.
src/renderers/common/Renderer.js(674,27): error TS2531: Object is possibly 'null'.
src/renderers/common/Renderer.js(678,26): error TS2531: Object is possibly 'null'.
src/renderers/common/Renderer.js(678,40): error TS2554: Expected 8 arguments, but got 7.
src/renderers/common/Renderer.js(693,14): error TS2314: Generic type 'Promise<T>' requires 1 type argument(s).
src/renderers/common/Renderer.js(762,4): error TS2810: Expected 1 argument, but got 0. 'new Promise()' needs a JSDoc hint to produce a 'resolve' that can be called without arguments.
src/renderers/common/Renderer.js(797,14): error TS2366: Function lacks ending return statement and return type does not include 'undefined'.
src/renderers/common/Renderer.js(797,22): error TS2314: Generic type 'Array<T>' requires 1 type argument(s).
src/renderers/common/Renderer.js(799,37): error TS2322: Type 'null' is not assignable to type 'Scene'.
src/renderers/common/Renderer.js(801,38): error TS2322: Type 'undefined' is not assignable to type 'any[]'.
src/renderers/common/Renderer.js(807,21): error TS2531: Object is possibly 'null'.
src/renderers/common/Renderer.js(821,25): error TS2531: Object is possibly 'null'.
src/renderers/common/Renderer.js(853,22): error TS2531: Object is possibly 'null'.
src/renderers/common/Renderer.js(879,4): error TS2531: Object is possibly 'null'.
src/renderers/common/Renderer.js(881,29): error TS2531: Object is possibly 'null'.
src/renderers/common/Renderer.js(883,46): error TS2339: Property 'textures' does not exist on type 'Object'.
src/renderers/common/Renderer.js(884,50): error TS2339: Property 'depthTexture' does not exist on type 'Object'.
src/renderers/common/Renderer.js(895,3): error TS2531: Object is possibly 'null'.
src/renderers/common/Renderer.js(929,14): error TS2314: Generic type 'Promise<T>' requires 1 type argument(s).
src/renderers/common/Renderer.js(946,14): error TS2314: Generic type 'Promise<T>' requires 1 type argument(s).
src/renderers/common/Renderer.js(987,52): error TS2339: Property 'api' does not exist on type 'Object'.
src/renderers/common/Renderer.js(987,89): error TS2339: Property 'message' does not exist on type 'Object'.
src/renderers/common/Renderer.js(989,13): error TS2339: Property 'reason' does not exist on type 'Object'.
src/renderers/common/Renderer.js(991,38): error TS2339: Property 'reason' does not exist on type 'Object'.
src/renderers/common/Renderer.js(1011,11): error TS2339: Property 'bundleGroup' does not exist on type 'Object'.
src/renderers/common/Renderer.js(1011,24): error TS2339: Property 'camera' does not exist on type 'Object'.
src/renderers/common/Renderer.js(1011,32): error TS2339: Property 'renderList' does not exist on type 'Object'.
src/renderers/common/Renderer.js(1017,24): error TS2531: Object is possibly 'null'.
src/renderers/common/Renderer.js(1061,10): error TS2531: Object is possibly 'null'.
src/renderers/common/Renderer.js(1063,6): error TS2531: Object is possibly 'null'.
src/renderers/common/Renderer.js(1065,6): error TS2531: Object is possibly 'null'.
src/renderers/common/Renderer.js(1066,6): error TS2531: Object is possibly 'null'.
src/renderers/common/Renderer.js(1068,6): error TS2531: Object is possibly 'null'.
src/renderers/common/Renderer.js(1089,14): error TS2314: Generic type 'Promise<T>' requires 1 type argument(s).
src/renderers/common/Renderer.js(1089,14): error TS2366: Function lacks ending return statement and return type does not include 'undefined'.
src/renderers/common/Renderer.js(1142,22): error TS2339: Property 'isPostProcessingRenderTarget' does not exist on type 'RenderTarget'.
src/renderers/common/Renderer.js(1178,21): error TS2531: Object is possibly 'null'.
src/renderers/common/Renderer.js(1211,25): error TS2531: Object is possibly 'null'.
src/renderers/common/Renderer.js(1218,13): error TS2540: Cannot assign to 'calls' because it is a read-only property.
src/renderers/common/Renderer.js(1219,20): error TS2339: Property 'calls' does not exist on type 'Object'.
src/renderers/common/Renderer.js(1220,20): error TS2339: Property 'frameCalls' does not exist on type 'Object'.
src/renderers/common/Renderer.js(1278,31): error TS2339: Property 'minDepth' does not exist on type 'Vector4'.
src/renderers/common/Renderer.js(1278,71): error TS2339: Property 'minDepth' does not exist on type 'Vector4'.
src/renderers/common/Renderer.js(1279,31): error TS2339: Property 'maxDepth' does not exist on type 'Vector4'.
src/renderers/common/Renderer.js(1279,71): error TS2339: Property 'maxDepth' does not exist on type 'Vector4'.
src/renderers/common/Renderer.js(1284,31): error TS2339: Property 'minDepth' does not exist on type 'Vector4'.
src/renderers/common/Renderer.js(1285,31): error TS2339: Property 'maxDepth' does not exist on type 'Vector4'.
src/renderers/common/Renderer.js(1305,22): error TS2531: Object is possibly 'null'.
src/renderers/common/Renderer.js(1314,21): error TS2345: Argument of type 'Function | null' is not assignable to parameter of type '(arg0: Any, arg1: Any) => number'.
  Type 'null' is not assignable to type '(arg0: Any, arg1: Any) => number'.
src/renderers/common/Renderer.js(1322,4): error TS2531: Object is possibly 'null'.
src/renderers/common/Renderer.js(1324,29): error TS2531: Object is possibly 'null'.
src/renderers/common/Renderer.js(1326,46): error TS2339: Property 'textures' does not exist on type 'Object'.
src/renderers/common/Renderer.js(1327,50): error TS2339: Property 'depthTexture' does not exist on type 'Object'.
src/renderers/common/Renderer.js(1328,43): error TS2339: Property 'width' does not exist on type 'Object'.
src/renderers/common/Renderer.js(1329,44): error TS2339: Property 'height' does not exist on type 'Object'.
src/renderers/common/Renderer.js(1353,3): error TS2531: Object is possibly 'null'.
src/renderers/common/Renderer.js(1392,9): error TS2531: Object is possibly 'null'.
src/renderers/common/Renderer.js(1392,38): error TS18047: 'renderTarget' is possibly 'null'.
src/renderers/common/Renderer.js(1394,19): error TS2339: Property 'fragmentNode' does not exist on type 'MeshBasicMaterial'.
src/renderers/common/Renderer.js(1394,34): error TS2531: Object is possibly 'null'.
src/renderers/common/Renderer.js(1394,61): error TS18047: 'renderTarget' is possibly 'null'.
src/renderers/common/Renderer.js(1453,14): error TS2314: Generic type 'Promise<T>' requires 1 type argument(s).
src/renderers/common/Renderer.js(1459,3): error TS2531: Object is possibly 'null'.
src/renderers/common/Renderer.js(1651,10): error TS2339: Property 'isVector4' does not exist on type 'number | Vector4'.
  Property 'isVector4' does not exist on type 'number'.
src/renderers/common/Renderer.js(1713,10): error TS2339: Property 'isVector4' does not exist on type 'number | Vector4'.
  Property 'isVector4' does not exist on type 'number'.
src/renderers/common/Renderer.js(1723,12): error TS2339: Property 'minDepth' does not exist on type 'Vector4'.
src/renderers/common/Renderer.js(1724,12): error TS2339: Property 'maxDepth' does not exist on type 'Vector4'.
src/renderers/common/Renderer.js(1748,20): error TS2554: Expected 3-4 arguments, but got 1.
src/renderers/common/Renderer.js(1841,14): error TS2314: Generic type 'Promise<T>' requires 1 type argument(s).
src/renderers/common/Renderer.js(1841,14): error TS2366: Function lacks ending return statement and return type does not include 'undefined'.
src/renderers/common/Renderer.js(1860,4): error TS2531: Object is possibly 'null'.
src/renderers/common/Renderer.js(1862,29): error TS2531: Object is possibly 'null'.
src/renderers/common/Renderer.js(1864,20): error TS2531: Object is possibly 'null'.
src/renderers/common/Renderer.js(1865,46): error TS2339: Property 'textures' does not exist on type 'Object'.
src/renderers/common/Renderer.js(1866,50): error TS2339: Property 'depthTexture' does not exist on type 'Object'.
src/renderers/common/Renderer.js(1867,43): error TS2339: Property 'width' does not exist on type 'Object'.
src/renderers/common/Renderer.js(1868,44): error TS2339: Property 'height' does not exist on type 'Object'.
src/renderers/common/Renderer.js(1876,3): error TS18047: 'renderContext' is possibly 'null'.
src/renderers/common/Renderer.js(1887,9): error TS2531: Object is possibly 'null'.
src/renderers/common/Renderer.js(1889,19): error TS2339: Property 'fragmentNode' does not exist on type 'MeshBasicMaterial'.
src/renderers/common/Renderer.js(1889,34): error TS2531: Object is possibly 'null'.
src/renderers/common/Renderer.js(1903,14): error TS2314: Generic type 'Promise<T>' requires 1 type argument(s).
src/renderers/common/Renderer.js(1915,14): error TS2314: Generic type 'Promise<T>' requires 1 type argument(s).
src/renderers/common/Renderer.js(1927,14): error TS2314: Generic type 'Promise<T>' requires 1 type argument(s).
src/renderers/common/Renderer.js(1943,14): error TS2314: Generic type 'Promise<T>' requires 1 type argument(s).
src/renderers/common/Renderer.js(1957,14): error TS2314: Generic type 'Promise<T>' requires 1 type argument(s).
src/renderers/common/Renderer.js(1969,14): error TS2314: Generic type 'Promise<T>' requires 1 type argument(s).
src/renderers/common/Renderer.js(1981,14): error TS2314: Generic type 'Promise<T>' requires 1 type argument(s).
src/renderers/common/Renderer.js(2022,3): error TS2531: Object is possibly 'null'.
src/renderers/common/Renderer.js(2023,3): error TS2531: Object is possibly 'null'.
src/renderers/common/Renderer.js(2024,3): error TS2531: Object is possibly 'null'.
src/renderers/common/Renderer.js(2025,3): error TS2531: Object is possibly 'null'.
src/renderers/common/Renderer.js(2026,3): error TS2531: Object is possibly 'null'.
src/renderers/common/Renderer.js(2027,3): error TS2531: Object is possibly 'null'.
src/renderers/common/Renderer.js(2028,3): error TS2531: Object is possibly 'null'.
src/renderers/common/Renderer.js(2029,3): error TS2531: Object is possibly 'null'.
src/renderers/common/Renderer.js(2032,26): error TS2345: Argument of type 'null' is not assignable to parameter of type 'Function'.
src/renderers/common/Renderer.js(2112,14): error TS2314: Generic type 'Promise<T>' requires 1 type argument(s).
src/renderers/common/Renderer.js(2112,14): error TS2366: Function lacks ending return statement and return type does not include 'undefined'.
src/renderers/common/Renderer.js(2116,38): error TS2322: Type 'undefined' is not assignable to type 'Promise<any> | null'.
src/renderers/common/Renderer.js(2128,21): error TS2531: Object is possibly 'null'.
src/renderers/common/Renderer.js(2134,13): error TS2540: Cannot assign to 'calls' because it is a read-only property.
src/renderers/common/Renderer.js(2135,21): error TS2339: Property 'calls' does not exist on type 'Object'.
src/renderers/common/Renderer.js(2136,21): error TS2339: Property 'frameCalls' does not exist on type 'Object'.
src/renderers/common/Renderer.js(2161,9): error TS18047: 'pipelines' is possibly 'null'.
src/renderers/common/Renderer.js(2167,6): error TS18047: 'pipelines' is possibly 'null'.
src/renderers/common/Renderer.js(2168,6): error TS18047: 'bindings' is possibly 'null'.
src/renderers/common/Renderer.js(2169,6): error TS18047: 'nodes' is possibly 'null'.
src/renderers/common/Renderer.js(2187,4): error TS18047: 'nodes' is possibly 'null'.
src/renderers/common/Renderer.js(2188,4): error TS18047: 'bindings' is possibly 'null'.
src/renderers/common/Renderer.js(2190,28): error TS18047: 'bindings' is possibly 'null'.
src/renderers/common/Renderer.js(2191,28): error TS18047: 'pipelines' is possibly 'null'.
src/renderers/common/Renderer.js(2210,14): error TS2314: Generic type 'Promise<T>' requires 1 type argument(s).
src/renderers/common/Renderer.js(2275,14): error TS2314: Generic type 'Promise<T>' requires 1 type argument(s).
src/renderers/common/Renderer.js(2281,3): error TS2531: Object is possibly 'null'.
src/renderers/common/Renderer.js(2301,3): error TS2531: Object is possibly 'null'.
src/renderers/common/Renderer.js(2311,48): error TS2322: Type 'null' is not assignable to type 'Vector2 | Vector4'.
src/renderers/common/Renderer.js(2315,19): error TS2339: Property 'isVector2' does not exist on type 'Vector2 | Vector4'.
  Property 'isVector2' does not exist on type 'Vector2'.
src/renderers/common/Renderer.js(2319,26): error TS2339: Property 'isVector4' does not exist on type 'Vector2 | Vector4'.
  Property 'isVector4' does not exist on type 'Vector2'.
src/renderers/common/Renderer.js(2352,5): error TS2531: Object is possibly 'null'.
src/renderers/common/Renderer.js(2354,21): error TS2531: Object is possibly 'null'.
src/renderers/common/Renderer.js(2362,3): error TS2531: Object is possibly 'null'.
src/renderers/common/Renderer.js(2379,3): error TS2531: Object is possibly 'null'.
src/renderers/common/Renderer.js(2380,3): error TS2531: Object is possibly 'null'.
src/renderers/common/Renderer.js(2512,17): error TS2531: Object is possibly 'null'.
src/renderers/common/Renderer.js(2570,18): error TS2339: Property 'material' does not exist on type 'Object'.
src/renderers/common/Renderer.js(2580,18): error TS2339: Property 'material' does not exist on type 'Object'.
src/renderers/common/Renderer.js(2590,18): error TS2339: Property 'material' does not exist on type 'Object'.
src/renderers/common/Renderer.js(2618,12): error TS2339: Property 'object' does not exist on type 'Object'.
src/renderers/common/Renderer.js(2618,20): error TS2339: Property 'geometry' does not exist on type 'Object'.
src/renderers/common/Renderer.js(2618,30): error TS2339: Property 'material' does not exist on type 'Object'.
src/renderers/common/Renderer.js(2618,40): error TS2339: Property 'group' does not exist on type 'Object'.
src/renderers/common/Renderer.js(2618,47): error TS2339: Property 'clippingContext' does not exist on type 'Object'.
src/renderers/common/Renderer.js(2620,4): error TS2721: Cannot invoke an object which is possibly 'null'.
src/renderers/common/Renderer.js(2640,78): error TS2322: Type 'null' is not assignable to type 'ClippingContext'.
src/renderers/common/Renderer.js(2696,4): error TS2721: Cannot invoke an object which is possibly 'null'.
src/renderers/common/Renderer.js(2699,4): error TS2721: Cannot invoke an object which is possibly 'null'.
src/renderers/common/Renderer.js(2705,4): error TS2721: Cannot invoke an object which is possibly 'null'.
src/renderers/common/Renderer.js(2751,24): error TS2531: Object is possibly 'null'.
src/renderers/common/Renderer.js(2751,133): error TS2345: Argument of type 'string | null | undefined' is not assignable to parameter of type 'string | null'.
  Type 'undefined' is not assignable to type 'string | null'.
src/renderers/common/Renderer.js(2757,24): error TS2531: Object is possibly 'null'.
src/renderers/common/Renderer.js(2761,4): error TS2531: Object is possibly 'null'.
src/renderers/common/Renderer.js(2763,4): error TS2531: Object is possibly 'null'.
src/renderers/common/Renderer.js(2765,4): error TS2531: Object is possibly 'null'.
src/renderers/common/Renderer.js(2766,4): error TS2531: Object is possibly 'null'.
src/renderers/common/Renderer.js(2770,3): error TS2531: Object is possibly 'null'.
src/renderers/common/Renderer.js(2786,23): error TS2531: Object is possibly 'null'.
src/renderers/common/Renderer.js(2806,24): error TS2531: Object is possibly 'null'.
src/renderers/common/Renderer.js(2806,133): error TS2345: Argument of type 'string | null | undefined' is not assignable to parameter of type 'string | null'.
  Type 'undefined' is not assignable to type 'string | null'.
src/renderers/common/Renderer.js(2812,3): error TS2531: Object is possibly 'null'.
src/renderers/common/Renderer.js(2814,3): error TS2531: Object is possibly 'null'.
src/renderers/common/Renderer.js(2816,3): error TS2531: Object is possibly 'null'.
src/renderers/common/Renderer.js(2817,3): error TS2531: Object is possibly 'null'.
src/renderers/common/Renderer.js(2819,3): error TS2531: Object is possibly 'null'.
src/renderers/common/Renderer.js(2821,3): error TS2531: Object is possibly 'null'.
src/renderers/common/Renderer.js(2829,23): error TS8024: JSDoc '@param' tag has name 'scene', but there is no parameter with that name.
src/renderers/common/Renderer.js(2830,21): error TS8024: JSDoc '@param' tag has name 'camera', but there is no parameter with that name.
src/renderers/common/Renderer.js(2831,20): error TS8024: JSDoc '@param' tag has name 'targetScene', but there is no parameter with that name.
src/renderers/common/Renderer.js(2832,14): error TS2314: Generic type 'Promise<T>' requires 1 type argument(s).
src/renderers/common/Renderer.js(2836,10): error TS2322: Type '(scene: Object3D, camera: Camera, targetScene?: Scene) => Promise<any[]>' is not assignable to type 'Promise<any>'.
src/renderers/common/RendererUtils.js(17,8): error TS2339: Property 'toneMapping' does not exist on type 'Object'.
src/renderers/common/RendererUtils.js(18,8): error TS2339: Property 'toneMappingExposure' does not exist on type 'Object'.
src/renderers/common/RendererUtils.js(19,8): error TS2339: Property 'outputColorSpace' does not exist on type 'Object'.
src/renderers/common/RendererUtils.js(20,8): error TS2339: Property 'renderTarget' does not exist on type 'Object'.
src/renderers/common/RendererUtils.js(21,8): error TS2339: Property 'activeCubeFace' does not exist on type 'Object'.
src/renderers/common/RendererUtils.js(22,8): error TS2339: Property 'activeMipmapLevel' does not exist on type 'Object'.
src/renderers/common/RendererUtils.js(23,8): error TS2339: Property 'renderObjectFunction' does not exist on type 'Object'.
src/renderers/common/RendererUtils.js(24,8): error TS2339: Property 'pixelRatio' does not exist on type 'Object'.
src/renderers/common/RendererUtils.js(25,8): error TS2339: Property 'mrt' does not exist on type 'Object'.
src/renderers/common/RendererUtils.js(26,8): error TS2339: Property 'clearColor' does not exist on type 'Object'.
src/renderers/common/RendererUtils.js(26,51): error TS2339: Property 'clearColor' does not exist on type 'Object'.
src/renderers/common/RendererUtils.js(27,8): error TS2339: Property 'clearAlpha' does not exist on type 'Object'.
src/renderers/common/RendererUtils.js(28,8): error TS2339: Property 'autoClear' does not exist on type 'Object'.
src/renderers/common/RendererUtils.js(29,8): error TS2339: Property 'scissorTest' does not exist on type 'Object'.
src/renderers/common/RendererUtils.js(68,31): error TS2339: Property 'toneMapping' does not exist on type 'Object'.
src/renderers/common/RendererUtils.js(69,39): error TS2339: Property 'toneMappingExposure' does not exist on type 'Object'.
src/renderers/common/RendererUtils.js(70,36): error TS2339: Property 'outputColorSpace' does not exist on type 'Object'.
src/renderers/common/RendererUtils.js(71,34): error TS2339: Property 'renderTarget' does not exist on type 'Object'.
src/renderers/common/RendererUtils.js(71,54): error TS2339: Property 'activeCubeFace' does not exist on type 'Object'.
src/renderers/common/RendererUtils.js(71,76): error TS2339: Property 'activeMipmapLevel' does not exist on type 'Object'.
src/renderers/common/RendererUtils.js(72,42): error TS2339: Property 'renderObjectFunction' does not exist on type 'Object'.
src/renderers/common/RendererUtils.js(73,32): error TS2339: Property 'pixelRatio' does not exist on type 'Object'.
src/renderers/common/RendererUtils.js(74,25): error TS2339: Property 'mrt' does not exist on type 'Object'.
src/renderers/common/RendererUtils.js(75,32): error TS2339: Property 'clearColor' does not exist on type 'Object'.
src/renderers/common/RendererUtils.js(75,50): error TS2339: Property 'clearAlpha' does not exist on type 'Object'.
src/renderers/common/RendererUtils.js(76,29): error TS2339: Property 'autoClear' does not exist on type 'Object'.
src/renderers/common/RendererUtils.js(77,33): error TS2339: Property 'scissorTest' does not exist on type 'Object'.
src/renderers/common/RendererUtils.js(93,8): error TS2339: Property 'background' does not exist on type 'Object'.
src/renderers/common/RendererUtils.js(94,8): error TS2339: Property 'backgroundNode' does not exist on type 'Object'.
src/renderers/common/RendererUtils.js(95,8): error TS2339: Property 'overrideMaterial' does not exist on type 'Object'.
src/renderers/common/RendererUtils.js(133,27): error TS2339: Property 'background' does not exist on type 'Object'.
src/renderers/common/RendererUtils.js(134,31): error TS2339: Property 'backgroundNode' does not exist on type 'Object'.
src/renderers/common/RendererUtils.js(135,33): error TS2339: Property 'overrideMaterial' does not exist on type 'Object'.
src/renderers/common/RenderList.js(14,9): error TS2339: Property 'groupOrder' does not exist on type 'Object'.
src/renderers/common/RenderList.js(14,26): error TS2339: Property 'groupOrder' does not exist on type 'Object'.
src/renderers/common/RenderList.js(16,12): error TS2339: Property 'groupOrder' does not exist on type 'Object'.
src/renderers/common/RenderList.js(16,27): error TS2339: Property 'groupOrder' does not exist on type 'Object'.
src/renderers/common/RenderList.js(18,16): error TS2339: Property 'renderOrder' does not exist on type 'Object'.
src/renderers/common/RenderList.js(18,34): error TS2339: Property 'renderOrder' does not exist on type 'Object'.
src/renderers/common/RenderList.js(20,12): error TS2339: Property 'renderOrder' does not exist on type 'Object'.
src/renderers/common/RenderList.js(20,28): error TS2339: Property 'renderOrder' does not exist on type 'Object'.
src/renderers/common/RenderList.js(22,16): error TS2339: Property 'material' does not exist on type 'Object'.
src/renderers/common/RenderList.js(22,34): error TS2339: Property 'material' does not exist on type 'Object'.
src/renderers/common/RenderList.js(24,12): error TS2339: Property 'material' does not exist on type 'Object'.
src/renderers/common/RenderList.js(24,28): error TS2339: Property 'material' does not exist on type 'Object'.
src/renderers/common/RenderList.js(26,16): error TS2339: Property 'z' does not exist on type 'Object'.
src/renderers/common/RenderList.js(26,24): error TS2339: Property 'z' does not exist on type 'Object'.
src/renderers/common/RenderList.js(28,12): error TS2339: Property 'z' does not exist on type 'Object'.
src/renderers/common/RenderList.js(28,18): error TS2339: Property 'z' does not exist on type 'Object'.
src/renderers/common/RenderList.js(32,12): error TS2339: Property 'id' does not exist on type 'Object'.
src/renderers/common/RenderList.js(32,19): error TS2339: Property 'id' does not exist on type 'Object'.
src/renderers/common/RenderList.js(49,9): error TS2339: Property 'groupOrder' does not exist on type 'Object'.
src/renderers/common/RenderList.js(49,26): error TS2339: Property 'groupOrder' does not exist on type 'Object'.
src/renderers/common/RenderList.js(51,12): error TS2339: Property 'groupOrder' does not exist on type 'Object'.
src/renderers/common/RenderList.js(51,27): error TS2339: Property 'groupOrder' does not exist on type 'Object'.
src/renderers/common/RenderList.js(53,16): error TS2339: Property 'renderOrder' does not exist on type 'Object'.
src/renderers/common/RenderList.js(53,34): error TS2339: Property 'renderOrder' does not exist on type 'Object'.
src/renderers/common/RenderList.js(55,12): error TS2339: Property 'renderOrder' does not exist on type 'Object'.
src/renderers/common/RenderList.js(55,28): error TS2339: Property 'renderOrder' does not exist on type 'Object'.
src/renderers/common/RenderList.js(57,16): error TS2339: Property 'z' does not exist on type 'Object'.
src/renderers/common/RenderList.js(57,24): error TS2339: Property 'z' does not exist on type 'Object'.
src/renderers/common/RenderList.js(59,12): error TS2339: Property 'z' does not exist on type 'Object'.
src/renderers/common/RenderList.js(59,18): error TS2339: Property 'z' does not exist on type 'Object'.
src/renderers/common/RenderList.js(63,12): error TS2339: Property 'id' does not exist on type 'Object'.
src/renderers/common/RenderList.js(63,19): error TS2339: Property 'id' does not exist on type 'Object'.
src/renderers/common/RenderList.js(254,15): error TS2339: Property 'id' does not exist on type 'Object'.
src/renderers/common/RenderList.js(255,15): error TS2339: Property 'object' does not exist on type 'Object'.
src/renderers/common/RenderList.js(256,15): error TS2339: Property 'geometry' does not exist on type 'Object'.
src/renderers/common/RenderList.js(257,15): error TS2339: Property 'material' does not exist on type 'Object'.
src/renderers/common/RenderList.js(258,15): error TS2339: Property 'groupOrder' does not exist on type 'Object'.
src/renderers/common/RenderList.js(259,15): error TS2339: Property 'renderOrder' does not exist on type 'Object'.
src/renderers/common/RenderList.js(260,15): error TS2339: Property 'z' does not exist on type 'Object'.
src/renderers/common/RenderList.js(261,15): error TS2339: Property 'group' does not exist on type 'Object'.
src/renderers/common/RenderList.js(262,15): error TS2339: Property 'clippingContext' does not exist on type 'Object'.
src/renderers/common/RenderList.js(386,20): error TS2339: Property 'id' does not exist on type 'Object'.
src/renderers/common/RenderList.js(388,15): error TS2339: Property 'id' does not exist on type 'Object'.
src/renderers/common/RenderList.js(389,15): error TS2339: Property 'object' does not exist on type 'Object'.
src/renderers/common/RenderList.js(390,15): error TS2339: Property 'geometry' does not exist on type 'Object'.
src/renderers/common/RenderList.js(391,15): error TS2339: Property 'material' does not exist on type 'Object'.
src/renderers/common/RenderList.js(392,15): error TS2339: Property 'groupOrder' does not exist on type 'Object'.
src/renderers/common/RenderList.js(393,15): error TS2339: Property 'renderOrder' does not exist on type 'Object'.
src/renderers/common/RenderList.js(394,15): error TS2339: Property 'z' does not exist on type 'Object'.
src/renderers/common/RenderList.js(395,15): error TS2339: Property 'group' does not exist on type 'Object'.
src/renderers/common/RenderList.js(396,15): error TS2339: Property 'clippingContext' does not exist on type 'Object'.
src/renderers/common/RenderObject.js(280,3): error TS7008: Member 'onDispose' implicitly has an 'any' type.
src/renderers/common/RenderObject.js(490,3): error TS2322: Type 'any[] | null' is not assignable to type 'any[]'.
  Type 'null' is not assignable to type 'any[]'.
src/renderers/common/RenderObject.js(514,30): error TS2322: Type 'null' is not assignable to type '{ vertexCount: number; firstVertex: number; instanceCount: number; firstInstance: number; }'.
src/renderers/common/RenderObject.js(528,21): error TS18047: 'drawRange' is possibly 'null'.
src/renderers/common/RenderObject.js(528,31): error TS2339: Property 'start' does not exist on type 'Object'.
src/renderers/common/RenderObject.js(529,22): error TS18047: 'drawRange' is possibly 'null'.
src/renderers/common/RenderObject.js(529,32): error TS2339: Property 'start' does not exist on type 'Object'.
src/renderers/common/RenderObject.js(529,40): error TS18047: 'drawRange' is possibly 'null'.
src/renderers/common/RenderObject.js(529,50): error TS2339: Property 'count' does not exist on type 'Object'.
src/renderers/common/RenderObject.js(556,42): error TS2322: Type 'null' is not assignable to type '{ vertexCount: number; firstVertex: number; instanceCount: number; firstInstance: number; }'.
src/renderers/common/RenderObjects.js(92,38): error TS2345: Argument of type 'string | null' is not assignable to parameter of type 'string | undefined'.
  Type 'null' is not assignable to type 'string | undefined'.
src/renderers/common/RenderObjects.js(181,38): error TS2345: Argument of type 'string | null' is not assignable to parameter of type 'string | undefined'.
  Type 'null' is not assignable to type 'string | undefined'.
src/renderers/common/StorageBufferAttribute.js(25,13): error TS2503: Cannot find namespace 'TypedArray'.
src/renderers/common/StorageInstancedBufferAttribute.js(25,13): error TS2503: Cannot find namespace 'TypedArray'.
src/renderers/common/Textures.js(63,45): error TS2339: Property 'depthTextureMips' does not exist on type 'Object'.
src/renderers/common/Textures.js(63,84): error TS2339: Property 'depthTextureMips' does not exist on type 'Object'.
src/renderers/common/Textures.js(69,25): error TS2339: Property 'width' does not exist on type 'Vector3'.
src/renderers/common/Textures.js(70,26): error TS2339: Property 'height' does not exist on type 'Vector3'.
src/renderers/common/Textures.js(89,25): error TS2339: Property 'width' does not exist on type 'Object'.
src/renderers/common/Textures.js(89,40): error TS2339: Property 'width' does not exist on type 'Vector3'.
src/renderers/common/Textures.js(89,54): error TS2339: Property 'height' does not exist on type 'Vector3'.
src/renderers/common/Textures.js(89,82): error TS2339: Property 'height' does not exist on type 'Object'.
src/renderers/common/Textures.js(103,20): error TS2339: Property 'width' does not exist on type 'Object'.
src/renderers/common/Textures.js(103,33): error TS2339: Property 'width' does not exist on type 'Vector3'.
src/renderers/common/Textures.js(104,20): error TS2339: Property 'height' does not exist on type 'Object'.
src/renderers/common/Textures.js(104,34): error TS2339: Property 'height' does not exist on type 'Vector3'.
src/renderers/common/Textures.js(105,20): error TS2339: Property 'textures' does not exist on type 'Object'.
src/renderers/common/Textures.js(106,20): error TS2339: Property 'depthTexture' does not exist on type 'Object'.
src/renderers/common/Textures.js(107,20): error TS2339: Property 'depth' does not exist on type 'Object'.
src/renderers/common/Textures.js(108,20): error TS2339: Property 'stencil' does not exist on type 'Object'.
src/renderers/common/Textures.js(109,20): error TS2339: Property 'renderTarget' does not exist on type 'Object'.
src/renderers/common/Textures.js(111,25): error TS2339: Property 'sampleCount' does not exist on type 'Object'.
src/renderers/common/Textures.js(121,21): error TS2339: Property 'sampleCount' does not exist on type 'Object'.
src/renderers/common/Textures.js(152,25): error TS2339: Property 'initialized' does not exist on type 'Object'.
src/renderers/common/Textures.js(154,21): error TS2339: Property 'initialized' does not exist on type 'Object'.
src/renderers/common/Textures.js(195,20): error TS2339: Property 'initialized' does not exist on type 'Object'.
src/renderers/common/Textures.js(195,56): error TS2339: Property 'version' does not exist on type 'Object'.
src/renderers/common/Textures.js(200,38): error TS2339: Property 'initialized' does not exist on type 'Object'.
src/renderers/common/Textures.js(229,11): error TS2339: Property 'width' does not exist on type 'Vector3'.
src/renderers/common/Textures.js(229,18): error TS2339: Property 'height' does not exist on type 'Vector3'.
src/renderers/common/Textures.js(229,26): error TS2339: Property 'depth' does not exist on type 'Vector3'.
src/renderers/common/Textures.js(231,11): error TS2339: Property 'width' does not exist on type 'Object'.
src/renderers/common/Textures.js(232,11): error TS2339: Property 'height' does not exist on type 'Object'.
src/renderers/common/Textures.js(233,11): error TS2339: Property 'depth' does not exist on type 'Object'.
src/renderers/common/Textures.js(234,11): error TS2339: Property 'needsMipmaps' does not exist on type 'Object'.
src/renderers/common/Textures.js(235,11): error TS2339: Property 'levels' does not exist on type 'Object'.
src/renderers/common/Textures.js(235,28): error TS2339: Property 'needsMipmaps' does not exist on type 'Object'.
src/renderers/common/Textures.js(244,16): error TS2339: Property 'generation' does not exist on type 'Object'.
src/renderers/common/Textures.js(248,36): error TS2339: Property 'initialized' does not exist on type 'Object'.
src/renderers/common/Textures.js(276,15): error TS2339: Property 'images' does not exist on type 'Object'.
src/renderers/common/Textures.js(280,15): error TS2339: Property 'image' does not exist on type 'Object'.
src/renderers/common/Textures.js(284,23): error TS2339: Property 'isDefaultTexture' does not exist on type 'Object'.
src/renderers/common/Textures.js(284,69): error TS2339: Property 'isDefaultTexture' does not exist on type 'Object'.
src/renderers/common/Textures.js(288,19): error TS2339: Property 'isDefaultTexture' does not exist on type 'Object'.
src/renderers/common/Textures.js(289,19): error TS2339: Property 'generation' does not exist on type 'Object'.
src/renderers/common/Textures.js(295,19): error TS2339: Property 'needsMipmaps' does not exist on type 'Object'.
src/renderers/common/Textures.js(305,17): error TS2339: Property 'isDefaultTexture' does not exist on type 'Object'.
src/renderers/common/Textures.js(306,17): error TS2339: Property 'generation' does not exist on type 'Object'.
src/renderers/common/Textures.js(314,20): error TS2339: Property 'initialized' does not exist on type 'Object'.
src/renderers/common/Textures.js(316,16): error TS2339: Property 'initialized' does not exist on type 'Object'.
src/renderers/common/Textures.js(317,16): error TS2339: Property 'generation' does not exist on type 'Object'.
src/renderers/common/Textures.js(341,15): error TS2339: Property 'version' does not exist on type 'Object'.
src/renderers/common/Textures.js(365,11): error TS2339: Property 'width' does not exist on type 'Vector3'.
src/renderers/common/Textures.js(366,11): error TS2339: Property 'height' does not exist on type 'Vector3'.
src/renderers/common/Textures.js(367,11): error TS2339: Property 'depth' does not exist on type 'Vector3'.
src/renderers/common/Textures.js(371,11): error TS2339: Property 'width' does not exist on type 'Vector3'.
src/renderers/common/Textures.js(371,26): error TS2339: Property 'height' does not exist on type 'Vector3'.
src/renderers/common/Textures.js(371,42): error TS2339: Property 'depth' does not exist on type 'Vector3'.
src/renderers/common/UniformsGroup.js(109,21): error TS2341: Property '_buffer' is private and only accessible within class 'Buffer'.
src/renderers/common/UniformsGroup.js(117,9): error TS2341: Property '_buffer' is private and only accessible within class 'Buffer'.
src/renderers/common/UniformsGroup.js(203,14): error TS2366: Function lacks ending return statement and return type does not include 'undefined'.
src/renderers/common/XRManager.js(77,17): error TS2339: Property 'viewport' does not exist on type 'PerspectiveCamera'.
src/renderers/common/XRManager.js(86,17): error TS2339: Property 'viewport' does not exist on type 'PerspectiveCamera'.
src/renderers/common/XRManager.js(514,14): error TS2366: Function lacks ending return statement and return type does not include 'undefined'.
src/renderers/common/XRManager.js(555,14): error TS2314: Generic type 'Promise<T>' requires 1 type argument(s).
src/renderers/common/XRManager.js(634,169): error TS2345: Argument of type 'number | null' is not assignable to parameter of type 'number | undefined'.
  Type 'null' is not assignable to type 'number | undefined'.
src/renderers/common/XRManager.js(638,26): error TS2339: Property 'hasExternalTextures' does not exist on type 'RenderTarget'.
src/renderers/common/XRManager.js(673,25): error TS2551: Property 'isXRRenderTarget' does not exist on type 'RenderTarget'. Did you mean 'isRenderTarget'?
src/renderers/common/XRManager.js(677,23): error TS2345: Argument of type 'number | undefined' is not assignable to parameter of type 'number'.
  Type 'undefined' is not assignable to type 'number'.
src/renderers/common/XRManager.js(685,9): error TS2540: Cannot assign to 'isPresenting' because it is a read-only property.
src/renderers/common/XRManager.js(829,40): error TS2339: Property 'position' does not exist on type 'ArrayCamera'.
src/renderers/common/XRManager.js(829,57): error TS2339: Property 'quaternion' does not exist on type 'ArrayCamera'.
src/renderers/common/XRManager.js(829,76): error TS2339: Property 'scale' does not exist on type 'ArrayCamera'.
src/renderers/common/XRManager.js(832,37): error TS2339: Property 'position' does not exist on type 'ArrayCamera'.
src/renderers/common/XRManager.js(832,54): error TS2339: Property 'quaternion' does not exist on type 'ArrayCamera'.
src/renderers/common/XRManager.js(832,73): error TS2339: Property 'scale' does not exist on type 'ArrayCamera'.
src/renderers/common/XRManager.js(925,26): error TS2683: 'this' implicitly has type 'any' because it does not have a type annotation.
src/renderers/common/XRManager.js(933,21): error TS2683: 'this' implicitly has type 'any' because it does not have a type annotation.
src/renderers/common/XRManager.js(937,26): error TS2683: 'this' implicitly has type 'any' because it does not have a type annotation.
src/renderers/common/XRManager.js(949,24): error TS2339: Property '_renderer' does not exist on type 'onSessionEnd'.
src/renderers/common/XRManager.js(951,2): error TS18048: 'session' is possibly 'undefined'.
src/renderers/common/XRManager.js(951,46): error TS2339: Property '_onSessionEvent' does not exist on type 'onSessionEnd'.
src/renderers/common/XRManager.js(952,2): error TS18048: 'session' is possibly 'undefined'.
src/renderers/common/XRManager.js(952,51): error TS2339: Property '_onSessionEvent' does not exist on type 'onSessionEnd'.
src/renderers/common/XRManager.js(953,2): error TS18048: 'session' is possibly 'undefined'.
src/renderers/common/XRManager.js(953,49): error TS2339: Property '_onSessionEvent' does not exist on type 'onSessionEnd'.
src/renderers/common/XRManager.js(954,2): error TS18048: 'session' is possibly 'undefined'.
src/renderers/common/XRManager.js(954,47): error TS2339: Property '_onSessionEvent' does not exist on type 'onSessionEnd'.
src/renderers/common/XRManager.js(955,2): error TS18048: 'session' is possibly 'undefined'.
src/renderers/common/XRManager.js(955,52): error TS2339: Property '_onSessionEvent' does not exist on type 'onSessionEnd'.
src/renderers/common/XRManager.js(956,2): error TS18048: 'session' is possibly 'undefined'.
src/renderers/common/XRManager.js(956,50): error TS2339: Property '_onSessionEvent' does not exist on type 'onSessionEnd'.
src/renderers/common/XRManager.js(957,2): error TS18048: 'session' is possibly 'undefined'.
src/renderers/common/XRManager.js(957,43): error TS2339: Property '_onSessionEnd' does not exist on type 'onSessionEnd'.
src/renderers/common/XRManager.js(958,2): error TS18048: 'session' is possibly 'undefined'.
src/renderers/common/XRManager.js(958,58): error TS2339: Property '_onInputSourcesChange' does not exist on type 'onSessionEnd'.
src/renderers/common/XRManager.js(960,28): error TS2339: Property '_controllers' does not exist on type 'onSessionEnd'.
src/renderers/common/XRManager.js(962,28): error TS2339: Property '_controllerInputSources' does not exist on type 'onSessionEnd'.
src/renderers/common/XRManager.js(966,8): error TS2339: Property '_controllerInputSources' does not exist on type 'onSessionEnd'.
src/renderers/common/XRManager.js(968,8): error TS2339: Property '_controllers' does not exist on type 'onSessionEnd'.
src/renderers/common/XRManager.js(978,33): error TS2551: Property '_currentRenderTarget' does not exist on type 'onSessionEnd'. Did you mean '_xrRenderTarget'?
src/renderers/common/XRManager.js(989,45): error TS2339: Property '_currentAnimationLoop' does not exist on type 'onSessionEnd'.
src/renderers/common/XRManager.js(990,39): error TS2339: Property '_currentAnimationContext' does not exist on type 'onSessionEnd'.
src/renderers/common/XRManager.js(993,31): error TS2339: Property '_currentPixelRatio' does not exist on type 'onSessionEnd'.
src/renderers/common/XRManager.js(994,25): error TS2339: Property '_currentSize' does not exist on type 'onSessionEnd'.
src/renderers/common/XRManager.js(994,50): error TS2339: Property '_currentSize' does not exist on type 'onSessionEnd'.
src/renderers/common/XRManager.js(996,7): error TS2339: Property 'dispatchEvent' does not exist on type 'onSessionEnd'.
src/renderers/common/XRManager.js(1002,22): error TS2683: 'this' implicitly has type 'any' because it does not have a type annotation.
src/renderers/common/XRManager.js(1003,33): error TS2683: 'this' implicitly has type 'any' because it does not have a type annotation.
src/renderers/common/XRManager.js(1073,24): error TS2339: Property '_cameraXR' does not exist on type 'onAnimationFrame'.
src/renderers/common/XRManager.js(1074,24): error TS2339: Property '_renderer' does not exist on type 'onAnimationFrame'.
src/renderers/common/XRManager.js(1077,27): error TS2339: Property '_glBaseLayer' does not exist on type 'onAnimationFrame'.
src/renderers/common/XRManager.js(1079,30): error TS2339: Property 'getReferenceSpace' does not exist on type 'onAnimationFrame'.
src/renderers/common/XRManager.js(1088,13): error TS2339: Property '_glBaseLayer' does not exist on type 'onAnimationFrame'.
src/renderers/common/XRManager.js(1111,14): error TS2339: Property '_useLayers' does not exist on type 'onAnimationFrame'.
src/renderers/common/XRManager.js(1113,29): error TS2339: Property '_glBinding' does not exist on type 'onAnimationFrame'.
src/renderers/common/XRManager.js(1113,62): error TS2339: Property '_glProjLayer' does not exist on type 'onAnimationFrame'.
src/renderers/common/XRManager.js(1120,12): error TS2339: Property '_xrRenderTarget' does not exist on type 'onAnimationFrame'.
src/renderers/common/XRManager.js(1122,12): error TS2339: Property '_glProjLayer' does not exist on type 'onAnimationFrame'.
src/renderers/common/XRManager.js(1133,22): error TS2339: Property '_cameras' does not exist on type 'onAnimationFrame'.
src/renderers/common/XRManager.js(1140,10): error TS2339: Property '_cameras' does not exist on type 'onAnimationFrame'.
src/renderers/common/XRManager.js(1165,34): error TS2339: Property '_xrRenderTarget' does not exist on type 'onAnimationFrame'.
src/renderers/common/XRManager.js(1171,28): error TS2339: Property '_controllers' does not exist on type 'onAnimationFrame'.
src/renderers/common/XRManager.js(1173,28): error TS2339: Property '_controllerInputSources' does not exist on type 'onAnimationFrame'.
src/renderers/common/XRManager.js(1174,27): error TS2339: Property '_controllers' does not exist on type 'onAnimationFrame'.
src/renderers/common/XRManager.js(1184,12): error TS2339: Property '_currentAnimationLoop' does not exist on type 'onAnimationFrame'.
src/renderers/common/XRManager.js(1184,41): error TS2339: Property '_currentAnimationLoop' does not exist on type 'onAnimationFrame'.
src/renderers/common/XRManager.js(1188,8): error TS2339: Property 'dispatchEvent' does not exist on type 'onAnimationFrame'.
src/renderers/shaders/ShaderLib.js(303,11): error TS2339: Property 'physical' does not exist on type '{ basic: { uniforms: {}; vertexShader: string; fragmentShader: string; }; lambert: { uniforms: {}; vertexShader: string; fragmentShader: string; }; phong: { uniforms: {}; vertexShader: string; fragmentShader: string; }; ... 13 more ...; shadow: { ...; }; }'.
src/renderers/shaders/UniformsUtils.js(13,3): error TS7053: Element implicitly has an 'any' type because expression of type 'string' can't be used to index type '{}'.
  No index signature with a parameter of type 'string' was found on type '{}'.
src/renderers/shaders/UniformsUtils.js(27,6): error TS7053: Element implicitly has an 'any' type because expression of type 'string' can't be used to index type '{}'.
  No index signature with a parameter of type 'string' was found on type '{}'.
src/renderers/shaders/UniformsUtils.js(31,6): error TS7053: Element implicitly has an 'any' type because expression of type 'string' can't be used to index type '{}'.
  No index signature with a parameter of type 'string' was found on type '{}'.
src/renderers/shaders/UniformsUtils.js(37,5): error TS7053: Element implicitly has an 'any' type because expression of type 'string' can't be used to index type '{}'.
  No index signature with a parameter of type 'string' was found on type '{}'.
src/renderers/shaders/UniformsUtils.js(41,5): error TS7053: Element implicitly has an 'any' type because expression of type 'string' can't be used to index type '{}'.
  No index signature with a parameter of type 'string' was found on type '{}'.
src/renderers/shaders/UniformsUtils.js(63,4): error TS7053: Element implicitly has an 'any' type because expression of type 'string' can't be used to index type '{}'.
  No index signature with a parameter of type 'string' was found on type '{}'.
src/renderers/shaders/UniformsUtils.js(63,18): error TS7053: Element implicitly has an 'any' type because expression of type 'string' can't be used to index type '{}'.
  No index signature with a parameter of type 'string' was found on type '{}'.
src/renderers/webgl-fallback/nodes/GLSLNodeBuilder.js(116,2): error TS2416: Property 'needsToWorkingColorSpace' in type 'GLSLNodeBuilder' is not assignable to the same property in base type 'NodeBuilder'.
  Type '(texture: Texture) => boolean' is not assignable to type '() => boolean'.
    Target signature provides too few arguments. Expected 1 or more, but got 0.
src/renderers/webgl-fallback/nodes/GLSLNodeBuilder.js(130,10): error TS7053: Element implicitly has an 'any' type because expression of type 'string' can't be used to index type '{ textureDimensions: string; equals: string; }'.
  No index signature with a parameter of type 'string' was found on type '{ textureDimensions: string; equals: string; }'.
src/renderers/webgl-fallback/nodes/GLSLNodeBuilder.js(168,14): error TS2339: Property 'vars' does not exist on type 'Object'.
src/renderers/webgl-fallback/nodes/GLSLNodeBuilder.js(170,13): error TS2339: Property 'code' does not exist on type 'Object'.
src/renderers/webgl-fallback/nodes/GLSLNodeBuilder.js(171,21): error TS2339: Property 'result' does not exist on type 'Object'.
src/renderers/webgl-fallback/nodes/GLSLNodeBuilder.js(239,80): error TS7053: Element implicitly has an 'any' type because expression of type 'any' can't be used to index type '{ Float32Array: number; Uint8Array: number; Uint16Array: number; Uint32Array: number; Int8Array: number; Int16Array: number; Int32Array: number; Uint8ClampedArray: number; }'.
src/renderers/webgl-fallback/nodes/GLSLNodeBuilder.js(241,15): error TS2551: Property 'isPBOTexture' does not exist on type 'DataTexture'. Did you mean 'isTexture'?
src/renderers/webgl-fallback/nodes/GLSLNodeBuilder.js(244,8): error TS2339: Property 'setPrecision' does not exist on type 'TextureNode'.
src/renderers/webgl-fallback/nodes/GLSLNodeBuilder.js(249,59): error TS2345: Argument of type 'string | null' is not assignable to parameter of type 'string'.
  Type 'null' is not assignable to type 'string'.
src/renderers/webgl-fallback/nodes/GLSLNodeBuilder.js(249,90): error TS2339: Property 'label' does not exist on type 'Object'.
src/renderers/webgl-fallback/nodes/GLSLNodeBuilder.js(262,25): error TS2322: Type '"vertex" | "fragment" | "compute" | "any" | null' is not assignable to type 'string | undefined'.
  Type 'null' is not assignable to type 'string | undefined'.
src/renderers/webgl-fallback/nodes/GLSLNodeBuilder.js(270,39): error TS2554: Expected 1 arguments, but got 2.
src/renderers/webgl-fallback/nodes/GLSLNodeBuilder.js(293,78): error TS2345: Argument of type 'string | null' is not assignable to parameter of type 'string'.
  Type 'null' is not assignable to type 'string'.
src/renderers/webgl-fallback/nodes/GLSLNodeBuilder.js(293,109): error TS2339: Property 'label' does not exist on type 'Object'.
src/renderers/webgl-fallback/nodes/GLSLNodeBuilder.js(301,38): error TS2339: Property 'propertyName' does not exist on type 'Object'.
src/renderers/webgl-fallback/nodes/GLSLNodeBuilder.js(315,42): error TS2339: Property 'propertySizeName' does not exist on type 'Object'.
src/renderers/webgl-fallback/nodes/GLSLNodeBuilder.js(325,20): error TS2339: Property 'propertySizeName' does not exist on type 'Object'.
src/renderers/webgl-fallback/nodes/GLSLNodeBuilder.js(355,20): error TS2339: Property 'propertyName' does not exist on type 'Object'.
src/renderers/webgl-fallback/nodes/GLSLNodeBuilder.js(396,2): error TS2416: Property 'generateTexture' in type 'GLSLNodeBuilder' is not assignable to the same property in base type 'NodeBuilder'.
  Type '(texture: Texture, textureProperty: string, uvSnippet: string, depthSnippet: string | null) => string' is not assignable to type '() => string'.
    Target signature provides too few arguments. Expected 4 or more, but got 0.
src/renderers/webgl-fallback/nodes/GLSLNodeBuilder.js(467,14): error TS2366: Function lacks ending return statement and return type does not include 'undefined'.
src/renderers/webgl-fallback/nodes/GLSLNodeBuilder.js(469,93): error TS2322: Type '"vertex" | "fragment" | "compute" | "any" | null' is not assignable to type 'string | undefined'.
  Type 'null' is not assignable to type 'string | undefined'.
src/renderers/webgl-fallback/nodes/GLSLNodeBuilder.js(515,2): error TS2416: Property 'getUniforms' in type 'GLSLNodeBuilder' is not assignable to the same property in base type 'NodeBuilder'.
  Type '(shaderStage: string) => string' is not assignable to type '() => string'.
    Target signature provides too few arguments. Expected 1 or more, but got 0.
src/renderers/webgl-fallback/nodes/GLSLNodeBuilder.js(517,20): error TS7053: Element implicitly has an 'any' type because expression of type 'string' can't be used to index type 'Object'.
  No index signature with a parameter of type 'string' was found on type 'Object'.
src/renderers/webgl-fallback/nodes/GLSLNodeBuilder.js(593,15): error TS7053: Element implicitly has an 'any' type because expression of type 'any' can't be used to index type '{ low: string; medium: string; high: string; }'.
src/renderers/webgl-fallback/nodes/GLSLNodeBuilder.js(602,27): error TS7053: Element implicitly has an 'any' type because expression of type 'any' can't be used to index type '{}'.
src/renderers/webgl-fallback/nodes/GLSLNodeBuilder.js(602,59): error TS7053: Element implicitly has an 'any' type because expression of type 'any' can't be used to index type '{}'.
src/renderers/webgl-fallback/nodes/GLSLNodeBuilder.js(620,26): error TS7053: Element implicitly has an 'any' type because expression of type 'string' can't be used to index type '{}'.
  No index signature with a parameter of type 'string' was found on type '{}'.
src/renderers/webgl-fallback/nodes/GLSLNodeBuilder.js(668,2): error TS2416: Property 'getAttributes' in type 'GLSLNodeBuilder' is not assignable to the same property in base type 'NodeBuilder'.
  Type '(shaderStage: string) => string' is not assignable to type '() => string'.
    Target signature provides too few arguments. Expected 1 or more, but got 0.
src/renderers/webgl-fallback/nodes/GLSLNodeBuilder.js(721,19): error TS7053: Element implicitly has an 'any' type because expression of type 'string' can't be used to index type 'Object'.
  No index signature with a parameter of type 'string' was found on type 'Object'.
src/renderers/webgl-fallback/nodes/GLSLNodeBuilder.js(751,2): error TS2416: Property 'getVaryings' in type 'GLSLNodeBuilder' is not assignable to the same property in base type 'NodeBuilder'.
  Type '(shaderStage: string) => string' is not assignable to type '() => string'.
    Target signature provides too few arguments. Expected 1 or more, but got 0.
src/renderers/webgl-fallback/nodes/GLSLNodeBuilder.js(838,2): error TS2416: Property 'getDrawIndex' in type 'GLSLNodeBuilder' is not assignable to the same property in base type 'NodeBuilder'.
  Type '() => string | null' is not assignable to type '() => string'.
    Type 'string | null' is not assignable to type 'string'.
      Type 'null' is not assignable to type 'string'.
src/renderers/webgl-fallback/nodes/GLSLNodeBuilder.js(892,35): error TS2322: Type '"vertex" | "fragment" | "compute" | "any" | null' is not assignable to type 'string | undefined'.
  Type 'null' is not assignable to type 'string | undefined'.
src/renderers/webgl-fallback/nodes/GLSLNodeBuilder.js(963,2): error TS2416: Property 'isAvailable' in type 'GLSLNodeBuilder' is not assignable to the same property in base type 'NodeBuilder'.
  Type '(name: string) => boolean' is not assignable to type '() => boolean'.
    Target signature provides too few arguments. Expected 1 or more, but got 0.
src/renderers/webgl-fallback/nodes/GLSLNodeBuilder.js(965,16): error TS7053: Element implicitly has an 'any' type because expression of type 'string' can't be used to index type '{ swizzleAssign: boolean; storageBuffer: boolean; }'.
  No index signature with a parameter of type 'string' was found on type '{ swizzleAssign: boolean; storageBuffer: boolean; }'.
src/renderers/webgl-fallback/nodes/GLSLNodeBuilder.js(998,4): error TS7053: Element implicitly has an 'any' type because expression of type 'string' can't be used to index type '{ swizzleAssign: boolean; storageBuffer: boolean; }'.
  No index signature with a parameter of type 'string' was found on type '{ swizzleAssign: boolean; storageBuffer: boolean; }'.
src/renderers/webgl-fallback/nodes/GLSLNodeBuilder.js(1045,21): error TS8024: JSDoc '@param' tag has name 'shaderStage', but there is no parameter with that name.
src/renderers/webgl-fallback/nodes/GLSLNodeBuilder.js(1099,14): error TS2339: Property 'extensions' does not exist on type 'Object'.
src/renderers/webgl-fallback/nodes/GLSLNodeBuilder.js(1105,14): error TS2339: Property 'uniforms' does not exist on type 'Object'.
src/renderers/webgl-fallback/nodes/GLSLNodeBuilder.js(1108,14): error TS2339: Property 'varyings' does not exist on type 'Object'.
src/renderers/webgl-fallback/nodes/GLSLNodeBuilder.js(1111,14): error TS2339: Property 'attributes' does not exist on type 'Object'.
src/renderers/webgl-fallback/nodes/GLSLNodeBuilder.js(1114,14): error TS2339: Property 'codes' does not exist on type 'Object'.
src/renderers/webgl-fallback/nodes/GLSLNodeBuilder.js(1119,15): error TS2339: Property 'vars' does not exist on type 'Object'.
src/renderers/webgl-fallback/nodes/GLSLNodeBuilder.js(1122,15): error TS2339: Property 'transforms' does not exist on type 'Object'.
src/renderers/webgl-fallback/nodes/GLSLNodeBuilder.js(1125,15): error TS2339: Property 'flow' does not exist on type 'Object'.
src/renderers/webgl-fallback/nodes/GLSLNodeBuilder.js(1151,14): error TS2339: Property 'uniforms' does not exist on type 'Object'.
src/renderers/webgl-fallback/nodes/GLSLNodeBuilder.js(1154,14): error TS2339: Property 'varyings' does not exist on type 'Object'.
src/renderers/webgl-fallback/nodes/GLSLNodeBuilder.js(1157,14): error TS2339: Property 'codes' does not exist on type 'Object'.
src/renderers/webgl-fallback/nodes/GLSLNodeBuilder.js(1159,14): error TS2339: Property 'structs' does not exist on type 'Object'.
src/renderers/webgl-fallback/nodes/GLSLNodeBuilder.js(1164,15): error TS2339: Property 'vars' does not exist on type 'Object'.
src/renderers/webgl-fallback/nodes/GLSLNodeBuilder.js(1167,15): error TS2339: Property 'flow' does not exist on type 'Object'.
src/renderers/webgl-fallback/nodes/GLSLNodeBuilder.js(1204,30): error TS2339: Property 'code' does not exist on type 'Object'.
src/renderers/webgl-fallback/nodes/GLSLNodeBuilder.js(1213,32): error TS2339: Property 'result' does not exist on type 'Object'.
src/renderers/webgl-fallback/nodes/GLSLNodeBuilder.js(1220,33): error TS2339: Property 'result' does not exist on type 'Object'.
src/renderers/webgl-fallback/nodes/GLSLNodeBuilder.js(1230,22): error TS7053: Element implicitly has an 'any' type because expression of type 'string' can't be used to index type '{ fragment: {}; vertex: {}; compute?: undefined; } | { compute: {}; fragment?: undefined; vertex?: undefined; }'.
  No index signature with a parameter of type 'string' was found on type '{ fragment: {}; vertex: {}; compute?: undefined; } | { compute: {}; fragment?: undefined; vertex?: undefined; }'.
src/renderers/webgl-fallback/nodes/GLSLNodeBuilder.js(1238,37): error TS2345: Argument of type 'string' is not assignable to parameter of type '"vertex" | "fragment" | "compute" | "any"'.
src/renderers/webgl-fallback/nodes/GLSLNodeBuilder.js(1239,47): error TS2554: Expected 0 arguments, but got 1.
src/renderers/webgl-fallback/nodes/GLSLNodeBuilder.js(1246,49): error TS2345: Argument of type '{} | undefined' is not assignable to parameter of type 'Object'.
  Type 'undefined' is not assignable to type 'Object'.
src/renderers/webgl-fallback/nodes/GLSLNodeBuilder.js(1247,53): error TS2345: Argument of type '{} | undefined' is not assignable to parameter of type 'Object'.
  Type 'undefined' is not assignable to type 'Object'.
src/renderers/webgl-fallback/nodes/GLSLNodeBuilder.js(1251,50): error TS2345: Argument of type '{} | undefined' is not assignable to parameter of type 'Object'.
  Type 'undefined' is not assignable to type 'Object'.
src/renderers/webgl-fallback/nodes/GLSLNodeBuilder.js(1270,2): error TS2416: Property 'getUniformFromNode' in type 'GLSLNodeBuilder' is not assignable to the same property in base type 'NodeBuilder'.
  Type '(node: UniformNode, type: string, shaderStage: string, name?: string | null | undefined) => NodeUniform' is not assignable to type '(node: UniformNode, type: string, shaderStage?: "vertex" | "fragment" | "compute" | "any" | undefined, name?: string | null) => NodeUniform'.
    Types of parameters 'shaderStage' and 'shaderStage' are incompatible.
      Type 'string | undefined' is not assignable to type 'string'.
        Type 'undefined' is not assignable to type 'string'.
src/renderers/webgl-fallback/nodes/GLSLNodeBuilder.js(1272,61): error TS2345: Argument of type 'string' is not assignable to parameter of type '"vertex" | "fragment" | "compute" | "any" | undefined'.
src/renderers/webgl-fallback/nodes/GLSLNodeBuilder.js(1273,48): error TS2345: Argument of type 'string' is not assignable to parameter of type '"vertex" | "fragment" | "compute" | "any" | undefined'.
src/renderers/webgl-fallback/nodes/GLSLNodeBuilder.js(1275,29): error TS2339: Property 'uniformGPU' does not exist on type 'Object'.
src/renderers/webgl-fallback/nodes/GLSLNodeBuilder.js(1282,56): error TS2345: Argument of type 'string' is not assignable to parameter of type '"vertex" | "fragment" | "compute" | "any"'.
src/renderers/webgl-fallback/nodes/GLSLNodeBuilder.js(1334,13): error TS2339: Property 'uniformGPU' does not exist on type 'Object'.
src/renderers/webgl-fallback/utils/WebGLAttributeUtils.js(175,4): error TS2322: Type 'DualAttributeData' is not assignable to type '{ bufferGPU: any; bufferType: GLenum; type: any; byteLength: number; bytesPerElement: number; version: any; pbo: any; isInteger: boolean; id: number; }'.
  Types of property 'id' are incompatible.
    Type 'string' is not assignable to type 'number'.
src/renderers/webgl-fallback/utils/WebGLCapabilities.js(58,3): error TS2322: Type 'number | null' is not assignable to type 'number'.
  Type 'null' is not assignable to type 'number'.
src/renderers/webgl-fallback/utils/WebGLState.js(51,3): error TS7022: 'currentFlipSided' implicitly has type 'any' because it does not have a type annotation and is referenced directly or indirectly in its own initializer.
src/renderers/webgl-fallback/utils/WebGLState.js(52,3): error TS7022: 'currentCullFace' implicitly has type 'any' because it does not have a type annotation and is referenced directly or indirectly in its own initializer.
src/renderers/webgl-fallback/utils/WebGLState.js(55,3): error TS7022: 'currentBlending' implicitly has type 'any' because it does not have a type annotation and is referenced directly or indirectly in its own initializer.
src/renderers/webgl-fallback/utils/WebGLState.js(56,3): error TS7022: 'currentBlendSrc' implicitly has type 'any' because it does not have a type annotation and is referenced directly or indirectly in its own initializer.
src/renderers/webgl-fallback/utils/WebGLState.js(61,3): error TS7022: 'currentPolygonOffsetFactor' implicitly has type 'any' because it does not have a type annotation and is referenced directly or indirectly in its own initializer.
src/renderers/webgl-fallback/utils/WebGLState.js(63,3): error TS7022: 'currentColorMask' implicitly has type 'any' because it does not have a type annotation and is referenced directly or indirectly in its own initializer.
src/renderers/webgl-fallback/utils/WebGLState.js(64,3): error TS7022: 'currentDepthFunc' implicitly has type 'any' because it does not have a type annotation and is referenced directly or indirectly in its own initializer.
src/renderers/webgl-fallback/utils/WebGLState.js(65,3): error TS7022: 'currentDepthMask' implicitly has type 'any' because it does not have a type annotation and is referenced directly or indirectly in its own initializer.
src/renderers/webgl-fallback/utils/WebGLState.js(66,3): error TS7022: 'currentStencilFunc' implicitly has type 'any' because it does not have a type annotation and is referenced directly or indirectly in its own initializer.
src/renderers/webgl-fallback/utils/WebGLState.js(69,3): error TS7022: 'currentStencilFail' implicitly has type 'any' because it does not have a type annotation and is referenced directly or indirectly in its own initializer.
src/renderers/webgl-fallback/utils/WebGLState.js(72,3): error TS7022: 'currentStencilMask' implicitly has type 'any' because it does not have a type annotation and is referenced directly or indirectly in its own initializer.
src/renderers/webgl-fallback/utils/WebGLState.js(73,3): error TS7022: 'currentLineWidth' implicitly has type 'any' because it does not have a type annotation and is referenced directly or indirectly in its own initializer.
src/renderers/webgl-fallback/utils/WebGLState.js(80,3): error TS7022: 'currentTextureSlot' implicitly has type 'any' because it does not have a type annotation and is referenced directly or indirectly in its own initializer.
src/renderers/webgl-fallback/utils/WebGLState.js(147,8): error TS7053: Element implicitly has an 'any' type because expression of type 'GLenum' can't be used to index type '{}'.
src/renderers/webgl-fallback/utils/WebGLState.js(150,4): error TS7053: Element implicitly has an 'any' type because expression of type 'GLenum' can't be used to index type '{}'.
src/renderers/webgl-fallback/utils/WebGLState.js(168,8): error TS7053: Element implicitly has an 'any' type because expression of type 'GLenum' can't be used to index type '{}'.
src/renderers/webgl-fallback/utils/WebGLState.js(171,4): error TS7053: Element implicitly has an 'any' type because expression of type 'GLenum' can't be used to index type '{}'.
src/renderers/webgl-fallback/utils/WebGLState.js(263,11): error TS7022: 'currentLineWidth' implicitly has type 'any' because it does not have a type annotation and is referenced directly or indirectly in its own initializer.
src/renderers/webgl-fallback/utils/WebGLState.js(322,6): error TS7022: 'currentBlendEquation' implicitly has type 'any' because it does not have a type annotation and is referenced directly or indirectly in its own initializer.
src/renderers/webgl-fallback/utils/WebGLState.js(566,19): error TS2532: Object is possibly 'undefined'.
src/renderers/webgl-fallback/utils/WebGLState.js(568,8): error TS2532: Object is possibly 'undefined'.
src/renderers/webgl-fallback/utils/WebGLState.js(573,4): error TS2532: Object is possibly 'undefined'.
src/renderers/webgl-fallback/utils/WebGLState.js(590,20): error TS2532: Object is possibly 'undefined'.
src/renderers/webgl-fallback/utils/WebGLState.js(592,8): error TS2532: Object is possibly 'undefined'.
src/renderers/webgl-fallback/utils/WebGLState.js(597,4): error TS2532: Object is possibly 'undefined'.
src/renderers/webgl-fallback/utils/WebGLState.js(739,11): error TS2554: Expected 8 arguments, but got 1.
src/renderers/webgl-fallback/utils/WebGLState.js(866,8): error TS7053: Element implicitly has an 'any' type because expression of type 'number' can't be used to index type '{}'.
  No index signature with a parameter of type 'number' was found on type '{}'.
src/renderers/webgl-fallback/utils/WebGLState.js(870,4): error TS7053: Element implicitly has an 'any' type because expression of type 'number' can't be used to index type '{}'.
  No index signature with a parameter of type 'number' was found on type '{}'.
src/renderers/webgl-fallback/utils/WebGLState.js(876,5): error TS7053: Element implicitly has an 'any' type because expression of type 'any' can't be used to index type '{}'.
src/renderers/webgl-fallback/utils/WebGLState.js(882,5): error TS7053: Element implicitly has an 'any' type because expression of type 'any' can't be used to index type '{}'.
src/renderers/webgl-fallback/utils/WebGLState.js(974,15): error TS7022: 'currentTextureSlot' implicitly has type 'any' because it does not have a type annotation and is referenced directly or indirectly in its own initializer.
src/renderers/webgl-fallback/utils/WebGLState.js(999,15): error TS7022: 'currentTextureSlot' implicitly has type 'any' because it does not have a type annotation and is referenced directly or indirectly in its own initializer.
src/renderers/webgl-fallback/utils/WebGLState.js(1015,22): error TS7053: Element implicitly has an 'any' type because expression of type 'number' can't be used to index type '{}'.
  No index signature with a parameter of type 'number' was found on type '{}'.
src/renderers/webgl-fallback/utils/WebGLState.js(1020,4): error TS7053: Element implicitly has an 'any' type because expression of type 'number' can't be used to index type '{}'.
  No index signature with a parameter of type 'number' was found on type '{}'.
src/renderers/webgl-fallback/utils/WebGLState.js(1059,8): error TS7053: Element implicitly has an 'any' type because expression of type 'string' can't be used to index type '{}'.
  No index signature with a parameter of type 'string' was found on type '{}'.
src/renderers/webgl-fallback/utils/WebGLState.js(1062,4): error TS7053: Element implicitly has an 'any' type because expression of type 'string' can't be used to index type '{}'.
  No index signature with a parameter of type 'string' was found on type '{}'.
src/renderers/webgl-fallback/utils/WebGLState.js(1083,24): error TS7053: Element implicitly has an 'any' type because expression of type 'any' can't be used to index type '{}'.
src/renderers/webgl-fallback/utils/WebGLTextureUtils.js(393,11): error TS2339: Property 'levels' does not exist on type 'Object | undefined'.
src/renderers/webgl-fallback/utils/WebGLTextureUtils.js(393,19): error TS2339: Property 'width' does not exist on type 'Object | undefined'.
src/renderers/webgl-fallback/utils/WebGLTextureUtils.js(393,26): error TS2339: Property 'height' does not exist on type 'Object | undefined'.
src/renderers/webgl-fallback/utils/WebGLTextureUtils.js(393,34): error TS2339: Property 'depth' does not exist on type 'Object | undefined'.
src/renderers/webgl-fallback/utils/WebGLTextureUtils.js(480,11): error TS2339: Property 'width' does not exist on type 'Object | undefined'.
src/renderers/webgl-fallback/utils/WebGLTextureUtils.js(480,18): error TS2339: Property 'height' does not exist on type 'Object | undefined'.
src/renderers/webgl-fallback/utils/WebGLTextureUtils.js(512,18): error TS18048: 'options' is possibly 'undefined'.
src/renderers/webgl-fallback/utils/WebGLTextureUtils.js(512,26): error TS2339: Property 'image' does not exist on type 'Object'.
src/renderers/webgl-fallback/utils/WebGLTextureUtils.js(558,19): error TS18048: 'options' is possibly 'undefined'.
src/renderers/webgl-fallback/utils/WebGLTextureUtils.js(558,27): error TS2339: Property 'images' does not exist on type 'Object'.
src/renderers/webgl-fallback/utils/WebGLTextureUtils.js(570,18): error TS18048: 'options' is possibly 'undefined'.
src/renderers/webgl-fallback/utils/WebGLTextureUtils.js(570,26): error TS2339: Property 'image' does not exist on type 'Object'.
src/renderers/webgl-fallback/utils/WebGLTextureUtils.js(576,18): error TS18048: 'options' is possibly 'undefined'.
src/renderers/webgl-fallback/utils/WebGLTextureUtils.js(576,26): error TS2339: Property 'image' does not exist on type 'Object'.
src/renderers/webgl-fallback/utils/WebGLTextureUtils.js(584,73): error TS18048: 'options' is possibly 'undefined'.
src/renderers/webgl-fallback/utils/WebGLTextureUtils.js(584,81): error TS2339: Property 'image' does not exist on type 'Object'.
src/renderers/webgl-fallback/utils/WebGLTextureUtils.js(589,28): error TS18048: 'options' is possibly 'undefined'.
src/renderers/webgl-fallback/utils/WebGLTextureUtils.js(589,36): error TS2339: Property 'image' does not exist on type 'Object'.
src/renderers/webgl-fallback/utils/WebGLTextureUtils.js(1033,14): error TS2503: Cannot find namespace 'TypedArray'.
src/renderers/webgl-fallback/utils/WebGLTextureUtils.js(1060,14): error TS2366: Function lacks ending return statement and return type does not include 'undefined'.
src/renderers/webgl-fallback/utils/WebGLUtils.js(107,6): error TS2322: Type 'null' is not assignable to type 'number'.
src/renderers/webgl-fallback/utils/WebGLUtils.js(124,6): error TS2322: Type 'null' is not assignable to type 'number'.
src/renderers/webgl-fallback/utils/WebGLUtils.js(147,5): error TS2322: Type 'null' is not assignable to type 'number'.
src/renderers/webgl-fallback/utils/WebGLUtils.js(166,5): error TS2322: Type 'null' is not assignable to type 'number'.
src/renderers/webgl-fallback/utils/WebGLUtils.js(201,5): error TS2322: Type 'null' is not assignable to type 'number'.
src/renderers/webgl-fallback/utils/WebGLUtils.js(219,5): error TS2322: Type 'null' is not assignable to type 'number'.
src/renderers/webgl-fallback/utils/WebGLUtils.js(233,10): error TS2367: This comparison appears to be unintentional because the types '36283 | 36284 | 36285 | 36286' and '36492' have no overlap.
src/renderers/webgl-fallback/utils/WebGLUtils.js(240,5): error TS2322: Type 'null' is not assignable to type 'number'.
src/renderers/webgl-fallback/utils/WebGLUtils.js(265,14): error TS2314: Generic type 'Promise<T>' requires 1 type argument(s).
src/renderers/webgl-fallback/utils/WebGLUtils.js(299,5): error TS2810: Expected 1 argument, but got 0. 'new Promise()' needs a JSDoc hint to produce a 'resolve' that can be called without arguments.
src/renderers/webgl-fallback/WebGLBackend.js(169,38): error TS2339: Property 'trackTimestamp' does not exist on type '{ logarithmicDepthBuffer?: boolean | undefined; alpha?: boolean | undefined; depth?: boolean | undefined; stencil?: boolean | undefined; antialias?: boolean | undefined; samples?: number | undefined; forceWebGL?: boolean | undefined; context?: any; }'.
src/renderers/webgl-fallback/WebGLBackend.js(184,13): error TS2314: Generic type 'WeakSet<T>' requires 1 type argument(s).
src/renderers/webgl-fallback/WebGLBackend.js(205,2): error TS2416: Property 'init' in type 'WebGLBackend' is not assignable to the same property in base type 'Backend'.
  Type '(renderer: Renderer) => void' is not assignable to type '(renderer: Renderer) => Promise<any>'.
    Type 'void' is not assignable to type 'Promise<any>'.
src/renderers/webgl-fallback/WebGLBackend.js(213,34): error TS2339: Property 'context' does not exist on type 'Object'.
src/renderers/webgl-fallback/WebGLBackend.js(213,71): error TS2339: Property 'context' does not exist on type 'Object'.
src/renderers/webgl-fallback/WebGLBackend.js(278,8): error TS2416: Property 'getArrayBufferAsync' in type 'WebGLBackend' is not assignable to the same property in base type 'Backend'.
  Type '(attribute: StorageBufferAttribute) => Promise<ArrayBuffer>' is not assignable to type '() => Promise<ArrayBuffer>'.
    Target signature provides too few arguments. Expected 1 or more, but got 0.
src/renderers/webgl-fallback/WebGLBackend.js(280,16): error TS2531: Object is possibly 'null'.
src/renderers/webgl-fallback/WebGLBackend.js(289,14): error TS2314: Generic type 'Promise<T>' requires 1 type argument(s).
src/renderers/webgl-fallback/WebGLBackend.js(293,9): error TS2531: Object is possibly 'null'.
src/renderers/webgl-fallback/WebGLBackend.js(293,20): error TS2341: Property '_clientWaitAsync' is private and only accessible within class 'WebGLUtils'.
src/renderers/webgl-fallback/WebGLBackend.js(301,14): error TS2314: Generic type 'Promise<T>' requires 1 type argument(s).
src/renderers/webgl-fallback/WebGLBackend.js(359,30): error TS2339: Property 'queryQueue' does not exist on type 'Object'.
src/renderers/webgl-fallback/WebGLBackend.js(359,61): error TS2339: Property 'queryQueue' does not exist on type 'Object'.
src/renderers/webgl-fallback/WebGLBackend.js(360,23): error TS2339: Property 'queryQueue' does not exist on type 'Object'.
src/renderers/webgl-fallback/WebGLBackend.js(365,26): error TS2339: Property 'activeQuery' does not exist on type 'Object'.
src/renderers/webgl-fallback/WebGLBackend.js(368,23): error TS2339: Property 'activeQuery' does not exist on type 'Object'.
src/renderers/webgl-fallback/WebGLBackend.js(372,21): error TS2339: Property 'activeQuery' does not exist on type 'Object'.
src/renderers/webgl-fallback/WebGLBackend.js(374,26): error TS2339: Property 'activeQuery' does not exist on type 'Object'.
src/renderers/webgl-fallback/WebGLBackend.js(376,75): error TS2339: Property 'activeQuery' does not exist on type 'Object'.
src/renderers/webgl-fallback/WebGLBackend.js(396,26): error TS2339: Property 'activeQuery' does not exist on type 'Object'.
src/renderers/webgl-fallback/WebGLBackend.js(400,30): error TS2339: Property 'gpuQueries' does not exist on type 'Object'.
src/renderers/webgl-fallback/WebGLBackend.js(400,61): error TS2339: Property 'gpuQueries' does not exist on type 'Object'.
src/renderers/webgl-fallback/WebGLBackend.js(401,23): error TS2339: Property 'gpuQueries' does not exist on type 'Object'.
src/renderers/webgl-fallback/WebGLBackend.js(401,67): error TS2339: Property 'activeQuery' does not exist on type 'Object'.
src/renderers/webgl-fallback/WebGLBackend.js(402,23): error TS2339: Property 'activeQuery' does not exist on type 'Object'.
src/renderers/webgl-fallback/WebGLBackend.js(405,28): error TS2339: Property 'queryQueue' does not exist on type 'Object'.
src/renderers/webgl-fallback/WebGLBackend.js(405,60): error TS2339: Property 'queryQueue' does not exist on type 'Object'.
src/renderers/webgl-fallback/WebGLBackend.js(407,49): error TS2339: Property 'queryQueue' does not exist on type 'Object'.
src/renderers/webgl-fallback/WebGLBackend.js(422,14): error TS2314: Generic type 'Promise<T>' requires 1 type argument(s).
src/renderers/webgl-fallback/WebGLBackend.js(424,8): error TS2416: Property 'resolveTimestampAsync' in type 'WebGLBackend' is not assignable to the same property in base type 'Backend'.
  Type '(renderContext: RenderContext, type?: string) => Promise<any>' is not assignable to type '() => Promise<any>'.
    Target signature provides too few arguments. Expected 1 or more, but got 0.
src/renderers/webgl-fallback/WebGLBackend.js(430,28): error TS2339: Property 'gpuQueries' does not exist on type 'Object'.
src/renderers/webgl-fallback/WebGLBackend.js(430,59): error TS2339: Property 'gpuQueries' does not exist on type 'Object'.
src/renderers/webgl-fallback/WebGLBackend.js(432,42): error TS2339: Property 'gpuQueries' does not exist on type 'Object'.
src/renderers/webgl-fallback/WebGLBackend.js(434,41): error TS2339: Property 'gpuQueries' does not exist on type 'Object'.
src/renderers/webgl-fallback/WebGLBackend.js(443,23): error TS2339: Property 'gpuQueries' does not exist on type 'Object'.
src/renderers/webgl-fallback/WebGLBackend.js(470,2): error TS2416: Property 'beginRender' in type 'WebGLBackend' is not assignable to the same property in base type 'Backend'.
  Type '(renderContext: RenderContext) => void' is not assignable to type '() => void'.
    Target signature provides too few arguments. Expected 1 or more, but got 0.
src/renderers/webgl-fallback/WebGLBackend.js(481,21): error TS2339: Property 'previousContext' does not exist on type 'Object'.
src/renderers/webgl-fallback/WebGLBackend.js(495,4): error TS18047: 'state' is possibly 'null'.
src/renderers/webgl-fallback/WebGLBackend.js(503,4): error TS18047: 'state' is possibly 'null'.
src/renderers/webgl-fallback/WebGLBackend.js(513,22): error TS2339: Property 'currentOcclusionQueries' does not exist on type 'Object'.
src/renderers/webgl-fallback/WebGLBackend.js(513,66): error TS2339: Property 'occlusionQueries' does not exist on type 'Object'.
src/renderers/webgl-fallback/WebGLBackend.js(514,22): error TS2339: Property 'currentOcclusionQueryObjects' does not exist on type 'Object'.
src/renderers/webgl-fallback/WebGLBackend.js(514,71): error TS2339: Property 'occlusionQueryObjects' does not exist on type 'Object'.
src/renderers/webgl-fallback/WebGLBackend.js(516,22): error TS2339: Property 'lastOcclusionObject' does not exist on type 'Object'.
src/renderers/webgl-fallback/WebGLBackend.js(517,22): error TS2339: Property 'occlusionQueries' does not exist on type 'Object'.
src/renderers/webgl-fallback/WebGLBackend.js(518,22): error TS2339: Property 'occlusionQueryObjects' does not exist on type 'Object'.
src/renderers/webgl-fallback/WebGLBackend.js(519,22): error TS2339: Property 'occlusionQueryIndex' does not exist on type 'Object'.
src/renderers/webgl-fallback/WebGLBackend.js(531,2): error TS2416: Property 'finishRender' in type 'WebGLBackend' is not assignable to the same property in base type 'Backend'.
  Type '(renderContext: RenderContext) => void' is not assignable to type '() => void'.
    Target signature provides too few arguments. Expected 1 or more, but got 0.
src/renderers/webgl-fallback/WebGLBackend.js(535,45): error TS2339: Property 'previousContext' does not exist on type 'Object'.
src/renderers/webgl-fallback/WebGLBackend.js(541,49): error TS2339: Property 'occlusionQueryIndex' does not exist on type 'Object'.
src/renderers/webgl-fallback/WebGLBackend.js(579,40): error TS2339: Property 'framebuffers' does not exist on type 'Object'.
src/renderers/webgl-fallback/WebGLBackend.js(583,53): error TS2339: Property 'msaaFrameBuffer' does not exist on type 'Object'.
src/renderers/webgl-fallback/WebGLBackend.js(587,5): error TS18047: 'state' is possibly 'null'.
src/renderers/webgl-fallback/WebGLBackend.js(588,5): error TS18047: 'state' is possibly 'null'.
src/renderers/webgl-fallback/WebGLBackend.js(601,81): error TS2339: Property 'invalidationArray' does not exist on type 'Object'.
src/renderers/webgl-fallback/WebGLBackend.js(606,78): error TS2339: Property 'invalidationArray' does not exist on type 'Object'.
src/renderers/webgl-fallback/WebGLBackend.js(627,5): error TS18047: 'state' is possibly 'null'.
src/renderers/webgl-fallback/WebGLBackend.js(650,11): error TS2339: Property 'currentOcclusionQueries' does not exist on type 'Object'.
src/renderers/webgl-fallback/WebGLBackend.js(650,36): error TS2339: Property 'currentOcclusionQueryObjects' does not exist on type 'Object'.
src/renderers/webgl-fallback/WebGLBackend.js(657,22): error TS2339: Property 'currentOcclusionQueryObjects' does not exist on type 'Object'.
src/renderers/webgl-fallback/WebGLBackend.js(658,22): error TS2339: Property 'currentOcclusionQueries' does not exist on type 'Object'.
src/renderers/webgl-fallback/WebGLBackend.js(690,24): error TS2339: Property 'occluded' does not exist on type 'Object'.
src/renderers/webgl-fallback/WebGLBackend.js(710,2): error TS2416: Property 'isOccluded' in type 'WebGLBackend' is not assignable to the same property in base type 'Backend'.
  Type '(renderContext: RenderContext, object: Object3D) => boolean' is not assignable to type '() => boolean'.
    Target signature provides too few arguments. Expected 2 or more, but got 0.
src/renderers/webgl-fallback/WebGLBackend.js(714,28): error TS2339: Property 'occluded' does not exist on type 'Object'.
src/renderers/webgl-fallback/WebGLBackend.js(714,58): error TS2339: Property 'occluded' does not exist on type 'Object'.
src/renderers/webgl-fallback/WebGLBackend.js(723,2): error TS2416: Property 'updateViewport' in type 'WebGLBackend' is not assignable to the same property in base type 'Backend'.
  Type '(renderContext: RenderContext) => void' is not assignable to type '() => void'.
    Target signature provides too few arguments. Expected 1 or more, but got 0.
src/renderers/webgl-fallback/WebGLBackend.js(728,3): error TS18047: 'state' is possibly 'null'.
src/renderers/webgl-fallback/WebGLBackend.js(737,2): error TS2416: Property 'setScissorTest' in type 'WebGLBackend' is not assignable to the same property in base type 'Backend'.
  Type '(boolean: boolean) => void' is not assignable to type '() => void'.
    Target signature provides too few arguments. Expected 1 or more, but got 0.
src/renderers/webgl-fallback/WebGLBackend.js(741,3): error TS18047: 'state' is possibly 'null'.
src/renderers/webgl-fallback/WebGLBackend.js(787,20): error TS2339: Property 'clearColorValue' does not exist on type 'Object'.
src/renderers/webgl-fallback/WebGLBackend.js(789,29): error TS2339: Property 'clearColorValue' does not exist on type 'Object'.
src/renderers/webgl-fallback/WebGLBackend.js(803,17): error TS2531: Object is possibly 'null'.
src/renderers/webgl-fallback/WebGLBackend.js(805,20): error TS2339: Property 'textures' does not exist on type 'Object'.
src/renderers/webgl-fallback/WebGLBackend.js(816,38): error TS2339: Property 'textures' does not exist on type 'Object'.
src/renderers/webgl-fallback/WebGLBackend.js(850,2): error TS2416: Property 'beginCompute' in type 'WebGLBackend' is not assignable to the same property in base type 'Backend'.
  Type '(computeGroup: any) => void' is not assignable to type '() => void'.
    Target signature provides too few arguments. Expected 1 or more, but got 0.
src/renderers/webgl-fallback/WebGLBackend.js(854,3): error TS18047: 'state' is possibly 'null'.
src/renderers/webgl-fallback/WebGLBackend.js(867,2): error TS2416: Property 'compute' in type 'WebGLBackend' is not assignable to the same property in base type 'Backend'.
  Type '(computeGroup: any, computeNode: Node, bindings: BindGroup[], pipeline: ComputePipeline) => void' is not assignable to type '() => void'.
    Target signature provides too few arguments. Expected 4 or more, but got 0.
src/renderers/webgl-fallback/WebGLBackend.js(879,11): error TS2339: Property 'programGPU' does not exist on type 'Object'.
src/renderers/webgl-fallback/WebGLBackend.js(879,23): error TS2339: Property 'transformBuffers' does not exist on type 'Object'.
src/renderers/webgl-fallback/WebGLBackend.js(879,41): error TS2339: Property 'attributes' does not exist on type 'Object'.
src/renderers/webgl-fallback/WebGLBackend.js(895,3): error TS18047: 'state' is possibly 'null'.
src/renderers/webgl-fallback/WebGLBackend.js(925,5): error TS2531: Object is possibly 'null'.
src/renderers/webgl-fallback/WebGLBackend.js(942,2): error TS2416: Property 'finishCompute' in type 'WebGLBackend' is not assignable to the same property in base type 'Backend'.
  Type '(computeGroup: any) => void' is not assignable to type '() => void'.
    Target signature provides too few arguments. Expected 1 or more, but got 0.
src/renderers/webgl-fallback/WebGLBackend.js(964,19): error TS8024: JSDoc '@param' tag has name 'info', but there is no parameter with that name.
src/renderers/webgl-fallback/WebGLBackend.js(966,2): error TS2416: Property 'draw' in type 'WebGLBackend' is not assignable to the same property in base type 'Backend'.
  Type '(renderObject: RenderObject) => void' is not assignable to type '() => void'.
    Target signature provides too few arguments. Expected 1 or more, but got 0.
src/renderers/webgl-fallback/WebGLBackend.js(969,11): error TS2339: Property 'programGPU' does not exist on type 'Object'.
src/renderers/webgl-fallback/WebGLBackend.js(985,3): error TS18047: 'state' is possibly 'null'.
src/renderers/webgl-fallback/WebGLBackend.js(987,3): error TS18047: 'state' is possibly 'null'.
src/renderers/webgl-fallback/WebGLBackend.js(993,33): error TS2339: Property 'staticVao' does not exist on type 'Object'.
src/renderers/webgl-fallback/WebGLBackend.js(995,49): error TS2339: Property 'geometryId' does not exist on type 'Object'.
src/renderers/webgl-fallback/WebGLBackend.js(1005,9): error TS2339: Property 'vaoGPU' does not exist on type 'Object'.
src/renderers/webgl-fallback/WebGLBackend.js(1005,17): error TS2339: Property 'staticVao' does not exist on type 'Object'.
src/renderers/webgl-fallback/WebGLBackend.js(1009,23): error TS2339: Property 'staticVao' does not exist on type 'Object'.
src/renderers/webgl-fallback/WebGLBackend.js(1010,23): error TS2339: Property 'geometryId' does not exist on type 'Object'.
src/renderers/webgl-fallback/WebGLBackend.js(1026,34): error TS2339: Property 'lastOcclusionObject' does not exist on type 'Object'.
src/renderers/webgl-fallback/WebGLBackend.js(1034,17): error TS2339: Property 'occlusionQueryIndex' does not exist on type 'Object'.
src/renderers/webgl-fallback/WebGLBackend.js(1044,17): error TS2339: Property 'occlusionQueries' does not exist on type 'Object'.
src/renderers/webgl-fallback/WebGLBackend.js(1044,47): error TS2339: Property 'occlusionQueryIndex' does not exist on type 'Object'.
src/renderers/webgl-fallback/WebGLBackend.js(1045,17): error TS2339: Property 'occlusionQueryObjects' does not exist on type 'Object'.
src/renderers/webgl-fallback/WebGLBackend.js(1045,52): error TS2339: Property 'occlusionQueryIndex' does not exist on type 'Object'.
src/renderers/webgl-fallback/WebGLBackend.js(1049,16): error TS2339: Property 'lastOcclusionObject' does not exist on type 'Object'.
src/renderers/webgl-fallback/WebGLBackend.js(1056,26): error TS18047: 'renderer' is possibly 'null'.
src/renderers/webgl-fallback/WebGLBackend.js(1057,37): error TS18047: 'renderer' is possibly 'null'.
src/renderers/webgl-fallback/WebGLBackend.js(1058,29): error TS18047: 'renderer' is possibly 'null'.
src/renderers/webgl-fallback/WebGLBackend.js(1059,33): error TS18047: 'renderer' is possibly 'null'.
src/renderers/webgl-fallback/WebGLBackend.js(1064,5): error TS18047: 'state' is possibly 'null'.
src/renderers/webgl-fallback/WebGLBackend.js(1065,5): error TS18047: 'renderer' is possibly 'null'.
src/renderers/webgl-fallback/WebGLBackend.js(1069,5): error TS18047: 'renderer' is possibly 'null'.
src/renderers/webgl-fallback/WebGLBackend.js(1080,3): error TS18047: 'renderer' is possibly 'null'.
src/renderers/webgl-fallback/WebGLBackend.js(1088,4): error TS18047: 'renderer' is possibly 'null'.
src/renderers/webgl-fallback/WebGLBackend.js(1089,4): error TS18047: 'renderer' is possibly 'null'.
src/renderers/webgl-fallback/WebGLBackend.js(1089,30): error TS2339: Property 'type' does not exist on type 'Object'.
src/renderers/webgl-fallback/WebGLBackend.js(1093,4): error TS18047: 'renderer' is possibly 'null'.
src/renderers/webgl-fallback/WebGLBackend.js(1103,6): error TS18047: 'renderer' is possibly 'null'.
src/renderers/webgl-fallback/WebGLBackend.js(1111,6): error TS18047: 'renderer' is possibly 'null'.
src/renderers/webgl-fallback/WebGLBackend.js(1117,5): error TS18047: 'renderer' is possibly 'null'.
src/renderers/webgl-fallback/WebGLBackend.js(1121,5): error TS18047: 'renderer' is possibly 'null'.
src/renderers/webgl-fallback/WebGLBackend.js(1133,20): error TS2339: Property 'indexesGPU' does not exist on type 'Object'.
src/renderers/webgl-fallback/WebGLBackend.js(1133,59): error TS2339: Property 'indexesGPU' does not exist on type 'Object'.
src/renderers/webgl-fallback/WebGLBackend.js(1151,16): error TS2339: Property 'indexesGPU' does not exist on type 'Object'.
src/renderers/webgl-fallback/WebGLBackend.js(1171,6): error TS18047: 'state' is possibly 'null'.
src/renderers/webgl-fallback/WebGLBackend.js(1178,6): error TS18047: 'state' is possibly 'null'.
src/renderers/webgl-fallback/WebGLBackend.js(1178,63): error TS2339: Property 'index' does not exist on type 'Object'.
src/renderers/webgl-fallback/WebGLBackend.js(1178,81): error TS2339: Property 'indexesGPU' does not exist on type 'Object'.
src/renderers/webgl-fallback/WebGLBackend.js(1201,27): error TS8024: JSDoc '@param' tag has name 'renderObject', but there is no parameter with that name.
src/renderers/webgl-fallback/WebGLBackend.js(1213,27): error TS8024: JSDoc '@param' tag has name 'renderObject', but there is no parameter with that name.
src/renderers/webgl-fallback/WebGLBackend.js(1230,2): error TS2416: Property 'createDefaultTexture' in type 'WebGLBackend' is not assignable to the same property in base type 'Backend'.
  Type '(texture: Texture) => void' is not assignable to type '() => void'.
    Target signature provides too few arguments. Expected 1 or more, but got 0.
src/renderers/webgl-fallback/WebGLBackend.js(1232,3): error TS2531: Object is possibly 'null'.
src/renderers/webgl-fallback/WebGLBackend.js(1242,2): error TS2416: Property 'createTexture' in type 'WebGLBackend' is not assignable to the same property in base type 'Backend'.
  Type '(texture: Texture, options?: Object | undefined) => void' is not assignable to type '() => void'.
    Target signature provides too few arguments. Expected 1 or more, but got 0.
src/renderers/webgl-fallback/WebGLBackend.js(1244,3): error TS2531: Object is possibly 'null'.
src/renderers/webgl-fallback/WebGLBackend.js(1254,2): error TS2416: Property 'updateTexture' in type 'WebGLBackend' is not assignable to the same property in base type 'Backend'.
  Type '(texture: Texture, options?: Object | undefined) => void' is not assignable to type '() => void'.
    Target signature provides too few arguments. Expected 1 or more, but got 0.
src/renderers/webgl-fallback/WebGLBackend.js(1256,3): error TS2531: Object is possibly 'null'.
src/renderers/webgl-fallback/WebGLBackend.js(1265,2): error TS2416: Property 'generateMipmaps' in type 'WebGLBackend' is not assignable to the same property in base type 'Backend'.
  Type '(texture: Texture) => void' is not assignable to type '() => void'.
    Target signature provides too few arguments. Expected 1 or more, but got 0.
src/renderers/webgl-fallback/WebGLBackend.js(1267,3): error TS2531: Object is possibly 'null'.
src/renderers/webgl-fallback/WebGLBackend.js(1276,2): error TS2416: Property 'destroyTexture' in type 'WebGLBackend' is not assignable to the same property in base type 'Backend'.
  Type '(texture: Texture) => void' is not assignable to type '() => void'.
    Target signature provides too few arguments. Expected 1 or more, but got 0.
src/renderers/webgl-fallback/WebGLBackend.js(1278,3): error TS2531: Object is possibly 'null'.
src/renderers/webgl-fallback/WebGLBackend.js(1294,8): error TS2416: Property 'copyTextureToBuffer' in type 'WebGLBackend' is not assignable to the same property in base type 'Backend'.
  Type '(texture: Texture, x: number, y: number, width: number, height: number, faceIndex: number) => Promise<TypedArray>' is not assignable to type '() => Promise<TypedArray>'.
    Target signature provides too few arguments. Expected 6 or more, but got 0.
src/renderers/webgl-fallback/WebGLBackend.js(1296,10): error TS2531: Object is possibly 'null'.
src/renderers/webgl-fallback/WebGLBackend.js(1303,22): error TS8024: JSDoc '@param' tag has name 'texture', but there is no parameter with that name.
src/renderers/webgl-fallback/WebGLBackend.js(1314,22): error TS8024: JSDoc '@param' tag has name 'texture', but there is no parameter with that name.
src/renderers/webgl-fallback/WebGLBackend.js(1327,2): error TS2416: Property 'createNodeBuilder' in type 'WebGLBackend' is not assignable to the same property in base type 'Backend'.
  Type '(object: RenderObject, renderer: Renderer) => GLSLNodeBuilder' is not assignable to type '() => NodeBuilder'.
    Target signature provides too few arguments. Expected 2 or more, but got 0.
src/renderers/webgl-fallback/WebGLBackend.js(1340,2): error TS2416: Property 'createProgram' in type 'WebGLBackend' is not assignable to the same property in base type 'Backend'.
  Type '(program: ProgrammableStage) => void' is not assignable to type '() => void'.
    Target signature provides too few arguments. Expected 1 or more, but got 0.
src/renderers/webgl-fallback/WebGLBackend.js(1361,2): error TS2416: Property 'destroyProgram' in type 'WebGLBackend' is not assignable to the same property in base type 'Backend'.
  Type '(program: ProgrammableStage) => void' is not assignable to type '() => void'.
    Target signature provides too few arguments. Expected 1 or more, but got 0.
src/renderers/webgl-fallback/WebGLBackend.js(1371,19): error TS2314: Generic type 'Promise<T>' requires 1 type argument(s).
src/renderers/webgl-fallback/WebGLBackend.js(1373,2): error TS2416: Property 'createRenderPipeline' in type 'WebGLBackend' is not assignable to the same property in base type 'Backend'.
  Type '(renderObject: RenderObject, promises: Promise<any>[]) => void' is not assignable to type '() => void'.
    Target signature provides too few arguments. Expected 2 or more, but got 0.
src/renderers/webgl-fallback/WebGLBackend.js(1384,54): error TS2339: Property 'shaderGPU' does not exist on type 'Object'.
src/renderers/webgl-fallback/WebGLBackend.js(1385,50): error TS2339: Property 'shaderGPU' does not exist on type 'Object'.
src/renderers/webgl-fallback/WebGLBackend.js(1407,7): error TS2810: Expected 1 argument, but got 0. 'new Promise()' needs a JSDoc hint to produce a 'resolve' that can be called without arguments.
src/renderers/webgl-fallback/WebGLBackend.js(1549,11): error TS2339: Property 'programGPU' does not exist on type 'Object'.
src/renderers/webgl-fallback/WebGLBackend.js(1549,23): error TS2339: Property 'fragmentShader' does not exist on type 'Object'.
src/renderers/webgl-fallback/WebGLBackend.js(1549,39): error TS2339: Property 'vertexShader' does not exist on type 'Object'.
src/renderers/webgl-fallback/WebGLBackend.js(1557,3): error TS18047: 'state' is possibly 'null'.
src/renderers/webgl-fallback/WebGLBackend.js(1579,2): error TS2416: Property 'createComputePipeline' in type 'WebGLBackend' is not assignable to the same property in base type 'Backend'.
  Type '(computePipeline: ComputePipeline, bindings: BindGroup[]) => void' is not assignable to type '() => void'.
    Target signature provides too few arguments. Expected 2 or more, but got 0.
src/renderers/webgl-fallback/WebGLBackend.js(1596,54): error TS2339: Property 'shaderGPU' does not exist on type 'Object'.
src/renderers/webgl-fallback/WebGLBackend.js(1597,51): error TS2339: Property 'shaderGPU' does not exist on type 'Object'.
src/renderers/webgl-fallback/WebGLBackend.js(1631,3): error TS18047: 'state' is possibly 'null'.
src/renderers/webgl-fallback/WebGLBackend.js(1647,35): error TS2531: Object is possibly 'null'.
src/renderers/webgl-fallback/WebGLBackend.js(1655,35): error TS2531: Object is possibly 'null'.
src/renderers/webgl-fallback/WebGLBackend.js(1678,21): error TS8024: JSDoc '@param' tag has name 'cacheIndex', but there is no parameter with that name.
src/renderers/webgl-fallback/WebGLBackend.js(1679,21): error TS8024: JSDoc '@param' tag has name 'version', but there is no parameter with that name.
src/renderers/webgl-fallback/WebGLBackend.js(1681,2): error TS2416: Property 'createBindings' in type 'WebGLBackend' is not assignable to the same property in base type 'Backend'.
  Type '(bindGroup: BindGroup, bindings: BindGroup[]) => void' is not assignable to type '() => void'.
    Target signature provides too few arguments. Expected 2 or more, but got 0.
src/renderers/webgl-fallback/WebGLBackend.js(1708,35): error TS2554: Expected 1 arguments, but got 2.
src/renderers/webgl-fallback/WebGLBackend.js(1716,31): error TS8024: JSDoc '@param' tag has name 'bindings', but there is no parameter with that name.
src/renderers/webgl-fallback/WebGLBackend.js(1717,21): error TS8024: JSDoc '@param' tag has name 'cacheIndex', but there is no parameter with that name.
src/renderers/webgl-fallback/WebGLBackend.js(1718,21): error TS8024: JSDoc '@param' tag has name 'version', but there is no parameter with that name.
src/renderers/webgl-fallback/WebGLBackend.js(1720,2): error TS2416: Property 'updateBindings' in type 'WebGLBackend' is not assignable to the same property in base type 'Backend'.
  Type '(bindGroup: BindGroup) => void' is not assignable to type '() => void'.
    Target signature provides too few arguments. Expected 1 or more, but got 0.
src/renderers/webgl-fallback/WebGLBackend.js(1726,25): error TS2339: Property 'uniformBuffers' does not exist on type 'Object'.
src/renderers/webgl-fallback/WebGLBackend.js(1727,25): error TS2339: Property 'textures' does not exist on type 'Object'.
src/renderers/webgl-fallback/WebGLBackend.js(1746,13): error TS2339: Property 'textureGPU' does not exist on type 'Object'.
src/renderers/webgl-fallback/WebGLBackend.js(1746,25): error TS2339: Property 'glTextureType' does not exist on type 'Object'.
src/renderers/webgl-fallback/WebGLBackend.js(1765,2): error TS2416: Property 'updateBinding' in type 'WebGLBackend' is not assignable to the same property in base type 'Backend'.
  Type '(binding: Buffer) => void' is not assignable to type '() => void'.
    Target signature provides too few arguments. Expected 1 or more, but got 0.
src/renderers/webgl-fallback/WebGLBackend.js(1769,16): error TS2339: Property 'isUniformsGroup' does not exist on type 'Buffer'.
src/renderers/webgl-fallback/WebGLBackend.js(1769,43): error TS2339: Property 'isUniformBuffer' does not exist on type 'Buffer'.
src/renderers/webgl-fallback/WebGLBackend.js(1772,34): error TS2339: Property 'bufferGPU' does not exist on type 'Object'.
src/renderers/webgl-fallback/WebGLBackend.js(1789,2): error TS2416: Property 'createIndexAttribute' in type 'WebGLBackend' is not assignable to the same property in base type 'Backend'.
  Type '(attribute: BufferAttribute) => void' is not assignable to type '() => void'.
    Target signature provides too few arguments. Expected 1 or more, but got 0.
src/renderers/webgl-fallback/WebGLBackend.js(1793,3): error TS2531: Object is possibly 'null'.
src/renderers/webgl-fallback/WebGLBackend.js(1802,2): error TS2416: Property 'createAttribute' in type 'WebGLBackend' is not assignable to the same property in base type 'Backend'.
  Type '(attribute: BufferAttribute) => void' is not assignable to type '() => void'.
    Target signature provides too few arguments. Expected 1 or more, but got 0.
src/renderers/webgl-fallback/WebGLBackend.js(1808,3): error TS2531: Object is possibly 'null'.
src/renderers/webgl-fallback/WebGLBackend.js(1817,2): error TS2416: Property 'createStorageAttribute' in type 'WebGLBackend' is not assignable to the same property in base type 'Backend'.
  Type '(attribute: BufferAttribute) => void' is not assignable to type '() => void'.
    Target signature provides too few arguments. Expected 1 or more, but got 0.
src/renderers/webgl-fallback/WebGLBackend.js(1823,3): error TS2531: Object is possibly 'null'.
src/renderers/webgl-fallback/WebGLBackend.js(1832,2): error TS2416: Property 'updateAttribute' in type 'WebGLBackend' is not assignable to the same property in base type 'Backend'.
  Type '(attribute: BufferAttribute) => void' is not assignable to type '() => void'.
    Target signature provides too few arguments. Expected 1 or more, but got 0.
src/renderers/webgl-fallback/WebGLBackend.js(1834,3): error TS2531: Object is possibly 'null'.
src/renderers/webgl-fallback/WebGLBackend.js(1843,2): error TS2416: Property 'destroyAttribute' in type 'WebGLBackend' is not assignable to the same property in base type 'Backend'.
  Type '(attribute: BufferAttribute) => void' is not assignable to type '() => void'.
    Target signature provides too few arguments. Expected 1 or more, but got 0.
src/renderers/webgl-fallback/WebGLBackend.js(1845,3): error TS2531: Object is possibly 'null'.
src/renderers/webgl-fallback/WebGLBackend.js(1855,2): error TS2416: Property 'hasFeature' in type 'WebGLBackend' is not assignable to the same property in base type 'Backend'.
  Type '(name: string) => boolean' is not assignable to type '() => boolean'.
    Target signature provides too few arguments. Expected 1 or more, but got 0.
src/renderers/webgl-fallback/WebGLBackend.js(1857,68): error TS7053: Element implicitly has an 'any' type because expression of type 'string' can't be used to index type '{ WEBGL_multi_draw: string; WEBGL_compressed_texture_astc: string; WEBGL_compressed_texture_etc: string; WEBGL_compressed_texture_etc1: string; WEBGL_compressed_texture_pvrtc: string; WEBKIT_WEBGL_compressed_texture_pvrtc: string; WEBGL_compressed_texture_s3tc: string; EXT_texture_compression_bptc: string; EXT_disjo...'.
  No index signature with a parameter of type 'string' was found on type '{ WEBGL_multi_draw: string; WEBGL_compressed_texture_astc: string; WEBGL_compressed_texture_etc: string; WEBGL_compressed_texture_etc1: string; WEBGL_compressed_texture_pvrtc: string; WEBKIT_WEBGL_compressed_texture_pvrtc: string; WEBGL_compressed_texture_s3tc: string; EXT_texture_compression_bptc: string; EXT_disjo...'.
src/renderers/webgl-fallback/WebGLBackend.js(1863,9): error TS18047: 'extensions' is possibly 'null'.
src/renderers/webgl-fallback/WebGLBackend.js(1878,10): error TS2531: Object is possibly 'null'.
src/renderers/webgl-fallback/WebGLBackend.js(1891,2): error TS2416: Property 'copyTextureToTexture' in type 'WebGLBackend' is not assignable to the same property in base type 'Backend'.
  Type '(srcTexture: Texture, dstTexture: Texture, srcRegion?: any, dstPosition?: any, level?: number | undefined) => void' is not assignable to type '() => void'.
    Target signature provides too few arguments. Expected 2 or more, but got 0.
src/renderers/webgl-fallback/WebGLBackend.js(1893,3): error TS2531: Object is possibly 'null'.
src/renderers/webgl-fallback/WebGLBackend.js(1904,2): error TS2416: Property 'copyFramebufferToTexture' in type 'WebGLBackend' is not assignable to the same property in base type 'Backend'.
  Type '(texture: Texture, renderContext: RenderContext, rectangle: Vector4) => void' is not assignable to type '() => void'.
    Target signature provides too few arguments. Expected 3 or more, but got 0.
src/renderers/webgl-fallback/WebGLBackend.js(1906,3): error TS2531: Object is possibly 'null'.
src/renderers/webgl-fallback/WebGLBackend.js(1934,41): error TS2339: Property 'msaaFrameBuffer' does not exist on type 'Object'.
src/renderers/webgl-fallback/WebGLBackend.js(1935,52): error TS2339: Property 'depthRenderbuffer' does not exist on type 'Object'.
src/renderers/webgl-fallback/WebGLBackend.js(1943,29): error TS2339: Property 'cubeFramebuffers' does not exist on type 'Object'.
src/renderers/webgl-fallback/WebGLBackend.js(1943,75): error TS2339: Property 'cubeFramebuffers' does not exist on type 'Object'.
src/renderers/webgl-fallback/WebGLBackend.js(1945,34): error TS2339: Property 'cubeFramebuffers' does not exist on type 'Object'.
src/renderers/webgl-fallback/WebGLBackend.js(1953,29): error TS2339: Property 'framebuffers' does not exist on type 'Object'.
src/renderers/webgl-fallback/WebGLBackend.js(1953,71): error TS2339: Property 'framebuffers' does not exist on type 'Object'.
src/renderers/webgl-fallback/WebGLBackend.js(1955,34): error TS2339: Property 'framebuffers' does not exist on type 'Object'.
src/renderers/webgl-fallback/WebGLBackend.js(1963,5): error TS18047: 'state' is possibly 'null'.
src/renderers/webgl-fallback/WebGLBackend.js(1969,30): error TS2339: Property 'cubeFramebuffers' does not exist on type 'Object'.
src/renderers/webgl-fallback/WebGLBackend.js(1971,14): error TS2339: Property 'textureGPU' does not exist on type 'Object'.
src/renderers/webgl-fallback/WebGLBackend.js(1979,30): error TS2339: Property 'framebuffers' does not exist on type 'Object'.
src/renderers/webgl-fallback/WebGLBackend.js(1985,19): error TS2339: Property 'renderTarget' does not exist on type 'Object'.
src/renderers/webgl-fallback/WebGLBackend.js(1986,19): error TS2339: Property 'cacheKey' does not exist on type 'Object'.
src/renderers/webgl-fallback/WebGLBackend.js(1994,76): error TS2339: Property 'textureGPU' does not exist on type 'Object'.
src/renderers/webgl-fallback/WebGLBackend.js(1998,88): error TS2339: Property 'textureGPU' does not exist on type 'Object'.
src/renderers/webgl-fallback/WebGLBackend.js(2006,6): error TS18047: 'state' is possibly 'null'.
src/renderers/webgl-fallback/WebGLBackend.js(2014,18): error TS2339: Property 'renderTarget' does not exist on type 'Object'.
src/renderers/webgl-fallback/WebGLBackend.js(2015,18): error TS2339: Property 'cacheKey' does not exist on type 'Object'.
src/renderers/webgl-fallback/WebGLBackend.js(2017,86): error TS2339: Property 'textureGPU' does not exist on type 'Object'.
src/renderers/webgl-fallback/WebGLBackend.js(2027,6): error TS18047: 'state' is possibly 'null'.
src/renderers/webgl-fallback/WebGLBackend.js(2032,96): error TS2339: Property 'textureGPU' does not exist on type 'Object'.
src/renderers/webgl-fallback/WebGLBackend.js(2041,87): error TS2339: Property 'textureGPU' does not exist on type 'Object'.
src/renderers/webgl-fallback/WebGLBackend.js(2057,6): error TS18047: 'state' is possibly 'null'.
src/renderers/webgl-fallback/WebGLBackend.js(2081,80): error TS2339: Property 'glInternalFormat' does not exist on type 'Object'.
src/renderers/webgl-fallback/WebGLBackend.js(2087,30): error TS2339: Property 'msaaFrameBuffer' does not exist on type 'Object'.
src/renderers/webgl-fallback/WebGLBackend.js(2088,30): error TS2339: Property 'msaaRenderbuffers' does not exist on type 'Object'.
src/renderers/webgl-fallback/WebGLBackend.js(2093,7): error TS2531: Object is possibly 'null'.
src/renderers/webgl-fallback/WebGLBackend.js(2095,31): error TS2339: Property 'depthRenderbuffer' does not exist on type 'Object'.
src/renderers/webgl-fallback/WebGLBackend.js(2102,30): error TS2339: Property 'invalidationArray' does not exist on type 'Object'.
src/renderers/webgl-fallback/WebGLBackend.js(2106,50): error TS2339: Property 'msaaFrameBuffer' does not exist on type 'Object'.
src/renderers/webgl-fallback/WebGLBackend.js(2116,3): error TS18047: 'state' is possibly 'null'.
src/renderers/webgl-fallback/WebGLBackend.js(2136,27): error TS2339: Property 'id' does not exist on type 'Object'.
src/renderers/webgl-fallback/WebGLBackend.js(2144,31): error TS2339: Property 'id' does not exist on type 'Object'.
src/renderers/webgl-fallback/WebGLBackend.js(2175,54): error TS2339: Property 'bufferGPU' does not exist on type 'Object'.
src/renderers/webgl-fallback/WebGLBackend.js(2177,27): error TS2339: Property 'id' does not exist on type 'Object'.
src/renderers/webgl-fallback/WebGLBackend.js(2186,31): error TS2339: Property 'id' does not exist on type 'Object'.
src/renderers/webgl-fallback/WebGLBackend.js(2188,50): error TS2339: Property 'bufferGPU' does not exist on type 'Object'.
src/renderers/webgl-fallback/WebGLBackend.js(2197,52): error TS2339: Property 'bytesPerElement' does not exist on type 'Object'.
src/renderers/webgl-fallback/WebGLBackend.js(2198,47): error TS2339: Property 'bytesPerElement' does not exist on type 'Object'.
src/renderers/webgl-fallback/WebGLBackend.js(2207,23): error TS2339: Property 'isInteger' does not exist on type 'Object'.
src/renderers/webgl-fallback/WebGLBackend.js(2209,67): error TS2339: Property 'type' does not exist on type 'Object'.
src/renderers/webgl-fallback/WebGLBackend.js(2213,66): error TS2339: Property 'type' does not exist on type 'Object'.
src/renderers/webgl-fallback/WebGLBackend.js(2300,31): error TS2339: Property 'index' does not exist on type 'Object'.
src/renderers/webgl-fallback/WebGLBackend.js(2335,31): error TS2339: Property 'index' does not exist on type 'Object'.
src/renderers/webgl-fallback/WebGLBackend.js(2340,6): error TS18047: 'state' is possibly 'null'.
src/renderers/webgl-fallback/WebGLBackend.js(2340,66): error TS2339: Property 'bufferGPU' does not exist on type 'Object'.
src/renderers/webgl-fallback/WebGLBackend.js(2344,6): error TS18047: 'state' is possibly 'null'.
src/renderers/webgl-fallback/WebGLBackend.js(2344,37): error TS2339: Property 'glTextureType' does not exist on type 'Object'.
src/renderers/webgl-fallback/WebGLBackend.js(2344,64): error TS2339: Property 'textureGPU' does not exist on type 'Object'.
src/renderers/webgl-fallback/WebGLBufferRenderer.js(8,3): error TS7008: Member 'mode' implicitly has an 'any' type.
src/renderers/webgl-fallback/WebGLBufferRenderer.js(10,3): error TS7008: Member 'type' implicitly has an 'any' type.
src/renderers/webgl-fallback/WebGLBufferRenderer.js(11,3): error TS7008: Member 'object' implicitly has an 'any' type.
src/renderers/webgl/WebGLBackground.js(96,6): error TS2345: Argument of type 'ShaderMaterial' is not assignable to parameter of type 'MeshBasicMaterial'.
  Type 'ShaderMaterial' is missing the following properties from type 'MeshBasicMaterial': isMeshBasicMaterial, color, map, lightMap, and 12 more.
src/renderers/webgl/WebGLBackground.js(175,6): error TS2345: Argument of type 'ShaderMaterial' is not assignable to parameter of type 'MeshBasicMaterial'.
  Type 'ShaderMaterial' is missing the following properties from type 'MeshBasicMaterial': isMeshBasicMaterial, color, map, lightMap, and 12 more.
src/renderers/webgl/WebGLBindingStates.js(74,20): error TS7053: Element implicitly has an 'any' type because expression of type 'any' can't be used to index type '{}'.
src/renderers/webgl/WebGLBindingStates.js(79,4): error TS7053: Element implicitly has an 'any' type because expression of type 'any' can't be used to index type '{}'.
src/renderers/webgl/WebGLBindingStates.js(152,29): error TS7053: Element implicitly has an 'any' type because expression of type 'string' can't be used to index type '{}'.
  No index signature with a parameter of type 'string' was found on type '{}'.
src/renderers/webgl/WebGLBindingStates.js(174,21): error TS2551: Property 'attributesNum' does not exist on type '{ geometry: null; program: null; wireframe: boolean; newAttributes: number[]; enabledAttributes: number[]; attributeDivisors: number[]; object: any; attributes: {}; index: null; }'. Did you mean 'attributes'?
src/renderers/webgl/WebGLBindingStates.js(210,11): error TS2339: Property 'data' does not exist on type '{ attribute: any; }'.
src/renderers/webgl/WebGLBindingStates.js(214,5): error TS7053: Element implicitly has an 'any' type because expression of type 'string' can't be used to index type '{}'.
  No index signature with a parameter of type 'string' was found on type '{}'.
src/renderers/webgl/WebGLBindingStates.js(223,16): error TS2551: Property 'attributesNum' does not exist on type '{ geometry: null; program: null; wireframe: boolean; newAttributes: number[]; enabledAttributes: number[]; attributeDivisors: number[]; object: any; attributes: {}; index: null; }'. Did you mean 'attributes'?
src/renderers/webgl/WebGLBindingStates.js(480,23): error TS7053: Element implicitly has an 'any' type because expression of type 'string' can't be used to index type '{}'.
  No index signature with a parameter of type 'string' was found on type '{}'.
src/renderers/webgl/WebGLBindingStates.js(498,11): error TS7053: Element implicitly has an 'any' type because expression of type 'string' can't be used to index type '{}'.
  No index signature with a parameter of type 'string' was found on type '{}'.
src/renderers/webgl/WebGLBindingStates.js(506,8): error TS7053: Element implicitly has an 'any' type because expression of type 'any' can't be used to index type '{}'.
src/renderers/webgl/WebGLBindingStates.js(508,22): error TS7053: Element implicitly has an 'any' type because expression of type 'any' can't be used to index type '{}'.
src/renderers/webgl/WebGLBindingStates.js(526,10): error TS7053: Element implicitly has an 'any' type because expression of type 'any' can't be used to index type '{}'.
src/renderers/webgl/WebGLBindingStates.js(534,23): error TS7053: Element implicitly has an 'any' type because expression of type 'string' can't be used to index type '{}'.
  No index signature with a parameter of type 'string' was found on type '{}'.
src/renderers/webgl/WebGLClipping.js(101,51): error TS2339: Property 'numPlanes' does not exist on type 'setState'.
src/renderers/webgl/WebGLClipping.js(102,9): error TS2339: Property 'numPlanes' does not exist on type 'setState'.
src/renderers/webgl/WebGLClipping.js(139,40): error TS2339: Property 'length' does not exist on type 'never'.
src/renderers/webgl/WebGLClipping.js(149,28): error TS2345: Argument of type 'Float32Array<any>' is not assignable to parameter of type 'any[]'.
  Type 'Float32Array<any>' is missing the following properties from type 'any[]': pop, push, concat, shift, and 6 more.
src/renderers/webgl/WebGLClipping.js(156,4): error TS2322: Type 'Float32Array<any>' is not assignable to type 'null'.
src/renderers/webgl/WebGLExtensions.js(9,8): error TS7053: Element implicitly has an 'any' type because expression of type 'any' can't be used to index type '{}'.
src/renderers/webgl/WebGLExtensions.js(11,11): error TS7053: Element implicitly has an 'any' type because expression of type 'any' can't be used to index type '{}'.
src/renderers/webgl/WebGLExtensions.js(40,3): error TS7053: Element implicitly has an 'any' type because expression of type 'any' can't be used to index type '{}'.
src/renderers/webgl/WebGLGeometries.js(27,10): error TS7053: Element implicitly has an 'any' type because expression of type 'any' can't be used to index type '{}'.
src/renderers/webgl/WebGLGeometries.js(54,8): error TS7053: Element implicitly has an 'any' type because expression of type 'any' can't be used to index type '{}'.
src/renderers/webgl/WebGLGeometries.js(58,3): error TS7053: Element implicitly has an 'any' type because expression of type 'any' can't be used to index type '{}'.
src/renderers/webgl/WebGLLights.js(15,9): error TS7053: Element implicitly has an 'any' type because expression of type 'any' can't be used to index type '{}'.
src/renderers/webgl/WebGLLights.js(17,12): error TS7053: Element implicitly has an 'any' type because expression of type 'any' can't be used to index type '{}'.
src/renderers/webgl/WebGLLights.js(72,4): error TS7053: Element implicitly has an 'any' type because expression of type 'any' can't be used to index type '{}'.
src/renderers/webgl/WebGLLights.js(90,9): error TS7053: Element implicitly has an 'any' type because expression of type 'any' can't be used to index type '{}'.
src/renderers/webgl/WebGLLights.js(92,12): error TS7053: Element implicitly has an 'any' type because expression of type 'any' can't be used to index type '{}'.
src/renderers/webgl/WebGLLights.js(136,4): error TS7053: Element implicitly has an 'any' type because expression of type 'any' can't be used to index type '{}'.
src/renderers/webgl/WebGLLights.js(158,16): error TS7009: 'new' expression, whose target lacks a construct signature, implicitly has an 'any' type.
src/renderers/webgl/WebGLLights.js(205,51): error TS2345: Argument of type 'Vector3' is not assignable to parameter of type 'never'.
src/renderers/webgl/WebGLLights.js(215,51): error TS2339: Property 'set' does not exist on type 'never'.
src/renderers/webgl/WebGLLights.js(254,23): error TS2339: Property 'addScaledVector' does not exist on type 'never'.
src/renderers/webgl/WebGLLights.js(278,6): error TS2322: Type 'any' is not assignable to type 'never'.
src/renderers/webgl/WebGLLights.js(279,6): error TS2322: Type 'any' is not assignable to type 'never'.
src/renderers/webgl/WebGLLights.js(280,6): error TS2322: Type 'any' is not assignable to type 'never'.
src/renderers/webgl/WebGLLights.js(286,5): error TS2322: Type 'any' is not assignable to type 'never'.
src/renderers/webgl/WebGLLights.js(303,5): error TS2322: Type 'any' is not assignable to type 'never'.
src/renderers/webgl/WebGLLights.js(309,6): error TS2322: Type 'any' is not assignable to type 'never'.
src/renderers/webgl/WebGLLights.js(320,5): error TS2322: Type 'any' is not assignable to type 'never'.
src/renderers/webgl/WebGLLights.js(332,6): error TS2322: Type 'any' is not assignable to type 'never'.
src/renderers/webgl/WebGLLights.js(333,6): error TS2322: Type 'any' is not assignable to type 'never'.
src/renderers/webgl/WebGLLights.js(350,5): error TS2322: Type 'any' is not assignable to type 'never'.
src/renderers/webgl/WebGLLights.js(376,6): error TS2322: Type 'any' is not assignable to type 'never'.
src/renderers/webgl/WebGLLights.js(377,6): error TS2322: Type 'any' is not assignable to type 'never'.
src/renderers/webgl/WebGLLights.js(378,6): error TS2322: Type 'any' is not assignable to type 'never'.
src/renderers/webgl/WebGLLights.js(384,5): error TS2322: Type 'any' is not assignable to type 'never'.
src/renderers/webgl/WebGLLights.js(395,5): error TS2322: Type 'any' is not assignable to type 'never'.
src/renderers/webgl/WebGLLights.js(407,38): error TS2339: Property 'LTC_FLOAT_1' does not exist on type '{ common: { diffuse: { value: Color; }; opacity: { value: number; }; map: { value: null; }; mapTransform: { value: Matrix3; }; alphaMap: { value: null; }; alphaMapTransform: { value: Matrix3; }; alphaTest: { ...; }; }; ... 14 more ...; sprite: { ...; }; }'.
src/renderers/webgl/WebGLLights.js(408,38): error TS2339: Property 'LTC_FLOAT_2' does not exist on type '{ common: { diffuse: { value: Color; }; opacity: { value: number; }; map: { value: null; }; mapTransform: { value: Matrix3; }; alphaMap: { value: null; }; alphaMapTransform: { value: Matrix3; }; alphaTest: { ...; }; }; ... 14 more ...; sprite: { ...; }; }'.
src/renderers/webgl/WebGLLights.js(412,38): error TS2339: Property 'LTC_HALF_1' does not exist on type '{ common: { diffuse: { value: Color; }; opacity: { value: number; }; map: { value: null; }; mapTransform: { value: Matrix3; }; alphaMap: { value: null; }; alphaMapTransform: { value: Matrix3; }; alphaTest: { ...; }; }; ... 14 more ...; sprite: { ...; }; }'.
src/renderers/webgl/WebGLLights.js(413,38): error TS2339: Property 'LTC_HALF_2' does not exist on type '{ common: { diffuse: { value: Color; }; opacity: { value: number; }; map: { value: null; }; mapTransform: { value: Matrix3; }; alphaMap: { value: null; }; alphaMapTransform: { value: Matrix3; }; alphaTest: { ...; }; }; ... 14 more ...; sprite: { ...; }; }'.
src/renderers/webgl/WebGLMorphtargets.js(52,42): error TS2345: Argument of type 'Float32Array<ArrayBuffer>' is not assignable to parameter of type 'null | undefined'.
src/renderers/webgl/WebGLProgram.js(212,3): error TS7053: Element implicitly has an 'any' type because expression of type 'any' can't be used to index type '{}'.
src/renderers/webgl/WebGLProgram.js(271,15): error TS7053: Element implicitly has an 'any' type because expression of type 'any' can't be used to index type '{ alphahash_fragment: string; alphahash_pars_fragment: string; alphamap_fragment: string; alphamap_pars_fragment: string; alphatest_fragment: string; alphatest_pars_fragment: string; ... 134 more ...; sprite_frag: string; }'.
src/renderers/webgl/WebGLProgram.js(279,13): error TS7053: Element implicitly has an 'any' type because expression of type 'any' can't be used to index type '{ alphahash_fragment: string; alphahash_pars_fragment: string; alphamap_fragment: string; alphamap_pars_fragment: string; alphatest_fragment: string; alphatest_pars_fragment: string; ... 134 more ...; sprite_frag: string; }'.
src/renderers/webgl/WebGLPrograms.js(58,20): error TS7053: Element implicitly has an 'any' type because expression of type 'any' can't be used to index type '{ MeshDepthMaterial: string; MeshDistanceMaterial: string; MeshNormalMaterial: string; MeshBasicMaterial: string; MeshLambertMaterial: string; MeshPhongMaterial: string; MeshToonMaterial: string; ... 7 more ...; SpriteMaterial: string; }'.
src/renderers/webgl/WebGLPrograms.js(93,19): error TS7053: Element implicitly has an 'any' type because expression of type 'any' can't be used to index type '{ basic: { uniforms: {}; vertexShader: string; fragmentShader: string; }; lambert: { uniforms: {}; vertexShader: string; fragmentShader: string; }; phong: { uniforms: {}; vertexShader: string; fragmentShader: string; }; ... 13 more ...; shadow: { ...; }; }'.
src/renderers/webgl/WebGLPrograms.js(367,14): error TS2339: Property 'vertexUv1s' does not exist on type '{ shaderID: any; shaderType: any; shaderName: any; vertexShader: any; fragmentShader: any; defines: any; customVertexShaderID: any; customFragmentShaderID: any; isRawShaderMaterial: boolean; ... 118 more ...; customProgramCacheKey: any; }'.
src/renderers/webgl/WebGLPrograms.js(368,14): error TS2339: Property 'vertexUv2s' does not exist on type '{ shaderID: any; shaderType: any; shaderName: any; vertexShader: any; fragmentShader: any; defines: any; customVertexShaderID: any; customFragmentShaderID: any; isRawShaderMaterial: boolean; ... 118 more ...; customProgramCacheKey: any; }'.
src/renderers/webgl/WebGLPrograms.js(369,14): error TS2339: Property 'vertexUv3s' does not exist on type '{ shaderID: any; shaderType: any; shaderName: any; vertexShader: any; fragmentShader: any; defines: any; customVertexShaderID: any; customFragmentShaderID: any; isRawShaderMaterial: boolean; ... 118 more ...; customProgramCacheKey: any; }'.
src/renderers/webgl/WebGLPrograms.js(573,20): error TS7053: Element implicitly has an 'any' type because expression of type 'any' can't be used to index type '{ MeshDepthMaterial: string; MeshDistanceMaterial: string; MeshNormalMaterial: string; MeshBasicMaterial: string; MeshLambertMaterial: string; MeshPhongMaterial: string; MeshToonMaterial: string; ... 7 more ...; SpriteMaterial: string; }'.
src/renderers/webgl/WebGLPrograms.js(578,19): error TS7053: Element implicitly has an 'any' type because expression of type 'any' can't be used to index type '{ basic: { uniforms: {}; vertexShader: string; fragmentShader: string; }; lambert: { uniforms: {}; vertexShader: string; fragmentShader: string; }; phong: { uniforms: {}; vertexShader: string; fragmentShader: string; }; ... 13 more ...; shadow: { ...; }; }'.
src/renderers/webgl/WebGLRenderLists.js(202,11): error TS7009: 'new' expression, whose target lacks a construct signature, implicitly has an 'any' type.
src/renderers/webgl/WebGLRenderLists.js(209,12): error TS7009: 'new' expression, whose target lacks a construct signature, implicitly has an 'any' type.
src/renderers/webgl/WebGLRenderStates.js(5,17): error TS7009: 'new' expression, whose target lacks a construct signature, implicitly has an 'any' type.
src/renderers/webgl/WebGLRenderStates.js(77,18): error TS7009: 'new' expression, whose target lacks a construct signature, implicitly has an 'any' type.
src/renderers/webgl/WebGLRenderStates.js(84,19): error TS7009: 'new' expression, whose target lacks a construct signature, implicitly has an 'any' type.
src/renderers/webgl/WebGLShadowMap.js(60,50): error TS2345: Argument of type 'ShaderMaterial' is not assignable to parameter of type 'MeshBasicMaterial'.
  Type 'ShaderMaterial' is missing the following properties from type 'MeshBasicMaterial': isMeshBasicMaterial, color, map, lightMap, and 12 more.
src/renderers/webgl/WebGLShadowMap.js(207,39): error TS2339: Property 'VSM_SAMPLES' does not exist on type '{}'.
src/renderers/webgl/WebGLShadowMap.js(209,35): error TS2339: Property 'VSM_SAMPLES' does not exist on type '{}'.
src/renderers/webgl/WebGLShadowMap.js(225,35): error TS2339: Property 'shadow_pass' does not exist on type '{}'.
src/renderers/webgl/WebGLShadowMap.js(226,35): error TS2339: Property 'resolution' does not exist on type '{}'.
src/renderers/webgl/WebGLShadowMap.js(227,35): error TS2339: Property 'radius' does not exist on type '{}'.
src/renderers/webgl/WebGLShadowMap.js(267,31): error TS7053: Element implicitly has an 'any' type because expression of type 'string' can't be used to index type '{}'.
  No index signature with a parameter of type 'string' was found on type '{}'.
src/renderers/webgl/WebGLShadowMap.js(272,6): error TS7053: Element implicitly has an 'any' type because expression of type 'string' can't be used to index type '{}'.
  No index signature with a parameter of type 'string' was found on type '{}'.
src/renderers/webgl/WebGLShadowMap.js(301,75): error TS7053: Element implicitly has an 'any' type because expression of type 'any' can't be used to index type '{ 0: number; 1: number; 2: number; }'.
src/renderers/webgl/WebGLShadowMap.js(405,18): error TS7053: Element implicitly has an 'any' type because expression of type 'string' can't be used to index type '{}'.
  No index signature with a parameter of type 'string' was found on type '{}'.
src/renderers/webgl/WebGLState.js(148,33): error TS7053: Element implicitly has an 'any' type because expression of type 'any' can't be used to index type '{ 0: number; 2: number; 4: number; 3: number; 1: number; 6: number; 7: number; 5: number; }'.
src/renderers/webgl/WebGLState.js(358,22): error TS7009: 'new' expression, whose target lacks a construct signature, implicitly has an 'any' type.
src/renderers/webgl/WebGLState.js(359,22): error TS7009: 'new' expression, whose target lacks a construct signature, implicitly has an 'any' type.
src/renderers/webgl/WebGLState.js(360,24): error TS7009: 'new' expression, whose target lacks a construct signature, implicitly has an 'any' type.
src/renderers/webgl/WebGLState.js(401,25): error TS2531: Object is possibly 'null'.
src/renderers/webgl/WebGLState.js(406,25): error TS2531: Object is possibly 'null'.
src/renderers/webgl/WebGLState.js(448,2): error TS7053: Element implicitly has an 'any' type because expression of type 'any' can't be used to index type '{}'.
src/renderers/webgl/WebGLState.js(449,2): error TS7053: Element implicitly has an 'any' type because expression of type 'any' can't be used to index type '{}'.
src/renderers/webgl/WebGLState.js(450,2): error TS7053: Element implicitly has an 'any' type because expression of type 'any' can't be used to index type '{}'.
src/renderers/webgl/WebGLState.js(451,2): error TS7053: Element implicitly has an 'any' type because expression of type 'any' can't be used to index type '{}'.
src/renderers/webgl/WebGLState.js(472,8): error TS7053: Element implicitly has an 'any' type because expression of type 'any' can't be used to index type '{}'.
src/renderers/webgl/WebGLState.js(475,4): error TS7053: Element implicitly has an 'any' type because expression of type 'any' can't be used to index type '{}'.
src/renderers/webgl/WebGLState.js(483,8): error TS7053: Element implicitly has an 'any' type because expression of type 'any' can't be used to index type '{}'.
src/renderers/webgl/WebGLState.js(486,4): error TS7053: Element implicitly has an 'any' type because expression of type 'any' can't be used to index type '{}'.
src/renderers/webgl/WebGLState.js(494,8): error TS7053: Element implicitly has an 'any' type because expression of type 'any' can't be used to index type '{}'.
src/renderers/webgl/WebGLState.js(498,4): error TS7053: Element implicitly has an 'any' type because expression of type 'any' can't be used to index type '{}'.
src/renderers/webgl/WebGLState.js(504,5): error TS7053: Element implicitly has an 'any' type because expression of type 'any' can't be used to index type '{}'.
src/renderers/webgl/WebGLState.js(510,5): error TS7053: Element implicitly has an 'any' type because expression of type 'any' can't be used to index type '{}'.
src/renderers/webgl/WebGLState.js(597,2): error TS7053: Element implicitly has an 'any' type because expression of type '103' can't be used to index type '{ 100: any; 101: any; 102: any; }'.
  Property '103' does not exist on type '{ 100: any; 101: any; 102: any; }'.
src/renderers/webgl/WebGLState.js(598,2): error TS7053: Element implicitly has an 'any' type because expression of type '104' can't be used to index type '{ 100: any; 101: any; 102: any; }'.
  Property '104' does not exist on type '{ 100: any; 101: any; 102: any; }'.
src/renderers/webgl/WebGLState.js(731,30): error TS7053: Element implicitly has an 'any' type because expression of type 'any' can't be used to index type '{ 100: any; 101: any; 102: any; }'.
src/renderers/webgl/WebGLState.js(731,61): error TS7053: Element implicitly has an 'any' type because expression of type 'any' can't be used to index type '{ 100: any; 101: any; 102: any; }'.
src/renderers/webgl/WebGLState.js(740,26): error TS7053: Element implicitly has an 'any' type because expression of type 'any' can't be used to index type '{ 200: any; 201: any; 202: any; 204: any; 210: any; 208: any; 206: any; 203: any; 205: any; 209: any; 207: any; 211: any; 212: any; 213: any; 214: any; }'.
src/renderers/webgl/WebGLState.js(740,50): error TS7053: Element implicitly has an 'any' type because expression of type 'any' can't be used to index type '{ 200: any; 201: any; 202: any; 204: any; 210: any; 208: any; 206: any; 203: any; 205: any; 209: any; 207: any; 211: any; 212: any; 213: any; 214: any; }'.
src/renderers/webgl/WebGLState.js(740,74): error TS7053: Element implicitly has an 'any' type because expression of type 'any' can't be used to index type '{ 200: any; 201: any; 202: any; 204: any; 210: any; 208: any; 206: any; 203: any; 205: any; 209: any; 207: any; 211: any; 212: any; 213: any; 214: any; }'.
src/renderers/webgl/WebGLState.js(740,103): error TS7053: Element implicitly has an 'any' type because expression of type 'any' can't be used to index type '{ 200: any; 201: any; 202: any; 204: any; 210: any; 208: any; 206: any; 203: any; 205: any; 209: any; 207: any; 211: any; 212: any; 213: any; 214: any; }'.
src/renderers/webgl/WebGLState.js(937,22): error TS7053: Element implicitly has an 'any' type because expression of type 'any' can't be used to index type '{}'.
src/renderers/webgl/WebGLState.js(942,4): error TS7053: Element implicitly has an 'any' type because expression of type 'any' can't be used to index type '{}'.
src/renderers/webgl/WebGLState.js(955,47): error TS7053: Element implicitly has an 'any' type because expression of type 'any' can't be used to index type '{}'.
src/renderers/webgl/WebGLState.js(966,24): error TS7053: Element implicitly has an 'any' type because expression of type 'any' can't be used to index type '{}'.
src/renderers/webgl/WebGLTextures.js(625,55): error TS7053: Element implicitly has an 'any' type because expression of type 'any' can't be used to index type '{ 1000: any; 1001: any; 1002: any; }'.
src/renderers/webgl/WebGLTextures.js(626,55): error TS7053: Element implicitly has an 'any' type because expression of type 'any' can't be used to index type '{ 1000: any; 1001: any; 1002: any; }'.
src/renderers/webgl/WebGLTextures.js(630,56): error TS7053: Element implicitly has an 'any' type because expression of type 'any' can't be used to index type '{ 1000: any; 1001: any; 1002: any; }'.
src/renderers/webgl/WebGLTextures.js(634,59): error TS7053: Element implicitly has an 'any' type because expression of type 'any' can't be used to index type '{ 1003: any; 1004: any; 1005: any; 1006: any; 1007: any; 1008: any; }'.
src/renderers/webgl/WebGLTextures.js(635,59): error TS7053: Element implicitly has an 'any' type because expression of type 'any' can't be used to index type '{ 1003: any; 1004: any; 1005: any; 1006: any; 1007: any; 1008: any; }'.
src/renderers/webgl/WebGLTextures.js(640,62): error TS7053: Element implicitly has an 'any' type because expression of type 'any' can't be used to index type '{ 512: any; 519: any; 513: any; 515: any; 514: any; 518: any; 516: any; 517: any; }'.
src/renderers/webgl/WebGLUniforms.js(165,16): error TS2683: 'this' implicitly has type 'any' because it does not have a type annotation.
src/renderers/webgl/WebGLUniforms.js(169,16): error TS2683: 'this' implicitly has type 'any' because it does not have a type annotation.
src/renderers/webgl/WebGLUniforms.js(179,16): error TS2683: 'this' implicitly has type 'any' because it does not have a type annotation.
src/renderers/webgl/WebGLUniforms.js(185,18): error TS2683: 'this' implicitly has type 'any' because it does not have a type annotation.
src/renderers/webgl/WebGLUniforms.js(196,18): error TS2683: 'this' implicitly has type 'any' because it does not have a type annotation.
src/renderers/webgl/WebGLUniforms.js(206,16): error TS2683: 'this' implicitly has type 'any' because it does not have a type annotation.
src/renderers/webgl/WebGLUniforms.js(212,18): error TS2683: 'this' implicitly has type 'any' because it does not have a type annotation.
src/renderers/webgl/WebGLUniforms.js(224,18): error TS2683: 'this' implicitly has type 'any' because it does not have a type annotation.
src/renderers/webgl/WebGLUniforms.js(236,18): error TS2683: 'this' implicitly has type 'any' because it does not have a type annotation.
src/renderers/webgl/WebGLUniforms.js(246,16): error TS2683: 'this' implicitly has type 'any' because it does not have a type annotation.
src/renderers/webgl/WebGLUniforms.js(252,18): error TS2683: 'this' implicitly has type 'any' because it does not have a type annotation.
src/renderers/webgl/WebGLUniforms.js(265,18): error TS2683: 'this' implicitly has type 'any' because it does not have a type annotation.
src/renderers/webgl/WebGLUniforms.js(277,16): error TS2683: 'this' implicitly has type 'any' because it does not have a type annotation.
src/renderers/webgl/WebGLUniforms.js(284,24): error TS2683: 'this' implicitly has type 'any' because it does not have a type annotation.
src/renderers/webgl/WebGLUniforms.js(294,24): error TS2683: 'this' implicitly has type 'any' because it does not have a type annotation.
src/renderers/webgl/WebGLUniforms.js(304,16): error TS2683: 'this' implicitly has type 'any' because it does not have a type annotation.
src/renderers/webgl/WebGLUniforms.js(311,24): error TS2683: 'this' implicitly has type 'any' because it does not have a type annotation.
src/renderers/webgl/WebGLUniforms.js(321,24): error TS2683: 'this' implicitly has type 'any' because it does not have a type annotation.
src/renderers/webgl/WebGLUniforms.js(331,16): error TS2683: 'this' implicitly has type 'any' because it does not have a type annotation.
src/renderers/webgl/WebGLUniforms.js(338,24): error TS2683: 'this' implicitly has type 'any' because it does not have a type annotation.
src/renderers/webgl/WebGLUniforms.js(348,24): error TS2683: 'this' implicitly has type 'any' because it does not have a type annotation.
src/renderers/webgl/WebGLUniforms.js(360,16): error TS2683: 'this' implicitly has type 'any' because it does not have a type annotation.
src/renderers/webgl/WebGLUniforms.js(364,16): error TS2683: 'this' implicitly has type 'any' because it does not have a type annotation.
src/renderers/webgl/WebGLUniforms.js(374,16): error TS2683: 'this' implicitly has type 'any' because it does not have a type annotation.
src/renderers/webgl/WebGLUniforms.js(380,18): error TS2683: 'this' implicitly has type 'any' because it does not have a type annotation.
src/renderers/webgl/WebGLUniforms.js(391,18): error TS2683: 'this' implicitly has type 'any' because it does not have a type annotation.
src/renderers/webgl/WebGLUniforms.js(401,16): error TS2683: 'this' implicitly has type 'any' because it does not have a type annotation.
src/renderers/webgl/WebGLUniforms.js(407,18): error TS2683: 'this' implicitly has type 'any' because it does not have a type annotation.
src/renderers/webgl/WebGLUniforms.js(419,18): error TS2683: 'this' implicitly has type 'any' because it does not have a type annotation.
src/renderers/webgl/WebGLUniforms.js(429,16): error TS2683: 'this' implicitly has type 'any' because it does not have a type annotation.
src/renderers/webgl/WebGLUniforms.js(435,18): error TS2683: 'this' implicitly has type 'any' because it does not have a type annotation.
src/renderers/webgl/WebGLUniforms.js(448,18): error TS2683: 'this' implicitly has type 'any' because it does not have a type annotation.
src/renderers/webgl/WebGLUniforms.js(460,16): error TS2683: 'this' implicitly has type 'any' because it does not have a type annotation.
src/renderers/webgl/WebGLUniforms.js(464,17): error TS2683: 'this' implicitly has type 'any' because it does not have a type annotation.
src/renderers/webgl/WebGLUniforms.js(474,16): error TS2683: 'this' implicitly has type 'any' because it does not have a type annotation.
src/renderers/webgl/WebGLUniforms.js(480,19): error TS2683: 'this' implicitly has type 'any' because it does not have a type annotation.
src/renderers/webgl/WebGLUniforms.js(491,19): error TS2683: 'this' implicitly has type 'any' because it does not have a type annotation.
src/renderers/webgl/WebGLUniforms.js(501,16): error TS2683: 'this' implicitly has type 'any' because it does not have a type annotation.
src/renderers/webgl/WebGLUniforms.js(507,19): error TS2683: 'this' implicitly has type 'any' because it does not have a type annotation.
src/renderers/webgl/WebGLUniforms.js(519,19): error TS2683: 'this' implicitly has type 'any' because it does not have a type annotation.
src/renderers/webgl/WebGLUniforms.js(529,16): error TS2683: 'this' implicitly has type 'any' because it does not have a type annotation.
src/renderers/webgl/WebGLUniforms.js(535,19): error TS2683: 'this' implicitly has type 'any' because it does not have a type annotation.
src/renderers/webgl/WebGLUniforms.js(548,19): error TS2683: 'this' implicitly has type 'any' because it does not have a type annotation.
src/renderers/webgl/WebGLUniforms.js(561,16): error TS2683: 'this' implicitly has type 'any' because it does not have a type annotation.
src/renderers/webgl/WebGLUniforms.js(566,17): error TS2683: 'this' implicitly has type 'any' because it does not have a type annotation.
src/renderers/webgl/WebGLUniforms.js(573,7): error TS2683: 'this' implicitly has type 'any' because it does not have a type annotation.
src/renderers/webgl/WebGLUniforms.js(590,16): error TS2683: 'this' implicitly has type 'any' because it does not have a type annotation.
src/renderers/webgl/WebGLUniforms.js(595,17): error TS2683: 'this' implicitly has type 'any' because it does not have a type annotation.
src/renderers/webgl/WebGLUniforms.js(606,16): error TS2683: 'this' implicitly has type 'any' because it does not have a type annotation.
src/renderers/webgl/WebGLUniforms.js(611,17): error TS2683: 'this' implicitly has type 'any' because it does not have a type annotation.
src/renderers/webgl/WebGLUniforms.js(622,16): error TS2683: 'this' implicitly has type 'any' because it does not have a type annotation.
src/renderers/webgl/WebGLUniforms.js(627,17): error TS2683: 'this' implicitly has type 'any' because it does not have a type annotation.
src/renderers/webgl/WebGLUniforms.js(694,17): error TS2683: 'this' implicitly has type 'any' because it does not have a type annotation.
src/renderers/webgl/WebGLUniforms.js(702,27): error TS2683: 'this' implicitly has type 'any' because it does not have a type annotation.
src/renderers/webgl/WebGLUniforms.js(704,17): error TS2683: 'this' implicitly has type 'any' because it does not have a type annotation.
src/renderers/webgl/WebGLUniforms.js(710,27): error TS2683: 'this' implicitly has type 'any' because it does not have a type annotation.
src/renderers/webgl/WebGLUniforms.js(712,17): error TS2683: 'this' implicitly has type 'any' because it does not have a type annotation.
src/renderers/webgl/WebGLUniforms.js(718,27): error TS2683: 'this' implicitly has type 'any' because it does not have a type annotation.
src/renderers/webgl/WebGLUniforms.js(720,17): error TS2683: 'this' implicitly has type 'any' because it does not have a type annotation.
src/renderers/webgl/WebGLUniforms.js(728,27): error TS2683: 'this' implicitly has type 'any' because it does not have a type annotation.
src/renderers/webgl/WebGLUniforms.js(730,23): error TS2683: 'this' implicitly has type 'any' because it does not have a type annotation.
src/renderers/webgl/WebGLUniforms.js(736,27): error TS2683: 'this' implicitly has type 'any' because it does not have a type annotation.
src/renderers/webgl/WebGLUniforms.js(738,23): error TS2683: 'this' implicitly has type 'any' because it does not have a type annotation.
src/renderers/webgl/WebGLUniforms.js(744,27): error TS2683: 'this' implicitly has type 'any' because it does not have a type annotation.
src/renderers/webgl/WebGLUniforms.js(746,23): error TS2683: 'this' implicitly has type 'any' because it does not have a type annotation.
src/renderers/webgl/WebGLUniforms.js(754,17): error TS2683: 'this' implicitly has type 'any' because it does not have a type annotation.
src/renderers/webgl/WebGLUniforms.js(762,17): error TS2683: 'this' implicitly has type 'any' because it does not have a type annotation.
src/renderers/webgl/WebGLUniforms.js(768,17): error TS2683: 'this' implicitly has type 'any' because it does not have a type annotation.
src/renderers/webgl/WebGLUniforms.js(774,17): error TS2683: 'this' implicitly has type 'any' because it does not have a type annotation.
src/renderers/webgl/WebGLUniforms.js(782,18): error TS2683: 'this' implicitly has type 'any' because it does not have a type annotation.
src/renderers/webgl/WebGLUniforms.js(790,18): error TS2683: 'this' implicitly has type 'any' because it does not have a type annotation.
src/renderers/webgl/WebGLUniforms.js(796,18): error TS2683: 'this' implicitly has type 'any' because it does not have a type annotation.
src/renderers/webgl/WebGLUniforms.js(802,18): error TS2683: 'this' implicitly has type 'any' because it does not have a type annotation.
src/renderers/webgl/WebGLUniforms.js(811,16): error TS2683: 'this' implicitly has type 'any' because it does not have a type annotation.
src/renderers/webgl/WebGLUniforms.js(819,18): error TS2683: 'this' implicitly has type 'any' because it does not have a type annotation.
src/renderers/webgl/WebGLUniforms.js(835,16): error TS2683: 'this' implicitly has type 'any' because it does not have a type annotation.
src/renderers/webgl/WebGLUniforms.js(843,18): error TS2683: 'this' implicitly has type 'any' because it does not have a type annotation.
src/renderers/webgl/WebGLUniforms.js(859,16): error TS2683: 'this' implicitly has type 'any' because it does not have a type annotation.
src/renderers/webgl/WebGLUniforms.js(867,18): error TS2683: 'this' implicitly has type 'any' because it does not have a type annotation.
src/renderers/webgl/WebGLUniforms.js(883,16): error TS2683: 'this' implicitly has type 'any' because it does not have a type annotation.
src/renderers/webgl/WebGLUniforms.js(891,18): error TS2683: 'this' implicitly has type 'any' because it does not have a type annotation.
src/renderers/webgl/WebGLUniforms.js(967,3): error TS7008: Member 'cache' implicitly has an 'any[]' type.
src/renderers/webgl/WebGLUniforms.js(983,3): error TS7008: Member 'cache' implicitly has an 'any[]' type.
src/renderers/webgl/WebGLUniforms.js(1000,3): error TS7008: Member 'seq' implicitly has an 'any[]' type.
src/renderers/webgl/WebGLUniforms.js(1055,12): error TS18047: 'match' is possibly 'null'.
src/renderers/webgl/WebGLUniforms.js(1056,21): error TS18047: 'match' is possibly 'null'.
src/renderers/webgl/WebGLUniforms.js(1057,16): error TS18047: 'match' is possibly 'null'.
src/renderers/webgl/WebGLUniforms.js(1059,20): error TS2322: Type 'number' is not assignable to type 'string'.
src/renderers/webgl/WebGLUniforms.js(1059,25): error TS2362: The left-hand side of an arithmetic operation must be of type 'any', 'number', 'bigint' or an enum type.
src/renderers/webgl/WebGLUniforms.js(1117,13): error TS7053: Element implicitly has an 'any' type because expression of type 'any' can't be used to index type '{}'.
src/renderers/webgl/WebGLUniformsGroups.js(18,16): error TS7053: Element implicitly has an 'any' type because expression of type 'any' can't be used to index type '{}'.
src/renderers/webgl/WebGLUniformsGroups.js(25,4): error TS7053: Element implicitly has an 'any' type because expression of type 'any' can't be used to index type '{}'.
src/renderers/webgl/WebGLUniformsGroups.js(40,8): error TS7053: Element implicitly has an 'any' type because expression of type 'any' can't be used to index type '{}'.
src/renderers/webgl/WebGLUniformsGroups.js(44,4): error TS7053: Element implicitly has an 'any' type because expression of type 'any' can't be used to index type '{}'.
src/renderers/webgl/WebGLUniformsGroups.js(91,18): error TS7053: Element implicitly has an 'any' type because expression of type 'any' can't be used to index type '{}'.
src/renderers/webgl/WebGLUniformsGroups.js(281,10): error TS2683: 'this' implicitly has type 'any' because it does not have a type annotation.
src/renderers/webgl/WebGLUniformsGroups.js(359,20): error TS7053: Element implicitly has an 'any' type because expression of type 'any' can't be used to index type '{}'.
src/renderers/webgl/WebGLUniformsGroups.js(361,10): error TS7053: Element implicitly has an 'any' type because expression of type 'any' can't be used to index type '{}'.
src/renderers/webgl/WebGLUniformsGroups.js(362,10): error TS7053: Element implicitly has an 'any' type because expression of type 'any' can't be used to index type '{}'.
src/renderers/webgl/WebGLUniformsGroups.js(370,21): error TS7053: Element implicitly has an 'any' type because expression of type 'string' can't be used to index type '{}'.
  No index signature with a parameter of type 'string' was found on type '{}'.
src/renderers/WebGLCubeRenderTarget.js(21,51): error TS2339: Property 'mapping' does not exist on type '{}'.
src/renderers/WebGLCubeRenderTarget.js(21,68): error TS2339: Property 'wrapS' does not exist on type '{}'.
src/renderers/WebGLCubeRenderTarget.js(21,83): error TS2339: Property 'wrapT' does not exist on type '{}'.
src/renderers/WebGLCubeRenderTarget.js(21,98): error TS2339: Property 'magFilter' does not exist on type '{}'.
src/renderers/WebGLCubeRenderTarget.js(21,117): error TS2339: Property 'minFilter' does not exist on type '{}'.
src/renderers/WebGLCubeRenderTarget.js(21,136): error TS2339: Property 'format' does not exist on type '{}'.
src/renderers/WebGLCubeRenderTarget.js(21,152): error TS2339: Property 'type' does not exist on type '{}'.
src/renderers/WebGLCubeRenderTarget.js(21,166): error TS2339: Property 'anisotropy' does not exist on type '{}'.
src/renderers/WebGLCubeRenderTarget.js(21,186): error TS2339: Property 'colorSpace' does not exist on type '{}'.
src/renderers/WebGLCubeRenderTarget.js(33,42): error TS2339: Property 'generateMipmaps' does not exist on type '{}'.
src/renderers/WebGLCubeRenderTarget.js(33,82): error TS2339: Property 'generateMipmaps' does not exist on type '{}'.
src/renderers/WebGLCubeRenderTarget.js(34,36): error TS2339: Property 'minFilter' does not exist on type '{}'.
src/renderers/WebGLCubeRenderTarget.js(34,70): error TS2339: Property 'minFilter' does not exist on type '{}'.
src/renderers/WebGLCubeRenderTarget.js(107,21): error TS2339: Property 'tEquirect' does not exist on type '{}'.
src/renderers/WebGLCubeRenderTarget.js(109,36): error TS2345: Argument of type 'ShaderMaterial' is not assignable to parameter of type 'MeshBasicMaterial'.
  Type 'ShaderMaterial' is missing the following properties from type 'MeshBasicMaterial': isMeshBasicMaterial, color, map, lightMap, and 12 more.
src/renderers/WebGLRenderer.js(63,4): error TS2339: Property 'canvas' does not exist on type '{}'.
src/renderers/WebGLRenderer.js(64,4): error TS2339: Property 'context' does not exist on type '{}'.
src/renderers/WebGLRenderer.js(65,4): error TS2339: Property 'depth' does not exist on type '{}'.
src/renderers/WebGLRenderer.js(66,4): error TS2339: Property 'stencil' does not exist on type '{}'.
src/renderers/WebGLRenderer.js(67,4): error TS2339: Property 'alpha' does not exist on type '{}'.
src/renderers/WebGLRenderer.js(68,4): error TS2339: Property 'antialias' does not exist on type '{}'.
src/renderers/WebGLRenderer.js(69,4): error TS2339: Property 'premultipliedAlpha' does not exist on type '{}'.
src/renderers/WebGLRenderer.js(70,4): error TS2339: Property 'preserveDrawingBuffer' does not exist on type '{}'.
src/renderers/WebGLRenderer.js(71,4): error TS2339: Property 'powerPreference' does not exist on type '{}'.
src/renderers/WebGLRenderer.js(72,4): error TS2339: Property 'failIfMajorPerformanceCaveat' does not exist on type '{}'.
src/renderers/WebGLRenderer.js(73,4): error TS2339: Property 'reverseDepthBuffer' does not exist on type '{}'.
src/renderers/WebGLRenderer.js(140,3): error TS7008: Member 'clippingPlanes' implicitly has an 'any[]' type.
src/renderers/WebGLRenderer.js(273,45): error TS18046: 'error' is of type 'unknown'.
src/renderers/WebGLRenderer.js(288,17): error TS7009: 'new' expression, whose target lacks a construct signature, implicitly has an 'any' type.
src/renderers/WebGLRenderer.js(291,12): error TS7009: 'new' expression, whose target lacks a construct signature, implicitly has an 'any' type.
src/renderers/WebGLRenderer.js(293,19): error TS7009: 'new' expression, whose target lacks a construct signature, implicitly has an 'any' type.
src/renderers/WebGLRenderer.js(295,12): error TS7009: 'new' expression, whose target lacks a construct signature, implicitly has an 'any' type.
src/renderers/WebGLRenderer.js(303,11): error TS7009: 'new' expression, whose target lacks a construct signature, implicitly has an 'any' type.
src/renderers/WebGLRenderer.js(304,17): error TS7009: 'new' expression, whose target lacks a construct signature, implicitly has an 'any' type.
src/renderers/WebGLRenderer.js(306,15): error TS7009: 'new' expression, whose target lacks a construct signature, implicitly has an 'any' type.
src/renderers/WebGLRenderer.js(307,17): error TS7009: 'new' expression, whose target lacks a construct signature, implicitly has an 'any' type.
src/renderers/WebGLRenderer.js(308,17): error TS7009: 'new' expression, whose target lacks a construct signature, implicitly has an 'any' type.
src/renderers/WebGLRenderer.js(309,20): error TS7009: 'new' expression, whose target lacks a construct signature, implicitly has an 'any' type.
src/renderers/WebGLRenderer.js(310,17): error TS7009: 'new' expression, whose target lacks a construct signature, implicitly has an 'any' type.
src/renderers/WebGLRenderer.js(311,14): error TS7009: 'new' expression, whose target lacks a construct signature, implicitly has an 'any' type.
src/renderers/WebGLRenderer.js(312,19): error TS7009: 'new' expression, whose target lacks a construct signature, implicitly has an 'any' type.
src/renderers/WebGLRenderer.js(314,19): error TS7009: 'new' expression, whose target lacks a construct signature, implicitly has an 'any' type.
src/renderers/WebGLRenderer.js(315,16): error TS7009: 'new' expression, whose target lacks a construct signature, implicitly has an 'any' type.
src/renderers/WebGLRenderer.js(316,18): error TS7009: 'new' expression, whose target lacks a construct signature, implicitly has an 'any' type.
src/renderers/WebGLRenderer.js(317,19): error TS7009: 'new' expression, whose target lacks a construct signature, implicitly has an 'any' type.
src/renderers/WebGLRenderer.js(318,17): error TS7009: 'new' expression, whose target lacks a construct signature, implicitly has an 'any' type.
src/renderers/WebGLRenderer.js(320,21): error TS7009: 'new' expression, whose target lacks a construct signature, implicitly has an 'any' type.
src/renderers/WebGLRenderer.js(327,10): error TS2339: Property 'capabilities' does not exist on type 'WebGLRenderer'.
src/renderers/WebGLRenderer.js(328,10): error TS2339: Property 'extensions' does not exist on type 'WebGLRenderer'.
src/renderers/WebGLRenderer.js(329,10): error TS2339: Property 'properties' does not exist on type 'WebGLRenderer'.
src/renderers/WebGLRenderer.js(330,10): error TS2339: Property 'renderLists' does not exist on type 'WebGLRenderer'.
src/renderers/WebGLRenderer.js(331,10): error TS2339: Property 'shadowMap' does not exist on type 'WebGLRenderer'.
src/renderers/WebGLRenderer.js(332,10): error TS2339: Property 'state' does not exist on type 'WebGLRenderer'.
src/renderers/WebGLRenderer.js(333,10): error TS2339: Property 'info' does not exist on type 'WebGLRenderer'.
src/renderers/WebGLRenderer.js(611,10): error TS2339: Property 'state' does not exist on type 'WebGLRenderer'.
src/renderers/WebGLRenderer.js(953,4): error TS18047: 'targetScene' is possibly 'null'.
src/renderers/WebGLRenderer.js(1120,21): error TS7009: 'new' expression, whose target lacks a construct signature, implicitly has an 'any' type.
src/renderers/WebGLRenderer.js(1216,9): error TS2339: Property 'info' does not exist on type 'WebGLRenderer'.
src/renderers/WebGLRenderer.js(1228,14): error TS2339: Property 'info' does not exist on type 'WebGLRenderer'.
src/renderers/WebGLRenderer.js(1228,45): error TS2339: Property 'info' does not exist on type 'WebGLRenderer'.
src/renderers/WebGLRenderer.js(2575,43): error TS2339: Property 'x' does not exist on type 'never'.
src/renderers/WebGLRenderer.js(2576,43): error TS2339: Property 'y' does not exist on type 'never'.
src/renderers/WebGLRenderer.js(2611,6): error TS2322: Type 'number' is not assignable to type 'null'.
src/renderers/WebGLRenderer.js(2616,6): error TS2322: Type '0' is not assignable to type 'null'.
src/renderers/WebGLRenderer.js(2625,71): error TS2538: Type 'null' cannot be used as an index type.
src/renderers/WebGLRenderer.js(2628,23): error TS2339: Property 'max' does not exist on type 'never'.
src/renderers/WebGLRenderer.js(2628,41): error TS2339: Property 'min' does not exist on type 'never'.
src/renderers/WebGLRenderer.js(2629,24): error TS2339: Property 'max' does not exist on type 'never'.
src/renderers/WebGLRenderer.js(2629,42): error TS2339: Property 'min' does not exist on type 'never'.
src/renderers/WebGLRenderer.js(2630,23): error TS2339: Property 'isBox3' does not exist on type 'never'.
src/renderers/WebGLRenderer.js(2630,42): error TS2339: Property 'max' does not exist on type 'never'.
src/renderers/WebGLRenderer.js(2630,60): error TS2339: Property 'min' does not exist on type 'never'.
src/renderers/WebGLRenderer.js(2631,22): error TS2339: Property 'min' does not exist on type 'never'.
src/renderers/WebGLRenderer.js(2632,22): error TS2339: Property 'min' does not exist on type 'never'.
src/renderers/WebGLRenderer.js(2633,22): error TS2339: Property 'isBox3' does not exist on type 'never'.
src/renderers/WebGLRenderer.js(2633,41): error TS2339: Property 'min' does not exist on type 'never'.
src/renderers/WebGLRenderer.js(2662,24): error TS2339: Property 'x' does not exist on type 'never'.
src/renderers/WebGLRenderer.js(2663,24): error TS2339: Property 'y' does not exist on type 'never'.
src/renderers/WebGLRenderer.js(2664,24): error TS2339: Property 'z' does not exist on type 'never'.
src/renderers/webgpu/nodes/WGSLNodeBuilder.js(22,63): error TS2339: Property 'GPUShaderStage' does not exist on type 'typeof self'.
src/renderers/webgpu/nodes/WGSLNodeBuilder.js(138,15): error TS2339: Property 'pow_float' does not exist on type '{ tsl_xor: CodeNode; mod_float: CodeNode; mod_vec2: CodeNode; mod_vec3: CodeNode; mod_vec4: CodeNode; equals_bool: CodeNode; ... 6 more ...; biquadraticTexture: CodeNode; }'.
src/renderers/webgpu/nodes/WGSLNodeBuilder.js(139,15): error TS2339: Property 'pow_vec2' does not exist on type '{ tsl_xor: CodeNode; mod_float: CodeNode; mod_vec2: CodeNode; mod_vec3: CodeNode; mod_vec4: CodeNode; equals_bool: CodeNode; ... 6 more ...; biquadraticTexture: CodeNode; }'.
src/renderers/webgpu/nodes/WGSLNodeBuilder.js(139,181): error TS2339: Property 'pow_float' does not exist on type '{ tsl_xor: CodeNode; mod_float: CodeNode; mod_vec2: CodeNode; mod_vec3: CodeNode; mod_vec4: CodeNode; equals_bool: CodeNode; ... 6 more ...; biquadraticTexture: CodeNode; }'.
src/renderers/webgpu/nodes/WGSLNodeBuilder.js(140,15): error TS2339: Property 'pow_vec3' does not exist on type '{ tsl_xor: CodeNode; mod_float: CodeNode; mod_vec2: CodeNode; mod_vec3: CodeNode; mod_vec4: CodeNode; equals_bool: CodeNode; ... 6 more ...; biquadraticTexture: CodeNode; }'.
src/renderers/webgpu/nodes/WGSLNodeBuilder.js(140,208): error TS2339: Property 'pow_float' does not exist on type '{ tsl_xor: CodeNode; mod_float: CodeNode; mod_vec2: CodeNode; mod_vec3: CodeNode; mod_vec4: CodeNode; equals_bool: CodeNode; ... 6 more ...; biquadraticTexture: CodeNode; }'.
src/renderers/webgpu/nodes/WGSLNodeBuilder.js(141,15): error TS2339: Property 'pow_vec4' does not exist on type '{ tsl_xor: CodeNode; mod_float: CodeNode; mod_vec2: CodeNode; mod_vec3: CodeNode; mod_vec4: CodeNode; equals_bool: CodeNode; ... 6 more ...; biquadraticTexture: CodeNode; }'.
src/renderers/webgpu/nodes/WGSLNodeBuilder.js(141,235): error TS2339: Property 'pow_float' does not exist on type '{ tsl_xor: CodeNode; mod_float: CodeNode; mod_vec2: CodeNode; mod_vec3: CodeNode; mod_vec4: CodeNode; equals_bool: CodeNode; ... 6 more ...; biquadraticTexture: CodeNode; }'.
src/renderers/webgpu/nodes/WGSLNodeBuilder.js(143,14): error TS2339: Property 'pow_float' does not exist on type '{ dFdx: string; dFdy: string; mod_float: string; mod_vec2: string; mod_vec3: string; mod_vec4: string; equals_bool: string; equals_bvec2: string; equals_bvec3: string; equals_bvec4: string; inversesqrt: string; bitcast: string; }'.
src/renderers/webgpu/nodes/WGSLNodeBuilder.js(144,14): error TS2339: Property 'pow_vec2' does not exist on type '{ dFdx: string; dFdy: string; mod_float: string; mod_vec2: string; mod_vec3: string; mod_vec4: string; equals_bool: string; equals_bvec2: string; equals_bvec3: string; equals_bvec4: string; inversesqrt: string; bitcast: string; }'.
src/renderers/webgpu/nodes/WGSLNodeBuilder.js(145,14): error TS2339: Property 'pow_vec3' does not exist on type '{ dFdx: string; dFdy: string; mod_float: string; mod_vec2: string; mod_vec3: string; mod_vec4: string; equals_bool: string; equals_bvec2: string; equals_bvec3: string; equals_bvec4: string; inversesqrt: string; bitcast: string; }'.
src/renderers/webgpu/nodes/WGSLNodeBuilder.js(146,14): error TS2339: Property 'pow_vec4' does not exist on type '{ dFdx: string; dFdy: string; mod_float: string; mod_vec2: string; mod_vec3: string; mod_vec4: string; equals_bool: string; equals_bvec2: string; equals_bvec3: string; equals_bvec4: string; inversesqrt: string; bitcast: string; }'.
src/renderers/webgpu/nodes/WGSLNodeBuilder.js(220,2): error TS2416: Property 'needsToWorkingColorSpace' in type 'WGSLNodeBuilder' is not assignable to the same property in base type 'NodeBuilder'.
  Type '(texture: Texture) => boolean' is not assignable to type '() => boolean'.
    Target signature provides too few arguments. Expected 1 or more, but got 0.
src/renderers/webgpu/nodes/WGSLNodeBuilder.js(237,77): error TS2322: Type '"vertex" | "fragment" | "compute" | "any" | null' is not assignable to type 'string | undefined'.
  Type 'null' is not assignable to type 'string | undefined'.
src/renderers/webgpu/nodes/WGSLNodeBuilder.js(270,14): error TS2366: Function lacks ending return statement and return type does not include 'undefined'.
src/renderers/webgpu/nodes/WGSLNodeBuilder.js(272,52): error TS2322: Type '"vertex" | "fragment" | "compute" | "any" | null' is not assignable to type 'string | undefined'.
  Type 'null' is not assignable to type 'string | undefined'.
src/renderers/webgpu/nodes/WGSLNodeBuilder.js(298,96): error TS2322: Type '"vertex" | "fragment" | "compute" | "any" | null' is not assignable to type 'string | undefined'.
  Type 'null' is not assignable to type 'string | undefined'.
src/renderers/webgpu/nodes/WGSLNodeBuilder.js(324,38): error TS7053: Element implicitly has an 'any' type because expression of type 'any' can't be used to index type '{ 1000: string; 1001: string; 1002: string; }'.
src/renderers/webgpu/nodes/WGSLNodeBuilder.js(324,71): error TS7053: Element implicitly has an 'any' type because expression of type 'any' can't be used to index type '{ 1000: string; 1001: string; 1002: string; }'.
src/renderers/webgpu/nodes/WGSLNodeBuilder.js(326,18): error TS7053: Element implicitly has an 'any' type because expression of type 'string' can't be used to index type '{}'.
  No index signature with a parameter of type 'string' was found on type '{}'.
src/renderers/webgpu/nodes/WGSLNodeBuilder.js(381,4): error TS7053: Element implicitly has an 'any' type because expression of type 'string' can't be used to index type '{}'.
  No index signature with a parameter of type 'string' was found on type '{}'.
src/renderers/webgpu/nodes/WGSLNodeBuilder.js(403,54): error TS2345: Argument of type '"vertex" | "fragment" | "compute" | "any" | null' is not assignable to parameter of type '"vertex" | "fragment" | "compute" | "any" | undefined'.
  Type 'null' is not assignable to type '"vertex" | "fragment" | "compute" | "any" | undefined'.
src/renderers/webgpu/nodes/WGSLNodeBuilder.js(405,20): error TS2339: Property 'dimensionsSnippet' does not exist on type 'Object'.
src/renderers/webgpu/nodes/WGSLNodeBuilder.js(405,66): error TS2339: Property 'dimensionsSnippet' does not exist on type 'Object'.
src/renderers/webgpu/nodes/WGSLNodeBuilder.js(407,42): error TS2339: Property 'dimensionsSnippet' does not exist on type 'Object'.
src/renderers/webgpu/nodes/WGSLNodeBuilder.js(409,20): error TS2339: Property 'dimensionsSnippet' does not exist on type 'Object'.
src/renderers/webgpu/nodes/WGSLNodeBuilder.js(441,16): error TS2339: Property 'dimensionsSnippet' does not exist on type 'Object'.
src/renderers/webgpu/nodes/WGSLNodeBuilder.js(445,17): error TS2339: Property 'arrayLayerCount' does not exist on type 'Object'.
src/renderers/webgpu/nodes/WGSLNodeBuilder.js(457,17): error TS2339: Property 'cubeFaceCount' does not exist on type 'Object'.
src/renderers/webgpu/nodes/WGSLNodeBuilder.js(500,2): error TS2416: Property 'generateTextureLod' in type 'WGSLNodeBuilder' is not assignable to the same property in base type 'NodeBuilder'.
  Type '(texture: Texture, textureProperty: string, uvSnippet: string, depthSnippet: string | null, levelSnippet?: string | undefined) => string' is not assignable to type '() => string'.
    Target signature provides too few arguments. Expected 4 or more, but got 0.
src/renderers/webgpu/nodes/WGSLNodeBuilder.js(592,2): error TS2416: Property 'generateTexture' in type 'WGSLNodeBuilder' is not assignable to the same property in base type 'NodeBuilder'.
  Type '(texture: Texture, textureProperty: string, uvSnippet: string, depthSnippet: string | null, shaderStage?: string | undefined) => string' is not assignable to type '() => string'.
    Target signature provides too few arguments. Expected 4 or more, but got 0.
src/renderers/webgpu/nodes/WGSLNodeBuilder.js(592,70): error TS2322: Type '"vertex" | "fragment" | "compute" | "any" | null' is not assignable to type 'string | undefined'.
  Type 'null' is not assignable to type 'string | undefined'.
src/renderers/webgpu/nodes/WGSLNodeBuilder.js(602,95): error TS2554: Expected 4-5 arguments, but got 6.
src/renderers/webgpu/nodes/WGSLNodeBuilder.js(623,14): error TS2366: Function lacks ending return statement and return type does not include 'undefined'.
src/renderers/webgpu/nodes/WGSLNodeBuilder.js(625,87): error TS2322: Type '"vertex" | "fragment" | "compute" | "any" | null' is not assignable to type 'string | undefined'.
  Type 'null' is not assignable to type 'string | undefined'.
src/renderers/webgpu/nodes/WGSLNodeBuilder.js(650,14): error TS2366: Function lacks ending return statement and return type does not include 'undefined'.
src/renderers/webgpu/nodes/WGSLNodeBuilder.js(652,93): error TS2322: Type '"vertex" | "fragment" | "compute" | "any" | null' is not assignable to type 'string | undefined'.
  Type 'null' is not assignable to type 'string | undefined'.
src/renderers/webgpu/nodes/WGSLNodeBuilder.js(677,89): error TS2322: Type '"vertex" | "fragment" | "compute" | "any" | null' is not assignable to type 'string | undefined'.
  Type 'null' is not assignable to type 'string | undefined'.
src/renderers/webgpu/nodes/WGSLNodeBuilder.js(704,14): error TS2366: Function lacks ending return statement and return type does not include 'undefined'.
src/renderers/webgpu/nodes/WGSLNodeBuilder.js(706,87): error TS2322: Type '"vertex" | "fragment" | "compute" | "any" | null' is not assignable to type 'string | undefined'.
  Type 'null' is not assignable to type 'string | undefined'.
src/renderers/webgpu/nodes/WGSLNodeBuilder.js(727,25): error TS2322: Type '"vertex" | "fragment" | "compute" | "any" | null' is not assignable to type 'string | undefined'.
  Type 'null' is not assignable to type 'string | undefined'.
src/renderers/webgpu/nodes/WGSLNodeBuilder.js(782,23): error TS7053: Element implicitly has an 'any' type because expression of type 'string' can't be used to index type 'Object'.
  No index signature with a parameter of type 'string' was found on type 'Object'.
src/renderers/webgpu/nodes/WGSLNodeBuilder.js(792,2): error TS2416: Property 'getFunctionOperator' in type 'WGSLNodeBuilder' is not assignable to the same property in base type 'NodeBuilder'.
  Type '(op: string) => string' is not assignable to type '() => string'.
    Target signature provides too few arguments. Expected 1 or more, but got 0.
src/renderers/webgpu/nodes/WGSLNodeBuilder.js(794,16): error TS7053: Element implicitly has an 'any' type because expression of type 'string' can't be used to index type '{ '^^': string; }'.
  No index signature with a parameter of type 'string' was found on type '{ '^^': string; }'.
src/renderers/webgpu/nodes/WGSLNodeBuilder.js(804,3): error TS2322: Type 'null' is not assignable to type 'string'.
src/renderers/webgpu/nodes/WGSLNodeBuilder.js(850,2): error TS2416: Property 'getUniformFromNode' in type 'WGSLNodeBuilder' is not assignable to the same property in base type 'NodeBuilder'.
  Type '(node: UniformNode, type: string, shaderStage: string, name?: string | null | undefined) => NodeUniform' is not assignable to type '(node: UniformNode, type: string, shaderStage?: "vertex" | "fragment" | "compute" | "any" | undefined, name?: string | null) => NodeUniform'.
    Types of parameters 'shaderStage' and 'shaderStage' are incompatible.
      Type 'string | undefined' is not assignable to type 'string'.
        Type 'undefined' is not assignable to type 'string'.
src/renderers/webgpu/nodes/WGSLNodeBuilder.js(852,61): error TS2345: Argument of type 'string' is not assignable to parameter of type '"vertex" | "fragment" | "compute" | "any" | undefined'.
src/renderers/webgpu/nodes/WGSLNodeBuilder.js(853,48): error TS2345: Argument of type 'string' is not assignable to parameter of type '"vertex" | "fragment" | "compute" | "any" | undefined'.
src/renderers/webgpu/nodes/WGSLNodeBuilder.js(855,17): error TS2339: Property 'uniformGPU' does not exist on type 'Object'.
src/renderers/webgpu/nodes/WGSLNodeBuilder.js(862,56): error TS2345: Argument of type 'string' is not assignable to parameter of type '"vertex" | "fragment" | "compute" | "any"'.
src/renderers/webgpu/nodes/WGSLNodeBuilder.js(884,5): error TS18047: 'texture' is possibly 'null'.
src/renderers/webgpu/nodes/WGSLNodeBuilder.js(885,5): error TS18047: 'texture' is possibly 'null'.
src/renderers/webgpu/nodes/WGSLNodeBuilder.js(885,28): error TS7053: Element implicitly has an 'any' type because expression of type 'string' can't be used to index type '{ vertex: any; fragment: any; compute: any; }'.
  No index signature with a parameter of type 'string' was found on type '{ vertex: any; fragment: any; compute: any; }'.
src/renderers/webgpu/nodes/WGSLNodeBuilder.js(887,120): error TS18047: 'texture' is possibly 'null'.
src/renderers/webgpu/nodes/WGSLNodeBuilder.js(909,27): error TS7053: Element implicitly has an 'any' type because expression of type 'string' can't be used to index type '{ vertex: any; fragment: any; compute: any; }'.
  No index signature with a parameter of type 'string' was found on type '{ vertex: any; fragment: any; compute: any; }'.
src/renderers/webgpu/nodes/WGSLNodeBuilder.js(924,35): error TS7053: Element implicitly has an 'any' type because expression of type 'string' can't be used to index type '{ vertex: any; fragment: any; compute: any; }'.
  No index signature with a parameter of type 'string' was found on type '{ vertex: any; fragment: any; compute: any; }'.
src/renderers/webgpu/nodes/WGSLNodeBuilder.js(938,13): error TS2339: Property 'uniformGPU' does not exist on type 'Object'.
src/renderers/webgpu/nodes/WGSLNodeBuilder.js(957,36): error TS2322: Type '"vertex" | "fragment" | "compute" | "any" | null' is not assignable to type 'string | undefined'.
  Type 'null' is not assignable to type 'string | undefined'.
src/renderers/webgpu/nodes/WGSLNodeBuilder.js(982,20): error TS2322: Type '"vertex" | "fragment" | "compute" | "any" | null' is not assignable to type 'string | undefined'.
  Type 'null' is not assignable to type 'string | undefined'.
src/renderers/webgpu/nodes/WGSLNodeBuilder.js(1027,13): error TS2339: Property 'vars' does not exist on type 'Object'.
src/renderers/webgpu/nodes/WGSLNodeBuilder.js(1028,13): error TS2339: Property 'code' does not exist on type 'Object'.
src/renderers/webgpu/nodes/WGSLNodeBuilder.js(1031,17): error TS2339: Property 'result' does not exist on type 'Object'.
src/renderers/webgpu/nodes/WGSLNodeBuilder.js(1033,34): error TS2339: Property 'result' does not exist on type 'Object'.
src/renderers/webgpu/nodes/WGSLNodeBuilder.js(1117,2): error TS2416: Property 'getDrawIndex' in type 'WGSLNodeBuilder' is not assignable to the same property in base type 'NodeBuilder'.
  Type '() => null' is not assignable to type '() => string'.
    Type 'null' is not assignable to type 'string'.
src/renderers/webgpu/nodes/WGSLNodeBuilder.js(1184,25): error TS2322: Type '"vertex" | "fragment" | "compute" | "any" | null' is not assignable to type 'string | undefined'.
  Type 'null' is not assignable to type 'string | undefined'.
src/renderers/webgpu/nodes/WGSLNodeBuilder.js(1343,17): error TS2339: Property 'name' does not exist on type 'Object'.
src/renderers/webgpu/nodes/WGSLNodeBuilder.js(1343,23): error TS2339: Property 'scope' does not exist on type 'Object'.
src/renderers/webgpu/nodes/WGSLNodeBuilder.js(1343,30): error TS2339: Property 'bufferType' does not exist on type 'Object'.
src/renderers/webgpu/nodes/WGSLNodeBuilder.js(1343,42): error TS2339: Property 'bufferCount' does not exist on type 'Object'.
src/renderers/webgpu/nodes/WGSLNodeBuilder.js(1361,2): error TS2416: Property 'getAttributes' in type 'WGSLNodeBuilder' is not assignable to the same property in base type 'NodeBuilder'.
  Type '(shaderStage: string) => string' is not assignable to type '() => string'.
    Target signature provides too few arguments. Expected 1 or more, but got 0.
src/renderers/webgpu/nodes/WGSLNodeBuilder.js(1440,19): error TS7053: Element implicitly has an 'any' type because expression of type 'string' can't be used to index type 'Object'.
  No index signature with a parameter of type 'string' was found on type 'Object'.
src/renderers/webgpu/nodes/WGSLNodeBuilder.js(1506,2): error TS2416: Property 'getVaryings' in type 'WGSLNodeBuilder' is not assignable to the same property in base type 'NodeBuilder'.
  Type '(shaderStage: string) => string' is not assignable to type '() => string'.
    Target signature provides too few arguments. Expected 1 or more, but got 0.
src/renderers/webgpu/nodes/WGSLNodeBuilder.js(1564,2): error TS2416: Property 'getUniforms' in type 'WGSLNodeBuilder' is not assignable to the same property in base type 'NodeBuilder'.
  Type '(shaderStage: string) => string' is not assignable to type '() => string'.
    Target signature provides too few arguments. Expected 1 or more, but got 0.
src/renderers/webgpu/nodes/WGSLNodeBuilder.js(1566,20): error TS7053: Element implicitly has an 'any' type because expression of type 'string' can't be used to index type 'Object'.
  No index signature with a parameter of type 'string' was found on type 'Object'.
src/renderers/webgpu/nodes/WGSLNodeBuilder.js(1576,27): error TS7053: Element implicitly has an 'any' type because expression of type 'any' can't be used to index type 'Object'.
src/renderers/webgpu/nodes/WGSLNodeBuilder.js(1663,19): error TS7053: Element implicitly has an 'any' type because expression of type 'any' can't be used to index type '{}'.
src/renderers/webgpu/nodes/WGSLNodeBuilder.js(1663,51): error TS7053: Element implicitly has an 'any' type because expression of type 'any' can't be used to index type '{}'.
src/renderers/webgpu/nodes/WGSLNodeBuilder.js(1677,18): error TS7053: Element implicitly has an 'any' type because expression of type 'string' can't be used to index type '{}'.
  No index signature with a parameter of type 'string' was found on type '{}'.
src/renderers/webgpu/nodes/WGSLNodeBuilder.js(1702,22): error TS7053: Element implicitly has an 'any' type because expression of type 'string' can't be used to index type '{ fragment: {}; vertex: {}; compute?: undefined; } | { compute: {}; fragment?: undefined; vertex?: undefined; }'.
  No index signature with a parameter of type 'string' was found on type '{ fragment: {}; vertex: {}; compute?: undefined; } | { compute: {}; fragment?: undefined; vertex?: undefined; }'.
src/renderers/webgpu/nodes/WGSLNodeBuilder.js(1708,37): error TS2345: Argument of type 'string' is not assignable to parameter of type '"vertex" | "fragment" | "compute" | "any"'.
src/renderers/webgpu/nodes/WGSLNodeBuilder.js(1736,30): error TS2339: Property 'code' does not exist on type 'Object'.
src/renderers/webgpu/nodes/WGSLNodeBuilder.js(1744,50): error TS2339: Property 'result' does not exist on type 'Object'.
src/renderers/webgpu/nodes/WGSLNodeBuilder.js(1752,40): error TS2339: Property 'result' does not exist on type 'Object'.
src/renderers/webgpu/nodes/WGSLNodeBuilder.js(1766,48): error TS2339: Property 'result' does not exist on type 'Object'.
src/renderers/webgpu/nodes/WGSLNodeBuilder.js(1783,49): error TS2345: Argument of type '{} | undefined' is not assignable to parameter of type 'Object'.
  Type 'undefined' is not assignable to type 'Object'.
src/renderers/webgpu/nodes/WGSLNodeBuilder.js(1784,53): error TS2345: Argument of type '{} | undefined' is not assignable to parameter of type 'Object'.
  Type 'undefined' is not assignable to type 'Object'.
src/renderers/webgpu/nodes/WGSLNodeBuilder.js(1788,51): error TS2345: Argument of type '{} | undefined' is not assignable to parameter of type 'Object'.
  Type 'undefined' is not assignable to type 'Object'.
src/renderers/webgpu/nodes/WGSLNodeBuilder.js(1801,21): error TS2322: Type 'null' is not assignable to type 'string | undefined'.
src/renderers/webgpu/nodes/WGSLNodeBuilder.js(1829,10): error TS7053: Element implicitly has an 'any' type because expression of type 'string' can't be used to index type '{ float: string; int: string; uint: string; bool: string; color: string; vec2: string; ivec2: string; uvec2: string; bvec2: string; vec3: string; ivec3: string; uvec3: string; bvec3: string; vec4: string; ... 5 more ...; mat4: string; }'.
  No index signature with a parameter of type 'string' was found on type '{ float: string; int: string; uint: string; bool: string; color: string; vec2: string; ivec2: string; uvec2: string; bvec2: string; vec3: string; ivec3: string; uvec3: string; bvec3: string; vec4: string; ... 5 more ...; mat4: string; }'.
src/renderers/webgpu/nodes/WGSLNodeBuilder.js(1839,2): error TS2416: Property 'isAvailable' in type 'WGSLNodeBuilder' is not assignable to the same property in base type 'NodeBuilder'.
  Type '(name: string) => boolean' is not assignable to type '() => boolean'.
    Target signature provides too few arguments. Expected 1 or more, but got 0.
src/renderers/webgpu/nodes/WGSLNodeBuilder.js(1841,16): error TS7053: Element implicitly has an 'any' type because expression of type 'string' can't be used to index type '{ instance: boolean; swizzleAssign: boolean; storageBuffer: boolean; }'.
  No index signature with a parameter of type 'string' was found on type '{ instance: boolean; swizzleAssign: boolean; storageBuffer: boolean; }'.
src/renderers/webgpu/nodes/WGSLNodeBuilder.js(1855,4): error TS7053: Element implicitly has an 'any' type because expression of type 'string' can't be used to index type '{ instance: boolean; swizzleAssign: boolean; storageBuffer: boolean; }'.
  No index signature with a parameter of type 'string' was found on type '{ instance: boolean; swizzleAssign: boolean; storageBuffer: boolean; }'.
src/renderers/webgpu/nodes/WGSLNodeBuilder.js(1872,8): error TS7053: Element implicitly has an 'any' type because expression of type 'string' can't be used to index type '{ tsl_xor: CodeNode; mod_float: CodeNode; mod_vec2: CodeNode; mod_vec3: CodeNode; mod_vec4: CodeNode; equals_bool: CodeNode; ... 6 more ...; biquadraticTexture: CodeNode; }'.
  No index signature with a parameter of type 'string' was found on type '{ tsl_xor: CodeNode; mod_float: CodeNode; mod_vec2: CodeNode; mod_vec3: CodeNode; mod_vec4: CodeNode; equals_bool: CodeNode; ... 6 more ...; biquadraticTexture: CodeNode; }'.
src/renderers/webgpu/nodes/WGSLNodeBuilder.js(1878,10): error TS7053: Element implicitly has an 'any' type because expression of type 'string' can't be used to index type '{ dFdx: string; dFdy: string; mod_float: string; mod_vec2: string; mod_vec3: string; mod_vec4: string; equals_bool: string; equals_bvec2: string; equals_bvec3: string; equals_bvec4: string; inversesqrt: string; bitcast: string; }'.
  No index signature with a parameter of type 'string' was found on type '{ dFdx: string; dFdy: string; mod_float: string; mod_vec2: string; mod_vec3: string; mod_vec4: string; equals_bool: string; equals_bvec2: string; equals_bvec3: string; equals_bvec4: string; inversesqrt: string; bitcast: string; }'.
src/renderers/webgpu/nodes/WGSLNodeBuilder.js(1892,20): error TS7053: Element implicitly has an 'any' type because expression of type 'string' can't be used to index type '{ tsl_xor: CodeNode; mod_float: CodeNode; mod_vec2: CodeNode; mod_vec3: CodeNode; mod_vec4: CodeNode; equals_bool: CodeNode; ... 6 more ...; biquadraticTexture: CodeNode; }'.
  No index signature with a parameter of type 'string' was found on type '{ tsl_xor: CodeNode; mod_float: CodeNode; mod_vec2: CodeNode; mod_vec3: CodeNode; mod_vec4: CodeNode; equals_bool: CodeNode; ... 6 more ...; biquadraticTexture: CodeNode; }'.
src/renderers/webgpu/nodes/WGSLNodeBuilder.js(1916,14): error TS2339: Property 'directives' does not exist on type 'Object'.
src/renderers/webgpu/nodes/WGSLNodeBuilder.js(1919,14): error TS2339: Property 'uniforms' does not exist on type 'Object'.
src/renderers/webgpu/nodes/WGSLNodeBuilder.js(1922,14): error TS2339: Property 'varyings' does not exist on type 'Object'.
src/renderers/webgpu/nodes/WGSLNodeBuilder.js(1926,14): error TS2339: Property 'codes' does not exist on type 'Object'.
src/renderers/webgpu/nodes/WGSLNodeBuilder.js(1929,23): error TS2339: Property 'attributes' does not exist on type 'Object'.
src/renderers/webgpu/nodes/WGSLNodeBuilder.js(1932,15): error TS2339: Property 'vars' does not exist on type 'Object'.
src/renderers/webgpu/nodes/WGSLNodeBuilder.js(1935,15): error TS2339: Property 'flow' does not exist on type 'Object'.
src/renderers/webgpu/nodes/WGSLNodeBuilder.js(1958,14): error TS2339: Property 'uniforms' does not exist on type 'Object'.
src/renderers/webgpu/nodes/WGSLNodeBuilder.js(1961,14): error TS2339: Property 'structs' does not exist on type 'Object'.
src/renderers/webgpu/nodes/WGSLNodeBuilder.js(1964,14): error TS2339: Property 'codes' does not exist on type 'Object'.
src/renderers/webgpu/nodes/WGSLNodeBuilder.js(1967,23): error TS2339: Property 'varyings' does not exist on type 'Object'.
src/renderers/webgpu/nodes/WGSLNodeBuilder.js(1967,51): error TS2339: Property 'returnType' does not exist on type 'Object'.
src/renderers/webgpu/nodes/WGSLNodeBuilder.js(1970,15): error TS2339: Property 'vars' does not exist on type 'Object'.
src/renderers/webgpu/nodes/WGSLNodeBuilder.js(1973,15): error TS2339: Property 'flow' does not exist on type 'Object'.
src/renderers/webgpu/nodes/WGSLNodeBuilder.js(1992,14): error TS2339: Property 'directives' does not exist on type 'Object'.
src/renderers/webgpu/nodes/WGSLNodeBuilder.js(1998,14): error TS2339: Property 'scopedArrays' does not exist on type 'Object'.
src/renderers/webgpu/nodes/WGSLNodeBuilder.js(2001,14): error TS2339: Property 'uniforms' does not exist on type 'Object'.
src/renderers/webgpu/nodes/WGSLNodeBuilder.js(2004,14): error TS2339: Property 'codes' does not exist on type 'Object'.
src/renderers/webgpu/nodes/WGSLNodeBuilder.js(2007,23): error TS2339: Property 'attributes' does not exist on type 'Object'.
src/renderers/webgpu/nodes/WGSLNodeBuilder.js(2013,15): error TS2339: Property 'vars' does not exist on type 'Object'.
src/renderers/webgpu/nodes/WGSLNodeBuilder.js(2016,15): error TS2339: Property 'flow' does not exist on type 'Object'.
src/renderers/webgpu/nodes/WGSLNodeFunction.js(113,20): error TS7053: Element implicitly has an 'any' type because expression of type 'string' can't be used to index type '{ f32: string; i32: string; u32: string; bool: string; 'vec2<f32>': string; 'vec2<i32>': string; 'vec2<u32>': string; 'vec2<bool>': string; vec2f: string; vec2i: string; vec2u: string; vec2b: string; 'vec3<f32>': string; ... 34 more ...; texture_storage_3d: string; }'.
  No index signature with a parameter of type 'string' was found on type '{ f32: string; i32: string; u32: string; bool: string; 'vec2<f32>': string; 'vec2<i32>': string; 'vec2<u32>': string; 'vec2<bool>': string; vec2f: string; vec2i: string; vec2u: string; vec2b: string; 'vec3<f32>': string; ... 34 more ...; texture_storage_3d: string; }'.
src/renderers/webgpu/nodes/WGSLNodeFunction.js(125,16): error TS7053: Element implicitly has an 'any' type because expression of type 'any' can't be used to index type '{ f32: string; i32: string; u32: string; bool: string; 'vec2<f32>': string; 'vec2<i32>': string; 'vec2<u32>': string; 'vec2<bool>': string; vec2f: string; vec2i: string; vec2u: string; vec2b: string; 'vec3<f32>': string; ... 34 more ...; texture_storage_3d: string; }'.
src/renderers/webgpu/nodes/WGSLNodeParser.js(17,2): error TS2416: Property 'parseFunction' in type 'WGSLNodeParser' is not assignable to the same property in base type 'NodeParser'.
  Type '(source: string) => WGSLNodeFunction' is not assignable to type '() => NodeFunction'.
    Target signature provides too few arguments. Expected 1 or more, but got 0.
src/renderers/webgpu/utils/WebGPUAttributeUtils.js(5,50): error TS2769: No overload matches this call.
  Overload 1 of 4, '(iterable?: Iterable<readonly [Int8ArrayConstructor, string[]]> | null | undefined): Map<Int8ArrayConstructor, string[]>', gave the following error.
    Argument of type '([Int8ArrayConstructor, string[]] | [Uint8ArrayConstructor, string[]] | [Int16ArrayConstructor, string[]] | [...] | [...] | [...] | [...])[]' is not assignable to parameter of type 'Iterable<readonly [Int8ArrayConstructor, string[]]>'.
      The types returned by '[Symbol.iterator]().next(...)' are incompatible between these types.
        Type 'IteratorResult<[Int8ArrayConstructor, string[]] | [Uint8ArrayConstructor, string[]] | [Int16ArrayConstructor, string[]] | [...] | [...] | [...] | [...], undefined>' is not assignable to type 'IteratorResult<readonly [Int8ArrayConstructor, string[]], any>'.
          Type 'IteratorYieldResult<[Int8ArrayConstructor, string[]] | [Uint8ArrayConstructor, string[]] | [Int16ArrayConstructor, string[]] | [...] | [...] | [...] | [...]>' is not assignable to type 'IteratorResult<readonly [Int8ArrayConstructor, string[]], any>'.
            Type 'IteratorYieldResult<[Int8ArrayConstructor, string[]] | [Uint8ArrayConstructor, string[]] | [Int16ArrayConstructor, string[]] | [...] | [...] | [...] | [...]>' is not assignable to type 'IteratorYieldResult<readonly [Int8ArrayConstructor, string[]]>'.
              Type '[Int8ArrayConstructor, string[]] | [Uint8ArrayConstructor, string[]] | [Int16ArrayConstructor, string[]] | [...] | [...] | [...] | [...]' is not assignable to type 'readonly [Int8ArrayConstructor, string[]]'.
                Type '[Uint8ArrayConstructor, string[]]' is not assignable to type 'readonly [Int8ArrayConstructor, string[]]'.
                  Type at position 0 in source is not compatible with type at position 0 in target.
                    The types of 'prototype.filter(...).findLast' are incompatible between these types.
                      Type '{ <S extends number>(predicate: (value: number, index: number, array: Uint8Array<ArrayBuffer>) => value is S, thisArg?: any): S | undefined; (predicate: (value: number, index: number, array: Uint8Array<...>) => unknown, thisArg?: any): number | undefined; }' is not assignable to type '{ <S extends number>(predicate: (value: number, index: number, array: Int8Array<ArrayBuffer>) => value is S, thisArg?: any): S | undefined; (predicate: (value: number, index: number, array: Int8Array<...>) => unknown, thisArg?: any): number | undefined; }'.
                        Types of parameters 'predicate' and 'predicate' are incompatible.
                          Type '(value: number, index: number, array: Int8Array<ArrayBuffer>) => unknown' is not assignable to type '(value: number, index: number, array: Uint8Array<ArrayBuffer>) => value is any'.
                            Signature '(value: number, index: number, array: Int8Array<ArrayBuffer>): unknown' must be a type predicate.
src/renderers/webgpu/utils/WebGPUAttributeUtils.js(19,61): error TS2769: No overload matches this call.
  Overload 1 of 4, '(iterable?: Iterable<readonly [Int16ArrayConstructor, string]> | null | undefined): Map<Int16ArrayConstructor, string>', gave the following error.
    Argument of type '([Int16ArrayConstructor, string] | [Int32ArrayConstructor, string] | [Uint16ArrayConstructor, string] | [...] | [...])[]' is not assignable to parameter of type 'Iterable<readonly [Int16ArrayConstructor, string]>'.
      The types returned by '[Symbol.iterator]().next(...)' are incompatible between these types.
        Type 'IteratorResult<[Int16ArrayConstructor, string] | [Int32ArrayConstructor, string] | [Uint16ArrayConstructor, string] | [...] | [...], undefined>' is not assignable to type 'IteratorResult<readonly [Int16ArrayConstructor, string], any>'.
          Type 'IteratorYieldResult<[Int16ArrayConstructor, string] | [Int32ArrayConstructor, string] | [Uint16ArrayConstructor, string] | [...] | [...]>' is not assignable to type 'IteratorResult<readonly [Int16ArrayConstructor, string], any>'.
            Type 'IteratorYieldResult<[Int16ArrayConstructor, string] | [Int32ArrayConstructor, string] | [Uint16ArrayConstructor, string] | [...] | [...]>' is not assignable to type 'IteratorYieldResult<readonly [Int16ArrayConstructor, string]>'.
              Type '[Int16ArrayConstructor, string] | [Int32ArrayConstructor, string] | [Uint16ArrayConstructor, string] | [...] | [...]' is not assignable to type 'readonly [Int16ArrayConstructor, string]'.
                Type '[Int32ArrayConstructor, string]' is not assignable to type 'readonly [Int16ArrayConstructor, string]'.
                  Type at position 0 in source is not compatible with type at position 0 in target.
                    The types of 'prototype.filter(...).findLast' are incompatible between these types.
                      Type '{ <S extends number>(predicate: (value: number, index: number, array: Int32Array<ArrayBuffer>) => value is S, thisArg?: any): S | undefined; (predicate: (value: number, index: number, array: Int32Array<...>) => unknown, thisArg?: any): number | undefined; }' is not assignable to type '{ <S extends number>(predicate: (value: number, index: number, array: Int16Array<ArrayBuffer>) => value is S, thisArg?: any): S | undefined; (predicate: (value: number, index: number, array: Int16Array<...>) => unknown, thisArg?: any): number | undefined; }'.
                        Types of parameters 'predicate' and 'predicate' are incompatible.
                          Type '(value: number, index: number, array: Int16Array<ArrayBuffer>) => unknown' is not assignable to type '(value: number, index: number, array: Int32Array<ArrayBuffer>) => value is any'.
                            Signature '(value: number, index: number, array: Int16Array<ArrayBuffer>): unknown' must be a type predicate.
src/renderers/webgpu/utils/WebGPUAttributeUtils.js(345,19): error TS18048: 'prefixOptions' is possibly 'undefined'.
src/renderers/webgpu/utils/WebGPUAttributeUtils.js(371,3): error TS2322: Type 'string | undefined' is not assignable to type 'string'.
  Type 'undefined' is not assignable to type 'string'.
src/renderers/webgpu/utils/WebGPUBindingUtils.js(77,15): error TS2339: Property 'type' does not exist on type '{}'.
src/renderers/webgpu/utils/WebGPUBindingUtils.js(81,15): error TS2339: Property 'type' does not exist on type '{}'.
src/renderers/webgpu/utils/WebGPUBindingUtils.js(87,14): error TS2339: Property 'type' does not exist on type '{}'.
src/renderers/webgpu/utils/WebGPUBindingUtils.js(93,16): error TS2339: Property 'buffer' does not exist on type '{ binding: number; visibility: any; }'.
src/renderers/webgpu/utils/WebGPUBindingUtils.js(103,15): error TS2339: Property 'type' does not exist on type '{}'.
src/renderers/webgpu/utils/WebGPUBindingUtils.js(109,16): error TS2339: Property 'sampler' does not exist on type '{ binding: number; visibility: any; }'.
src/renderers/webgpu/utils/WebGPUBindingUtils.js(113,16): error TS2339: Property 'externalTexture' does not exist on type '{ binding: number; visibility: any; }'.
src/renderers/webgpu/utils/WebGPUBindingUtils.js(124,21): error TS2339: Property 'access' does not exist on type '{ format: any; }'.
src/renderers/webgpu/utils/WebGPUBindingUtils.js(128,21): error TS2339: Property 'access' does not exist on type '{ format: any; }'.
src/renderers/webgpu/utils/WebGPUBindingUtils.js(132,21): error TS2339: Property 'access' does not exist on type '{ format: any; }'.
src/renderers/webgpu/utils/WebGPUBindingUtils.js(136,16): error TS2339: Property 'storageTexture' does not exist on type '{ binding: number; visibility: any; }'.
src/renderers/webgpu/utils/WebGPUBindingUtils.js(146,14): error TS2339: Property 'multisampled' does not exist on type '{}'.
src/renderers/webgpu/utils/WebGPUBindingUtils.js(150,15): error TS2339: Property 'sampleType' does not exist on type '{}'.
src/renderers/webgpu/utils/WebGPUBindingUtils.js(158,14): error TS2339: Property 'sampleType' does not exist on type '{}'.
src/renderers/webgpu/utils/WebGPUBindingUtils.js(166,15): error TS2339: Property 'sampleType' does not exist on type '{}'.
src/renderers/webgpu/utils/WebGPUBindingUtils.js(170,15): error TS2339: Property 'sampleType' does not exist on type '{}'.
src/renderers/webgpu/utils/WebGPUBindingUtils.js(176,16): error TS2339: Property 'sampleType' does not exist on type '{}'.
src/renderers/webgpu/utils/WebGPUBindingUtils.js(180,16): error TS2339: Property 'sampleType' does not exist on type '{}'.
src/renderers/webgpu/utils/WebGPUBindingUtils.js(190,14): error TS2339: Property 'viewDimension' does not exist on type '{}'.
src/renderers/webgpu/utils/WebGPUBindingUtils.js(194,14): error TS2339: Property 'viewDimension' does not exist on type '{}'.
src/renderers/webgpu/utils/WebGPUBindingUtils.js(198,14): error TS2339: Property 'viewDimension' does not exist on type '{}'.
src/renderers/webgpu/utils/WebGPUBindingUtils.js(202,16): error TS2339: Property 'texture' does not exist on type '{ binding: number; visibility: any; }'.
src/renderers/webgpu/utils/WebGPUPipelineUtils.js(58,19): error TS2314: Generic type 'Promise<T>' requires 1 type argument(s).
src/renderers/webgpu/utils/WebGPUPipelineUtils.js(191,23): error TS2339: Property 'depthStencil' does not exist on type '{ label: string; vertex: any; fragment: any; primitive: Object; multisample: { count: number; alphaToCoverageEnabled: any; }; layout: any; }'.
src/renderers/webgpu/utils/WebGPUPipelineUtils.js(207,6): error TS2810: Expected 1 argument, but got 0. 'new Promise()' needs a JSDoc hint to produce a 'resolve' that can be called without arguments.
src/renderers/webgpu/utils/WebGPUPipelineUtils.js(287,14): error TS2366: Function lacks ending return statement and return type does not include 'undefined'.
src/renderers/webgpu/utils/WebGPUPipelineUtils.js(466,3): error TS2322: Type 'string | undefined' is not assignable to type 'string'.
  Type 'undefined' is not assignable to type 'string'.
src/renderers/webgpu/utils/WebGPUPipelineUtils.js(522,3): error TS2322: Type 'string | undefined' is not assignable to type 'string'.
  Type 'undefined' is not assignable to type 'string'.
src/renderers/webgpu/utils/WebGPUPipelineUtils.js(576,3): error TS2322: Type 'string | undefined' is not assignable to type 'string'.
  Type 'undefined' is not assignable to type 'string'.
src/renderers/webgpu/utils/WebGPUPipelineUtils.js(618,3): error TS2322: Type 'string | undefined' is not assignable to type 'string'.
  Type 'undefined' is not assignable to type 'string'.
src/renderers/webgpu/utils/WebGPUPipelineUtils.js(681,3): error TS2322: Type 'number' is not assignable to type 'string'.
src/renderers/webgpu/utils/WebGPUPipelineUtils.js(745,3): error TS2322: Type 'string | undefined' is not assignable to type 'string'.
  Type 'undefined' is not assignable to type 'string'.
src/renderers/webgpu/utils/WebGPUTexturePassUtils.js(239,39): error TS2339: Property 'format' does not exist on type 'Object'.
src/renderers/webgpu/utils/WebGPUTexturePassUtils.js(240,50): error TS2339: Property 'size' does not exist on type 'Object'.
src/renderers/webgpu/utils/WebGPUTexturePassUtils.js(318,20): error TS2339: Property 'useCount' does not exist on type 'Object'.
src/renderers/webgpu/utils/WebGPUTexturePassUtils.js(320,16): error TS2339: Property 'useCount' does not exist on type 'Object'.
src/renderers/webgpu/utils/WebGPUTexturePassUtils.js(321,16): error TS2339: Property 'layers' does not exist on type 'Object'.
src/renderers/webgpu/utils/WebGPUTexturePassUtils.js(325,30): error TS2339: Property 'layers' does not exist on type 'Object'.
src/renderers/webgpu/utils/WebGPUTexturePassUtils.js(333,20): error TS2339: Property 'useCount' does not exist on type 'Object'.
src/renderers/webgpu/utils/WebGPUTexturePassUtils.js(333,49): error TS2339: Property 'layers' does not exist on type 'Object'.
src/renderers/webgpu/utils/WebGPUTexturePassUtils.js(335,15): error TS2339: Property 'useCount' does not exist on type 'Object'.
src/renderers/webgpu/utils/WebGPUTexturePassUtils.js(346,14): error TS2314: Generic type 'Array<T>' requires 1 type argument(s).
src/renderers/webgpu/utils/WebGPUTexturePassUtils.js(350,67): error TS2339: Property 'format' does not exist on type 'Object'.
src/renderers/webgpu/utils/WebGPUTexturePassUtils.js(363,45): error TS2339: Property 'mipLevelCount' does not exist on type 'Object'.
src/renderers/webgpu/utils/WebGPUTexturePassUtils.js(393,42): error TS2339: Property 'format' does not exist on type 'Object'.
src/renderers/webgpu/utils/WebGPUTexturePassUtils.js(417,13): error TS2314: Generic type 'Array<T>' requires 1 type argument(s).
src/renderers/webgpu/utils/WebGPUTextureUtils.js(121,52): error TS2551: Property 'wrapR' does not exist on type 'Texture'. Did you mean 'wrapS'?
src/renderers/webgpu/utils/WebGPUTextureUtils.js(136,16): error TS2339: Property 'isDepthTexture' does not exist on type 'Texture'.
src/renderers/webgpu/utils/WebGPUTextureUtils.js(136,42): error TS2339: Property 'compareFunction' does not exist on type 'Texture'.
src/renderers/webgpu/utils/WebGPUTextureUtils.js(138,25): error TS2339: Property 'compare' does not exist on type '{ addressModeU: string; addressModeV: string; addressModeW: string; magFilter: string; minFilter: string; mipmapFilter: string; maxAnisotropy: number; }'.
src/renderers/webgpu/utils/WebGPUTextureUtils.js(138,35): error TS7053: Element implicitly has an 'any' type because expression of type 'any' can't be used to index type '{ 512: string; 513: string; 514: string; 515: string; 516: string; 518: string; 519: string; 517: string; }'.
src/renderers/webgpu/utils/WebGPUTextureUtils.js(138,61): error TS2339: Property 'compareFunction' does not exist on type 'Texture'.
src/renderers/webgpu/utils/WebGPUTextureUtils.js(158,16): error TS2551: Property 'isCubeTexture' does not exist on type 'Texture'. Did you mean 'isTexture'?
src/renderers/webgpu/utils/WebGPUTextureUtils.js(162,23): error TS2339: Property 'isVideoTexture' does not exist on type 'Texture'.
src/renderers/webgpu/utils/WebGPUTextureUtils.js(194,16): error TS2339: Property 'needsMipmaps' does not exist on type 'Object'.
src/renderers/webgpu/utils/WebGPUTextureUtils.js(194,53): error TS2339: Property 'needsMipmaps' does not exist on type 'Object'.
src/renderers/webgpu/utils/WebGPUTextureUtils.js(195,16): error TS2339: Property 'levels' does not exist on type 'Object'.
src/renderers/webgpu/utils/WebGPUTextureUtils.js(195,47): error TS2339: Property 'levels' does not exist on type 'Object'.
src/renderers/webgpu/utils/WebGPUTextureUtils.js(196,16): error TS2339: Property 'depth' does not exist on type 'Object'.
src/renderers/webgpu/utils/WebGPUTextureUtils.js(196,46): error TS2339: Property 'depth' does not exist on type 'Object'.
src/renderers/webgpu/utils/WebGPUTextureUtils.js(198,11): error TS2339: Property 'width' does not exist on type 'Object'.
src/renderers/webgpu/utils/WebGPUTextureUtils.js(198,18): error TS2339: Property 'height' does not exist on type 'Object'.
src/renderers/webgpu/utils/WebGPUTextureUtils.js(198,26): error TS2339: Property 'depth' does not exist on type 'Object'.
src/renderers/webgpu/utils/WebGPUTextureUtils.js(198,33): error TS2339: Property 'levels' does not exist on type 'Object'.
src/renderers/webgpu/utils/WebGPUTextureUtils.js(200,16): error TS2339: Property 'isFramebufferTexture' does not exist on type 'Texture'.
src/renderers/webgpu/utils/WebGPUTextureUtils.js(202,17): error TS2339: Property 'renderTarget' does not exist on type 'Object'.
src/renderers/webgpu/utils/WebGPUTextureUtils.js(204,13): error TS2339: Property 'format' does not exist on type 'Object'.
src/renderers/webgpu/utils/WebGPUTextureUtils.js(204,72): error TS2339: Property 'renderTarget' does not exist on type 'Object'.
src/renderers/webgpu/utils/WebGPUTextureUtils.js(208,13): error TS2339: Property 'format' does not exist on type 'Object'.
src/renderers/webgpu/utils/WebGPUTextureUtils.js(215,52): error TS2339: Property 'format' does not exist on type 'Object'.
src/renderers/webgpu/utils/WebGPUTextureUtils.js(223,16): error TS2339: Property 'isStorageTexture' does not exist on type 'Texture'.
src/renderers/webgpu/utils/WebGPUTextureUtils.js(229,16): error TS2339: Property 'isCompressedTexture' does not exist on type 'Texture'.
src/renderers/webgpu/utils/WebGPUTextureUtils.js(229,56): error TS2339: Property 'isCompressedArrayTexture' does not exist on type 'Texture'.
src/renderers/webgpu/utils/WebGPUTextureUtils.js(251,16): error TS2339: Property 'isVideoTexture' does not exist on type 'Texture'.
src/renderers/webgpu/utils/WebGPUTextureUtils.js(269,5): error TS2322: Type 'void' is not assignable to type 'undefined'.
src/renderers/webgpu/utils/WebGPUTextureUtils.js(335,16): error TS2551: Property 'isCubeTexture' does not exist on type 'Texture'. Did you mean 'isTexture'?
src/renderers/webgpu/utils/WebGPUTextureUtils.js(429,3): error TS2322: Type 'number | undefined' is not assignable to type 'number'.
  Type 'undefined' is not assignable to type 'number'.
src/renderers/webgpu/utils/WebGPUTextureUtils.js(430,3): error TS2322: Type 'number | undefined' is not assignable to type 'number'.
  Type 'undefined' is not assignable to type 'number'.
src/renderers/webgpu/utils/WebGPUTextureUtils.js(457,16): error TS2551: Property 'isDataTexture' does not exist on type 'Texture'. Did you mean 'isTexture'?
src/renderers/webgpu/utils/WebGPUTextureUtils.js(459,31): error TS18048: 'options' is possibly 'undefined'.
src/renderers/webgpu/utils/WebGPUTextureUtils.js(459,39): error TS2339: Property 'image' does not exist on type 'Object'.
src/renderers/webgpu/utils/WebGPUTextureUtils.js(461,23): error TS2339: Property 'isDataArrayTexture' does not exist on type 'Texture'.
src/renderers/webgpu/utils/WebGPUTextureUtils.js(461,53): error TS2339: Property 'isData3DTexture' does not exist on type 'Texture'.
src/renderers/webgpu/utils/WebGPUTextureUtils.js(463,25): error TS18048: 'options' is possibly 'undefined'.
src/renderers/webgpu/utils/WebGPUTextureUtils.js(463,33): error TS2339: Property 'image' does not exist on type 'Object'.
src/renderers/webgpu/utils/WebGPUTextureUtils.js(465,32): error TS18048: 'options' is possibly 'undefined'.
src/renderers/webgpu/utils/WebGPUTextureUtils.js(465,40): error TS2339: Property 'image' does not exist on type 'Object'.
src/renderers/webgpu/utils/WebGPUTextureUtils.js(469,23): error TS2339: Property 'isCompressedTexture' does not exist on type 'Texture'.
src/renderers/webgpu/utils/WebGPUTextureUtils.js(469,54): error TS2339: Property 'isCompressedArrayTexture' does not exist on type 'Texture'.
src/renderers/webgpu/utils/WebGPUTextureUtils.js(473,23): error TS2551: Property 'isCubeTexture' does not exist on type 'Texture'. Did you mean 'isTexture'?
src/renderers/webgpu/utils/WebGPUTextureUtils.js(475,32): error TS18048: 'options' is possibly 'undefined'.
src/renderers/webgpu/utils/WebGPUTextureUtils.js(475,40): error TS2339: Property 'images' does not exist on type 'Object'.
src/renderers/webgpu/utils/WebGPUTextureUtils.js(477,23): error TS2339: Property 'isVideoTexture' does not exist on type 'Texture'.
src/renderers/webgpu/utils/WebGPUTextureUtils.js(485,30): error TS18048: 'options' is possibly 'undefined'.
src/renderers/webgpu/utils/WebGPUTextureUtils.js(485,38): error TS2339: Property 'image' does not exist on type 'Object'.
src/renderers/webgpu/utils/WebGPUTextureUtils.js(658,13): error TS2314: Generic type 'Array<T>' requires 1 type argument(s).
src/renderers/webgpu/utils/WebGPUTextureUtils.js(782,22): error TS2339: Property 'data' does not exist on type 'Object'.
src/renderers/webgpu/utils/WebGPUTextureUtils.js(784,70): error TS2339: Property 'format' does not exist on type 'Object'.
src/renderers/webgpu/utils/WebGPUTextureUtils.js(785,29): error TS2339: Property 'width' does not exist on type 'Object'.
src/renderers/webgpu/utils/WebGPUTextureUtils.js(795,19): error TS2339: Property 'width' does not exist on type 'Object'.
src/renderers/webgpu/utils/WebGPUTextureUtils.js(795,33): error TS2339: Property 'height' does not exist on type 'Object'.
src/renderers/webgpu/utils/WebGPUTextureUtils.js(799,18): error TS2339: Property 'width' does not exist on type 'Object'.
src/renderers/webgpu/utils/WebGPUTextureUtils.js(800,19): error TS2339: Property 'height' does not exist on type 'Object'.
src/renderers/webgpu/utils/WebGPUTextureUtils.js(826,62): error TS2339: Property 'format' does not exist on type 'Object'.
src/renderers/webgpu/utils/WebGPUTextureUtils.js(827,47): error TS2339: Property 'size' does not exist on type 'Object'.
src/renderers/webgpu/utils/WebGPUTextureUtils.js(833,25): error TS2339: Property 'width' does not exist on type 'Object'.
src/renderers/webgpu/utils/WebGPUTextureUtils.js(834,26): error TS2339: Property 'height' does not exist on type 'Object'.
src/renderers/webgpu/utils/WebGPUTextureUtils.js(835,56): error TS2339: Property 'size' does not exist on type 'Object'.
src/renderers/webgpu/utils/WebGPUTextureUtils.js(837,53): error TS2339: Property 'width' does not exist on type 'Object'.
src/renderers/webgpu/utils/WebGPUTextureUtils.js(837,73): error TS2339: Property 'byteLength' does not exist on type 'Object'.
src/renderers/webgpu/utils/WebGPUTextureUtils.js(838,70): error TS2339: Property 'height' does not exist on type 'Object'.
src/renderers/webgpu/utils/WebGPUTextureUtils.js(848,13): error TS2339: Property 'data' does not exist on type 'Object'.
src/renderers/webgpu/utils/WebGPUTextureUtils.js(852,51): error TS2339: Property 'height' does not exist on type 'Object'.
src/renderers/webgpu/utils/WebGPUTextureUtils.js(855,43): error TS2339: Property 'width' does not exist on type 'Object'.
src/renderers/webgpu/utils/WebGPUTextureUtils.js(855,63): error TS2339: Property 'width' does not exist on type 'Object'.
src/renderers/webgpu/utils/WebGPUTextureUtils.js(856,45): error TS2339: Property 'height' does not exist on type 'Object'.
src/renderers/webgpu/utils/WebGPUTextureUtils.js(856,66): error TS2339: Property 'height' does not exist on type 'Object'.
src/renderers/webgpu/utils/WebGPUTextureUtils.js(873,14): error TS2366: Function lacks ending return statement and return type does not include 'undefined'.
src/renderers/webgpu/utils/WebGPUTextureUtils.js(880,77): error TS2551: Property 'BC4RSNorm' does not exist on type '{ R8Unorm: string; R8Snorm: string; R8Uint: string; R8Sint: string; R16Uint: string; R16Sint: string; R16Float: string; RG8Unorm: string; RG8Snorm: string; RG8Uint: string; RG8Sint: string; R32Uint: string; ... 81 more ...; ASTC12x12UnormSRGB: string; }'. Did you mean 'BC4RSnorm'?
src/renderers/webgpu/utils/WebGPUTextureUtils.js(961,14): error TS2366: Function lacks ending return statement and return type does not include 'undefined'.
src/renderers/webgpu/utils/WebGPUTextureUtils.js(997,32): error TS2551: Property 'RG11B10UFloat' does not exist on type '{ R8Unorm: string; R8Snorm: string; R8Uint: string; R8Sint: string; R16Uint: string; R16Sint: string; R16Float: string; RG8Unorm: string; RG8Snorm: string; RG8Uint: string; RG8Sint: string; R32Uint: string; ... 81 more ...; ASTC12x12UnormSRGB: string; }'. Did you mean 'RG11B10uFloat'?
src/renderers/webgpu/utils/WebGPUTextureUtils.js(1024,14): error TS2503: Cannot find namespace 'TypedArray'.
src/renderers/webgpu/utils/WebGPUTextureUtils.js(1067,36): error TS2551: Property 'RG11B10UFloat' does not exist on type '{ R8Unorm: string; R8Snorm: string; R8Uint: string; R8Sint: string; R16Uint: string; R16Sint: string; R16Float: string; RG8Unorm: string; RG8Snorm: string; RG8Uint: string; RG8Sint: string; R32Uint: string; ... 81 more ...; ASTC12x12UnormSRGB: string; }'. Did you mean 'RG11B10uFloat'?
src/renderers/webgpu/utils/WebGPUTextureUtils.js(1087,16): error TS2339: Property 'isData3DTexture' does not exist on type 'Texture'.
src/renderers/webgpu/utils/WebGPUTextureUtils.js(1119,15): error TS2339: Property 'isCompressedTexture' does not exist on type 'Texture'.
src/renderers/webgpu/utils/WebGPUTextureUtils.js(1119,55): error TS2339: Property 'isCompressedArrayTexture' does not exist on type 'Texture'.
src/renderers/webgpu/utils/WebGPUTextureUtils.js(1469,2): error TS2322: Type 'string | undefined' is not assignable to type 'string'.
  Type 'undefined' is not assignable to type 'string'.
src/renderers/webgpu/utils/WebGPUUtils.js(51,3): error TS2322: Type 'string | undefined' is not assignable to type 'string'.
  Type 'undefined' is not assignable to type 'string'.
src/renderers/webgpu/utils/WebGPUUtils.js(150,14): error TS2366: Function lacks ending return statement and return type does not include 'undefined'.
src/renderers/webgpu/WebGPUBackend.js(57,19): error TS2339: Property 'alpha' does not exist on type 'Object'.
src/renderers/webgpu/WebGPUBackend.js(59,19): error TS2339: Property 'requiredLimits' does not exist on type 'Object'.
src/renderers/webgpu/WebGPUBackend.js(154,14): error TS2314: Generic type 'Promise<T>' requires 1 type argument(s).
src/renderers/webgpu/WebGPUBackend.js(168,19): error TS2339: Property 'device' does not exist on type 'Object'.
src/renderers/webgpu/WebGPUBackend.js(171,33): error TS2339: Property 'powerPreference' does not exist on type 'Object'.
src/renderers/webgpu/WebGPUBackend.js(200,32): error TS2339: Property 'requiredLimits' does not exist on type 'Object'.
src/renderers/webgpu/WebGPUBackend.js(207,24): error TS2339: Property 'device' does not exist on type 'Object'.
src/renderers/webgpu/WebGPUBackend.js(224,32): error TS2339: Property 'context' does not exist on type 'Object'.
src/renderers/webgpu/WebGPUBackend.js(224,69): error TS2339: Property 'context' does not exist on type 'Object'.
src/renderers/webgpu/WebGPUBackend.js(229,32): error TS2339: Property 'alpha' does not exist on type 'Object'.
src/renderers/webgpu/WebGPUBackend.js(264,8): error TS2416: Property 'getArrayBufferAsync' in type 'WebGPUBackend' is not assignable to the same property in base type 'Backend'.
  Type '(attribute: StorageBufferAttribute) => Promise<ArrayBuffer>' is not assignable to type '() => Promise<ArrayBuffer>'.
    Target signature provides too few arguments. Expected 1 or more, but got 0.
src/renderers/webgpu/WebGPUBackend.js(307,16): error TS2339: Property 'depthStencilAttachment' does not exist on type 'Object'.
src/renderers/webgpu/WebGPUBackend.js(313,39): error TS2339: Property 'colorAttachments' does not exist on type 'Object'.
src/renderers/webgpu/WebGPUBackend.js(329,38): error TS2339: Property 'colorAttachments' does not exist on type 'Object'.
src/renderers/webgpu/WebGPUBackend.js(358,38): error TS2339: Property 'descriptors' does not exist on type 'Object'.
src/renderers/webgpu/WebGPUBackend.js(361,21): error TS2339: Property 'width' does not exist on type 'Object'.
src/renderers/webgpu/WebGPUBackend.js(362,21): error TS2339: Property 'height' does not exist on type 'Object'.
src/renderers/webgpu/WebGPUBackend.js(363,21): error TS2339: Property 'dimensions' does not exist on type 'Object'.
src/renderers/webgpu/WebGPUBackend.js(364,21): error TS2339: Property 'activeMipmapLevel' does not exist on type 'Object'.
src/renderers/webgpu/WebGPUBackend.js(365,21): error TS2339: Property 'activeCubeFace' does not exist on type 'Object'.
src/renderers/webgpu/WebGPUBackend.js(366,21): error TS2339: Property 'samples' does not exist on type 'Object'.
src/renderers/webgpu/WebGPUBackend.js(367,21): error TS2339: Property 'loadOp' does not exist on type 'Object'.
src/renderers/webgpu/WebGPUBackend.js(367,55): error TS2339: Property 'loadOp' does not exist on type 'Object'.
src/renderers/webgpu/WebGPUBackend.js(372,21): error TS2339: Property 'descriptors' does not exist on type 'Object'.
src/renderers/webgpu/WebGPUBackend.js(418,21): error TS2339: Property 'depthOrArrayLayers' does not exist on type '{ label: string; baseMipLevel: any; mipLevelCount: number; baseArrayLayer: any; arrayLayerCount: number; dimension: string; }'.
src/renderers/webgpu/WebGPUBackend.js(423,21): error TS2339: Property 'depthOrArrayLayers' does not exist on type '{ label: string; baseMipLevel: any; mipLevelCount: number; baseArrayLayer: any; arrayLayerCount: number; dimension: string; }'.
src/renderers/webgpu/WebGPUBackend.js(427,37): error TS2339: Property 'texture' does not exist on type 'Object'.
src/renderers/webgpu/WebGPUBackend.js(431,22): error TS2339: Property 'msaaTexture' does not exist on type 'Object'.
src/renderers/webgpu/WebGPUBackend.js(433,25): error TS2339: Property 'msaaTexture' does not exist on type 'Object'.
src/renderers/webgpu/WebGPUBackend.js(464,29): error TS2339: Property 'texture' does not exist on type 'Object'.
src/renderers/webgpu/WebGPUBackend.js(472,21): error TS2339: Property 'width' does not exist on type 'Object'.
src/renderers/webgpu/WebGPUBackend.js(473,21): error TS2339: Property 'height' does not exist on type 'Object'.
src/renderers/webgpu/WebGPUBackend.js(474,21): error TS2339: Property 'samples' does not exist on type 'Object'.
src/renderers/webgpu/WebGPUBackend.js(475,21): error TS2339: Property 'activeMipmapLevel' does not exist on type 'Object'.
src/renderers/webgpu/WebGPUBackend.js(476,21): error TS2339: Property 'activeCubeFace' does not exist on type 'Object'.
src/renderers/webgpu/WebGPUBackend.js(477,21): error TS2339: Property 'dimensions' does not exist on type 'Object'.
src/renderers/webgpu/WebGPUBackend.js(478,21): error TS2339: Property 'depthSlice' does not exist on type 'Object'.
src/renderers/webgpu/WebGPUBackend.js(479,21): error TS2339: Property 'loadOp' does not exist on type 'Object'.
src/renderers/webgpu/WebGPUBackend.js(493,2): error TS2416: Property 'beginRender' in type 'WebGPUBackend' is not assignable to the same property in base type 'Backend'.
  Type '(renderContext: RenderContext) => void' is not assignable to type '() => void'.
    Target signature provides too few arguments. Expected 1 or more, but got 0.
src/renderers/webgpu/WebGPUBackend.js(504,27): error TS2339: Property 'currentOcclusionQuerySet' does not exist on type 'Object'.
src/renderers/webgpu/WebGPUBackend.js(504,72): error TS2339: Property 'currentOcclusionQuerySet' does not exist on type 'Object'.
src/renderers/webgpu/WebGPUBackend.js(505,27): error TS2339: Property 'currentOcclusionQueryBuffer' does not exist on type 'Object'.
src/renderers/webgpu/WebGPUBackend.js(505,75): error TS2339: Property 'currentOcclusionQueryBuffer' does not exist on type 'Object'.
src/renderers/webgpu/WebGPUBackend.js(509,22): error TS2339: Property 'currentOcclusionQuerySet' does not exist on type 'Object'.
src/renderers/webgpu/WebGPUBackend.js(509,67): error TS2339: Property 'occlusionQuerySet' does not exist on type 'Object'.
src/renderers/webgpu/WebGPUBackend.js(510,22): error TS2339: Property 'currentOcclusionQueryBuffer' does not exist on type 'Object'.
src/renderers/webgpu/WebGPUBackend.js(510,70): error TS2339: Property 'occlusionQueryBuffer' does not exist on type 'Object'.
src/renderers/webgpu/WebGPUBackend.js(511,22): error TS2339: Property 'currentOcclusionQueryObjects' does not exist on type 'Object'.
src/renderers/webgpu/WebGPUBackend.js(511,71): error TS2339: Property 'occlusionQueryObjects' does not exist on type 'Object'.
src/renderers/webgpu/WebGPUBackend.js(517,22): error TS2339: Property 'occlusionQuerySet' does not exist on type 'Object'.
src/renderers/webgpu/WebGPUBackend.js(518,22): error TS2339: Property 'occlusionQueryIndex' does not exist on type 'Object'.
src/renderers/webgpu/WebGPUBackend.js(519,22): error TS2339: Property 'occlusionQueryObjects' does not exist on type 'Object'.
src/renderers/webgpu/WebGPUBackend.js(521,22): error TS2339: Property 'lastOcclusionObject' does not exist on type 'Object'.
src/renderers/webgpu/WebGPUBackend.js(539,14): error TS2339: Property 'occlusionQuerySet' does not exist on type 'Object'.
src/renderers/webgpu/WebGPUBackend.js(541,45): error TS2339: Property 'depthStencilAttachment' does not exist on type 'Object'.
src/renderers/webgpu/WebGPUBackend.js(545,40): error TS2339: Property 'colorAttachments' does not exist on type 'Object'.
src/renderers/webgpu/WebGPUBackend.js(568,39): error TS2339: Property 'colorAttachments' does not exist on type 'Object'.
src/renderers/webgpu/WebGPUBackend.js(628,21): error TS2339: Property 'descriptor' does not exist on type 'Object'.
src/renderers/webgpu/WebGPUBackend.js(629,21): error TS2339: Property 'encoder' does not exist on type 'Object'.
src/renderers/webgpu/WebGPUBackend.js(630,21): error TS2339: Property 'currentPass' does not exist on type 'Object'.
src/renderers/webgpu/WebGPUBackend.js(631,21): error TS2339: Property 'currentSets' does not exist on type 'Object'.
src/renderers/webgpu/WebGPUBackend.js(632,21): error TS2339: Property 'renderBundles' does not exist on type 'Object'.
src/renderers/webgpu/WebGPUBackend.js(658,2): error TS2416: Property 'finishRender' in type 'WebGPUBackend' is not assignable to the same property in base type 'Backend'.
  Type '(renderContext: RenderContext) => void' is not assignable to type '() => void'.
    Target signature provides too few arguments. Expected 1 or more, but got 0.
src/renderers/webgpu/WebGPUBackend.js(663,26): error TS2339: Property 'renderBundles' does not exist on type 'Object'.
src/renderers/webgpu/WebGPUBackend.js(665,22): error TS2339: Property 'currentPass' does not exist on type 'Object'.
src/renderers/webgpu/WebGPUBackend.js(665,68): error TS2339: Property 'renderBundles' does not exist on type 'Object'.
src/renderers/webgpu/WebGPUBackend.js(669,48): error TS2339: Property 'occlusionQueryIndex' does not exist on type 'Object'.
src/renderers/webgpu/WebGPUBackend.js(671,22): error TS2339: Property 'currentPass' does not exist on type 'Object'.
src/renderers/webgpu/WebGPUBackend.js(675,21): error TS2339: Property 'currentPass' does not exist on type 'Object'.
src/renderers/webgpu/WebGPUBackend.js(708,22): error TS2339: Property 'encoder' does not exist on type 'Object'.
src/renderers/webgpu/WebGPUBackend.js(708,65): error TS2339: Property 'occlusionQuerySet' does not exist on type 'Object'.
src/renderers/webgpu/WebGPUBackend.js(709,22): error TS2339: Property 'encoder' does not exist on type 'Object'.
src/renderers/webgpu/WebGPUBackend.js(711,22): error TS2339: Property 'occlusionQueryBuffer' does not exist on type 'Object'.
src/renderers/webgpu/WebGPUBackend.js(719,65): error TS2339: Property 'encoder' does not exist on type 'Object'.
src/renderers/webgpu/WebGPUBackend.js(721,49): error TS2339: Property 'encoder' does not exist on type 'Object'.
src/renderers/webgpu/WebGPUBackend.js(754,2): error TS2416: Property 'isOccluded' in type 'WebGPUBackend' is not assignable to the same property in base type 'Backend'.
  Type '(renderContext: RenderContext, object: Object3D) => boolean' is not assignable to type '() => boolean'.
    Target signature provides too few arguments. Expected 2 or more, but got 0.
src/renderers/webgpu/WebGPUBackend.js(758,28): error TS2339: Property 'occluded' does not exist on type 'Object'.
src/renderers/webgpu/WebGPUBackend.js(758,58): error TS2339: Property 'occluded' does not exist on type 'Object'.
src/renderers/webgpu/WebGPUBackend.js(768,14): error TS2314: Generic type 'Promise<T>' requires 1 type argument(s).
src/renderers/webgpu/WebGPUBackend.js(776,11): error TS2339: Property 'currentOcclusionQueryBuffer' does not exist on type 'Object'.
src/renderers/webgpu/WebGPUBackend.js(776,40): error TS2339: Property 'currentOcclusionQueryObjects' does not exist on type 'Object'.
src/renderers/webgpu/WebGPUBackend.js(782,22): error TS2339: Property 'currentOcclusionQueryObjects' does not exist on type 'Object'.
src/renderers/webgpu/WebGPUBackend.js(783,22): error TS2339: Property 'currentOcclusionQueryBuffer' does not exist on type 'Object'.
src/renderers/webgpu/WebGPUBackend.js(802,22): error TS2339: Property 'occluded' does not exist on type 'Object'.
src/renderers/webgpu/WebGPUBackend.js(813,2): error TS2416: Property 'updateViewport' in type 'WebGPUBackend' is not assignable to the same property in base type 'Backend'.
  Type '(renderContext: RenderContext) => void' is not assignable to type '() => void'.
    Target signature provides too few arguments. Expected 1 or more, but got 0.
src/renderers/webgpu/WebGPUBackend.js(815,11): error TS2339: Property 'currentPass' does not exist on type 'Object'.
src/renderers/webgpu/WebGPUBackend.js(872,35): error TS2339: Property 'colorAttachments' does not exist on type 'Object'.
src/renderers/webgpu/WebGPUBackend.js(884,41): error TS2339: Property 'depthStencilAttachment' does not exist on type 'Object'.
src/renderers/webgpu/WebGPUBackend.js(897,35): error TS2339: Property 'colorAttachments' does not exist on type 'Object'.
src/renderers/webgpu/WebGPUBackend.js(906,29): error TS2339: Property 'texture' does not exist on type 'Object'.
src/renderers/webgpu/WebGPUBackend.js(973,2): error TS2416: Property 'beginCompute' in type 'WebGPUBackend' is not assignable to the same property in base type 'Backend'.
  Type '(computeGroup: any) => void' is not assignable to type '() => void'.
    Target signature provides too few arguments. Expected 1 or more, but got 0.
src/renderers/webgpu/WebGPUBackend.js(984,12): error TS2339: Property 'cmdEncoderGPU' does not exist on type 'Object'.
src/renderers/webgpu/WebGPUBackend.js(986,12): error TS2339: Property 'passEncoderGPU' does not exist on type 'Object'.
src/renderers/webgpu/WebGPUBackend.js(986,38): error TS2339: Property 'cmdEncoderGPU' does not exist on type 'Object'.
src/renderers/webgpu/WebGPUBackend.js(998,2): error TS2416: Property 'compute' in type 'WebGPUBackend' is not assignable to the same property in base type 'Backend'.
  Type '(computeGroup: any, computeNode: Node, bindings: BindGroup[], pipeline: ComputePipeline) => void' is not assignable to type '() => void'.
    Target signature provides too few arguments. Expected 4 or more, but got 0.
src/renderers/webgpu/WebGPUBackend.js(1000,11): error TS2339: Property 'passEncoderGPU' does not exist on type 'Object'.
src/renderers/webgpu/WebGPUBackend.js(1004,44): error TS2339: Property 'pipeline' does not exist on type 'Object'.
src/renderers/webgpu/WebGPUBackend.js(1014,49): error TS2339: Property 'group' does not exist on type 'Object'.
src/renderers/webgpu/WebGPUBackend.js(1022,24): error TS2339: Property 'dispatchSize' does not exist on type 'Object'.
src/renderers/webgpu/WebGPUBackend.js(1022,69): error TS2339: Property 'dispatchSize' does not exist on type 'Object'.
src/renderers/webgpu/WebGPUBackend.js(1024,11): error TS2339: Property 'dispatchSize' does not exist on type 'Object'.
src/renderers/webgpu/WebGPUBackend.js(1051,2): error TS2416: Property 'finishCompute' in type 'WebGPUBackend' is not assignable to the same property in base type 'Backend'.
  Type '(computeGroup: any) => void' is not assignable to type '() => void'.
    Target signature provides too few arguments. Expected 1 or more, but got 0.
src/renderers/webgpu/WebGPUBackend.js(1055,13): error TS2339: Property 'passEncoderGPU' does not exist on type 'Object'.
src/renderers/webgpu/WebGPUBackend.js(1057,56): error TS2339: Property 'cmdEncoderGPU' does not exist on type 'Object'.
src/renderers/webgpu/WebGPUBackend.js(1059,41): error TS2339: Property 'cmdEncoderGPU' does not exist on type 'Object'.
src/renderers/webgpu/WebGPUBackend.js(1068,14): error TS2314: Generic type 'Promise<T>' requires 1 type argument(s).
src/renderers/webgpu/WebGPUBackend.js(1084,2): error TS2416: Property 'draw' in type 'WebGPUBackend' is not assignable to the same property in base type 'Backend'.
  Type '(renderObject: RenderObject, info: Info) => void' is not assignable to type '() => void'.
    Target signature provides too few arguments. Expected 2 or more, but got 0.
src/renderers/webgpu/WebGPUBackend.js(1089,44): error TS2339: Property 'pipeline' does not exist on type 'Object'.
src/renderers/webgpu/WebGPUBackend.js(1090,41): error TS2339: Property 'currentSets' does not exist on type 'Object'.
src/renderers/webgpu/WebGPUBackend.js(1091,44): error TS2339: Property 'currentPass' does not exist on type 'Object'.
src/renderers/webgpu/WebGPUBackend.js(1118,64): error TS2339: Property 'group' does not exist on type 'Object'.
src/renderers/webgpu/WebGPUBackend.js(1137,38): error TS2339: Property 'buffer' does not exist on type 'Object'.
src/renderers/webgpu/WebGPUBackend.js(1158,45): error TS2339: Property 'buffer' does not exist on type 'Object'.
src/renderers/webgpu/WebGPUBackend.js(1169,26): error TS2339: Property 'occlusionQuerySet' does not exist on type 'Object'.
src/renderers/webgpu/WebGPUBackend.js(1171,41): error TS2339: Property 'lastOcclusionObject' does not exist on type 'Object'.
src/renderers/webgpu/WebGPUBackend.js(1178,24): error TS2339: Property 'occlusionQueryIndex' does not exist on type 'Object'.
src/renderers/webgpu/WebGPUBackend.js(1184,60): error TS2339: Property 'occlusionQueryIndex' does not exist on type 'Object'.
src/renderers/webgpu/WebGPUBackend.js(1185,24): error TS2339: Property 'occlusionQueryObjects' does not exist on type 'Object'.
src/renderers/webgpu/WebGPUBackend.js(1185,65): error TS2339: Property 'occlusionQueryIndex' does not exist on type 'Object'.
src/renderers/webgpu/WebGPUBackend.js(1189,23): error TS2339: Property 'lastOcclusionObject' does not exist on type 'Object'.
src/renderers/webgpu/WebGPUBackend.js(1231,42): error TS2339: Property 'buffer' does not exist on type 'Object'.
src/renderers/webgpu/WebGPUBackend.js(1251,42): error TS2339: Property 'buffer' does not exist on type 'Object'.
src/renderers/webgpu/WebGPUBackend.js(1273,20): error TS2339: Property 'indexesGPU' does not exist on type 'Object'.
src/renderers/webgpu/WebGPUBackend.js(1273,59): error TS2339: Property 'indexesGPU' does not exist on type 'Object'.
src/renderers/webgpu/WebGPUBackend.js(1284,88): error TS2339: Property 'layout' does not exist on type 'Object'.
src/renderers/webgpu/WebGPUBackend.js(1290,16): error TS2339: Property 'indexesGPU' does not exist on type 'Object'.
src/renderers/webgpu/WebGPUBackend.js(1313,65): error TS2339: Property 'indexesGPU' does not exist on type 'Object'.
src/renderers/webgpu/WebGPUBackend.js(1337,2): error TS2416: Property 'needsRenderUpdate' in type 'WebGPUBackend' is not assignable to the same property in base type 'Backend'.
  Type '(renderObject: RenderObject) => boolean' is not assignable to type '() => boolean'.
    Target signature provides too few arguments. Expected 1 or more, but got 0.
src/renderers/webgpu/WebGPUBackend.js(1353,13): error TS2339: Property 'material' does not exist on type 'Object'.
src/renderers/webgpu/WebGPUBackend.js(1353,43): error TS2339: Property 'materialVersion' does not exist on type 'Object'.
src/renderers/webgpu/WebGPUBackend.js(1354,9): error TS2339: Property 'transparent' does not exist on type 'Object'.
src/renderers/webgpu/WebGPUBackend.js(1354,54): error TS2339: Property 'blending' does not exist on type 'Object'.
src/renderers/webgpu/WebGPUBackend.js(1354,93): error TS2339: Property 'premultipliedAlpha' does not exist on type 'Object'.
src/renderers/webgpu/WebGPUBackend.js(1355,9): error TS2339: Property 'blendSrc' does not exist on type 'Object'.
src/renderers/webgpu/WebGPUBackend.js(1355,48): error TS2339: Property 'blendDst' does not exist on type 'Object'.
src/renderers/webgpu/WebGPUBackend.js(1355,87): error TS2339: Property 'blendEquation' does not exist on type 'Object'.
src/renderers/webgpu/WebGPUBackend.js(1356,9): error TS2339: Property 'blendSrcAlpha' does not exist on type 'Object'.
src/renderers/webgpu/WebGPUBackend.js(1356,58): error TS2339: Property 'blendDstAlpha' does not exist on type 'Object'.
src/renderers/webgpu/WebGPUBackend.js(1356,107): error TS2339: Property 'blendEquationAlpha' does not exist on type 'Object'.
src/renderers/webgpu/WebGPUBackend.js(1357,9): error TS2339: Property 'colorWrite' does not exist on type 'Object'.
src/renderers/webgpu/WebGPUBackend.js(1357,52): error TS2339: Property 'depthWrite' does not exist on type 'Object'.
src/renderers/webgpu/WebGPUBackend.js(1357,95): error TS2339: Property 'depthTest' does not exist on type 'Object'.
src/renderers/webgpu/WebGPUBackend.js(1357,136): error TS2339: Property 'depthFunc' does not exist on type 'Object'.
src/renderers/webgpu/WebGPUBackend.js(1358,9): error TS2339: Property 'stencilWrite' does not exist on type 'Object'.
src/renderers/webgpu/WebGPUBackend.js(1358,56): error TS2339: Property 'stencilFunc' does not exist on type 'Object'.
src/renderers/webgpu/WebGPUBackend.js(1359,9): error TS2339: Property 'stencilFail' does not exist on type 'Object'.
src/renderers/webgpu/WebGPUBackend.js(1359,54): error TS2339: Property 'stencilZFail' does not exist on type 'Object'.
src/renderers/webgpu/WebGPUBackend.js(1359,101): error TS2339: Property 'stencilZPass' does not exist on type 'Object'.
src/renderers/webgpu/WebGPUBackend.js(1360,9): error TS2339: Property 'stencilFuncMask' does not exist on type 'Object'.
src/renderers/webgpu/WebGPUBackend.js(1360,62): error TS2339: Property 'stencilWriteMask' does not exist on type 'Object'.
src/renderers/webgpu/WebGPUBackend.js(1361,9): error TS2339: Property 'side' does not exist on type 'Object'.
src/renderers/webgpu/WebGPUBackend.js(1361,40): error TS2339: Property 'alphaToCoverage' does not exist on type 'Object'.
src/renderers/webgpu/WebGPUBackend.js(1362,9): error TS2339: Property 'sampleCount' does not exist on type 'Object'.
src/renderers/webgpu/WebGPUBackend.js(1362,45): error TS2339: Property 'colorSpace' does not exist on type 'Object'.
src/renderers/webgpu/WebGPUBackend.js(1363,9): error TS2339: Property 'colorFormat' does not exist on type 'Object'.
src/renderers/webgpu/WebGPUBackend.js(1363,45): error TS2339: Property 'depthStencilFormat' does not exist on type 'Object'.
src/renderers/webgpu/WebGPUBackend.js(1364,9): error TS2339: Property 'primitiveTopology' does not exist on type 'Object'.
src/renderers/webgpu/WebGPUBackend.js(1365,9): error TS2339: Property 'clippingContextCacheKey' does not exist on type 'Object'.
src/renderers/webgpu/WebGPUBackend.js(1368,9): error TS2339: Property 'material' does not exist on type 'Object'.
src/renderers/webgpu/WebGPUBackend.js(1368,35): error TS2339: Property 'materialVersion' does not exist on type 'Object'.
src/renderers/webgpu/WebGPUBackend.js(1369,9): error TS2339: Property 'transparent' does not exist on type 'Object'.
src/renderers/webgpu/WebGPUBackend.js(1369,50): error TS2339: Property 'blending' does not exist on type 'Object'.
src/renderers/webgpu/WebGPUBackend.js(1369,85): error TS2339: Property 'premultipliedAlpha' does not exist on type 'Object'.
src/renderers/webgpu/WebGPUBackend.js(1370,9): error TS2339: Property 'blendSrc' does not exist on type 'Object'.
src/renderers/webgpu/WebGPUBackend.js(1370,44): error TS2339: Property 'blendDst' does not exist on type 'Object'.
src/renderers/webgpu/WebGPUBackend.js(1370,79): error TS2339: Property 'blendEquation' does not exist on type 'Object'.
src/renderers/webgpu/WebGPUBackend.js(1371,9): error TS2339: Property 'blendSrcAlpha' does not exist on type 'Object'.
src/renderers/webgpu/WebGPUBackend.js(1371,54): error TS2339: Property 'blendDstAlpha' does not exist on type 'Object'.
src/renderers/webgpu/WebGPUBackend.js(1371,99): error TS2339: Property 'blendEquationAlpha' does not exist on type 'Object'.
src/renderers/webgpu/WebGPUBackend.js(1372,9): error TS2339: Property 'colorWrite' does not exist on type 'Object'.
src/renderers/webgpu/WebGPUBackend.js(1373,9): error TS2339: Property 'depthWrite' does not exist on type 'Object'.
src/renderers/webgpu/WebGPUBackend.js(1373,48): error TS2339: Property 'depthTest' does not exist on type 'Object'.
src/renderers/webgpu/WebGPUBackend.js(1373,85): error TS2339: Property 'depthFunc' does not exist on type 'Object'.
src/renderers/webgpu/WebGPUBackend.js(1374,9): error TS2339: Property 'stencilWrite' does not exist on type 'Object'.
src/renderers/webgpu/WebGPUBackend.js(1374,52): error TS2339: Property 'stencilFunc' does not exist on type 'Object'.
src/renderers/webgpu/WebGPUBackend.js(1375,9): error TS2339: Property 'stencilFail' does not exist on type 'Object'.
src/renderers/webgpu/WebGPUBackend.js(1375,50): error TS2339: Property 'stencilZFail' does not exist on type 'Object'.
src/renderers/webgpu/WebGPUBackend.js(1375,93): error TS2339: Property 'stencilZPass' does not exist on type 'Object'.
src/renderers/webgpu/WebGPUBackend.js(1376,9): error TS2339: Property 'stencilFuncMask' does not exist on type 'Object'.
src/renderers/webgpu/WebGPUBackend.js(1376,58): error TS2339: Property 'stencilWriteMask' does not exist on type 'Object'.
src/renderers/webgpu/WebGPUBackend.js(1377,9): error TS2339: Property 'side' does not exist on type 'Object'.
src/renderers/webgpu/WebGPUBackend.js(1377,36): error TS2339: Property 'alphaToCoverage' does not exist on type 'Object'.
src/renderers/webgpu/WebGPUBackend.js(1378,9): error TS2339: Property 'sampleCount' does not exist on type 'Object'.
src/renderers/webgpu/WebGPUBackend.js(1379,9): error TS2339: Property 'colorSpace' does not exist on type 'Object'.
src/renderers/webgpu/WebGPUBackend.js(1380,9): error TS2339: Property 'colorFormat' does not exist on type 'Object'.
src/renderers/webgpu/WebGPUBackend.js(1381,9): error TS2339: Property 'depthStencilFormat' does not exist on type 'Object'.
src/renderers/webgpu/WebGPUBackend.js(1382,9): error TS2339: Property 'primitiveTopology' does not exist on type 'Object'.
src/renderers/webgpu/WebGPUBackend.js(1383,9): error TS2339: Property 'clippingContextCacheKey' does not exist on type 'Object'.
src/renderers/webgpu/WebGPUBackend.js(1399,2): error TS2416: Property 'getRenderCacheKey' in type 'WebGPUBackend' is not assignable to the same property in base type 'Backend'.
  Type '(renderObject: RenderObject) => string' is not assignable to type '() => string'.
    Target signature provides too few arguments. Expected 1 or more, but got 0.
src/renderers/webgpu/WebGPUBackend.js(1432,2): error TS2416: Property 'createSampler' in type 'WebGPUBackend' is not assignable to the same property in base type 'Backend'.
  Type '(texture: Texture) => void' is not assignable to type '() => void'.
    Target signature provides too few arguments. Expected 1 or more, but got 0.
src/renderers/webgpu/WebGPUBackend.js(1443,2): error TS2416: Property 'destroySampler' in type 'WebGPUBackend' is not assignable to the same property in base type 'Backend'.
  Type '(texture: Texture) => void' is not assignable to type '() => void'.
    Target signature provides too few arguments. Expected 1 or more, but got 0.
src/renderers/webgpu/WebGPUBackend.js(1455,2): error TS2416: Property 'createDefaultTexture' in type 'WebGPUBackend' is not assignable to the same property in base type 'Backend'.
  Type '(texture: Texture) => void' is not assignable to type '() => void'.
    Target signature provides too few arguments. Expected 1 or more, but got 0.
src/renderers/webgpu/WebGPUBackend.js(1467,2): error TS2416: Property 'createTexture' in type 'WebGPUBackend' is not assignable to the same property in base type 'Backend'.
  Type '(texture: Texture, options?: Object | undefined) => void' is not assignable to type '() => void'.
    Target signature provides too few arguments. Expected 1 or more, but got 0.
src/renderers/webgpu/WebGPUBackend.js(1479,2): error TS2416: Property 'updateTexture' in type 'WebGPUBackend' is not assignable to the same property in base type 'Backend'.
  Type '(texture: Texture, options?: Object | undefined) => void' is not assignable to type '() => void'.
    Target signature provides too few arguments. Expected 1 or more, but got 0.
src/renderers/webgpu/WebGPUBackend.js(1490,2): error TS2416: Property 'generateMipmaps' in type 'WebGPUBackend' is not assignable to the same property in base type 'Backend'.
  Type '(texture: Texture) => void' is not assignable to type '() => void'.
    Target signature provides too few arguments. Expected 1 or more, but got 0.
src/renderers/webgpu/WebGPUBackend.js(1501,2): error TS2416: Property 'destroyTexture' in type 'WebGPUBackend' is not assignable to the same property in base type 'Backend'.
  Type '(texture: Texture) => void' is not assignable to type '() => void'.
    Target signature provides too few arguments. Expected 1 or more, but got 0.
src/renderers/webgpu/WebGPUBackend.js(1519,8): error TS2416: Property 'copyTextureToBuffer' in type 'WebGPUBackend' is not assignable to the same property in base type 'Backend'.
  Type '(texture: Texture, x: number, y: number, width: number, height: number, faceIndex: number) => Promise<TypedArray>' is not assignable to type '() => Promise<TypedArray>'.
    Target signature provides too few arguments. Expected 6 or more, but got 0.
src/renderers/webgpu/WebGPUBackend.js(1539,28): error TS2339: Property 'timestampQuerySet' does not exist on type 'Object'.
src/renderers/webgpu/WebGPUBackend.js(1543,22): error TS2339: Property 'timestampQuerySet' does not exist on type 'Object'.
src/renderers/webgpu/WebGPUBackend.js(1549,14): error TS2339: Property 'timestampWrites' does not exist on type 'Object'.
src/renderers/webgpu/WebGPUBackend.js(1550,32): error TS2339: Property 'timestampQuerySet' does not exist on type 'Object'.
src/renderers/webgpu/WebGPUBackend.js(1572,26): error TS2339: Property 'currentTimestampQueryBuffers' does not exist on type 'Object'.
src/renderers/webgpu/WebGPUBackend.js(1574,22): error TS2339: Property 'currentTimestampQueryBuffers' does not exist on type 'Object'.
src/renderers/webgpu/WebGPUBackend.js(1589,61): error TS2339: Property 'currentTimestampQueryBuffers' does not exist on type 'Object'.
src/renderers/webgpu/WebGPUBackend.js(1592,46): error TS2339: Property 'timestampQuerySet' does not exist on type 'Object'.
src/renderers/webgpu/WebGPUBackend.js(1608,14): error TS2314: Generic type 'Promise<T>' requires 1 type argument(s).
src/renderers/webgpu/WebGPUBackend.js(1610,8): error TS2416: Property 'resolveTimestampAsync' in type 'WebGPUBackend' is not assignable to the same property in base type 'Backend'.
  Type '(renderContext: RenderContext, type?: string) => Promise<any>' is not assignable to type '() => Promise<any>'.
    Target signature provides too few arguments. Expected 1 or more, but got 0.
src/renderers/webgpu/WebGPUBackend.js(1616,26): error TS2339: Property 'currentTimestampQueryBuffers' does not exist on type 'Object'.
src/renderers/webgpu/WebGPUBackend.js(1618,46): error TS2339: Property 'currentTimestampQueryBuffers' does not exist on type 'Object'.
src/renderers/webgpu/WebGPUBackend.js(1645,2): error TS2416: Property 'createNodeBuilder' in type 'WebGPUBackend' is not assignable to the same property in base type 'Backend'.
  Type '(object: RenderObject, renderer: Renderer) => WGSLNodeBuilder' is not assignable to type '() => NodeBuilder'.
    Target signature provides too few arguments. Expected 2 or more, but got 0.
src/renderers/webgpu/WebGPUBackend.js(1658,2): error TS2416: Property 'createProgram' in type 'WebGPUBackend' is not assignable to the same property in base type 'Backend'.
  Type '(program: ProgrammableStage) => void' is not assignable to type '() => void'.
    Target signature provides too few arguments. Expected 1 or more, but got 0.
src/renderers/webgpu/WebGPUBackend.js(1662,14): error TS2339: Property 'module' does not exist on type 'Object'.
src/renderers/webgpu/WebGPUBackend.js(1674,2): error TS2416: Property 'destroyProgram' in type 'WebGPUBackend' is not assignable to the same property in base type 'Backend'.
  Type '(program: ProgrammableStage) => void' is not assignable to type '() => void'.
    Target signature provides too few arguments. Expected 1 or more, but got 0.
src/renderers/webgpu/WebGPUBackend.js(1686,19): error TS2314: Generic type 'Promise<T>' requires 1 type argument(s).
src/renderers/webgpu/WebGPUBackend.js(1688,2): error TS2416: Property 'createRenderPipeline' in type 'WebGPUBackend' is not assignable to the same property in base type 'Backend'.
  Type '(renderObject: RenderObject, promises: Promise<any>[]) => void' is not assignable to type '() => void'.
    Target signature provides too few arguments. Expected 2 or more, but got 0.
src/renderers/webgpu/WebGPUBackend.js(1700,2): error TS2416: Property 'createComputePipeline' in type 'WebGPUBackend' is not assignable to the same property in base type 'Backend'.
  Type '(computePipeline: ComputePipeline, bindings: BindGroup[]) => void' is not assignable to type '() => void'.
    Target signature provides too few arguments. Expected 2 or more, but got 0.
src/renderers/webgpu/WebGPUBackend.js(1715,21): error TS2339: Property '_currentPass' does not exist on type 'Object'.
src/renderers/webgpu/WebGPUBackend.js(1715,54): error TS2339: Property 'currentPass' does not exist on type 'Object'.
src/renderers/webgpu/WebGPUBackend.js(1716,21): error TS2339: Property '_currentSets' does not exist on type 'Object'.
src/renderers/webgpu/WebGPUBackend.js(1716,54): error TS2339: Property 'currentSets' does not exist on type 'Object'.
src/renderers/webgpu/WebGPUBackend.js(1718,21): error TS2339: Property 'currentSets' does not exist on type 'Object'.
src/renderers/webgpu/WebGPUBackend.js(1719,21): error TS2339: Property 'currentPass' does not exist on type 'Object'.
src/renderers/webgpu/WebGPUBackend.js(1733,43): error TS2339: Property 'currentPass' does not exist on type 'Object'.
src/renderers/webgpu/WebGPUBackend.js(1736,22): error TS2339: Property 'bundleGPU' does not exist on type 'Object'.
src/renderers/webgpu/WebGPUBackend.js(1740,21): error TS2339: Property 'currentSets' does not exist on type 'Object'.
src/renderers/webgpu/WebGPUBackend.js(1740,53): error TS2339: Property '_currentSets' does not exist on type 'Object'.
src/renderers/webgpu/WebGPUBackend.js(1741,21): error TS2339: Property 'currentPass' does not exist on type 'Object'.
src/renderers/webgpu/WebGPUBackend.js(1741,53): error TS2339: Property '_currentPass' does not exist on type 'Object'.
src/renderers/webgpu/WebGPUBackend.js(1755,21): error TS2339: Property 'renderBundles' does not exist on type 'Object'.
src/renderers/webgpu/WebGPUBackend.js(1755,60): error TS2339: Property 'bundleGPU' does not exist on type 'Object'.
src/renderers/webgpu/WebGPUBackend.js(1769,2): error TS2416: Property 'createBindings' in type 'WebGPUBackend' is not assignable to the same property in base type 'Backend'.
  Type '(bindGroup: BindGroup, bindings: BindGroup[], cacheIndex: number, version: number) => void' is not assignable to type '() => void'.
    Target signature provides too few arguments. Expected 4 or more, but got 0.
src/renderers/webgpu/WebGPUBackend.js(1783,2): error TS2416: Property 'updateBindings' in type 'WebGPUBackend' is not assignable to the same property in base type 'Backend'.
  Type '(bindGroup: BindGroup, bindings: BindGroup[], cacheIndex: number, version: number) => void' is not assignable to type '() => void'.
    Target signature provides too few arguments. Expected 4 or more, but got 0.
src/renderers/webgpu/WebGPUBackend.js(1794,2): error TS2416: Property 'updateBinding' in type 'WebGPUBackend' is not assignable to the same property in base type 'Backend'.
  Type '(binding: Buffer) => void' is not assignable to type '() => void'.
    Target signature provides too few arguments. Expected 1 or more, but got 0.
src/renderers/webgpu/WebGPUBackend.js(1807,2): error TS2416: Property 'createIndexAttribute' in type 'WebGPUBackend' is not assignable to the same property in base type 'Backend'.
  Type '(attribute: BufferAttribute) => void' is not assignable to type '() => void'.
    Target signature provides too few arguments. Expected 1 or more, but got 0.
src/renderers/webgpu/WebGPUBackend.js(1818,2): error TS2416: Property 'createAttribute' in type 'WebGPUBackend' is not assignable to the same property in base type 'Backend'.
  Type '(attribute: BufferAttribute) => void' is not assignable to type '() => void'.
    Target signature provides too few arguments. Expected 1 or more, but got 0.
src/renderers/webgpu/WebGPUBackend.js(1829,2): error TS2416: Property 'createStorageAttribute' in type 'WebGPUBackend' is not assignable to the same property in base type 'Backend'.
  Type '(attribute: BufferAttribute) => void' is not assignable to type '() => void'.
    Target signature provides too few arguments. Expected 1 or more, but got 0.
src/renderers/webgpu/WebGPUBackend.js(1851,2): error TS2416: Property 'updateAttribute' in type 'WebGPUBackend' is not assignable to the same property in base type 'Backend'.
  Type '(attribute: BufferAttribute) => void' is not assignable to type '() => void'.
    Target signature provides too few arguments. Expected 1 or more, but got 0.
src/renderers/webgpu/WebGPUBackend.js(1862,2): error TS2416: Property 'destroyAttribute' in type 'WebGPUBackend' is not assignable to the same property in base type 'Backend'.
  Type '(attribute: BufferAttribute) => void' is not assignable to type '() => void'.
    Target signature provides too few arguments. Expected 1 or more, but got 0.
src/renderers/webgpu/WebGPUBackend.js(1899,2): error TS2416: Property 'hasFeature' in type 'WebGPUBackend' is not assignable to the same property in base type 'Backend'.
  Type '(name: string) => boolean' is not assignable to type '() => boolean'.
    Target signature provides too few arguments. Expected 1 or more, but got 0.
src/renderers/webgpu/WebGPUBackend.js(1914,2): error TS2416: Property 'copyTextureToTexture' in type 'WebGPUBackend' is not assignable to the same property in base type 'Backend'.
  Type '(srcTexture: Texture, dstTexture: Texture, srcRegion?: any, dstPosition?: any, level?: number | undefined) => void' is not assignable to type '() => void'.
    Target signature provides too few arguments. Expected 2 or more, but got 0.
src/renderers/webgpu/WebGPUBackend.js(1947,44): error TS2339: Property 'texture' does not exist on type 'Object'.
src/renderers/webgpu/WebGPUBackend.js(1948,49): error TS2339: Property 'texture' does not exist on type 'Object'.
src/renderers/webgpu/WebGPUBackend.js(1979,2): error TS2416: Property 'copyFramebufferToTexture' in type 'WebGPUBackend' is not assignable to the same property in base type 'Backend'.
  Type '(texture: Texture, renderContext: RenderContext, rectangle: Vector4) => void' is not assignable to type '() => void'.
    Target signature provides too few arguments. Expected 3 or more, but got 0.
src/renderers/webgpu/WebGPUBackend.js(1989,56): error TS2339: Property 'texture' does not exist on type 'Object'.
src/renderers/webgpu/WebGPUBackend.js(1993,57): error TS2339: Property 'texture' does not exist on type 'Object'.
src/renderers/webgpu/WebGPUBackend.js(2011,46): error TS2339: Property 'texture' does not exist on type 'Object'.
src/renderers/webgpu/WebGPUBackend.js(2023,26): error TS2339: Property 'currentPass' does not exist on type 'Object'.
src/renderers/webgpu/WebGPUBackend.js(2025,22): error TS2339: Property 'currentPass' does not exist on type 'Object'.
src/renderers/webgpu/WebGPUBackend.js(2027,32): error TS2339: Property 'encoder' does not exist on type 'Object'.
src/renderers/webgpu/WebGPUBackend.js(2051,26): error TS2339: Property 'currentPass' does not exist on type 'Object'.
src/renderers/webgpu/WebGPUBackend.js(2053,12): error TS2339: Property 'descriptor' does not exist on type 'Object'.
src/renderers/webgpu/WebGPUBackend.js(2064,22): error TS2339: Property 'currentPass' does not exist on type 'Object'.
src/renderers/webgpu/WebGPUBackend.js(2065,22): error TS2339: Property 'currentSets' does not exist on type 'Object'.
src/renderers/webgpu/WebGPUBackend.js(2077,23): error TS2339: Property 'currentPass' does not exist on type 'Object'.
src/renderers/webgpu/WebGPURenderer.js(25,14): error TS2507: Type 'NodeModule' is not a constructor function type.
src/renderers/webgpu/WebGPURenderer.js(25,14): error TS8023: JSDoc '@augments module' does not match the 'extends Renderer' clause.
src/renderers/webgpu/WebGPURenderer.js(54,15): error TS2339: Property 'getFallback' does not exist on type '{ logarithmicDepthBuffer?: boolean | undefined; alpha?: boolean | undefined; depth?: boolean | undefined; stencil?: boolean | undefined; antialias?: boolean | undefined; samples?: number | undefined; forceWebGL?: boolean | undefined; outputType?: number | undefined; }'.
src/renderers/webgpu/WebGPURenderer.Nodes.js(10,14): error TS2507: Type 'NodeModule' is not a constructor function type.
src/renderers/webgpu/WebGPURenderer.Nodes.js(10,14): error TS8023: JSDoc '@augments module' does not match the 'extends Renderer' clause.
src/renderers/webgpu/WebGPURenderer.Nodes.js(40,15): error TS2339: Property 'getFallback' does not exist on type '{ logarithmicDepthBuffer?: boolean | undefined; alpha?: boolean | undefined; depth?: boolean | undefined; stencil?: boolean | undefined; antialias?: boolean | undefined; samples?: number | undefined; forceWebGL?: boolean | undefined; }'.
src/renderers/webxr/WebXRController.js(24,15): error TS2339: Property 'joints' does not exist on type 'Group'.
src/renderers/webxr/WebXRController.js(25,15): error TS2339: Property 'inputState' does not exist on type 'Group'.
src/renderers/webxr/WebXRController.js(40,20): error TS2339: Property 'hasLinearVelocity' does not exist on type 'Group'.
src/renderers/webxr/WebXRController.js(41,20): error TS2339: Property 'linearVelocity' does not exist on type 'Group'.
src/renderers/webxr/WebXRController.js(42,20): error TS2339: Property 'hasAngularVelocity' does not exist on type 'Group'.
src/renderers/webxr/WebXRController.js(43,20): error TS2339: Property 'angularVelocity' does not exist on type 'Group'.
src/renderers/webxr/WebXRController.js(58,15): error TS2339: Property 'hasLinearVelocity' does not exist on type 'Group'.
src/renderers/webxr/WebXRController.js(59,15): error TS2339: Property 'linearVelocity' does not exist on type 'Group'.
src/renderers/webxr/WebXRController.js(60,15): error TS2339: Property 'hasAngularVelocity' does not exist on type 'Group'.
src/renderers/webxr/WebXRController.js(61,15): error TS2339: Property 'angularVelocity' does not exist on type 'Group'.
src/renderers/webxr/WebXRController.js(184,27): error TS2339: Property 'joints' does not exist on type 'Group'.
src/renderers/webxr/WebXRController.js(185,27): error TS2339: Property 'joints' does not exist on type 'Group'.
src/renderers/webxr/WebXRController.js(191,15): error TS2339: Property 'inputState' does not exist on type 'Group'.
src/renderers/webxr/WebXRController.js(193,11): error TS2339: Property 'inputState' does not exist on type 'Group'.
src/renderers/webxr/WebXRController.js(200,24): error TS2339: Property 'inputState' does not exist on type 'Group'.
src/renderers/webxr/WebXRController.js(202,11): error TS2339: Property 'inputState' does not exist on type 'Group'.
src/renderers/webxr/WebXRController.js(220,35): error TS2339: Property 'position' does not exist on type 'Group'.
src/renderers/webxr/WebXRController.js(220,50): error TS2339: Property 'rotation' does not exist on type 'Group'.
src/renderers/webxr/WebXRController.js(220,65): error TS2339: Property 'scale' does not exist on type 'Group'.
src/renderers/webxr/WebXRController.js(225,13): error TS2339: Property 'hasLinearVelocity' does not exist on type 'Group'.
src/renderers/webxr/WebXRController.js(226,13): error TS2339: Property 'linearVelocity' does not exist on type 'Group'.
src/renderers/webxr/WebXRController.js(230,13): error TS2339: Property 'hasLinearVelocity' does not exist on type 'Group'.
src/renderers/webxr/WebXRController.js(236,13): error TS2339: Property 'hasAngularVelocity' does not exist on type 'Group'.
src/renderers/webxr/WebXRController.js(237,13): error TS2339: Property 'angularVelocity' does not exist on type 'Group'.
src/renderers/webxr/WebXRController.js(241,13): error TS2339: Property 'hasAngularVelocity' does not exist on type 'Group'.
src/renderers/webxr/WebXRController.js(265,44): error TS2339: Property 'position' does not exist on type 'Group'.
src/renderers/webxr/WebXRController.js(265,64): error TS2339: Property 'rotation' does not exist on type 'Group'.
src/renderers/webxr/WebXRController.js(265,84): error TS2339: Property 'scale' does not exist on type 'Group'.
src/renderers/webxr/WebXRController.js(270,17): error TS2339: Property 'hasLinearVelocity' does not exist on type 'Group'.
src/renderers/webxr/WebXRController.js(271,17): error TS2339: Property 'linearVelocity' does not exist on type 'Group'.
src/renderers/webxr/WebXRController.js(275,17): error TS2339: Property 'hasLinearVelocity' does not exist on type 'Group'.
src/renderers/webxr/WebXRController.js(281,17): error TS2339: Property 'hasAngularVelocity' does not exist on type 'Group'.
src/renderers/webxr/WebXRController.js(282,17): error TS2339: Property 'angularVelocity' does not exist on type 'Group'.
src/renderers/webxr/WebXRController.js(286,17): error TS2339: Property 'hasAngularVelocity' does not exist on type 'Group'.
src/renderers/webxr/WebXRDepthSensing.js(85,56): error TS2345: Argument of type 'ShaderMaterial' is not assignable to parameter of type 'MeshBasicMaterial'.
  Type 'ShaderMaterial' is missing the following properties from type 'MeshBasicMaterial': isMeshBasicMaterial, color, map, lightMap, and 12 more.
src/renderers/webxr/WebXRManager.js(54,11): error TS2339: Property 'viewport' does not exist on type 'PerspectiveCamera'.
src/renderers/webxr/WebXRManager.js(57,11): error TS2339: Property 'viewport' does not exist on type 'PerspectiveCamera'.
src/renderers/webxr/WebXRManager.js(345,170): error TS2345: Argument of type 'number | null' is not assignable to parameter of type 'number | undefined'.
  Type 'null' is not assignable to type 'number | undefined'.
src/renderers/webxr/WebXRManager.js(354,21): error TS2551: Property 'isXRRenderTarget' does not exist on type 'WebGLRenderTarget'. Did you mean 'isRenderTarget'?
src/renderers/webxr/WebXRManager.js(498,42): error TS2339: Property 'position' does not exist on type 'ArrayCamera'.
src/renderers/webxr/WebXRManager.js(498,59): error TS2339: Property 'quaternion' does not exist on type 'ArrayCamera'.
src/renderers/webxr/WebXRManager.js(498,78): error TS2339: Property 'scale' does not exist on type 'ArrayCamera'.
src/renderers/webxr/WebXRManager.js(501,39): error TS2339: Property 'position' does not exist on type 'ArrayCamera'.
src/renderers/webxr/WebXRManager.js(501,56): error TS2339: Property 'quaternion' does not exist on type 'ArrayCamera'.
src/renderers/webxr/WebXRManager.js(501,75): error TS2339: Property 'scale' does not exist on type 'ArrayCamera'.
src/renderers/webxr/WebXRManager.js(760,14): error TS2339: Property 'viewport' does not exist on type 'PerspectiveCamera'.
src/renderers/webxr/WebXRManager.js(766,38): error TS2339: Property 'position' does not exist on type 'PerspectiveCamera'.
src/renderers/webxr/WebXRManager.js(766,55): error TS2339: Property 'quaternion' does not exist on type 'PerspectiveCamera'.
src/renderers/webxr/WebXRManager.js(766,74): error TS2339: Property 'scale' does not exist on type 'PerspectiveCamera'.
src/renderers/webxr/WebXRManager.js(769,13): error TS2339: Property 'viewport' does not exist on type 'PerspectiveCamera'.
src/renderers/webxr/WebXRManager.js(774,43): error TS2339: Property 'position' does not exist on type 'ArrayCamera'.
src/renderers/webxr/WebXRManager.js(774,62): error TS2339: Property 'quaternion' does not exist on type 'ArrayCamera'.
src/renderers/webxr/WebXRManager.js(774,83): error TS2339: Property 'scale' does not exist on type 'ArrayCamera'.
src/renderers/webxr/WebXRManager.js(834,21): error TS7009: 'new' expression, whose target lacks a construct signature, implicitly has an 'any' type.
src/scenes/Scene.js(62,40): error TS2339: Property 'fog' does not exist on type '{ uuid: string; type: string; name: string; castShadow: boolean; receiveShadow: boolean; visible: boolean; frustumCulled: boolean; renderOrder: number; userData: {}; layers: number; matrix: any[]; up: any; ... 28 more ...; animations: any[]; }'.
src/scenes/Scene.js(64,52): error TS2339: Property 'backgroundBlurriness' does not exist on type '{ uuid: string; type: string; name: string; castShadow: boolean; receiveShadow: boolean; visible: boolean; frustumCulled: boolean; renderOrder: number; userData: {}; layers: number; matrix: any[]; up: any; ... 28 more ...; animations: any[]; }'.
src/scenes/Scene.js(65,53): error TS2339: Property 'backgroundIntensity' does not exist on type '{ uuid: string; type: string; name: string; castShadow: boolean; receiveShadow: boolean; visible: boolean; frustumCulled: boolean; renderOrder: number; userData: {}; layers: number; matrix: any[]; up: any; ... 28 more ...; animations: any[]; }'.
src/scenes/Scene.js(66,15): error TS2339: Property 'backgroundRotation' does not exist on type '{ uuid: string; type: string; name: string; castShadow: boolean; receiveShadow: boolean; visible: boolean; frustumCulled: boolean; renderOrder: number; userData: {}; layers: number; matrix: any[]; up: any; ... 28 more ...; animations: any[]; }'.
src/scenes/Scene.js(68,54): error TS2339: Property 'environmentIntensity' does not exist on type '{ uuid: string; type: string; name: string; castShadow: boolean; receiveShadow: boolean; visible: boolean; frustumCulled: boolean; renderOrder: number; userData: {}; layers: number; matrix: any[]; up: any; ... 28 more ...; animations: any[]; }'.
src/scenes/Scene.js(69,15): error TS2339: Property 'environmentRotation' does not exist on type '{ uuid: string; type: string; name: string; castShadow: boolean; receiveShadow: boolean; visible: boolean; frustumCulled: boolean; renderOrder: number; userData: {}; layers: number; matrix: any[]; up: any; ... 28 more ...; animations: any[]; }'.
src/textures/CompressedArrayTexture.js(11,14): error TS2339: Property 'depth' does not exist on type '{ width: any; height: any; }'.
src/textures/Source.js(16,3): error TS7008: Member 'data' implicitly has an 'any' type.
src/textures/Source.js(23,6): error TS7032: Property 'needsUpdate' implicitly has type 'any', because its set accessor lacks a parameter type annotation.
src/textures/Texture.js(35,3): error TS7008: Member 'mipmaps' implicitly has an 'any[]' type.
src/textures/Texture.js(84,6): error TS1052: A 'set' accessor parameter cannot have an initializer.
src/textures/Texture.js(98,14): error TS2351: This expression is not constructable.
  Type 'Function' has no construct signatures.
src/textures/Texture.js(199,57): error TS2339: Property 'userData' does not exist on type '{ metadata: { version: number; type: string; generator: string; }; uuid: string; name: string; image: any; mapping: number; channel: number; repeat: number[]; offset: number[]; center: number[]; rotation: number; ... 11 more ...; unpackAlignment: number; }'.
src/textures/Texture.js(297,6): error TS7032: Property 'needsUpdate' implicitly has type 'any', because its set accessor lacks a parameter type annotation.
src/textures/Texture.js(308,6): error TS7032: Property 'needsPMREMUpdate' implicitly has type 'any', because its set accessor lacks a parameter type annotation.
src/textures/VideoFrameTexture.js(20,14): error TS2351: This expression is not constructable.
  Type 'Function' has no construct signatures.
src/textures/VideoTexture.js(36,14): error TS2351: This expression is not constructable.
  Type 'Function' has no construct signatures.
src/Three.Core.js(160,15): error TS2306: File 'C:/Users/srigaud/Desktop/three.js/src/Three.Legacy.js' is not a module.
src/Three.TSL.js(1,21): error TS2307: Cannot find module 'three/webgpu' or its corresponding type declarations.
src/utils.js(61,13): error TS7053: Element implicitly has an 'any' type because expression of type 'any' can't be used to index type '{ Int8Array: Int8ArrayConstructor; Uint8Array: Uint8ArrayConstructor; Uint8ClampedArray: Uint8ClampedArrayConstructor; ... 5 more ...; Float64Array: Float64ArrayConstructor; }'.
src/utils.js(67,9): error TS2584: Cannot find name 'document'. Do you need to change your target library? Try changing the 'lib' compiler option to include 'dom'.
src/utils.js(85,2): error TS7053: Element implicitly has an 'any' type because expression of type 'any' can't be used to index type '{}'.
src/utils.js(108,6): error TS2810: Expected 1 argument, but got 0. 'new Promise()' needs a JSDoc hint to produce a 'resolve' that can be called without arguments.